###############################################################################
#
# IAR ELF Linker V7.80.3.12102/W32 for ARM                21/Feb/2017  19:04:12
# Copyright 2007-2016 IAR Systems AB.
#
#    Output file  =  
#        C:\Users\jonas\Documents\GitHub\Inbyggda-\lab
#        1\filer\testRTC\EWARM\testRTC\Exe\testRTC.out
#    Map file     =  
#        C:\Users\jonas\Documents\GitHub\Inbyggda-\lab
#        1\filer\testRTC\EWARM\testRTC\List\testRTC.map
#    Command line =  
#        "C:\Users\jonas\Documents\GitHub\Inbyggda-\lab
#        1\filer\testRTC\EWARM\testRTC\Obj\gpio.o"
#        "C:\Users\jonas\Documents\GitHub\Inbyggda-\lab
#        1\filer\testRTC\EWARM\testRTC\Obj\main.o"
#        "C:\Users\jonas\Documents\GitHub\Inbyggda-\lab
#        1\filer\testRTC\EWARM\testRTC\Obj\rtc.o"
#        "C:\Users\jonas\Documents\GitHub\Inbyggda-\lab
#        1\filer\testRTC\EWARM\testRTC\Obj\startup_stm32f303xc.o"
#        "C:\Users\jonas\Documents\GitHub\Inbyggda-\lab
#        1\filer\testRTC\EWARM\testRTC\Obj\stm32f3_discovery.o"
#        "C:\Users\jonas\Documents\GitHub\Inbyggda-\lab
#        1\filer\testRTC\EWARM\testRTC\Obj\stm32f3xx_hal.o"
#        "C:\Users\jonas\Documents\GitHub\Inbyggda-\lab
#        1\filer\testRTC\EWARM\testRTC\Obj\stm32f3xx_hal_cortex.o"
#        "C:\Users\jonas\Documents\GitHub\Inbyggda-\lab
#        1\filer\testRTC\EWARM\testRTC\Obj\stm32f3xx_hal_dma.o"
#        "C:\Users\jonas\Documents\GitHub\Inbyggda-\lab
#        1\filer\testRTC\EWARM\testRTC\Obj\stm32f3xx_hal_flash.o"
#        "C:\Users\jonas\Documents\GitHub\Inbyggda-\lab
#        1\filer\testRTC\EWARM\testRTC\Obj\stm32f3xx_hal_flash_ex.o"
#        "C:\Users\jonas\Documents\GitHub\Inbyggda-\lab
#        1\filer\testRTC\EWARM\testRTC\Obj\stm32f3xx_hal_gpio.o"
#        "C:\Users\jonas\Documents\GitHub\Inbyggda-\lab
#        1\filer\testRTC\EWARM\testRTC\Obj\stm32f3xx_hal_i2c.o"
#        "C:\Users\jonas\Documents\GitHub\Inbyggda-\lab
#        1\filer\testRTC\EWARM\testRTC\Obj\stm32f3xx_hal_i2c_ex.o"
#        "C:\Users\jonas\Documents\GitHub\Inbyggda-\lab
#        1\filer\testRTC\EWARM\testRTC\Obj\stm32f3xx_hal_msp.o"
#        "C:\Users\jonas\Documents\GitHub\Inbyggda-\lab
#        1\filer\testRTC\EWARM\testRTC\Obj\stm32f3xx_hal_pwr.o"
#        "C:\Users\jonas\Documents\GitHub\Inbyggda-\lab
#        1\filer\testRTC\EWARM\testRTC\Obj\stm32f3xx_hal_pwr_ex.o"
#        "C:\Users\jonas\Documents\GitHub\Inbyggda-\lab
#        1\filer\testRTC\EWARM\testRTC\Obj\stm32f3xx_hal_rcc.o"
#        "C:\Users\jonas\Documents\GitHub\Inbyggda-\lab
#        1\filer\testRTC\EWARM\testRTC\Obj\stm32f3xx_hal_rcc_ex.o"
#        "C:\Users\jonas\Documents\GitHub\Inbyggda-\lab
#        1\filer\testRTC\EWARM\testRTC\Obj\stm32f3xx_hal_rtc.o"
#        "C:\Users\jonas\Documents\GitHub\Inbyggda-\lab
#        1\filer\testRTC\EWARM\testRTC\Obj\stm32f3xx_hal_rtc_ex.o"
#        "C:\Users\jonas\Documents\GitHub\Inbyggda-\lab
#        1\filer\testRTC\EWARM\testRTC\Obj\stm32f3xx_hal_tim.o"
#        "C:\Users\jonas\Documents\GitHub\Inbyggda-\lab
#        1\filer\testRTC\EWARM\testRTC\Obj\stm32f3xx_hal_tim_ex.o"
#        "C:\Users\jonas\Documents\GitHub\Inbyggda-\lab
#        1\filer\testRTC\EWARM\testRTC\Obj\stm32f3xx_it.o"
#        "C:\Users\jonas\Documents\GitHub\Inbyggda-\lab
#        1\filer\testRTC\EWARM\testRTC\Obj\system_stm32f3xx.o" --redirect
#        _Printf=_PrintfFull --redirect _Scanf=_ScanfFull -o
#        "C:\Users\jonas\Documents\GitHub\Inbyggda-\lab
#        1\filer\testRTC\EWARM\testRTC\Exe\testRTC.out" --map
#        "C:\Users\jonas\Documents\GitHub\Inbyggda-\lab
#        1\filer\testRTC\EWARM\testRTC\List\testRTC.map" --config
#        "C:\Users\jonas\Documents\GitHub\Inbyggda-\lab
#        1\filer\testRTC\EWARM/stm32f303xc_flash.icf" --semihosting --entry
#        __iar_program_start --vfe
#
###############################################################################

*******************************************************************************
*** RUNTIME MODEL ATTRIBUTES
***

CppFlavor                     = *
__Heap_Handler                = Basic
__SystemLibrary               = DLib
__dlib_dynamic_initialization = normal


*******************************************************************************
*** PLACEMENT SUMMARY
***

"A0":  place at 0x08000000 { ro section .intvec };
"P1":  place in [from 0x08000000 to 0x0803ffff] { ro };
"P2":  place in [from 0x20000000 to 0x20009fff] { rw, block CSTACK, block HEAP };
initialize by copy { rw };

  Section             Kind        Address    Size  Object
  -------             ----        -------    ----  ------
"A0":                                       0x188
  .intvec             ro code  0x08000000   0x188  startup_stm32f303xc.o [1]
                             - 0x08000188   0x188

"P1":                                      0x3a8f
  .text               ro code  0x08000188  0x119a  xprintffull.o [3]
  .text               ro code  0x08001322    0x20  xmbtowc.o [3]
  .text               ro code  0x08001342     0xa  xsprout.o [3]
  .text               ro code  0x0800134c    0x16  strchr.o [5]
  .text               ro code  0x08001364    0x36  strlen.o [5]
  .text               ro code  0x0800139c    0x58  memchr.o [5]
  .text               ro code  0x080013f4     0xa  xmbcurmax.o [3]
  .text               ro code  0x08001400    0xb0  xxmemxmalloc.o [3]
  .text               ro code  0x080014b0    0x1a  xwctomb.o [3]
  .text               ro code  0x080014cc    0x76  ABImemcpy_unaligned.o [5]
  .text               ro code  0x08001544    0x80  xxmemxfree.o [3]
  .text               ro code  0x080015c4    0xee  I64DivMod.o [5]
  .text               ro code  0x080016b2    0x44  xdnorm.o [4]
  .text               ro code  0x080016f8    0x2e  DblCmpLe.o [4]
  .text               ro code  0x08001728    0x2e  DblCmpGe.o [4]
  .text               ro code  0x08001758   0x114  xdscale.o [4]
  .text               ro code  0x0800186c    0x58  DblToI32.o [4]
  .text               ro code  0x080018c4    0x30  I32ToDbl.o [4]
  .text               ro code  0x080018f4   0x180  DblSub.o [4]
  .text               ro code  0x08001a74   0x1a2  DblMul.o [4]
  .text               ro code  0x08001c18   0x256  DblDiv.o [4]
  .text               ro code  0x08001e70    0x6c  localeconv.o [3]
  .text               ro code  0x08001edc     0xe  div.o [3]
  .text               ro code  0x08001eec    0x14  setlocale.o [3]
  .text               ro code  0x08001f00    0x60  xencoding_sb.o [3]
  .text               ro code  0x08001f60    0x2c  xgetmemchunk.o [3]
  .text               ro code  0x08001f8c     0x2  I64DivZer.o [5]
  .text               ro code  0x08001f90    0xd4  DblAdd.o [4]
  .text               ro code  0x08002064     0x2  xtls.o [3]
  .text               ro code  0x08002068   0x480  stm32f3xx_hal_rcc.o [1]
  .text               ro code  0x080024e8     0xc  stm32f3xx_hal.o [1]
  .text               ro code  0x080024f4    0x28  stm32f3xx_hal.o [1]
  .text               ro code  0x0800251c    0xc6  stm32f3xx_hal_cortex.o [1]
  .text               ro code  0x080025e4   0x346  stm32f3xx_hal_rtc.o [1]
  .text               ro code  0x0800292c    0x8c  rtc.o [1]
  .text               ro code  0x080029b8   0x22c  main.o [1]
  .text               ro code  0x08002be4    0x24  stm32f3xx_hal.o [1]
  .text               ro code  0x08002c08   0x110  gpio.o [1]
  .text               ro code  0x08002d18    0x98  stm32f3_discovery.o [1]
  .text               ro code  0x08002db0    0x18  stm32f3xx_hal_rtc_ex.o [1]
  .text               ro code  0x08002dc8    0x34  sprintf.o [3]
  .text               ro code  0x08002dfc    0x24  printf.o [3]
  .text               ro code  0x08002e20   0x1b8  stm32f3xx_hal_rcc_ex.o [1]
  .text               ro code  0x08002fd8    0x78  stm32f3xx_hal_msp.o [1]
  .text               ro code  0x08003050   0x19c  stm32f3xx_hal_gpio.o [1]
  .text               ro code  0x080031ec    0xd6  xfspos.o [3]
  .text               ro code  0x080032c4    0xb0  fflush.o [3]
  .text               ro code  0x08003374     0xc  xfgpos.o [3]
  .text               ro code  0x08003380    0x4c  lseek.o [6]
  .text               ro code  0x080033cc     0xc  errno.o [3]
  .text               ro code  0x080033d8     0x4  xsyslock_nop.o [3]
  .text               ro code  0x080033dc    0x10  write.o [6]
  .text               ro code  0x080033ec    0xcc  XShHandles.o [3]
  .text               ro code  0x080034b8    0x1e  dwrite.o [6]
  .text               ro code  0x080034d6    0x20  iarwstd.o [6]
  .text               ro code  0x080034f6    0x22  iarwrite.o [6]
  .text               ro code  0x08003518    0x6c  iarttio.o [6]
  .text               ro code  0x08003584     0x8  XShttio.o [3]
  .text               ro code  0x0800358c    0xb8  xfwprep.o [3]
  .text               ro code  0x08003644    0x22  fseek.o [3]
  .text               ro code  0x08003668    0x80  xfofind.o [3]
  .text               ro code  0x080036e8    0x7c  system_stm32f3xx.o [1]
  .text               ro code  0x08003764    0x7a  fclose.o [3]
  .text               ro code  0x080037de    0x1a  close.o [6]
  .text               ro code  0x080037f8    0x16  remove.o [6]
  .text               ro code  0x0800380e    0x78  lz77_init_single.o [5]
  .text               ro code  0x08003888    0x58  xcloseall.o [3]
  .text               ro code  0x080038e0    0x56  fputc.o [3]
  .text               ro code  0x08003936    0x40  zero_init3.o [5]
  .text               ro code  0x08003978    0x28  data_init.o [5]
  .text               ro code  0x080039a0    0x22  fpinit_M.o [4]
  .iar.init_table     const    0x080039c4    0x20  - Linker created -
  .text               ro code  0x080039e4    0x1a  cmain.o [5]
  .text               ro code  0x080039fe     0x4  low_level_init.o [3]
  .text               ro code  0x08003a02     0x4  exit.o [3]
  .text               ro code  0x08003a08     0xe  cexit.o [5]
  .text               ro code  0x08003a18    0x14  exit.o [6]
  .text               ro code  0x08003a2c    0x16  xprout.o [3]
  .text               ro code  0x08003a44     0xc  putchar.o [3]
  .text               ro code  0x08003a50    0x10  startup_stm32f303xc.o [1]
  .text               ro code  0x08003a60    0x10  stm32f3xx_hal.o [1]
  .text               ro code  0x08003a70     0xe  stm32f3xx_it.o [1]
  .text               ro code  0x08003a7e     0xc  cstartup_M.o [5]
  .text               ro code  0x08003a8a     0x4  startup_stm32f303xc.o [1]
  .text               ro code  0x08003a8e     0x4  startup_stm32f303xc.o [1]
  .text               ro code  0x08003a92     0x4  startup_stm32f303xc.o [1]
  .text               ro code  0x08003a96     0x4  startup_stm32f303xc.o [1]
  .text               ro code  0x08003a9a     0x4  startup_stm32f303xc.o [1]
  .text               ro code  0x08003a9e     0x4  startup_stm32f303xc.o [1]
  .text               ro code  0x08003aa2     0x4  startup_stm32f303xc.o [1]
  .text               ro code  0x08003aa6     0x4  startup_stm32f303xc.o [1]
  .text               ro code  0x08003aaa     0x4  startup_stm32f303xc.o [1]
  .text               ro code  0x08003aae     0x4  startup_stm32f303xc.o [1]
  .text               ro code  0x08003ab2     0x4  startup_stm32f303xc.o [1]
  .text               ro code  0x08003ab6     0x4  startup_stm32f303xc.o [1]
  .text               ro code  0x08003aba     0x4  startup_stm32f303xc.o [1]
  .text               ro code  0x08003abe     0x4  startup_stm32f303xc.o [1]
  .text               ro code  0x08003ac2     0x4  startup_stm32f303xc.o [1]
  .text               ro code  0x08003ac6     0x4  startup_stm32f303xc.o [1]
  .text               ro code  0x08003aca     0x4  startup_stm32f303xc.o [1]
  .text               ro code  0x08003ace     0x4  startup_stm32f303xc.o [1]
  .text               ro code  0x08003ad2     0x4  startup_stm32f303xc.o [1]
  .text               ro code  0x08003ad6     0x4  startup_stm32f303xc.o [1]
  .text               ro code  0x08003ada     0x4  startup_stm32f303xc.o [1]
  .text               ro code  0x08003ade     0x4  startup_stm32f303xc.o [1]
  .text               ro code  0x08003ae2     0x4  startup_stm32f303xc.o [1]
  .text               ro code  0x08003ae6     0x4  startup_stm32f303xc.o [1]
  .text               ro code  0x08003aea     0x4  startup_stm32f303xc.o [1]
  .text               ro code  0x08003aee     0x4  startup_stm32f303xc.o [1]
  .text               ro code  0x08003af2     0x4  startup_stm32f303xc.o [1]
  .text               ro code  0x08003af6     0x4  startup_stm32f303xc.o [1]
  .text               ro code  0x08003afa     0x4  startup_stm32f303xc.o [1]
  .text               ro code  0x08003afe     0x4  startup_stm32f303xc.o [1]
  .text               ro code  0x08003b02     0x4  startup_stm32f303xc.o [1]
  .text               ro code  0x08003b06     0x4  startup_stm32f303xc.o [1]
  .text               ro code  0x08003b0a     0x4  startup_stm32f303xc.o [1]
  .text               ro code  0x08003b0e     0x4  startup_stm32f303xc.o [1]
  .text               ro code  0x08003b12     0x4  startup_stm32f303xc.o [1]
  .text               ro code  0x08003b16     0x4  startup_stm32f303xc.o [1]
  .text               ro code  0x08003b1a     0x4  startup_stm32f303xc.o [1]
  .text               ro code  0x08003b1e     0x4  startup_stm32f303xc.o [1]
  .text               ro code  0x08003b22     0x4  startup_stm32f303xc.o [1]
  .text               ro code  0x08003b26     0x4  startup_stm32f303xc.o [1]
  .text               ro code  0x08003b2a     0x4  startup_stm32f303xc.o [1]
  .text               ro code  0x08003b2e     0x4  startup_stm32f303xc.o [1]
  .text               ro code  0x08003b32     0x4  startup_stm32f303xc.o [1]
  .text               ro code  0x08003b36     0x4  startup_stm32f303xc.o [1]
  .text               ro code  0x08003b3a     0x4  startup_stm32f303xc.o [1]
  .text               ro code  0x08003b3e     0x4  startup_stm32f303xc.o [1]
  .text               ro code  0x08003b42     0x4  startup_stm32f303xc.o [1]
  .text               ro code  0x08003b46     0x4  startup_stm32f303xc.o [1]
  .text               ro code  0x08003b4a     0x4  startup_stm32f303xc.o [1]
  .text               ro code  0x08003b4e     0x4  startup_stm32f303xc.o [1]
  .text               ro code  0x08003b52     0x4  startup_stm32f303xc.o [1]
  .text               ro code  0x08003b56     0x4  startup_stm32f303xc.o [1]
  .text               ro code  0x08003b5a     0x4  startup_stm32f303xc.o [1]
  .text               ro code  0x08003b5e     0x4  startup_stm32f303xc.o [1]
  .text               ro code  0x08003b62     0x4  startup_stm32f303xc.o [1]
  .text               ro code  0x08003b66     0x4  startup_stm32f303xc.o [1]
  .text               ro code  0x08003b6a     0x4  startup_stm32f303xc.o [1]
  .text               ro code  0x08003b6e     0x4  startup_stm32f303xc.o [1]
  .text               ro code  0x08003b72     0x4  startup_stm32f303xc.o [1]
  .text               ro code  0x08003b76     0x4  startup_stm32f303xc.o [1]
  .text               ro code  0x08003b7a     0x4  startup_stm32f303xc.o [1]
  .text               ro code  0x08003b7e     0x4  startup_stm32f303xc.o [1]
  .text               ro code  0x08003b82     0x4  startup_stm32f303xc.o [1]
  .text               ro code  0x08003b86     0x4  startup_stm32f303xc.o [1]
  .text               ro code  0x08003b8a     0x4  startup_stm32f303xc.o [1]
  .text               ro code  0x08003b8e     0x4  startup_stm32f303xc.o [1]
  .text               ro code  0x08003b92     0x4  startup_stm32f303xc.o [1]
  .text               ro code  0x08003b96     0x4  startup_stm32f303xc.o [1]
  .text               ro code  0x08003b9a     0x4  startup_stm32f303xc.o [1]
  .text               ro code  0x08003b9e     0x4  startup_stm32f303xc.o [1]
  .text               ro code  0x08003ba2     0x4  startup_stm32f303xc.o [1]
  .text               ro code  0x08003ba6     0x4  startup_stm32f303xc.o [1]
  .text               ro code  0x08003baa     0x4  startup_stm32f303xc.o [1]
  .text               ro code  0x08003bae     0x4  startup_stm32f303xc.o [1]
  .text               ro code  0x08003bb4     0x0  cstart_closeall.o [5]
  .rodata             const    0x08003bb4     0x0  zero_init3.o [5]
  .rodata             const    0x08003bb4     0x0  lz77_init_single.o [5]
  Initializer bytes   const    0x08003bb4    0x63  <for P2-1>
                             - 0x08003c17  0x3a8f

"P2", part 1 of 3:                          0x20c
  P2-1                         0x20000000   0x20c  <Init block>
    .data             inited   0x20000000    0x20  stm32f3_discovery.o [1]
    .data             inited   0x20000020     0x4  system_stm32f3xx.o [1]
    .data             inited   0x20000024    0x40  xfiles.o [3]
    .data             inited   0x20000064    0x40  xfiles.o [3]
    .data             inited   0x200000a4    0x40  xfiles.o [3]
    .data             inited   0x200000e4    0x20  xfiles.o [3]
    .data             inited   0x20000104     0x8  XShttio.o [3]
    __DLIB_PERTHREAD  inited   0x2000010c    0x88  localeconv.o [3]
    __DLIB_PERTHREAD  inited   0x20000194    0x74  setlocale.o [3]
    __DLIB_PERTHREAD  inited   0x20000208     0x4  errno.o [3]
                             - 0x2000020c   0x20c

"P2", part 2 of 3:                          0x600
  CSTACK                       0x20000210   0x400  <Block>
    CSTACK            uninit   0x20000210   0x400  <Block tail>
  HEAP                         0x20000610   0x200  <Block>
    HEAP              uninit   0x20000610   0x200  <Block tail>
                             - 0x20000810   0x600

"P2", part 3 of 3:                          0x1d8
  .bss                zero     0x20000810    0x88  main.o [1]
  .bss                zero     0x20000898    0x80  XShHandles.o [3]
  .bss                zero     0x20000918    0x50  xfiles.o [3]
  .bss                zero     0x20000968    0x50  xfiles.o [3]
  .bss                zero     0x200009b8    0x20  rtc.o [1]
  .bss                zero     0x200009d8     0x8  xxmemxmalloc.o [3]
  .bss                zero     0x200009e0     0x4  stm32f3xx_hal.o [1]
  .bss                zero     0x200009e4     0x4  xgetmemchunk.o [3]
                             - 0x200009e8   0x1d8


*******************************************************************************
*** INIT TABLE
***

          Address     Size
          -------     ----
Zero (__iar_zero_init3)
    1 destination range, total size 0x1d8:
          0x20000810  0x1d8

Copy/lz77 (__iar_lz77_init_single3)
    1 source range, total size 0x63 (18% of destination):
          0x08003bb4   0x63
    1 destination range, total size 0x20c:
          0x20000000  0x20c



*******************************************************************************
*** MODULE SUMMARY
***

    Module                  ro code  ro data  rw data
    ------                  -------  -------  -------
C:\Users\jonas\Documents\GitHub\Inbyggda-\lab 1\filer\testRTC\EWARM\testRTC\Obj: [1]
    gpio.o                      272
    main.o                      556               136
    rtc.o                       140                32
    startup_stm32f303xc.o       704
    stm32f3_discovery.o         152        6       32
    stm32f3xx_hal.o             104                 4
    stm32f3xx_hal_cortex.o      198
    stm32f3xx_hal_gpio.o        412
    stm32f3xx_hal_msp.o         120
    stm32f3xx_hal_rcc.o       1 152
    stm32f3xx_hal_rcc_ex.o      440
    stm32f3xx_hal_rtc.o         838
    stm32f3xx_hal_rtc_ex.o       24
    stm32f3xx_it.o               14
    system_stm32f3xx.o          124                 4
    -------------------------------------------------
    Total:                    5 250        6      208

command line: [2]
    -------------------------------------------------
    Total:

dl7M_tlf.a: [3]
    XShHandles.o                204               128
    XShttio.o                     8        1        8
    div.o                        14
    errno.o                      12        1        4
    exit.o                        4
    fclose.o                    122
    fflush.o                    176
    fputc.o                      86
    fseek.o                      34
    localeconv.o                108       26      136
    low_level_init.o              4
    printf.o                     36
    putchar.o                    12
    setlocale.o                  20       22      116
    sprintf.o                    52
    xcloseall.o                  88
    xencoding_sb.o               96
    xfgpos.o                     12
    xfiles.o                              43      384
    xfofind.o                   128
    xfspos.o                    214
    xfwprep.o                   184
    xgetmemchunk.o               44                 4
    xmbcurmax.o                  10
    xmbtowc.o                    32
    xprintffull.o             4 506
    xprout.o                     22
    xsprout.o                    10
    xsyslock_nop.o                4
    xtls.o                        2
    xwctomb.o                    26
    xxmemxfree.o                128
    xxmemxmalloc.o              176                 8
    -------------------------------------------------
    Total:                    6 574       93      788

m7M_tls.a: [4]
    DblAdd.o                    212
    DblCmpGe.o                   46
    DblCmpLe.o                   46
    DblDiv.o                    598
    DblMul.o                    418
    DblSub.o                    384
    DblToI32.o                   88
    I32ToDbl.o                   48
    fpinit_M.o                   34
    xdnorm.o                     68
    xdscale.o                   276
    -------------------------------------------------
    Total:                    2 218

rt7M_tl.a: [5]
    ABImemcpy_unaligned.o       118
    I64DivMod.o                 238
    I64DivZer.o                   2
    cexit.o                      14
    cmain.o                      26
    cstart_closeall.o
    cstartup_M.o                 12
    data_init.o                  40
    lz77_init_single.o          120
    memchr.o                     88
    strchr.o                     22
    strlen.o                     54
    zero_init3.o                 64
    -------------------------------------------------
    Total:                      798

shb_l.a: [6]
    close.o                      26
    dwrite.o                     30
    exit.o                       20
    iarttio.o                   108
    iarwrite.o                   34
    iarwstd.o                    32
    lseek.o                      76
    remove.o                     22
    write.o                      16
    -------------------------------------------------
    Total:                      364

    Gaps                         46        2
    Linker created                        32    1 536
-----------------------------------------------------
    Grand Total:             15 250      133    2 532


*******************************************************************************
*** ENTRY LIST
***

Entry                      Address   Size  Type      Object
-----                      -------   ----  ----      ------
.iar.init_table$$Base   0x080039c4          --   Gb  - Linker created -
.iar.init_table$$Limit  0x080039e4          --   Gb  - Linker created -
?main                   0x080039e5         Code  Gb  cmain.o [5]
AHBPrescTable           0x08003754   0x10  Data  Gb  system_stm32f3xx.o [1]
BSP_LED_Init            0x08002d19   0x6a  Code  Gb  stm32f3_discovery.o [1]
BSP_LED_On              0x08002d83   0x14  Code  Gb  stm32f3_discovery.o [1]
CSTACK$$Base            0x20000210          --   Gb  - Linker created -
CSTACK$$Limit           0x20000610          --   Gb  - Linker created -
Error_Handler           0x08002ba1    0x2  Code  Gb  main.o [1]
HAL_GPIO_Init           0x08003051  0x16c  Code  Gb  stm32f3xx_hal_gpio.o [1]
HAL_GPIO_WritePin       0x080031c7    0xa  Code  Gb  stm32f3xx_hal_gpio.o [1]
HAL_GetTick             0x080024e9    0xc  Code  Wk  stm32f3xx_hal.o [1]
HAL_IncTick             0x08003a61   0x10  Code  Wk  stm32f3xx_hal.o [1]
HAL_Init                0x08002be5   0x20  Code  Gb  stm32f3xx_hal.o [1]
HAL_InitTick            0x080024f5   0x28  Code  Wk  stm32f3xx_hal.o [1]
HAL_MspInit             0x08002fd9   0x78  Code  Gb  stm32f3xx_hal_msp.o [1]
HAL_NVIC_SetPriority    0x08002551   0x3a  Code  Gb  stm32f3xx_hal_cortex.o [1]
HAL_NVIC_SetPriorityGrouping
                        0x08002537   0x1a  Code  Gb  stm32f3xx_hal_cortex.o [1]
HAL_RCCEx_PeriphCLKConfig
                        0x08002e21  0x1aa  Code  Gb  stm32f3xx_hal_rcc_ex.o [1]
HAL_RCC_ClockConfig     0x0800233b  0x112  Code  Gb  stm32f3xx_hal_rcc.o [1]
HAL_RCC_GetHCLKFreq     0x0800249b    0x6  Code  Gb  stm32f3xx_hal_rcc.o [1]
HAL_RCC_GetSysClockFreq
                        0x08002461   0x3a  Code  Gb  stm32f3xx_hal_rcc.o [1]
HAL_RCC_OscConfig       0x08002069  0x2c0  Code  Gb  stm32f3xx_hal_rcc.o [1]
HAL_RTCEx_BKUPRead      0x08002dbd    0xc  Code  Gb  stm32f3xx_hal_rtc_ex.o [1]
HAL_RTCEx_BKUPWrite     0x08002db1    0xc  Code  Gb  stm32f3xx_hal_rtc_ex.o [1]
HAL_RTC_GetDate         0x08002813   0x3c  Code  Gb  stm32f3xx_hal_rtc.o [1]
HAL_RTC_GetTime         0x08002713   0x44  Code  Gb  stm32f3xx_hal_rtc.o [1]
HAL_RTC_Init            0x080025e5   0x7e  Code  Gb  stm32f3xx_hal_rtc.o [1]
HAL_RTC_MspInit         0x0800299d   0x10  Code  Gb  rtc.o [1]
HAL_RTC_SetDate         0x0800275d   0x88  Code  Gb  stm32f3xx_hal_rtc.o [1]
HAL_RTC_SetTime         0x08002677   0x94  Code  Gb  stm32f3xx_hal_rtc.o [1]
HAL_RTC_WaitForSynchro  0x080028a1   0x30  Code  Gb  stm32f3xx_hal_rtc.o [1]
HAL_SYSTICK_CLKSourceConfig
                        0x080025b3   0x14  Code  Gb  stm32f3xx_hal_cortex.o [1]
HAL_SYSTICK_Callback    0x080025e1    0x2  Code  Wk  stm32f3xx_hal_cortex.o [1]
HAL_SYSTICK_Config      0x0800258b   0x28  Code  Gb  stm32f3xx_hal_cortex.o [1]
HAL_SYSTICK_IRQHandler  0x080025dd    0x4  Code  Gb  stm32f3xx_hal_cortex.o [1]
HEAP$$Base              0x20000610          --   Gb  - Linker created -
HEAP$$Limit             0x20000810          --   Gb  - Linker created -
LED_PIN                 0x08002da0   0x10  Data  Gb  stm32f3_discovery.o [1]
LED_PORT                0x20000000   0x20  Data  Gb  stm32f3_discovery.o [1]
LoadInt                 0x080007ff   0x6e  Code  Lc  xprintffull.o [3]
MX_GPIO_Init            0x08002c09   0xe8  Code  Gb  gpio.o [1]
MX_RTC_Init             0x0800292d   0x70  Code  Gb  rtc.o [1]
NVIC_SetPriority        0x0800251d   0x1a  Code  Lc  stm32f3xx_hal_cortex.o [1]
RTC_Bcd2ToByte          0x0800291b   0x10  Code  Gb  stm32f3xx_hal_rtc.o [1]
RTC_ByteToBcd2          0x08002905   0x16  Code  Gb  stm32f3xx_hal_rtc.o [1]
RTC_EnterInitMode       0x080028d1   0x34  Code  Gb  stm32f3xx_hal_rtc.o [1]
Region$$Table$$Base     0x080039c4          --   Gb  - Linker created -
Region$$Table$$Limit    0x080039e4          --   Gb  - Linker created -
RtcHandle               0x20000810   0x20  Data  Gb  main.o [1]
SysTick_Handler         0x08003a71    0xe  Code  Gb  stm32f3xx_it.o [1]
SystemClock_Config      0x08002b19   0x88  Code  Gb  main.o [1]
SystemCoreClock         0x20000020    0x4  Data  Gb  system_stm32f3xx.o [1]
SystemInit              0x080036e9   0x52  Code  Gb  system_stm32f3xx.o [1]
_Close_all              0x08003889   0x58  Code  Gb  xcloseall.o [3]
_EncodingSb_Mbtowc      0x08001f1b   0x30  Code  Gb  xencoding_sb.o [3]
_EncodingSb_Mbtowc::initial
                        0x08001f58    0x8  Data  Lc  xencoding_sb.o [3]
_EncodingSb_Wctomb      0x08001f01   0x1a  Code  Gb  xencoding_sb.o [3]
_EncodingSb_Wctomb::initial
                        0x08001f50    0x8  Data  Lc  xencoding_sb.o [3]
_Files                  0x200000e4   0x20  Data  Gb  xfiles.o [3]
_Fofree                 0x08003669   0x78  Code  Gb  xfofind.o [3]
_Fspos                  0x080031ed   0xd6  Code  Gb  xfspos.o [3]
_Fwprep                 0x0800358d   0xb8  Code  Gb  xfwprep.o [3]
_GenldFull              0x08001085  0x254  Code  Lc  xprintffull.o [3]
_IsdstStr               0x20000198    0x4  Data  Gb  setlocale.o [3]
_LdtobFull              0x08000c85  0x3fa  Code  Lc  xprintffull.o [3]
_LitobFull              0x08000b79  0x10a  Code  Lc  xprintffull.o [3]
_LocaleEncoding         0x08001eed    0xe  Code  Gb  setlocale.o [3]
_LocaleReturnString     0x200001b8   0x50  Data  Lc  setlocale.o [3]
_Locale_Profile         0x2000019c   0x1c  Data  Gb  setlocale.o [3]
_Locale_aeabi_lconv     0x2000015c   0x38  Data  Gb  localeconv.o [3]
_Locale_lconv           0x2000010c   0x50  Data  Gb  localeconv.o [3]
_Mbtowc                 0x08001323   0x20  Code  Gb  xmbtowc.o [3]
_Nnl                    0x08003375    0xc  Code  Gb  xfgpos.o [3]
_PrintfFull             0x08000189  0x660  Code  Gb  xprintffull.o [3]
_Prout                  0x08003a2d   0x16  Code  Gb  xprout.o [3]
_PutcharsFull           0x080012d9   0x2e  Code  Lc  xprintffull.o [3]
_PutstrFull             0x0800086d  0x306  Code  Lc  xprintffull.o [3]
_SProut                 0x08001343    0xa  Code  Gb  xsprout.o [3]
_TzoneStr               0x20000194    0x4  Data  Gb  setlocale.o [3]
_Wctomb                 0x080014b1   0x1a  Code  Gb  xwctomb.o [3]
__aeabi_cdcmple         0x080016f9         Code  Gb  DblCmpLe.o [4]
__aeabi_cdrcmple        0x08001729         Code  Gb  DblCmpGe.o [4]
__aeabi_d2iz            0x0800186d         Code  Gb  DblToI32.o [4]
__aeabi_d2uiz           0x08001899         Code  Gb  DblToI32.o [4]
__aeabi_ddiv            0x08001c19         Code  Gb  DblDiv.o [4]
__aeabi_dmul            0x08001a75         Code  Gb  DblMul.o [4]
__aeabi_dsub            0x080018f5         Code  Gb  DblSub.o [4]
__aeabi_errno_addr      0x080033cd    0x6  Code  Gb  errno.o [3]
__aeabi_i2d             0x080018c5         Code  Gb  I32ToDbl.o [4]
__aeabi_ldiv0           0x08001f8d         Code  Gb  I64DivZer.o [5]
__aeabi_ui2d            0x080018d9         Code  Gb  I32ToDbl.o [4]
__aeabi_uldivmod        0x080015c5         Code  Gb  I64DivMod.o [5]
__cexit_closeall        0x08003a0b         Code  Gb  cexit.o [5]
__close                 0x080037df   0x1a  Code  Gb  close.o [6]
__cmain                 0x080039e5         Code  Gb  cmain.o [5]
__cstart_closeall       0x08003bb4         Data  Gb  cstart_closeall.o [5]
__data_Aldata           0x200009d8    0x8  Data  Gb  xxmemxmalloc.o [3]
__data_GetMemChunk      0x08001f61   0x2c  Code  Gb  xgetmemchunk.o [3]
__data_GetMemChunk::start
                        0x200009e4    0x4  Data  Lc  xgetmemchunk.o [3]
__dwrite                0x080034b9   0x1e  Code  Gb  dwrite.o [6]
__exit                  0x08003a19   0x14  Code  Gb  exit.o [6]
__iar_Dnorm             0x080016b3   0x44  Code  Gb  xdnorm.o [4]
__iar_Dscale            0x08001759  0x114  Code  Gb  xdscale.o [4]
__iar_Errno             0x20000208    0x4  Data  Gb  errno.o [3]
__iar_Locale_lconv_init
                        0x08001e71   0x3a  Code  Gb  localeconv.o [3]
__iar_Lockfilelock      0x080033d9    0x2  Code  Gb  xsyslock_nop.o [3]
__iar_Mbcurmax          0x080013f5    0xa  Code  Gb  xmbcurmax.o [3]
__iar_Memchr            0x0800139d         Code  Gb  memchr.o [5]
__iar_Stderr            0x200000a4   0x40  Data  Gb  xfiles.o [3]
__iar_Stdin             0x20000024   0x40  Data  Gb  xfiles.o [3]
__iar_Stdout            0x20000064   0x40  Data  Gb  xfiles.o [3]
__iar_Strchr            0x0800134d         Code  Gb  strchr.o [5]
__iar_Unlockfilelock    0x080033db    0x2  Code  Gb  xsyslock_nop.o [3]
__iar_close_ttio        0x08003519   0x2e  Code  Gb  iarttio.o [6]
__iar_d2uiz             0x080018a5         Code  Gb  DblToI32.o [4]
__iar_dadd              0x08001f91         Code  Gb  DblAdd.o [4]
__iar_data_init3        0x08003979   0x28  Code  Gb  data_init.o [5]
__iar_dlib_perthread_access
                        0x08002065    0x2  Code  Gb  xtls.o [3]
__iar_dsub              0x08001909         Code  Gb  DblSub.o [4]
__iar_dsubStart         0x0800191b         Code  Gb  DblSub.o [4]
__iar_get_ttio          0x08003549   0x38  Code  Gb  iarttio.o [6]
__iar_init_vfp          0x080039a1         Code  Gb  fpinit_M.o [4]
__iar_lookup_ttioh      0x08003585    0x8  Code  Gb  XShttio.o [3]
__iar_lz77_init_single3
                        0x0800380f   0x78  Code  Gb  lz77_init_single.o [5]
__iar_program_start     0x08003a7f         Code  Gb  cstartup_M.o [5]
__iar_sh_Discard        0x080033ed   0x3e  Code  Gb  XShHandles.o [3]
__iar_sh_Move           0x08003431   0x46  Code  Gb  XShHandles.o [3]
__iar_sh_Pos            0x08003477   0x3e  Code  Gb  XShHandles.o [3]
__iar_sh_stdout         0x080034d7   0x20  Code  Gb  iarwstd.o [6]
__iar_sh_write          0x080034f7   0x22  Code  Gb  iarwrite.o [6]
__iar_ttio_handles      0x20000104    0x8  Data  Lc  XShttio.o [3]
__iar_ui2d              0x080018dd         Code  Gb  I32ToDbl.o [4]
__iar_unaligned___aeabi_memcpy
                        0x080014cd         Code  Gb  ABImemcpy_unaligned.o [5]
__iar_unaligned___aeabi_memcpy4
                        0x080014ed         Code  Gb  ABImemcpy_unaligned.o [5]
__iar_unaligned___aeabi_memcpy8
                        0x080014ed         Code  Gb  ABImemcpy_unaligned.o [5]
__iar_zero_init3        0x08003937   0x40  Code  Gb  zero_init3.o [5]
__low_level_init        0x080039ff    0x4  Code  Gb  low_level_init.o [3]
__lseek                 0x08003381   0x4c  Code  Gb  lseek.o [6]
__vector_table          0x08000000         Data  Gb  startup_stm32f303xc.o [1]
__write                 0x080033dd   0x10  Code  Gb  write.o [6]
_call_main              0x080039f1         Code  Gb  cmain.o [5]
_exit                   0x08003a09         Code  Gb  cexit.o [5]
_main                   0x080039fb         Code  Gb  cmain.o [5]
aPLLMULFactorTable      0x080024c8   0x10  Data  Gb  stm32f3xx_hal_rcc.o [1]
aPredivFactorTable      0x080024d8   0x10  Data  Gb  stm32f3xx_hal_rcc.o [1]
aShowDate               0x20000864   0x34  Data  Gb  main.o [1]
aShowTime               0x20000830   0x34  Data  Gb  main.o [1]
div                     0x08001edd    0xe  Code  Gb  div.o [3]
ebuf                    0x20000918   0x50  Data  Lc  xfiles.o [3]
exit                    0x08003a03    0x4  Code  Gb  exit.o [3]
fclose                  0x08003765   0x7a  Code  Gb  fclose.o [3]
fflush                  0x0800333b   0x34  Code  Gb  fflush.o [3]
fflushOne               0x080032c5   0x76  Code  Lc  fflush.o [3]
fputc                   0x080038e1   0x56  Code  Gb  fputc.o [3]
free                    0x08001545   0x7a  Code  Gb  xxmemxfree.o [3]
fseek                   0x08003645   0x22  Code  Gb  fseek.o [3]
hrtc                    0x200009b8   0x20  Data  Gb  rtc.o [1]
localeconv              0x08001eab   0x16  Code  Gb  localeconv.o [3]
main                    0x080029b9  0x14e  Code  Gb  main.o [1]
malloc                  0x08001401   0xac  Code  Gb  xxmemxmalloc.o [3]
memchr                  0x0800139d         Code  Gb  memchr.o [5]
obuf                    0x20000968   0x50  Data  Lc  xfiles.o [3]
printf                  0x08002dfd   0x24  Code  Gb  printf.o [3]
putchar                 0x08003a45    0xc  Code  Gb  putchar.o [3]
remove                  0x080037f9   0x16  Code  Gb  remove.o [6]
sFileInfo               0x20000898   0x80  Data  Lc  XShHandles.o [3]
sprintf                 0x08002dc9   0x34  Code  Gb  sprintf.o [3]
strchr                  0x0800134d         Code  Gb  strchr.o [5]
strlen                  0x08001365         Code  Gb  strlen.o [5]
uwTick                  0x200009e0    0x4  Data  Gb  stm32f3xx_hal.o [1]


[1] = C:\Users\jonas\Documents\GitHub\Inbyggda-\lab 1\filer\testRTC\EWARM\testRTC\Obj
[2] = command line
[3] = dl7M_tlf.a
[4] = m7M_tls.a
[5] = rt7M_tl.a
[6] = shb_l.a

  15 250 bytes of readonly  code memory
     133 bytes of readonly  data memory
   2 532 bytes of readwrite data memory

Errors: none
Warnings: none
