###############################################################################
#
# IAR ELF Linker V7.80.3.12102/W32 for ARM                26/Jan/2017  08:25:33
# Copyright 2007-2016 IAR Systems AB.
#
#    Output file  =  
#        C:\Users\jonas\OneDrive\KTH\åk3\Inbygda system\lab
#        1\filer\PINGPONG\EWARM\PINGPONG\Exe\PINGPONG.out
#    Map file     =  
#        C:\Users\jonas\OneDrive\KTH\åk3\Inbygda system\lab
#        1\filer\PINGPONG\EWARM\PINGPONG\List\PINGPONG.map
#    Command line =  
#        "C:\Users\jonas\OneDrive\KTH\åk3\Inbygda system\lab
#        1\filer\PINGPONG\EWARM\PINGPONG\Obj\gpio.o"
#        "C:\Users\jonas\OneDrive\KTH\åk3\Inbygda system\lab
#        1\filer\PINGPONG\EWARM\PINGPONG\Obj\main.o"
#        "C:\Users\jonas\OneDrive\KTH\åk3\Inbygda system\lab
#        1\filer\PINGPONG\EWARM\PINGPONG\Obj\Pingpong_functions.o"
#        "C:\Users\jonas\OneDrive\KTH\åk3\Inbygda system\lab
#        1\filer\PINGPONG\EWARM\PINGPONG\Obj\startup_stm32f303xc.o"
#        "C:\Users\jonas\OneDrive\KTH\åk3\Inbygda system\lab
#        1\filer\PINGPONG\EWARM\PINGPONG\Obj\stm32f3xx_hal.o"
#        "C:\Users\jonas\OneDrive\KTH\åk3\Inbygda system\lab
#        1\filer\PINGPONG\EWARM\PINGPONG\Obj\stm32f3xx_hal_cortex.o"
#        "C:\Users\jonas\OneDrive\KTH\åk3\Inbygda system\lab
#        1\filer\PINGPONG\EWARM\PINGPONG\Obj\stm32f3xx_hal_dma.o"
#        "C:\Users\jonas\OneDrive\KTH\åk3\Inbygda system\lab
#        1\filer\PINGPONG\EWARM\PINGPONG\Obj\stm32f3xx_hal_flash.o"
#        "C:\Users\jonas\OneDrive\KTH\åk3\Inbygda system\lab
#        1\filer\PINGPONG\EWARM\PINGPONG\Obj\stm32f3xx_hal_flash_ex.o"
#        "C:\Users\jonas\OneDrive\KTH\åk3\Inbygda system\lab
#        1\filer\PINGPONG\EWARM\PINGPONG\Obj\stm32f3xx_hal_gpio.o"
#        "C:\Users\jonas\OneDrive\KTH\åk3\Inbygda system\lab
#        1\filer\PINGPONG\EWARM\PINGPONG\Obj\stm32f3xx_hal_i2c.o"
#        "C:\Users\jonas\OneDrive\KTH\åk3\Inbygda system\lab
#        1\filer\PINGPONG\EWARM\PINGPONG\Obj\stm32f3xx_hal_i2c_ex.o"
#        "C:\Users\jonas\OneDrive\KTH\åk3\Inbygda system\lab
#        1\filer\PINGPONG\EWARM\PINGPONG\Obj\stm32f3xx_hal_msp.o"
#        "C:\Users\jonas\OneDrive\KTH\åk3\Inbygda system\lab
#        1\filer\PINGPONG\EWARM\PINGPONG\Obj\stm32f3xx_hal_pwr.o"
#        "C:\Users\jonas\OneDrive\KTH\åk3\Inbygda system\lab
#        1\filer\PINGPONG\EWARM\PINGPONG\Obj\stm32f3xx_hal_pwr_ex.o"
#        "C:\Users\jonas\OneDrive\KTH\åk3\Inbygda system\lab
#        1\filer\PINGPONG\EWARM\PINGPONG\Obj\stm32f3xx_hal_rcc.o"
#        "C:\Users\jonas\OneDrive\KTH\åk3\Inbygda system\lab
#        1\filer\PINGPONG\EWARM\PINGPONG\Obj\stm32f3xx_hal_rcc_ex.o"
#        "C:\Users\jonas\OneDrive\KTH\åk3\Inbygda system\lab
#        1\filer\PINGPONG\EWARM\PINGPONG\Obj\stm32f3xx_hal_tim.o"
#        "C:\Users\jonas\OneDrive\KTH\åk3\Inbygda system\lab
#        1\filer\PINGPONG\EWARM\PINGPONG\Obj\stm32f3xx_hal_tim_ex.o"
#        "C:\Users\jonas\OneDrive\KTH\åk3\Inbygda system\lab
#        1\filer\PINGPONG\EWARM\PINGPONG\Obj\stm32f3xx_it.o"
#        "C:\Users\jonas\OneDrive\KTH\åk3\Inbygda system\lab
#        1\filer\PINGPONG\EWARM\PINGPONG\Obj\system_stm32f3xx.o" --redirect
#        _Printf=_PrintfFull --redirect _Scanf=_ScanfFull -o
#        "C:\Users\jonas\OneDrive\KTH\åk3\Inbygda system\lab
#        1\filer\PINGPONG\EWARM\PINGPONG\Exe\PINGPONG.out" --map
#        "C:\Users\jonas\OneDrive\KTH\åk3\Inbygda system\lab
#        1\filer\PINGPONG\EWARM\PINGPONG\List\PINGPONG.map" --config
#        "C:\Users\jonas\OneDrive\KTH\åk3\Inbygda system\lab
#        1\filer\PINGPONG\EWARM/stm32f303xc_flash.icf" --semihosting --entry
#        __iar_program_start --vfe
#
###############################################################################

*******************************************************************************
*** RUNTIME MODEL ATTRIBUTES
***

CppFlavor                     = *
__Heap_Handler                = Basic
__SystemLibrary               = DLib
__dlib_dynamic_initialization = normal


*******************************************************************************
*** PLACEMENT SUMMARY
***

"A0":  place at 0x08000000 { ro section .intvec };
"P1":  place in [from 0x08000000 to 0x0803ffff] { ro };
"P2":  place in [from 0x20000000 to 0x20009fff] { rw, block CSTACK, block HEAP };
initialize by copy { rw };

  Section             Kind        Address    Size  Object
  -------             ----        -------    ----  ------
"A0":                                       0x188
  .intvec             ro code  0x08000000   0x188  startup_stm32f303xc.o [1]
                             - 0x08000188   0x188

"P1":                                      0x37aa
  .text               ro code  0x08000188  0x119a  xprintffull.o [3]
  .text               ro code  0x08001322    0x20  xmbtowc.o [3]
  .text               ro code  0x08001344    0x16  strchr.o [5]
  .text               ro code  0x0800135c    0x36  strlen.o [5]
  .text               ro code  0x08001394    0x58  memchr.o [5]
  .text               ro code  0x080013ec     0xa  xmbcurmax.o [3]
  .text               ro code  0x080013f8    0xb0  xxmemxmalloc.o [3]
  .text               ro code  0x080014a8    0x1a  xwctomb.o [3]
  .text               ro code  0x080014c4    0x76  ABImemcpy_unaligned.o [5]
  .text               ro code  0x0800153c    0x80  xxmemxfree.o [3]
  .text               ro code  0x080015bc    0xee  I64DivMod.o [5]
  .text               ro code  0x080016aa    0x44  xdnorm.o [4]
  .text               ro code  0x080016f0    0x2e  DblCmpLe.o [4]
  .text               ro code  0x08001720    0x2e  DblCmpGe.o [4]
  .text               ro code  0x08001750   0x114  xdscale.o [4]
  .text               ro code  0x08001864    0x58  DblToI32.o [4]
  .text               ro code  0x080018bc    0x30  I32ToDbl.o [4]
  .text               ro code  0x080018ec   0x180  DblSub.o [4]
  .text               ro code  0x08001a6c   0x1a2  DblMul.o [4]
  .text               ro code  0x08001c10   0x256  DblDiv.o [4]
  .text               ro code  0x08001e68    0x6c  localeconv.o [3]
  .text               ro code  0x08001ed4     0xe  div.o [3]
  .text               ro code  0x08001ee4    0x14  setlocale.o [3]
  .text               ro code  0x08001ef8    0x60  xencoding_sb.o [3]
  .text               ro code  0x08001f58    0x2c  xgetmemchunk.o [3]
  .text               ro code  0x08001f84     0x2  I64DivZer.o [5]
  .text               ro code  0x08001f88    0xd4  DblAdd.o [4]
  .text               ro code  0x0800205c     0x2  xtls.o [3]
  .text               ro code  0x08002060   0x480  stm32f3xx_hal_rcc.o [1]
  .text               ro code  0x080024e0     0xc  stm32f3xx_hal.o [1]
  .text               ro code  0x080024ec    0x28  stm32f3xx_hal.o [1]
  .text               ro code  0x08002514    0xc6  stm32f3xx_hal_cortex.o [1]
  .text               ro code  0x080025dc   0x2a8  Pingpong_functions.o [1]
  .text               ro code  0x08002884   0x1a8  stm32f3xx_hal_gpio.o [1]
  .text               ro code  0x08002a2c    0x24  printf.o [3]
  .text               ro code  0x08002a50    0x18  stm32f3xx_hal.o [1]
  .text               ro code  0x08002a68   0x24c  main.o [1]
  .text               ro code  0x08002cb4    0x24  stm32f3xx_hal.o [1]
  .text               ro code  0x08002cd8   0x1ce  gpio.o [1]
  .text               ro code  0x08002ea8    0x78  stm32f3xx_hal_msp.o [1]
  .text               ro code  0x08002f20    0xd6  xfspos.o [3]
  .text               ro code  0x08002ff8    0xb0  fflush.o [3]
  .text               ro code  0x080030a8     0xc  xfgpos.o [3]
  .text               ro code  0x080030b4    0x4c  lseek.o [6]
  .text               ro code  0x08003100     0xc  errno.o [3]
  .text               ro code  0x0800310c     0x4  xsyslock_nop.o [3]
  .text               ro code  0x08003110    0x10  write.o [6]
  .text               ro code  0x08003120    0xcc  XShHandles.o [3]
  .text               ro code  0x080031ec    0x1e  dwrite.o [6]
  .text               ro code  0x0800320a    0x20  iarwstd.o [6]
  .text               ro code  0x0800322a    0x22  iarwrite.o [6]
  .text               ro code  0x0800324c    0x6c  iarttio.o [6]
  .text               ro code  0x080032b8     0x8  XShttio.o [3]
  .text               ro code  0x080032c0    0xb8  xfwprep.o [3]
  .text               ro code  0x08003378    0x22  fseek.o [3]
  .text               ro code  0x0800339c    0x80  xfofind.o [3]
  .text               ro code  0x0800341c    0x7c  system_stm32f3xx.o [1]
  .text               ro code  0x08003498    0x7a  fclose.o [3]
  .text               ro code  0x08003512    0x1a  close.o [6]
  .text               ro code  0x0800352c    0x16  remove.o [6]
  .text               ro code  0x08003544    0x58  xcloseall.o [3]
  .text               ro code  0x0800359c    0x56  fputc.o [3]
  .text               ro code  0x080035f2    0x40  zero_init3.o [5]
  .text               ro code  0x08003632    0x38  packbits_init_single.o [5]
  .text               ro code  0x0800366c    0x28  data_init.o [5]
  .text               ro code  0x08003694    0x22  fpinit_M.o [4]
  .iar.init_table     const    0x080036b8    0x20  - Linker created -
  .text               ro code  0x080036d8    0x1a  cmain.o [5]
  .text               ro code  0x080036f2     0x4  low_level_init.o [3]
  .text               ro code  0x080036f6     0x4  exit.o [3]
  .text               ro code  0x080036fc     0xe  cexit.o [5]
  .text               ro code  0x0800370c    0x14  exit.o [6]
  .text               ro code  0x08003720    0x16  xprout.o [3]
  .text               ro code  0x08003738     0xc  putchar.o [3]
  .text               ro code  0x08003744    0x10  startup_stm32f303xc.o [1]
  .text               ro code  0x08003754    0x10  stm32f3xx_hal.o [1]
  .text               ro code  0x08003764     0xe  stm32f3xx_it.o [1]
  .text               ro code  0x08003772     0xc  cstartup_M.o [5]
  .text               ro code  0x0800377e     0x4  startup_stm32f303xc.o [1]
  .text               ro code  0x08003782     0x4  startup_stm32f303xc.o [1]
  .text               ro code  0x08003786     0x4  startup_stm32f303xc.o [1]
  .text               ro code  0x0800378a     0x4  startup_stm32f303xc.o [1]
  .text               ro code  0x0800378e     0x4  startup_stm32f303xc.o [1]
  .text               ro code  0x08003792     0x4  startup_stm32f303xc.o [1]
  .text               ro code  0x08003796     0x4  startup_stm32f303xc.o [1]
  .text               ro code  0x0800379a     0x4  startup_stm32f303xc.o [1]
  .text               ro code  0x0800379e     0x4  startup_stm32f303xc.o [1]
  .text               ro code  0x080037a2     0x4  startup_stm32f303xc.o [1]
  .text               ro code  0x080037a6     0x4  startup_stm32f303xc.o [1]
  .text               ro code  0x080037aa     0x4  startup_stm32f303xc.o [1]
  .text               ro code  0x080037ae     0x4  startup_stm32f303xc.o [1]
  .text               ro code  0x080037b2     0x4  startup_stm32f303xc.o [1]
  .text               ro code  0x080037b6     0x4  startup_stm32f303xc.o [1]
  .text               ro code  0x080037ba     0x4  startup_stm32f303xc.o [1]
  .text               ro code  0x080037be     0x4  startup_stm32f303xc.o [1]
  .text               ro code  0x080037c2     0x4  startup_stm32f303xc.o [1]
  .text               ro code  0x080037c6     0x4  startup_stm32f303xc.o [1]
  .text               ro code  0x080037ca     0x4  startup_stm32f303xc.o [1]
  .text               ro code  0x080037ce     0x4  startup_stm32f303xc.o [1]
  .text               ro code  0x080037d2     0x4  startup_stm32f303xc.o [1]
  .text               ro code  0x080037d6     0x4  startup_stm32f303xc.o [1]
  .text               ro code  0x080037da     0x4  startup_stm32f303xc.o [1]
  .text               ro code  0x080037de     0x4  startup_stm32f303xc.o [1]
  .text               ro code  0x080037e2     0x4  startup_stm32f303xc.o [1]
  .text               ro code  0x080037e6     0x4  startup_stm32f303xc.o [1]
  .text               ro code  0x080037ea     0x4  startup_stm32f303xc.o [1]
  .text               ro code  0x080037ee     0x4  startup_stm32f303xc.o [1]
  .text               ro code  0x080037f2     0x4  startup_stm32f303xc.o [1]
  .text               ro code  0x080037f6     0x4  startup_stm32f303xc.o [1]
  .text               ro code  0x080037fa     0x4  startup_stm32f303xc.o [1]
  .text               ro code  0x080037fe     0x4  startup_stm32f303xc.o [1]
  .text               ro code  0x08003802     0x4  startup_stm32f303xc.o [1]
  .text               ro code  0x08003806     0x4  startup_stm32f303xc.o [1]
  .text               ro code  0x0800380a     0x4  startup_stm32f303xc.o [1]
  .text               ro code  0x0800380e     0x4  startup_stm32f303xc.o [1]
  .text               ro code  0x08003812     0x4  startup_stm32f303xc.o [1]
  .text               ro code  0x08003816     0x4  startup_stm32f303xc.o [1]
  .text               ro code  0x0800381a     0x4  startup_stm32f303xc.o [1]
  .text               ro code  0x0800381e     0x4  startup_stm32f303xc.o [1]
  .text               ro code  0x08003822     0x4  startup_stm32f303xc.o [1]
  .text               ro code  0x08003826     0x4  startup_stm32f303xc.o [1]
  .text               ro code  0x0800382a     0x4  startup_stm32f303xc.o [1]
  .text               ro code  0x0800382e     0x4  startup_stm32f303xc.o [1]
  .text               ro code  0x08003832     0x4  startup_stm32f303xc.o [1]
  .text               ro code  0x08003836     0x4  startup_stm32f303xc.o [1]
  .text               ro code  0x0800383a     0x4  startup_stm32f303xc.o [1]
  .text               ro code  0x0800383e     0x4  startup_stm32f303xc.o [1]
  .text               ro code  0x08003842     0x4  startup_stm32f303xc.o [1]
  .text               ro code  0x08003846     0x4  startup_stm32f303xc.o [1]
  .text               ro code  0x0800384a     0x4  startup_stm32f303xc.o [1]
  .text               ro code  0x0800384e     0x4  startup_stm32f303xc.o [1]
  .text               ro code  0x08003852     0x4  startup_stm32f303xc.o [1]
  .text               ro code  0x08003856     0x4  startup_stm32f303xc.o [1]
  .text               ro code  0x0800385a     0x4  startup_stm32f303xc.o [1]
  .text               ro code  0x0800385e     0x4  startup_stm32f303xc.o [1]
  .text               ro code  0x08003862     0x4  startup_stm32f303xc.o [1]
  .text               ro code  0x08003866     0x4  startup_stm32f303xc.o [1]
  .text               ro code  0x0800386a     0x4  startup_stm32f303xc.o [1]
  .text               ro code  0x0800386e     0x4  startup_stm32f303xc.o [1]
  .text               ro code  0x08003872     0x4  startup_stm32f303xc.o [1]
  .text               ro code  0x08003876     0x4  startup_stm32f303xc.o [1]
  .text               ro code  0x0800387a     0x4  startup_stm32f303xc.o [1]
  .text               ro code  0x0800387e     0x4  startup_stm32f303xc.o [1]
  .text               ro code  0x08003882     0x4  startup_stm32f303xc.o [1]
  .text               ro code  0x08003886     0x4  startup_stm32f303xc.o [1]
  .text               ro code  0x0800388a     0x4  startup_stm32f303xc.o [1]
  .text               ro code  0x0800388e     0x4  startup_stm32f303xc.o [1]
  .text               ro code  0x08003892     0x4  startup_stm32f303xc.o [1]
  .text               ro code  0x08003896     0x4  startup_stm32f303xc.o [1]
  .text               ro code  0x0800389a     0x4  startup_stm32f303xc.o [1]
  .text               ro code  0x0800389e     0x4  startup_stm32f303xc.o [1]
  .text               ro code  0x080038a2     0x4  startup_stm32f303xc.o [1]
  .text               ro code  0x080038a8     0x0  cstart_closeall.o [5]
  .rodata             const    0x080038a8     0x0  zero_init3.o [5]
  .rodata             const    0x080038a8     0x0  packbits_init_single.o [5]
  Initializer bytes   const    0x080038a8    0x8a  <for P2-1>
                             - 0x08003932  0x37aa

"P2", part 1 of 3:                          0x1ec
  P2-1                         0x20000000   0x1ec  <Init block>
    .data             inited   0x20000000     0x4  system_stm32f3xx.o [1]
    .data             inited   0x20000004    0x40  xfiles.o [3]
    .data             inited   0x20000044    0x40  xfiles.o [3]
    .data             inited   0x20000084    0x40  xfiles.o [3]
    .data             inited   0x200000c4    0x20  xfiles.o [3]
    .data             inited   0x200000e4     0x8  XShttio.o [3]
    __DLIB_PERTHREAD  inited   0x200000ec    0x88  localeconv.o [3]
    __DLIB_PERTHREAD  inited   0x20000174    0x74  setlocale.o [3]
    __DLIB_PERTHREAD  inited   0x200001e8     0x4  errno.o [3]
                             - 0x200001ec   0x1ec

"P2", part 2 of 3:                          0x600
  CSTACK                       0x200001f0   0x400  <Block>
    CSTACK            uninit   0x200001f0   0x400  <Block tail>
  HEAP                         0x200005f0   0x200  <Block>
    HEAP              uninit   0x200005f0   0x200  <Block tail>
                             - 0x200007f0   0x600

"P2", part 3 of 3:                          0x134
  .bss                zero     0x200007f0    0x80  XShHandles.o [3]
  .bss                zero     0x20000870    0x50  xfiles.o [3]
  .bss                zero     0x200008c0    0x50  xfiles.o [3]
  .bss                zero     0x20000910     0x8  xxmemxmalloc.o [3]
  .bss                zero     0x20000918     0x4  stm32f3xx_hal.o [1]
  .bss                zero     0x2000091c     0x4  xgetmemchunk.o [3]
  .bss                zero     0x20000920     0x2  main.o [1]
                             - 0x20000922   0x132


*******************************************************************************
*** INIT TABLE
***

          Address     Size
          -------     ----
Zero (__iar_zero_init3)
    1 destination range, total size 0x132:
          0x200007f0  0x132

Copy/packbits (__iar_packbits_init_single3)
    1 source range, total size 0x8a (28% of destination):
          0x080038a8   0x8a
    1 destination range, total size 0x1ec:
          0x20000000  0x1ec



*******************************************************************************
*** MODULE SUMMARY
***

    Module                  ro code  ro data  rw data
    ------                  -------  -------  -------
C:\Users\jonas\OneDrive\KTH\åk3\Inbygda system\lab 1\filer\PINGPONG\EWARM\PINGPONG\Obj: [1]
    Pingpong_functions.o        680
    gpio.o                      462
    main.o                      588                 2
    startup_stm32f303xc.o       704
    stm32f3xx_hal.o             128                 4
    stm32f3xx_hal_cortex.o      198
    stm32f3xx_hal_gpio.o        424
    stm32f3xx_hal_msp.o         120
    stm32f3xx_hal_rcc.o       1 152
    stm32f3xx_it.o               14
    system_stm32f3xx.o          124        1        4
    -------------------------------------------------
    Total:                    4 594        1       10

command line: [2]
    -------------------------------------------------
    Total:

dl7M_tlf.a: [3]
    XShHandles.o                204               128
    XShttio.o                     8        3        8
    div.o                        14
    errno.o                      12        2        4
    exit.o                        4
    fclose.o                    122
    fflush.o                    176
    fputc.o                      86
    fseek.o                      34
    localeconv.o                108       38      136
    low_level_init.o              4
    printf.o                     36
    putchar.o                    12
    setlocale.o                  20       32      116
    xcloseall.o                  88
    xencoding_sb.o               96
    xfgpos.o                     12
    xfiles.o                              62      384
    xfofind.o                   128
    xfspos.o                    214
    xfwprep.o                   184
    xgetmemchunk.o               44                 4
    xmbcurmax.o                  10
    xmbtowc.o                    32
    xprintffull.o             4 506
    xprout.o                     22
    xsyslock_nop.o                4
    xtls.o                        2
    xwctomb.o                    26
    xxmemxfree.o                128
    xxmemxmalloc.o              176                 8
    -------------------------------------------------
    Total:                    6 512      137      788

m7M_tls.a: [4]
    DblAdd.o                    212
    DblCmpGe.o                   46
    DblCmpLe.o                   46
    DblDiv.o                    598
    DblMul.o                    418
    DblSub.o                    384
    DblToI32.o                   88
    I32ToDbl.o                   48
    fpinit_M.o                   34
    xdnorm.o                     68
    xdscale.o                   276
    -------------------------------------------------
    Total:                    2 218

rt7M_tl.a: [5]
    ABImemcpy_unaligned.o       118
    I64DivMod.o                 238
    I64DivZer.o                   2
    cexit.o                      14
    cmain.o                      26
    cstart_closeall.o
    cstartup_M.o                 12
    data_init.o                  40
    memchr.o                     88
    packbits_init_single.o       56
    strchr.o                     22
    strlen.o                     54
    zero_init3.o                 64
    -------------------------------------------------
    Total:                      734

shb_l.a: [6]
    close.o                      26
    dwrite.o                     30
    exit.o                       20
    iarttio.o                   108
    iarwrite.o                   34
    iarwstd.o                    32
    lseek.o                      76
    remove.o                     22
    write.o                      16
    -------------------------------------------------
    Total:                      364

    Gaps                         48        2
    Linker created                        32    1 536
-----------------------------------------------------
    Grand Total:             14 470      172    2 334


*******************************************************************************
*** ENTRY LIST
***

Entry                      Address   Size  Type      Object
-----                      -------   ----  ----      ------
.iar.init_table$$Base   0x080036b8          --   Gb  - Linker created -
.iar.init_table$$Limit  0x080036d8          --   Gb  - Linker created -
?main                   0x080036d9         Code  Gb  cmain.o [5]
AHBPrescTable           0x08003488   0x10  Data  Gb  system_stm32f3xx.o [1]
Blink_LED               0x080027a1   0x86  Code  Gb  Pingpong_functions.o [1]
CSTACK$$Base            0x200001f0          --   Gb  - Linker created -
CSTACK$$Limit           0x200005f0          --   Gb  - Linker created -
Error_Handler           0x08002c89   0x10  Code  Gb  main.o [1]
HAL_Delay               0x08002a51   0x18  Code  Wk  stm32f3xx_hal.o [1]
HAL_GPIO_Init           0x08002885  0x16c  Code  Gb  stm32f3xx_hal_gpio.o [1]
HAL_GPIO_ReadPin        0x080029fb    0xc  Code  Gb  stm32f3xx_hal_gpio.o [1]
HAL_GPIO_WritePin       0x08002a07    0xa  Code  Gb  stm32f3xx_hal_gpio.o [1]
HAL_GetTick             0x080024e1    0xc  Code  Wk  stm32f3xx_hal.o [1]
HAL_IncTick             0x08003755   0x10  Code  Wk  stm32f3xx_hal.o [1]
HAL_Init                0x08002cb5   0x20  Code  Gb  stm32f3xx_hal.o [1]
HAL_InitTick            0x080024ed   0x28  Code  Wk  stm32f3xx_hal.o [1]
HAL_MspInit             0x08002ea9   0x78  Code  Gb  stm32f3xx_hal_msp.o [1]
HAL_NVIC_SetPriority    0x08002549   0x3a  Code  Gb  stm32f3xx_hal_cortex.o [1]
HAL_NVIC_SetPriorityGrouping
                        0x0800252f   0x1a  Code  Gb  stm32f3xx_hal_cortex.o [1]
HAL_RCC_ClockConfig     0x08002333  0x112  Code  Gb  stm32f3xx_hal_rcc.o [1]
HAL_RCC_GetHCLKFreq     0x08002493    0x6  Code  Gb  stm32f3xx_hal_rcc.o [1]
HAL_RCC_GetSysClockFreq
                        0x08002459   0x3a  Code  Gb  stm32f3xx_hal_rcc.o [1]
HAL_RCC_OscConfig       0x08002061  0x2c0  Code  Gb  stm32f3xx_hal_rcc.o [1]
HAL_SYSTICK_CLKSourceConfig
                        0x080025ab   0x14  Code  Gb  stm32f3xx_hal_cortex.o [1]
HAL_SYSTICK_Callback    0x080025d9    0x2  Code  Wk  stm32f3xx_hal_cortex.o [1]
HAL_SYSTICK_Config      0x08002583   0x28  Code  Gb  stm32f3xx_hal_cortex.o [1]
HAL_SYSTICK_IRQHandler  0x080025d5    0x4  Code  Gb  stm32f3xx_hal_cortex.o [1]
HEAP$$Base              0x200005f0          --   Gb  - Linker created -
HEAP$$Limit             0x200007f0          --   Gb  - Linker created -
L_hit                   0x0800277f    0xe  Code  Gb  Pingpong_functions.o [1]
Led_on                  0x080025dd   0xac  Code  Gb  Pingpong_functions.o [1]
LoadInt                 0x080007ff   0x6e  Code  Lc  xprintffull.o [3]
MX_GPIO_Init            0x08002cd9  0x186  Code  Gb  gpio.o [1]
NVIC_SetPriority        0x08002515   0x1a  Code  Lc  stm32f3xx_hal_cortex.o [1]
NextState               0x20000921    0x1  Data  Gb  main.o [1]
R_hit                   0x0800276f   0x10  Code  Gb  Pingpong_functions.o [1]
Region$$Table$$Base     0x080036b8          --   Gb  - Linker created -
Region$$Table$$Limit    0x080036d8          --   Gb  - Linker created -
State                   0x20000920    0x1  Data  Gb  main.o [1]
SysTick_Handler         0x08003765    0xe  Code  Gb  stm32f3xx_it.o [1]
SystemClock_Config      0x08002c11   0x78  Code  Gb  main.o [1]
SystemCoreClock         0x20000000    0x4  Data  Gb  system_stm32f3xx.o [1]
SystemInit              0x0800341d   0x52  Code  Gb  system_stm32f3xx.o [1]
_Close_all              0x08003545   0x58  Code  Gb  xcloseall.o [3]
_EncodingSb_Mbtowc      0x08001f13   0x30  Code  Gb  xencoding_sb.o [3]
_EncodingSb_Mbtowc::initial
                        0x08001f50    0x8  Data  Lc  xencoding_sb.o [3]
_EncodingSb_Wctomb      0x08001ef9   0x1a  Code  Gb  xencoding_sb.o [3]
_EncodingSb_Wctomb::initial
                        0x08001f48    0x8  Data  Lc  xencoding_sb.o [3]
_Files                  0x200000c4   0x20  Data  Gb  xfiles.o [3]
_Fofree                 0x0800339d   0x78  Code  Gb  xfofind.o [3]
_Fspos                  0x08002f21   0xd6  Code  Gb  xfspos.o [3]
_Fwprep                 0x080032c1   0xb8  Code  Gb  xfwprep.o [3]
_GenldFull              0x08001085  0x254  Code  Lc  xprintffull.o [3]
_IsdstStr               0x20000178    0x4  Data  Gb  setlocale.o [3]
_LdtobFull              0x08000c85  0x3fa  Code  Lc  xprintffull.o [3]
_LitobFull              0x08000b79  0x10a  Code  Lc  xprintffull.o [3]
_LocaleEncoding         0x08001ee5    0xe  Code  Gb  setlocale.o [3]
_LocaleReturnString     0x20000198   0x50  Data  Lc  setlocale.o [3]
_Locale_Profile         0x2000017c   0x1c  Data  Gb  setlocale.o [3]
_Locale_aeabi_lconv     0x2000013c   0x38  Data  Gb  localeconv.o [3]
_Locale_lconv           0x200000ec   0x50  Data  Gb  localeconv.o [3]
_Mbtowc                 0x08001323   0x20  Code  Gb  xmbtowc.o [3]
_Nnl                    0x080030a9    0xc  Code  Gb  xfgpos.o [3]
_PrintfFull             0x08000189  0x660  Code  Gb  xprintffull.o [3]
_Prout                  0x08003721   0x16  Code  Gb  xprout.o [3]
_PutcharsFull           0x080012d9   0x2e  Code  Lc  xprintffull.o [3]
_PutstrFull             0x0800086d  0x306  Code  Lc  xprintffull.o [3]
_TzoneStr               0x20000174    0x4  Data  Gb  setlocale.o [3]
_Wctomb                 0x080014a9   0x1a  Code  Gb  xwctomb.o [3]
__aeabi_cdcmple         0x080016f1         Code  Gb  DblCmpLe.o [4]
__aeabi_cdrcmple        0x08001721         Code  Gb  DblCmpGe.o [4]
__aeabi_d2iz            0x08001865         Code  Gb  DblToI32.o [4]
__aeabi_d2uiz           0x08001891         Code  Gb  DblToI32.o [4]
__aeabi_ddiv            0x08001c11         Code  Gb  DblDiv.o [4]
__aeabi_dmul            0x08001a6d         Code  Gb  DblMul.o [4]
__aeabi_dsub            0x080018ed         Code  Gb  DblSub.o [4]
__aeabi_errno_addr      0x08003101    0x6  Code  Gb  errno.o [3]
__aeabi_i2d             0x080018bd         Code  Gb  I32ToDbl.o [4]
__aeabi_ldiv0           0x08001f85         Code  Gb  I64DivZer.o [5]
__aeabi_ui2d            0x080018d1         Code  Gb  I32ToDbl.o [4]
__aeabi_uldivmod        0x080015bd         Code  Gb  I64DivMod.o [5]
__cexit_closeall        0x080036ff         Code  Gb  cexit.o [5]
__close                 0x08003513   0x1a  Code  Gb  close.o [6]
__cmain                 0x080036d9         Code  Gb  cmain.o [5]
__cstart_closeall       0x080038a8         Data  Gb  cstart_closeall.o [5]
__data_Aldata           0x20000910    0x8  Data  Gb  xxmemxmalloc.o [3]
__data_GetMemChunk      0x08001f59   0x2c  Code  Gb  xgetmemchunk.o [3]
__data_GetMemChunk::start
                        0x2000091c    0x4  Data  Lc  xgetmemchunk.o [3]
__dwrite                0x080031ed   0x1e  Code  Gb  dwrite.o [6]
__exit                  0x0800370d   0x14  Code  Gb  exit.o [6]
__iar_Dnorm             0x080016ab   0x44  Code  Gb  xdnorm.o [4]
__iar_Dscale            0x08001751  0x114  Code  Gb  xdscale.o [4]
__iar_Errno             0x200001e8    0x4  Data  Gb  errno.o [3]
__iar_Locale_lconv_init
                        0x08001e69   0x3a  Code  Gb  localeconv.o [3]
__iar_Lockfilelock      0x0800310d    0x2  Code  Gb  xsyslock_nop.o [3]
__iar_Mbcurmax          0x080013ed    0xa  Code  Gb  xmbcurmax.o [3]
__iar_Memchr            0x08001395         Code  Gb  memchr.o [5]
__iar_Stderr            0x20000084   0x40  Data  Gb  xfiles.o [3]
__iar_Stdin             0x20000004   0x40  Data  Gb  xfiles.o [3]
__iar_Stdout            0x20000044   0x40  Data  Gb  xfiles.o [3]
__iar_Strchr            0x08001345         Code  Gb  strchr.o [5]
__iar_Unlockfilelock    0x0800310f    0x2  Code  Gb  xsyslock_nop.o [3]
__iar_close_ttio        0x0800324d   0x2e  Code  Gb  iarttio.o [6]
__iar_d2uiz             0x0800189d         Code  Gb  DblToI32.o [4]
__iar_dadd              0x08001f89         Code  Gb  DblAdd.o [4]
__iar_data_init3        0x0800366d   0x28  Code  Gb  data_init.o [5]
__iar_dlib_perthread_access
                        0x0800205d    0x2  Code  Gb  xtls.o [3]
__iar_dsub              0x08001901         Code  Gb  DblSub.o [4]
__iar_dsubStart         0x08001913         Code  Gb  DblSub.o [4]
__iar_get_ttio          0x0800327d   0x38  Code  Gb  iarttio.o [6]
__iar_init_vfp          0x08003695         Code  Gb  fpinit_M.o [4]
__iar_lookup_ttioh      0x080032b9    0x8  Code  Gb  XShttio.o [3]
__iar_packbits_init_single3
                        0x08003633   0x38  Code  Gb  packbits_init_single.o [5]
__iar_program_start     0x08003773         Code  Gb  cstartup_M.o [5]
__iar_sh_Discard        0x08003121   0x3e  Code  Gb  XShHandles.o [3]
__iar_sh_Move           0x08003165   0x46  Code  Gb  XShHandles.o [3]
__iar_sh_Pos            0x080031ab   0x3e  Code  Gb  XShHandles.o [3]
__iar_sh_stdout         0x0800320b   0x20  Code  Gb  iarwstd.o [6]
__iar_sh_write          0x0800322b   0x22  Code  Gb  iarwrite.o [6]
__iar_ttio_handles      0x200000e4    0x8  Data  Lc  XShttio.o [3]
__iar_ui2d              0x080018d5         Code  Gb  I32ToDbl.o [4]
__iar_unaligned___aeabi_memcpy
                        0x080014c5         Code  Gb  ABImemcpy_unaligned.o [5]
__iar_unaligned___aeabi_memcpy4
                        0x080014e5         Code  Gb  ABImemcpy_unaligned.o [5]
__iar_unaligned___aeabi_memcpy8
                        0x080014e5         Code  Gb  ABImemcpy_unaligned.o [5]
__iar_zero_init3        0x080035f3   0x40  Code  Gb  zero_init3.o [5]
__low_level_init        0x080036f3    0x4  Code  Gb  low_level_init.o [3]
__lseek                 0x080030b5   0x4c  Code  Gb  lseek.o [6]
__vector_table          0x08000000         Data  Gb  startup_stm32f303xc.o [1]
__write                 0x08003111   0x10  Code  Gb  write.o [6]
_call_main              0x080036e5         Code  Gb  cmain.o [5]
_exit                   0x080036fd         Code  Gb  cexit.o [5]
_main                   0x080036ef         Code  Gb  cmain.o [5]
aPLLMULFactorTable      0x080024c0   0x10  Data  Gb  stm32f3xx_hal_rcc.o [1]
aPredivFactorTable      0x080024d0   0x10  Data  Gb  stm32f3xx_hal_rcc.o [1]
div                     0x08001ed5    0xe  Code  Gb  div.o [3]
ebuf                    0x20000870   0x50  Data  Lc  xfiles.o [3]
exit                    0x080036f7    0x4  Code  Gb  exit.o [3]
fclose                  0x08003499   0x7a  Code  Gb  fclose.o [3]
fflush                  0x0800306f   0x34  Code  Gb  fflush.o [3]
fflushOne               0x08002ff9   0x76  Code  Lc  fflush.o [3]
fputc                   0x0800359d   0x56  Code  Gb  fputc.o [3]
free                    0x0800153d   0x7a  Code  Gb  xxmemxfree.o [3]
fseek                   0x08003379   0x22  Code  Gb  fseek.o [3]
localeconv              0x08001ea3   0x16  Code  Gb  localeconv.o [3]
main                    0x08002a69  0x19a  Code  Gb  main.o [1]
malloc                  0x080013f9   0xac  Code  Gb  xxmemxmalloc.o [3]
memchr                  0x08001395         Code  Gb  memchr.o [5]
obuf                    0x200008c0   0x50  Data  Lc  xfiles.o [3]
printf                  0x08002a2d   0x24  Code  Gb  printf.o [3]
putchar                 0x08003739    0xc  Code  Gb  putchar.o [3]
remove                  0x0800352d   0x16  Code  Gb  remove.o [6]
sFileInfo               0x200007f0   0x80  Data  Lc  XShHandles.o [3]
show_points             0x08002695   0xc8  Code  Gb  Pingpong_functions.o [1]
strchr                  0x08001345         Code  Gb  strchr.o [5]
strlen                  0x0800135d         Code  Gb  strlen.o [5]
uwTick                  0x20000918    0x4  Data  Gb  stm32f3xx_hal.o [1]


[1] = C:\Users\jonas\OneDrive\KTH\åk3\Inbygda system\lab 1\filer\PINGPONG\EWARM\PINGPONG\Obj
[2] = command line
[3] = dl7M_tlf.a
[4] = m7M_tls.a
[5] = rt7M_tl.a
[6] = shb_l.a

  14 470 bytes of readonly  code memory
     172 bytes of readonly  data memory
   2 334 bytes of readwrite data memory

Errors: none
Warnings: none
