###############################################################################
#
# IAR ELF Linker V7.80.3.12102/W32 for ARM                02/Mar/2017  17:51:57
# Copyright 2007-2016 IAR Systems AB.
#
#    Output file  =  
#        C:\Users\jonas\OneDrive\KTH\åk3\Inbygda system\lab
#        1\filer\KULOR_V3\EWARM\KULOR_V3\Exe\KULOR_V3.out
#    Map file     =  
#        C:\Users\jonas\OneDrive\KTH\åk3\Inbygda system\lab
#        1\filer\KULOR_V3\EWARM\KULOR_V3\List\KULOR_V3.map
#    Command line =  
#        "C:\Users\jonas\OneDrive\KTH\åk3\Inbygda system\lab
#        1\filer\KULOR_V3\EWARM\KULOR_V3\Obj\cmsis_os.o"
#        "C:\Users\jonas\OneDrive\KTH\åk3\Inbygda system\lab
#        1\filer\KULOR_V3\EWARM\KULOR_V3\Obj\crc.o"
#        "C:\Users\jonas\OneDrive\KTH\åk3\Inbygda system\lab
#        1\filer\KULOR_V3\EWARM\KULOR_V3\Obj\croutine.o"
#        "C:\Users\jonas\OneDrive\KTH\åk3\Inbygda system\lab
#        1\filer\KULOR_V3\EWARM\KULOR_V3\Obj\event_groups.o"
#        "C:\Users\jonas\OneDrive\KTH\åk3\Inbygda system\lab
#        1\filer\KULOR_V3\EWARM\KULOR_V3\Obj\freertos.o"
#        "C:\Users\jonas\OneDrive\KTH\åk3\Inbygda system\lab
#        1\filer\KULOR_V3\EWARM\KULOR_V3\Obj\gpio.o"
#        "C:\Users\jonas\OneDrive\KTH\åk3\Inbygda system\lab
#        1\filer\KULOR_V3\EWARM\KULOR_V3\Obj\heap_4.o"
#        "C:\Users\jonas\OneDrive\KTH\åk3\Inbygda system\lab
#        1\filer\KULOR_V3\EWARM\KULOR_V3\Obj\Kulor_Funktioner.o"
#        "C:\Users\jonas\OneDrive\KTH\åk3\Inbygda system\lab
#        1\filer\KULOR_V3\EWARM\KULOR_V3\Obj\list.o"
#        "C:\Users\jonas\OneDrive\KTH\åk3\Inbygda system\lab
#        1\filer\KULOR_V3\EWARM\KULOR_V3\Obj\main.o"
#        "C:\Users\jonas\OneDrive\KTH\åk3\Inbygda system\lab
#        1\filer\KULOR_V3\EWARM\KULOR_V3\Obj\port.o"
#        "C:\Users\jonas\OneDrive\KTH\åk3\Inbygda system\lab
#        1\filer\KULOR_V3\EWARM\KULOR_V3\Obj\portasm.o"
#        "C:\Users\jonas\OneDrive\KTH\åk3\Inbygda system\lab
#        1\filer\KULOR_V3\EWARM\KULOR_V3\Obj\queue.o"
#        "C:\Users\jonas\OneDrive\KTH\åk3\Inbygda system\lab
#        1\filer\KULOR_V3\EWARM\KULOR_V3\Obj\rtc.o"
#        "C:\Users\jonas\OneDrive\KTH\åk3\Inbygda system\lab
#        1\filer\KULOR_V3\EWARM\KULOR_V3\Obj\startup_stm32f303xc.o"
#        "C:\Users\jonas\OneDrive\KTH\åk3\Inbygda system\lab
#        1\filer\KULOR_V3\EWARM\KULOR_V3\Obj\stm32f3xx_hal.o"
#        "C:\Users\jonas\OneDrive\KTH\åk3\Inbygda system\lab
#        1\filer\KULOR_V3\EWARM\KULOR_V3\Obj\stm32f3xx_hal_cortex.o"
#        "C:\Users\jonas\OneDrive\KTH\åk3\Inbygda system\lab
#        1\filer\KULOR_V3\EWARM\KULOR_V3\Obj\stm32f3xx_hal_crc.o"
#        "C:\Users\jonas\OneDrive\KTH\åk3\Inbygda system\lab
#        1\filer\KULOR_V3\EWARM\KULOR_V3\Obj\stm32f3xx_hal_crc_ex.o"
#        "C:\Users\jonas\OneDrive\KTH\åk3\Inbygda system\lab
#        1\filer\KULOR_V3\EWARM\KULOR_V3\Obj\stm32f3xx_hal_dma.o"
#        "C:\Users\jonas\OneDrive\KTH\åk3\Inbygda system\lab
#        1\filer\KULOR_V3\EWARM\KULOR_V3\Obj\stm32f3xx_hal_flash.o"
#        "C:\Users\jonas\OneDrive\KTH\åk3\Inbygda system\lab
#        1\filer\KULOR_V3\EWARM\KULOR_V3\Obj\stm32f3xx_hal_flash_ex.o"
#        "C:\Users\jonas\OneDrive\KTH\åk3\Inbygda system\lab
#        1\filer\KULOR_V3\EWARM\KULOR_V3\Obj\stm32f3xx_hal_gpio.o"
#        "C:\Users\jonas\OneDrive\KTH\åk3\Inbygda system\lab
#        1\filer\KULOR_V3\EWARM\KULOR_V3\Obj\stm32f3xx_hal_i2c.o"
#        "C:\Users\jonas\OneDrive\KTH\åk3\Inbygda system\lab
#        1\filer\KULOR_V3\EWARM\KULOR_V3\Obj\stm32f3xx_hal_i2c_ex.o"
#        "C:\Users\jonas\OneDrive\KTH\åk3\Inbygda system\lab
#        1\filer\KULOR_V3\EWARM\KULOR_V3\Obj\stm32f3xx_hal_msp.o"
#        "C:\Users\jonas\OneDrive\KTH\åk3\Inbygda system\lab
#        1\filer\KULOR_V3\EWARM\KULOR_V3\Obj\stm32f3xx_hal_pwr.o"
#        "C:\Users\jonas\OneDrive\KTH\åk3\Inbygda system\lab
#        1\filer\KULOR_V3\EWARM\KULOR_V3\Obj\stm32f3xx_hal_pwr_ex.o"
#        "C:\Users\jonas\OneDrive\KTH\åk3\Inbygda system\lab
#        1\filer\KULOR_V3\EWARM\KULOR_V3\Obj\stm32f3xx_hal_rcc.o"
#        "C:\Users\jonas\OneDrive\KTH\åk3\Inbygda system\lab
#        1\filer\KULOR_V3\EWARM\KULOR_V3\Obj\stm32f3xx_hal_rcc_ex.o"
#        "C:\Users\jonas\OneDrive\KTH\åk3\Inbygda system\lab
#        1\filer\KULOR_V3\EWARM\KULOR_V3\Obj\stm32f3xx_hal_rtc.o"
#        "C:\Users\jonas\OneDrive\KTH\åk3\Inbygda system\lab
#        1\filer\KULOR_V3\EWARM\KULOR_V3\Obj\stm32f3xx_hal_rtc_ex.o"
#        "C:\Users\jonas\OneDrive\KTH\åk3\Inbygda system\lab
#        1\filer\KULOR_V3\EWARM\KULOR_V3\Obj\stm32f3xx_hal_tim.o"
#        "C:\Users\jonas\OneDrive\KTH\åk3\Inbygda system\lab
#        1\filer\KULOR_V3\EWARM\KULOR_V3\Obj\stm32f3xx_hal_tim_ex.o"
#        "C:\Users\jonas\OneDrive\KTH\åk3\Inbygda system\lab
#        1\filer\KULOR_V3\EWARM\KULOR_V3\Obj\stm32f3xx_hal_timebase_TIM.o"
#        "C:\Users\jonas\OneDrive\KTH\åk3\Inbygda system\lab
#        1\filer\KULOR_V3\EWARM\KULOR_V3\Obj\stm32f3xx_hal_uart.o"
#        "C:\Users\jonas\OneDrive\KTH\åk3\Inbygda system\lab
#        1\filer\KULOR_V3\EWARM\KULOR_V3\Obj\stm32f3xx_hal_uart_ex.o"
#        "C:\Users\jonas\OneDrive\KTH\åk3\Inbygda system\lab
#        1\filer\KULOR_V3\EWARM\KULOR_V3\Obj\stm32f3xx_it.o"
#        "C:\Users\jonas\OneDrive\KTH\åk3\Inbygda system\lab
#        1\filer\KULOR_V3\EWARM\KULOR_V3\Obj\system_stm32f3xx.o"
#        "C:\Users\jonas\OneDrive\KTH\åk3\Inbygda system\lab
#        1\filer\KULOR_V3\EWARM\KULOR_V3\Obj\tasks.o"
#        "C:\Users\jonas\OneDrive\KTH\åk3\Inbygda system\lab
#        1\filer\KULOR_V3\EWARM\KULOR_V3\Obj\tim.o"
#        "C:\Users\jonas\OneDrive\KTH\åk3\Inbygda system\lab
#        1\filer\KULOR_V3\EWARM\KULOR_V3\Obj\timers.o"
#        "C:\Users\jonas\OneDrive\KTH\åk3\Inbygda system\lab
#        1\filer\KULOR_V3\EWARM\KULOR_V3\Obj\usart.o" --redirect
#        _Printf=_PrintfFull --redirect _Scanf=_ScanfFull -o
#        "C:\Users\jonas\OneDrive\KTH\åk3\Inbygda system\lab
#        1\filer\KULOR_V3\EWARM\KULOR_V3\Exe\KULOR_V3.out" --map
#        "C:\Users\jonas\OneDrive\KTH\åk3\Inbygda system\lab
#        1\filer\KULOR_V3\EWARM\KULOR_V3\List\KULOR_V3.map" --config
#        "C:\Users\jonas\OneDrive\KTH\åk3\Inbygda system\lab
#        1\filer\KULOR_V3\EWARM/stm32f303xc_flash.icf" --semihosting --entry
#        __iar_program_start --vfe
#
###############################################################################

*******************************************************************************
*** RUNTIME MODEL ATTRIBUTES
***

CppFlavor                     = *
__Heap_Handler                = Basic
__SystemLibrary               = DLib
__dlib_dynamic_initialization = normal


*******************************************************************************
*** PLACEMENT SUMMARY
***

"A0":  place at 0x08000000 { ro section .intvec };
"P1":  place in [from 0x08000000 to 0x0803ffff] { ro };
"P2":  place in [from 0x20000000 to 0x20009fff] { rw, block CSTACK, block HEAP };
initialize by copy { rw };

  Section             Kind        Address    Size  Object
  -------             ----        -------    ----  ------
"A0":                                       0x188
  .intvec             ro code  0x08000000   0x188  startup_stm32f303xc.o [1]
                             - 0x08000188   0x188

"P1":                                      0x5eed
  .text               ro code  0x08000188  0x119a  xprintffull.o [3]
  .text               ro code  0x08001322    0x20  xmbtowc.o [3]
  .text               ro code  0x08001344    0x16  strchr.o [5]
  .text               ro code  0x0800135c    0x36  strlen.o [5]
  .text               ro code  0x08001394    0x58  memchr.o [5]
  .text               ro code  0x080013ec     0xa  xmbcurmax.o [3]
  .text               ro code  0x080013f8    0xb0  xxmemxmalloc.o [3]
  .text               ro code  0x080014a8    0x1a  xwctomb.o [3]
  .text               ro code  0x080014c4    0x76  ABImemcpy_unaligned.o [5]
  .text               ro code  0x0800153c    0x80  xxmemxfree.o [3]
  .text               ro code  0x080015bc    0xee  I64DivMod.o [5]
  .text               ro code  0x080016aa    0x44  xdnorm.o [4]
  .text               ro code  0x080016f0    0x2e  DblCmpLe.o [4]
  .text               ro code  0x08001720    0x2e  DblCmpGe.o [4]
  .text               ro code  0x08001750   0x114  xdscale.o [4]
  .text               ro code  0x08001864    0x58  DblToI32.o [4]
  .text               ro code  0x080018bc    0x30  I32ToDbl.o [4]
  .text               ro code  0x080018ec   0x180  DblSub.o [4]
  .text               ro code  0x08001a6c   0x1a2  DblMul.o [4]
  .text               ro code  0x08001c10   0x256  DblDiv.o [4]
  .text               ro code  0x08001e68    0x6c  localeconv.o [3]
  .text               ro code  0x08001ed4     0xe  div.o [3]
  .text               ro code  0x08001ee4    0x24  setlocale.o [3]
  .text               ro code  0x08001f08    0x60  xencoding_sb.o [3]
  .text               ro code  0x08001f68    0x2c  xgetmemchunk.o [3]
  .text               ro code  0x08001f94     0x2  I64DivZer.o [5]
  .text               ro code  0x08001f98    0xd4  DblAdd.o [4]
  .text               ro code  0x0800206c     0x2  xtls.o [3]
  .text               ro code  0x08002070   0x788  Kulor_Funktioner.o [1]
  .text               ro code  0x080027f8   0x4dc  stm32f3xx_hal_uart.o [1]
  .text               ro code  0x08002cd4    0xd0  main.o [1]
  .text               ro code  0x08002da4   0x346  stm32f3xx_hal_rtc.o [1]
  .text               ro code  0x080030ec     0xc  stm32f3xx_hal_rtc_ex.o [1]
  .text               ro code  0x080030f8   0x70e  stm32f3xx_hal_tim.o [1]
  .text               ro code  0x08003808   0x198  xstoul.o [3]
  .text               ro code  0x080039a0   0x1a4  stm32f3xx_hal_gpio.o [1]
  .text               ro code  0x08003b44     0xc  stm32f3xx_hal.o [1]
  .text               ro code  0x08003b50    0x4c  strtok.o [3]
  .text               ro code  0x08003b9c   0x16a  stm32f3xx_hal_crc.o [1]
  .text               ro code  0x08003d08    0x24  printf.o [3]
  .text               ro code  0x08003d2c    0x88  usart.o [1]
  .text               ro code  0x08003db4   0x4dc  stm32f3xx_hal_rcc.o [1]
  .text               ro code  0x08004290    0x24  stm32f3xx_hal.o [1]
  .text               ro code  0x080042b4   0x172  gpio.o [1]
  .text               ro code  0x08004428    0x60  crc.o [1]
  .text               ro code  0x08004488    0x9c  rtc.o [1]
  .text               ro code  0x08004524   0x118  tim.o [1]
  .text               ro code  0x0800463c    0xb0  freertos.o [1]
  .text               ro code  0x080046ec    0x66  cmsis_os.o [1]
  .text               ro code  0x08004754   0x1b8  stm32f3xx_hal_rcc_ex.o [1]
  .text               ro code  0x0800490c    0xd8  stm32f3xx_hal_cortex.o [1]
  .text               ro code  0x080049e4    0x10  stm32f3xx_hal.o [1]
  .text               ro code  0x080049f4     0x2  stm32f3xx_hal_tim.o [1]
  .text               ro code  0x080049f6     0x2  stm32f3xx_hal_tim.o [1]
  .text               ro code  0x080049f8     0x2  stm32f3xx_hal_tim_ex.o [1]
  .text               ro code  0x080049fa     0x2  stm32f3xx_hal_tim.o [1]
  .text               ro code  0x080049fc     0x2  stm32f3xx_hal_tim_ex.o [1]
  .text               ro code  0x080049fe     0x2  stm32f3xx_hal_tim.o [1]
  .text               ro code  0x08004a00    0x14  isxxx.o [3]
  .text               ro code  0x08004a14    0x14  tolower.o [3]
  .text               ro code  0x08004a28     0xc  errno.o [3]
  .text               ro code  0x08004a34    0x24  strspn.o [3]
  .text               ro code  0x08004a58    0x24  strcspn.o [3]
  .text               ro code  0x08004a7c    0x44  stm32f3xx_hal_crc_ex.o [1]
  .text               ro code  0x08004ac0    0x78  stm32f3xx_hal_timebase_TIM.o [1]
  .text               ro code  0x08004b38    0x78  stm32f3xx_hal_msp.o [1]
  .text               ro code  0x08004bb0    0x54  stm32f3xx_hal_tim_ex.o [1]
  .text               ro code  0x08004c04   0x550  tasks.o [1]
  .text               ro code  0x08005154   0x1a0  port.o [1]
  .text               ro code  0x080052f4    0x14  xlocale_c.o [3]
  .text               ro code  0x08005308     0xc  xlocale_c.o [3]
  .text               ro code  0x08005314   0x1a8  heap_4.o [1]
  .text               ro code  0x080054bc    0x3a  ABImemset48.o [5]
  .text               ro code  0x080054f6    0x8e  list.o [1]
  CODE                ro code  0x08005584    0xa8  portasm.o [1]
  .text               ro code  0x0800562c    0xd6  xfspos.o [3]
  .text               ro code  0x08005704    0xb0  fflush.o [3]
  .text               ro code  0x080057b4     0xc  xfgpos.o [3]
  .text               ro code  0x080057c0    0x4c  lseek.o [6]
  .text               ro code  0x0800580c     0x4  xsyslock_nop.o [3]
  .text               ro code  0x08005810    0x10  write.o [6]
  .text               ro code  0x08005820    0xcc  XShHandles.o [3]
  .text               ro code  0x080058ec    0x1e  dwrite.o [6]
  .text               ro code  0x0800590a    0x20  iarwstd.o [6]
  .text               ro code  0x0800592a    0x22  iarwrite.o [6]
  .text               ro code  0x0800594c    0x6c  iarttio.o [6]
  .text               ro code  0x080059b8     0x8  XShttio.o [3]
  .text               ro code  0x080059c0    0xb8  xfwprep.o [3]
  .text               ro code  0x08005a78    0x22  fseek.o [3]
  .text               ro code  0x08005a9c    0x80  xfofind.o [3]
  .text               ro code  0x08005b1c    0x7c  system_stm32f3xx.o [1]
  .text               ro code  0x08005b98    0x7a  fclose.o [3]
  .text               ro code  0x08005c12    0x1a  close.o [6]
  .text               ro code  0x08005c2c    0x16  remove.o [6]
  .text               ro code  0x08005c44    0x58  xcloseall.o [3]
  .text               ro code  0x08005c9c    0x56  fputc.o [3]
  .text               ro code  0x08005cf2    0x40  zero_init3.o [5]
  .text               ro code  0x08005d32    0x38  packbits_init_single.o [5]
  .text               ro code  0x08005d6c    0x28  data_init.o [5]
  .rodata             const    0x08005d94    0x24  freertos.o [1]
  .text               ro code  0x08005db8    0x22  fpinit_M.o [4]
  .iar.init_table     const    0x08005ddc    0x20  - Linker created -
  .text               ro code  0x08005dfc    0x1a  cmain.o [5]
  .text               ro code  0x08005e16     0x4  low_level_init.o [3]
  .text               ro code  0x08005e1a     0x4  exit.o [3]
  .text               ro code  0x08005e20     0xe  cexit.o [5]
  .text               ro code  0x08005e30    0x14  exit.o [6]
  .text               ro code  0x08005e44    0x18  stm32f3xx_it.o [1]
  .text               ro code  0x08005e5c    0x16  xprout.o [3]
  .text               ro code  0x08005e74     0xc  putchar.o [3]
  .text               ro code  0x08005e80    0x10  startup_stm32f303xc.o [1]
  .text               ro code  0x08005e90     0xc  cstartup_M.o [5]
  .rodata             const    0x08005e9c     0x8  system_stm32f3xx.o [1]
  .text               ro code  0x08005ea4     0x4  startup_stm32f303xc.o [1]
  .text               ro code  0x08005ea8     0x4  startup_stm32f303xc.o [1]
  .text               ro code  0x08005eac     0x4  startup_stm32f303xc.o [1]
  .text               ro code  0x08005eb0     0x4  startup_stm32f303xc.o [1]
  .text               ro code  0x08005eb4     0x4  startup_stm32f303xc.o [1]
  .text               ro code  0x08005eb8     0x4  startup_stm32f303xc.o [1]
  .text               ro code  0x08005ebc     0x4  startup_stm32f303xc.o [1]
  .text               ro code  0x08005ec0     0x4  startup_stm32f303xc.o [1]
  .text               ro code  0x08005ec4     0x4  startup_stm32f303xc.o [1]
  .text               ro code  0x08005ec8     0x4  startup_stm32f303xc.o [1]
  .text               ro code  0x08005ecc     0x4  startup_stm32f303xc.o [1]
  .text               ro code  0x08005ed0     0x4  startup_stm32f303xc.o [1]
  .text               ro code  0x08005ed4     0x4  startup_stm32f303xc.o [1]
  .text               ro code  0x08005ed8     0x4  startup_stm32f303xc.o [1]
  .text               ro code  0x08005edc     0x4  startup_stm32f303xc.o [1]
  .text               ro code  0x08005ee0     0x4  startup_stm32f303xc.o [1]
  .text               ro code  0x08005ee4     0x4  startup_stm32f303xc.o [1]
  .text               ro code  0x08005ee8     0x4  startup_stm32f303xc.o [1]
  .text               ro code  0x08005eec     0x4  startup_stm32f303xc.o [1]
  .text               ro code  0x08005ef0     0x4  startup_stm32f303xc.o [1]
  .text               ro code  0x08005ef4     0x4  startup_stm32f303xc.o [1]
  .text               ro code  0x08005ef8     0x4  startup_stm32f303xc.o [1]
  .text               ro code  0x08005efc     0x4  startup_stm32f303xc.o [1]
  .text               ro code  0x08005f00     0x4  startup_stm32f303xc.o [1]
  .text               ro code  0x08005f04     0x4  startup_stm32f303xc.o [1]
  .text               ro code  0x08005f08     0x4  startup_stm32f303xc.o [1]
  .text               ro code  0x08005f0c     0x4  startup_stm32f303xc.o [1]
  .text               ro code  0x08005f10     0x4  startup_stm32f303xc.o [1]
  .text               ro code  0x08005f14     0x4  startup_stm32f303xc.o [1]
  .text               ro code  0x08005f18     0x4  startup_stm32f303xc.o [1]
  .text               ro code  0x08005f1c     0x4  startup_stm32f303xc.o [1]
  .text               ro code  0x08005f20     0x4  startup_stm32f303xc.o [1]
  .text               ro code  0x08005f24     0x4  startup_stm32f303xc.o [1]
  .text               ro code  0x08005f28     0x4  startup_stm32f303xc.o [1]
  .text               ro code  0x08005f2c     0x4  startup_stm32f303xc.o [1]
  .text               ro code  0x08005f30     0x4  startup_stm32f303xc.o [1]
  .text               ro code  0x08005f34     0x4  startup_stm32f303xc.o [1]
  .text               ro code  0x08005f38     0x4  startup_stm32f303xc.o [1]
  .text               ro code  0x08005f3c     0x4  startup_stm32f303xc.o [1]
  .text               ro code  0x08005f40     0x4  startup_stm32f303xc.o [1]
  .text               ro code  0x08005f44     0x4  startup_stm32f303xc.o [1]
  .text               ro code  0x08005f48     0x4  startup_stm32f303xc.o [1]
  .text               ro code  0x08005f4c     0x4  startup_stm32f303xc.o [1]
  .text               ro code  0x08005f50     0x4  startup_stm32f303xc.o [1]
  .text               ro code  0x08005f54     0x4  startup_stm32f303xc.o [1]
  .text               ro code  0x08005f58     0x4  startup_stm32f303xc.o [1]
  .text               ro code  0x08005f5c     0x4  startup_stm32f303xc.o [1]
  .text               ro code  0x08005f60     0x4  startup_stm32f303xc.o [1]
  .text               ro code  0x08005f64     0x4  startup_stm32f303xc.o [1]
  .text               ro code  0x08005f68     0x4  startup_stm32f303xc.o [1]
  .text               ro code  0x08005f6c     0x4  startup_stm32f303xc.o [1]
  .text               ro code  0x08005f70     0x4  startup_stm32f303xc.o [1]
  .text               ro code  0x08005f74     0x4  startup_stm32f303xc.o [1]
  .text               ro code  0x08005f78     0x4  startup_stm32f303xc.o [1]
  .text               ro code  0x08005f7c     0x4  startup_stm32f303xc.o [1]
  .text               ro code  0x08005f80     0x4  startup_stm32f303xc.o [1]
  .text               ro code  0x08005f84     0x4  startup_stm32f303xc.o [1]
  .text               ro code  0x08005f88     0x4  startup_stm32f303xc.o [1]
  .text               ro code  0x08005f8c     0x4  startup_stm32f303xc.o [1]
  .text               ro code  0x08005f90     0x4  startup_stm32f303xc.o [1]
  .text               ro code  0x08005f94     0x4  startup_stm32f303xc.o [1]
  .text               ro code  0x08005f98     0x4  startup_stm32f303xc.o [1]
  .text               ro code  0x08005f9c     0x4  startup_stm32f303xc.o [1]
  .text               ro code  0x08005fa0     0x4  startup_stm32f303xc.o [1]
  .text               ro code  0x08005fa4     0x4  startup_stm32f303xc.o [1]
  .text               ro code  0x08005fa8     0x4  startup_stm32f303xc.o [1]
  .text               ro code  0x08005fac     0x4  startup_stm32f303xc.o [1]
  .text               ro code  0x08005fb0     0x4  startup_stm32f303xc.o [1]
  .text               ro code  0x08005fb4     0x4  startup_stm32f303xc.o [1]
  .text               ro code  0x08005fb8     0x4  startup_stm32f303xc.o [1]
  .text               ro code  0x08005fbc     0x0  cstart_closeall.o [5]
  .rodata             const    0x08005fbc     0x0  zero_init3.o [5]
  .rodata             const    0x08005fbc     0x0  packbits_init_single.o [5]
  Initializer bytes   const    0x08005fbc    0xb9  <for P2-1>
                             - 0x08006075  0x5eed

"P2", part 1 of 3:                          0x5d8
  P2-1                         0x20000000   0x5d8  <Init block>
    .data             inited   0x20000000    0xb0  Kulor_Funktioner.o [1]
    .data             inited   0x200000b0    0x30  Kulor_Funktioner.o [1]
    .data             inited   0x200000e0   0x2fc  Kulor_Funktioner.o [1]
    .data             inited   0x200003dc     0xc  port.o [1]
    .data             inited   0x200003e8     0x4  system_stm32f3xx.o [1]
    .data             inited   0x200003ec    0x40  xfiles.o [3]
    .data             inited   0x2000042c    0x40  xfiles.o [3]
    .data             inited   0x2000046c    0x40  xfiles.o [3]
    .data             inited   0x200004ac    0x20  xfiles.o [3]
    .data             inited   0x200004cc     0x8  XShttio.o [3]
    __DLIB_PERTHREAD  inited   0x200004d4     0x4  strtok.o [3]
    __DLIB_PERTHREAD  inited   0x200004d8     0x4  errno.o [3]
    __DLIB_PERTHREAD  inited   0x200004dc    0x74  setlocale.o [3]
    __DLIB_PERTHREAD  inited   0x20000550    0x88  localeconv.o [3]
                             - 0x200005d8   0x5d8

"P2", part 2 of 3:                          0x600
  CSTACK                       0x200005d8   0x400  <Block>
    CSTACK            uninit   0x200005d8   0x400  <Block tail>
  HEAP                         0x200009d8   0x200  <Block>
    HEAP              uninit   0x200009d8   0x200  <Block tail>
                             - 0x20000bd8   0x600

"P2", part 3 of 3:                         0x14e8
  .bss                zero     0x20000bd8   0xc18  heap_4.o [1]
  .bss                zero     0x200017f0   0x578  Kulor_Funktioner.o [1]
  .bss                zero     0x20001d68    0xa0  tasks.o [1]
  .bss                zero     0x20001e08    0x8c  tasks.o [1]
  .bss                zero     0x20001e94    0x80  XShHandles.o [3]
  .bss                zero     0x20001f14    0x70  usart.o [1]
  .bss                zero     0x20001f84    0x50  xfiles.o [3]
  .bss                zero     0x20001fd4    0x50  xfiles.o [3]
  .bss                zero     0x20002024    0x40  stm32f3xx_hal_timebase_TIM.o [1]
  .bss                zero     0x20002064    0x24  crc.o [1]
  .bss                zero     0x20002088    0x20  rtc.o [1]
  .bss                zero     0x200020a8     0x8  xxmemxmalloc.o [3]
  .bss                zero     0x200020b0     0x4  freertos.o [1]
  .bss                zero     0x200020b4     0x4  stm32f3xx_hal.o [1]
  .bss                zero     0x200020b8     0x4  xgetmemchunk.o [3]
  .bss                zero     0x200020bc     0x1  Kulor_Funktioner.o [1]
                             - 0x200020bd  0x14e5


*******************************************************************************
*** INIT TABLE
***

          Address     Size
          -------     ----
Zero (__iar_zero_init3)
    1 destination range, total size 0x14e5:
          0x20000bd8  0x14e5

Copy/packbits (__iar_packbits_init_single3)
    1 source range, total size 0xb9 (12% of destination):
          0x08005fbc    0xb9
    1 destination range, total size 0x5d8:
          0x20000000   0x5d8



*******************************************************************************
*** MODULE SUMMARY
***

    Module                        ro code  ro data  rw data
    ------                        -------  -------  -------
C:\Users\jonas\OneDrive\KTH\åk3\Inbygda system\lab 1\filer\KULOR_V3\EWARM\KULOR_V3\Obj: [1]
    Kulor_Funktioner.o              1 928      122    2 389
    cmsis_os.o                        102
    crc.o                              96                36
    freertos.o                        176       36        4
    gpio.o                            370
    heap_4.o                          424             3 096
    list.o                            142
    main.o                            208
    port.o                            416        1       12
    portasm.o                         168
    rtc.o                             156                32
    startup_stm32f303xc.o             688
    stm32f3xx_hal.o                    64                 4
    stm32f3xx_hal_cortex.o            216
    stm32f3xx_hal_crc.o               362
    stm32f3xx_hal_crc_ex.o             68
    stm32f3xx_hal_gpio.o              420
    stm32f3xx_hal_msp.o               120
    stm32f3xx_hal_rcc.o             1 244
    stm32f3xx_hal_rcc_ex.o            440
    stm32f3xx_hal_rtc.o               838
    stm32f3xx_hal_rtc_ex.o             12
    stm32f3xx_hal_tim.o             1 814
    stm32f3xx_hal_tim_ex.o             88
    stm32f3xx_hal_timebase_TIM.o      120                64
    stm32f3xx_hal_uart.o            1 244
    stm32f3xx_it.o                     24
    system_stm32f3xx.o                124        9        4
    tasks.o                         1 360               300
    tim.o                             280
    usart.o                           136               112
    -------------------------------------------------------
    Total:                         13 848      168    6 053

command line: [2]
    -------------------------------------------------------
    Total:

dl7M_tlf.a: [3]
    XShHandles.o                      204               128
    XShttio.o                           8        1        8
    div.o                              14
    errno.o                            12                 4
    exit.o                              4
    fclose.o                          122
    fflush.o                          176
    fputc.o                            86
    fseek.o                            34
    isxxx.o                            20
    localeconv.o                      108       17      136
    low_level_init.o                    4
    printf.o                           36
    putchar.o                          12
    setlocale.o                        36       15      116
    strcspn.o                          36
    strspn.o                           36
    strtok.o                           76        1        4
    tolower.o                          20
    xcloseall.o                        88
    xencoding_sb.o                     96
    xfgpos.o                           12
    xfiles.o                                    27      384
    xfofind.o                         128
    xfspos.o                          214
    xfwprep.o                         184
    xgetmemchunk.o                     44                 4
    xlocale_c.o                        32
    xmbcurmax.o                        10
    xmbtowc.o                          32
    xprintffull.o                   4 506
    xprout.o                           22
    xstoul.o                          408
    xsyslock_nop.o                      4
    xtls.o                              2
    xwctomb.o                          26
    xxmemxfree.o                      128
    xxmemxmalloc.o                    176                 8
    -------------------------------------------------------
    Total:                          7 156       61      792

m7M_tls.a: [4]
    DblAdd.o                          212
    DblCmpGe.o                         46
    DblCmpLe.o                         46
    DblDiv.o                          598
    DblMul.o                          418
    DblSub.o                          384
    DblToI32.o                         88
    I32ToDbl.o                         48
    fpinit_M.o                         34
    xdnorm.o                           68
    xdscale.o                         276
    -------------------------------------------------------
    Total:                          2 218

rt7M_tl.a: [5]
    ABImemcpy_unaligned.o             118
    ABImemset48.o                      58
    I64DivMod.o                       238
    I64DivZer.o                         2
    cexit.o                            14
    cmain.o                            26
    cstart_closeall.o
    cstartup_M.o                       12
    data_init.o                        40
    memchr.o                           88
    packbits_init_single.o             56
    strchr.o                           22
    strlen.o                           54
    zero_init3.o                       64
    -------------------------------------------------------
    Total:                            792

shb_l.a: [6]
    close.o                            26
    dwrite.o                           30
    exit.o                             20
    iarttio.o                         108
    iarwrite.o                         34
    iarwstd.o                          32
    lseek.o                            76
    remove.o                           22
    write.o                            16
    -------------------------------------------------------
    Total:                            364

    Gaps                               52        2
    Linker created                              32    1 536
-----------------------------------------------------------
    Grand Total:                   24 430      263    8 381


*******************************************************************************
*** ENTRY LIST
***

Entry                      Address   Size  Type      Object
-----                      -------   ----  ----      ------
.iar.init_table$$Base   0x08005ddc          --   Gb  - Linker created -
.iar.init_table$$Limit  0x08005dfc          --   Gb  - Linker created -
?main                   0x08005dfd         Code  Gb  cmain.o [5]
AHBPrescTable           0x08005b88   0x10  Data  Gb  system_stm32f3xx.o [1]
APBPrescTable           0x08005e9c    0x8  Data  Gb  system_stm32f3xx.o [1]
BitCount                0x2000001a    0x2  Data  Gb  Kulor_Funktioner.o [1]
BitValue                0x200000cc   0x14  Data  Gb  Kulor_Funktioner.o [1]
CRC_Handle_16           0x08003cd9   0x2e  Code  Lc  stm32f3xx_hal_crc.o [1]
CRC_Handle_8            0x08003c71   0x68  Code  Lc  stm32f3xx_hal_crc.o [1]
CSTACK$$Base            0x200005d8          --   Gb  - Linker created -
CSTACK$$Limit           0x200009d8          --   Gb  - Linker created -
CalculatePulsWithd      0x08002617   0x24  Code  Gb  Kulor_Funktioner.o [1]
CalculateTempraturePacket
                        0x0800263b   0xf4  Code  Gb  Kulor_Funktioner.o [1]
CalculateTempraturePacket::packet
                        0x2000033c   0xa0  Data  Lc  Kulor_Funktioner.o [1]
CalculateTempraturePacket::temp
                        0x200000e4  0x258  Data  Lc  Kulor_Funktioner.o [1]
CrcCode                 0x200000e0    0x1  Data  Gb  Kulor_Funktioner.o [1]
DisplayTask             0x08004693   0x18  Code  Gb  freertos.o [1]
Error_Handler           0x08002da3    0x2  Code  Gb  main.o [1]
HAL_CRCEx_Polynomial_Set
                        0x08004a7d   0x44  Code  Gb  stm32f3xx_hal_crc_ex.o [1]
HAL_CRC_Calculate       0x08003c15   0x5c  Code  Gb  stm32f3xx_hal_crc.o [1]
HAL_CRC_Init            0x08003b9d   0x72  Code  Gb  stm32f3xx_hal_crc.o [1]
HAL_CRC_MspInit         0x0800445b   0x22  Code  Gb  crc.o [1]
HAL_GPIO_Init           0x080039a1  0x16c  Code  Gb  stm32f3xx_hal_gpio.o [1]
HAL_GPIO_TogglePin      0x08003b21    0x8  Code  Gb  stm32f3xx_hal_gpio.o [1]
HAL_GPIO_WritePin       0x08003b17    0xa  Code  Gb  stm32f3xx_hal_gpio.o [1]
HAL_GetTick             0x08003b45    0xc  Code  Wk  stm32f3xx_hal.o [1]
HAL_IncTick             0x080049e5   0x10  Code  Wk  stm32f3xx_hal.o [1]
HAL_Init                0x08004291   0x20  Code  Gb  stm32f3xx_hal.o [1]
HAL_InitTick            0x08004ac1   0x6a  Code  Gb  stm32f3xx_hal_timebase_TIM.o [1]
HAL_MspInit             0x08004b39   0x78  Code  Gb  stm32f3xx_hal_msp.o [1]
HAL_NVIC_EnableIRQ      0x0800497b    0xc  Code  Gb  stm32f3xx_hal_cortex.o [1]
HAL_NVIC_SetPriority    0x08004941   0x3a  Code  Gb  stm32f3xx_hal_cortex.o [1]
HAL_NVIC_SetPriorityGrouping
                        0x08004927   0x1a  Code  Gb  stm32f3xx_hal_cortex.o [1]
HAL_RCCEx_PeriphCLKConfig
                        0x08004755  0x1aa  Code  Gb  stm32f3xx_hal_rcc_ex.o [1]
HAL_RCC_ClockConfig     0x08004087  0x112  Code  Gb  stm32f3xx_hal_rcc.o [1]
HAL_RCC_GetClockConfig  0x08004211   0x34  Code  Gb  stm32f3xx_hal_rcc.o [1]
HAL_RCC_GetHCLKFreq     0x080041e7    0x6  Code  Gb  stm32f3xx_hal_rcc.o [1]
HAL_RCC_GetPCLK1Freq    0x080041ed   0x10  Code  Gb  stm32f3xx_hal_rcc.o [1]
HAL_RCC_GetPCLK2Freq    0x080041fd    0xe  Code  Gb  stm32f3xx_hal_rcc.o [1]
HAL_RCC_GetSysClockFreq
                        0x080041ad   0x3a  Code  Gb  stm32f3xx_hal_rcc.o [1]
HAL_RCC_OscConfig       0x08003db5  0x2c0  Code  Gb  stm32f3xx_hal_rcc.o [1]
HAL_RTCEx_BKUPWrite     0x080030ed    0xc  Code  Gb  stm32f3xx_hal_rtc_ex.o [1]
HAL_RTC_GetDate         0x08002fd3   0x3c  Code  Gb  stm32f3xx_hal_rtc.o [1]
HAL_RTC_GetTime         0x08002ed3   0x44  Code  Gb  stm32f3xx_hal_rtc.o [1]
HAL_RTC_Init            0x08002da5   0x7e  Code  Gb  stm32f3xx_hal_rtc.o [1]
HAL_RTC_MspInit         0x08004507   0x10  Code  Gb  rtc.o [1]
HAL_RTC_SetDate         0x08002f1d   0x88  Code  Gb  stm32f3xx_hal_rtc.o [1]
HAL_RTC_SetTime         0x08002e37   0x94  Code  Gb  stm32f3xx_hal_rtc.o [1]
HAL_RTC_WaitForSynchro  0x08003061   0x30  Code  Gb  stm32f3xx_hal_rtc.o [1]
HAL_SYSTICK_CLKSourceConfig
                        0x080049b7   0x14  Code  Gb  stm32f3xx_hal_cortex.o [1]
HAL_SYSTICK_Config      0x0800498f   0x28  Code  Gb  stm32f3xx_hal_cortex.o [1]
HAL_TIMEx_BreakCallback
                        0x080049f9    0x2  Code  Wk  stm32f3xx_hal_tim_ex.o [1]
HAL_TIMEx_CommutationCallback
                        0x080049fd    0x2  Code  Wk  stm32f3xx_hal_tim_ex.o [1]
HAL_TIMEx_MasterConfigSynchronization
                        0x08004bb1   0x4c  Code  Gb  stm32f3xx_hal_tim_ex.o [1]
HAL_TIM_Base_Init       0x080030f9   0x1a  Code  Gb  stm32f3xx_hal_tim.o [1]
HAL_TIM_Base_MspInit    0x080045db   0x54  Code  Gb  tim.o [1]
HAL_TIM_Base_Start_IT   0x08003113   0x16  Code  Gb  stm32f3xx_hal_tim.o [1]
HAL_TIM_ConfigClockSource
                        0x0800348d   0xb4  Code  Gb  stm32f3xx_hal_tim.o [1]
HAL_TIM_IC_CaptureCallback
                        0x0800259d   0x7a  Code  Gb  Kulor_Funktioner.o [1]
HAL_TIM_IC_ConfigChannel
                        0x08003373  0x11a  Code  Gb  stm32f3xx_hal_tim.o [1]
HAL_TIM_IC_Init         0x08003197   0x1a  Code  Gb  stm32f3xx_hal_tim.o [1]
HAL_TIM_IC_MspInit      0x080049f5    0x2  Code  Wk  stm32f3xx_hal_tim.o [1]
HAL_TIM_IC_Start_IT     0x080031b1   0x44  Code  Gb  stm32f3xx_hal_tim.o [1]
HAL_TIM_IC_Stop_IT      0x080031f5   0x16  Code  Gb  stm32f3xx_hal_tim.o [1]
HAL_TIM_IRQHandler      0x0800322b  0x142  Code  Gb  stm32f3xx_hal_tim.o [1]
HAL_TIM_OC_DelayElapsedCallback
                        0x080049f7    0x2  Code  Wk  stm32f3xx_hal_tim.o [1]
HAL_TIM_PWM_PulseFinishedCallback
                        0x080049ff    0x2  Code  Wk  stm32f3xx_hal_tim.o [1]
HAL_TIM_PeriodElapsedCallback
                        0x08002d95    0xe  Code  Gb  main.o [1]
HAL_TIM_ReadCapturedValue
                        0x0800359b   0x42  Code  Gb  stm32f3xx_hal_tim.o [1]
HAL_TIM_SlaveConfigSynchronization
                        0x08003553   0x1a  Code  Gb  stm32f3xx_hal_tim.o [1]
HAL_TIM_TriggerCallback
                        0x080049fb    0x2  Code  Wk  stm32f3xx_hal_tim.o [1]
HAL_UART_Init           0x080027f9   0x30  Code  Gb  stm32f3xx_hal_uart.o [1]
HAL_UART_MspInit        0x08003d61   0x44  Code  Gb  usart.o [1]
HAL_UART_Receive_IT     0x08002919   0x6c  Code  Gb  stm32f3xx_hal_uart.o [1]
HAL_UART_Transmit       0x08002877   0x9c  Code  Gb  stm32f3xx_hal_uart.o [1]
HEAP$$Base              0x200009d8          --   Gb  - Linker created -
HEAP$$Limit             0x20000bd8          --   Gb  - Linker created -
HumidityValue           0x200000b4    0x4  Data  Gb  Kulor_Funktioner.o [1]
LoadInt                 0x080007ff   0x6e  Code  Lc  xprintffull.o [3]
MX_CRC_Init             0x08004429   0x32  Code  Gb  crc.o [1]
MX_FREERTOS_Init        0x0800463d   0x48  Code  Gb  freertos.o [1]
MX_GPIO_Init            0x080042b5  0x12c  Code  Gb  gpio.o [1]
MX_RTC_Init             0x08004489   0x7e  Code  Gb  rtc.o [1]
MX_TIM1_Init            0x08004525   0xb6  Code  Gb  tim.o [1]
MX_USART3_UART_Init     0x08003d2d   0x34  Code  Gb  usart.o [1]
NVIC_SetPriority        0x0800490d   0x1a  Code  Lc  stm32f3xx_hal_cortex.o [1]
NewLine                 0x20000098    0x4  Data  Gb  Kulor_Funktioner.o [1]
PendSV_Handler          0x08005585         Code  Gb  portasm.o [1]
PreambleCount           0x20000018    0x1  Data  Gb  Kulor_Funktioner.o [1]
RTC_Bcd2ToByte          0x080030db   0x10  Code  Gb  stm32f3xx_hal_rtc.o [1]
RTC_ByteToBcd2          0x080030c5   0x16  Code  Gb  stm32f3xx_hal_rtc.o [1]
RTC_CalendarConfig      0x080020a5   0xc6  Code  Gb  Kulor_Funktioner.o [1]
RTC_EnterInitMode       0x08003091   0x34  Code  Gb  stm32f3xx_hal_rtc.o [1]
ReciveFromUser_clk      0x08002081   0x24  Code  Gb  Kulor_Funktioner.o [1]
RecivedPacket           0x200017f0  0x578  Data  Gb  Kulor_Funktioner.o [1]
Region$$Table$$Base     0x08005ddc          --   Gb  - Linker created -
Region$$Table$$Limit    0x08005dfc          --   Gb  - Linker created -
RtcHandle               0x2000001c   0x20  Data  Gb  Kulor_Funktioner.o [1]
SVC_Handler             0x080055dd         Code  Gb  portasm.o [1]
SendToSerial            0x08002071   0x10  Code  Gb  Kulor_Funktioner.o [1]
SetDate                 0x2000003c    0xc  Data  Gb  Kulor_Funktioner.o [1]
SetTime                 0x20000048    0x8  Data  Gb  Kulor_Funktioner.o [1]
ShowNumberOnDispaly     0x08002179  0x16a  Code  Gb  Kulor_Funktioner.o [1]
StartDefaultTask        0x08004689    0xa  Code  Gb  freertos.o [1]
SysTick_Handler         0x08005e45    0x4  Code  Gb  stm32f3xx_it.o [1]
SystemClock_Config      0x08002cfd   0x92  Code  Gb  main.o [1]
SystemCoreClock         0x200003e8    0x4  Data  Gb  system_stm32f3xx.o [1]
SystemInit              0x08005b1d   0x52  Code  Gb  system_stm32f3xx.o [1]
TIM1_CC_IRQHandler      0x08005e49    0x6  Code  Gb  stm32f3xx_it.o [1]
TIM2_IRQHandler         0x08005e4f    0x6  Code  Gb  stm32f3xx_it.o [1]
TIM_Base_SetConfig      0x080035dd   0x90  Code  Gb  stm32f3xx_hal_tim.o [1]
TIM_CCxChannelCmd       0x080037ef   0x18  Code  Gb  stm32f3xx_hal_tim.o [1]
TIM_ETR_SetConfig       0x080037db   0x14  Code  Gb  stm32f3xx_hal_tim.o [1]
TIM_ITRx_SetConfig      0x080037cb   0x10  Code  Lc  stm32f3xx_hal_tim.o [1]
TIM_SlaveTimer_SetConfig
                        0x08003671   0x5a  Code  Lc  stm32f3xx_hal_tim.o [1]
TIM_TI1_ConfigInputStage
                        0x08003751   0x22  Code  Lc  stm32f3xx_hal_tim.o [1]
TIM_TI1_SetConfig       0x080036cb   0x5a  Code  Gb  stm32f3xx_hal_tim.o [1]
TIM_TI2_ConfigInputStage
                        0x080037a7   0x24  Code  Lc  stm32f3xx_hal_tim.o [1]
TIM_TI2_SetConfig       0x08003773   0x34  Code  Lc  stm32f3xx_hal_tim.o [1]
Temprature              0x200000b8    0xc  Data  Gb  Kulor_Funktioner.o [1]
TempratureValue         0x200000b0    0x4  Data  Gb  Kulor_Funktioner.o [1]
UART_AdvFeatureConfig   0x08002b55   0xc6  Code  Gb  stm32f3xx_hal_uart.o [1]
UART_CheckIdleState     0x08002c1b   0x56  Code  Gb  stm32f3xx_hal_uart.o [1]
UART_SetConfig          0x0800298d  0x1ac  Code  Gb  stm32f3xx_hal_uart.o [1]
UART_WaitOnFlagUntilTimeout
                        0x08002c71   0x58  Code  Gb  stm32f3xx_hal_uart.o [1]
UartReady               0x200020bc    0x1  Data  Gb  Kulor_Funktioner.o [1]
UartTask                0x080046ab    0x4  Code  Gb  freertos.o [1]
UppDateDisplay          0x0800231f  0x146  Code  Gb  Kulor_Funktioner.o [1]
UppDateDisplay::last_second
                        0x20000054    0x4  Data  Lc  Kulor_Funktioner.o [1]
_Close_all              0x08005c45   0x58  Code  Gb  xcloseall.o [3]
_EncodingSb_Mbtowc      0x08001f23   0x30  Code  Gb  xencoding_sb.o [3]
_EncodingSb_Mbtowc::initial
                        0x08001f60    0x8  Data  Lc  xencoding_sb.o [3]
_EncodingSb_Wctomb      0x08001f09   0x1a  Code  Gb  xencoding_sb.o [3]
_EncodingSb_Wctomb::initial
                        0x08001f58    0x8  Data  Lc  xencoding_sb.o [3]
_Files                  0x200004ac   0x20  Data  Gb  xfiles.o [3]
_Fofree                 0x08005a9d   0x78  Code  Gb  xfofind.o [3]
_Fspos                  0x0800562d   0xd6  Code  Gb  xfspos.o [3]
_Fwprep                 0x080059c1   0xb8  Code  Gb  xfwprep.o [3]
_GenldFull              0x08001085  0x254  Code  Lc  xprintffull.o [3]
_IsdstStr               0x200004e0    0x4  Data  Gb  setlocale.o [3]
_LdtobFull              0x08000c85  0x3fa  Code  Lc  xprintffull.o [3]
_LitobFull              0x08000b79  0x10a  Code  Lc  xprintffull.o [3]
_LocaleC_isspace        0x080052f5   0x14  Code  Gb  xlocale_c.o [3]
_LocaleC_tolower        0x08005309    0xc  Code  Gb  xlocale_c.o [3]
_LocaleEncoding         0x08001ef7    0xe  Code  Gb  setlocale.o [3]
_LocaleForCat           0x08001ee5   0x12  Code  Gb  setlocale.o [3]
_LocaleReturnString     0x20000500   0x50  Data  Lc  setlocale.o [3]
_Locale_Profile         0x200004e4   0x1c  Data  Gb  setlocale.o [3]
_Locale_aeabi_lconv     0x200005a0   0x38  Data  Gb  localeconv.o [3]
_Locale_lconv           0x20000550   0x50  Data  Gb  localeconv.o [3]
_Mbtowc                 0x08001323   0x20  Code  Gb  xmbtowc.o [3]
_Nnl                    0x080057b5    0xc  Code  Gb  xfgpos.o [3]
_PrintfFull             0x08000189  0x660  Code  Gb  xprintffull.o [3]
_Prout                  0x08005e5d   0x16  Code  Gb  xprout.o [3]
_PutcharsFull           0x080012d9   0x2e  Code  Lc  xprintffull.o [3]
_PutstrFull             0x0800086d  0x306  Code  Lc  xprintffull.o [3]
_Strtok_ssave           0x200004d4    0x4  Data  Lc  strtok.o [3]
_TzoneStr               0x200004dc    0x4  Data  Gb  setlocale.o [3]
_Wctomb                 0x080014a9   0x1a  Code  Gb  xwctomb.o [3]
__aeabi_cdcmple         0x080016f1         Code  Gb  DblCmpLe.o [4]
__aeabi_cdrcmple        0x08001721         Code  Gb  DblCmpGe.o [4]
__aeabi_d2iz            0x08001865         Code  Gb  DblToI32.o [4]
__aeabi_d2uiz           0x08001891         Code  Gb  DblToI32.o [4]
__aeabi_ddiv            0x08001c11         Code  Gb  DblDiv.o [4]
__aeabi_dmul            0x08001a6d         Code  Gb  DblMul.o [4]
__aeabi_dsub            0x080018ed         Code  Gb  DblSub.o [4]
__aeabi_errno_addr      0x08004a29    0x6  Code  Gb  errno.o [3]
__aeabi_i2d             0x080018bd         Code  Gb  I32ToDbl.o [4]
__aeabi_ldiv0           0x08001f95         Code  Gb  I64DivZer.o [5]
__aeabi_memset4         0x080054bd         Code  Gb  ABImemset48.o [5]
__aeabi_memset8         0x080054bd         Code  Gb  ABImemset48.o [5]
__aeabi_ui2d            0x080018d1         Code  Gb  I32ToDbl.o [4]
__aeabi_uldivmod        0x080015bd         Code  Gb  I64DivMod.o [5]
__cexit_closeall        0x08005e23         Code  Gb  cexit.o [5]
__close                 0x08005c13   0x1a  Code  Gb  close.o [6]
__cmain                 0x08005dfd         Code  Gb  cmain.o [5]
__cstart_closeall       0x08005fbc         Data  Gb  cstart_closeall.o [5]
__data_Aldata           0x200020a8    0x8  Data  Gb  xxmemxmalloc.o [3]
__data_GetMemChunk      0x08001f69   0x2c  Code  Gb  xgetmemchunk.o [3]
__data_GetMemChunk::start
                        0x200020b8    0x4  Data  Lc  xgetmemchunk.o [3]
__dwrite                0x080058ed   0x1e  Code  Gb  dwrite.o [6]
__exit                  0x08005e31   0x14  Code  Gb  exit.o [6]
__iar_Dnorm             0x080016ab   0x44  Code  Gb  xdnorm.o [4]
__iar_Dscale            0x08001751  0x114  Code  Gb  xdscale.o [4]
__iar_Errno             0x200004d8    0x4  Data  Gb  errno.o [3]
__iar_Locale_lconv_init
                        0x08001e69   0x3a  Code  Gb  localeconv.o [3]
__iar_Lockfilelock      0x0800580d    0x2  Code  Gb  xsyslock_nop.o [3]
__iar_Mbcurmax          0x080013ed    0xa  Code  Gb  xmbcurmax.o [3]
__iar_Memchr            0x08001395         Code  Gb  memchr.o [5]
__iar_Memset4_word      0x080054c5         Code  Gb  ABImemset48.o [5]
__iar_Memset8_word      0x080054c5         Code  Gb  ABImemset48.o [5]
__iar_Stderr            0x2000046c   0x40  Data  Gb  xfiles.o [3]
__iar_Stdin             0x200003ec   0x40  Data  Gb  xfiles.o [3]
__iar_Stdout            0x2000042c   0x40  Data  Gb  xfiles.o [3]
__iar_Stoul             0x0800394d    0x4  Code  Gb  xstoul.o [3]
__iar_Stoulx            0x08003809  0x13e  Code  Gb  xstoul.o [3]
__iar_Strchr            0x08001345         Code  Gb  strchr.o [5]
__iar_Unlockfilelock    0x0800580f    0x2  Code  Gb  xsyslock_nop.o [3]
__iar_close_ttio        0x0800594d   0x2e  Code  Gb  iarttio.o [6]
__iar_d2uiz             0x0800189d         Code  Gb  DblToI32.o [4]
__iar_dadd              0x08001f99         Code  Gb  DblAdd.o [4]
__iar_data_init3        0x08005d6d   0x28  Code  Gb  data_init.o [5]
__iar_dlib_perthread_access
                        0x0800206d    0x2  Code  Gb  xtls.o [3]
__iar_dsub              0x08001901         Code  Gb  DblSub.o [4]
__iar_dsubStart         0x08001913         Code  Gb  DblSub.o [4]
__iar_get_ttio          0x0800597d   0x38  Code  Gb  iarttio.o [6]
__iar_init_vfp          0x08005db9         Code  Gb  fpinit_M.o [4]
__iar_lookup_ttioh      0x080059b9    0x8  Code  Gb  XShttio.o [3]
__iar_packbits_init_single3
                        0x08005d33   0x38  Code  Gb  packbits_init_single.o [5]
__iar_program_start     0x08005e91         Code  Gb  cstartup_M.o [5]
__iar_sh_Discard        0x08005821   0x3e  Code  Gb  XShHandles.o [3]
__iar_sh_Move           0x08005865   0x46  Code  Gb  XShHandles.o [3]
__iar_sh_Pos            0x080058ab   0x3e  Code  Gb  XShHandles.o [3]
__iar_sh_stdout         0x0800590b   0x20  Code  Gb  iarwstd.o [6]
__iar_sh_write          0x0800592b   0x22  Code  Gb  iarwrite.o [6]
__iar_ttio_handles      0x200004cc    0x8  Data  Lc  XShttio.o [3]
__iar_ui2d              0x080018d5         Code  Gb  I32ToDbl.o [4]
__iar_unaligned___aeabi_memcpy
                        0x080014c5         Code  Gb  ABImemcpy_unaligned.o [5]
__iar_unaligned___aeabi_memcpy4
                        0x080014e5         Code  Gb  ABImemcpy_unaligned.o [5]
__iar_unaligned___aeabi_memcpy8
                        0x080014e5         Code  Gb  ABImemcpy_unaligned.o [5]
__iar_zero_init3        0x08005cf3   0x40  Code  Gb  zero_init3.o [5]
__low_level_init        0x08005e17    0x4  Code  Gb  low_level_init.o [3]
__lseek                 0x080057c1   0x4c  Code  Gb  lseek.o [6]
__vector_table          0x08000000         Data  Gb  startup_stm32f303xc.o [1]
__write                 0x08005811   0x10  Code  Gb  write.o [6]
_call_main              0x08005e09         Code  Gb  cmain.o [5]
_exit                   0x08005e21         Code  Gb  cexit.o [5]
_main                   0x08005e13         Code  Gb  cmain.o [5]
aPLLMULFactorTable      0x08004270   0x10  Data  Gb  stm32f3xx_hal_rcc.o [1]
aPredivFactorTable      0x08004280   0x10  Data  Gb  stm32f3xx_hal_rcc.o [1]
defaultTaskHandle       0x200020b0    0x4  Data  Gb  freertos.o [1]
digits                  0x08003950   0x28  Data  Lc  xstoul.o [3]
div                     0x08001ed5    0xe  Code  Gb  div.o [3]
ebuf                    0x20001f84   0x50  Data  Lc  xfiles.o [3]
exit                    0x08005e1b    0x4  Code  Gb  exit.o [3]
fclose                  0x08005b99   0x7a  Code  Gb  fclose.o [3]
fflush                  0x0800577b   0x34  Code  Gb  fflush.o [3]
fflushOne               0x08005705   0x76  Code  Lc  fflush.o [3]
fputc                   0x08005c9d   0x56  Code  Gb  fputc.o [3]
free                    0x0800153d   0x7a  Code  Gb  xxmemxfree.o [3]
fseek                   0x08005a79   0x22  Code  Gb  fseek.o [3]
getHumidity             0x080024bb   0x2e  Code  Gb  Kulor_Funktioner.o [1]
getTempratue            0x0800247b   0x40  Code  Gb  Kulor_Funktioner.o [1]
hcrc                    0x20002064   0x24  Data  Gb  crc.o [1]
hrtc                    0x20002088   0x20  Data  Gb  rtc.o [1]
htim1                   0x20000058   0x40  Data  Gb  Kulor_Funktioner.o [1]
htim2                   0x20002024   0x40  Data  Gb  stm32f3xx_hal_timebase_TIM.o [1]
huart3                  0x20001f14   0x70  Data  Gb  usart.o [1]
humidity                0x200000c4    0x8  Data  Gb  Kulor_Funktioner.o [1]
isspace                 0x08004a01   0x14  Code  Gb  isxxx.o [3]
localeconv              0x08001ea3   0x16  Code  Gb  localeconv.o [3]
main                    0x08002cd5   0x28  Code  Gb  main.o [1]
makeFreeRtosPriority    0x080046ed    0xc  Code  Lc  cmsis_os.o [1]
malloc                  0x080013f9   0xac  Code  Gb  xxmemxmalloc.o [3]
memchr                  0x08001395         Code  Gb  memchr.o [5]
ndigs                   0x08003978   0x28  Data  Lc  xstoul.o [3]
obuf                    0x20001fd4   0x50  Data  Lc  xfiles.o [3]
osDelay                 0x08004731    0xe  Code  Gb  cmsis_os.o [1]
osKernelStart           0x080046f9    0xa  Code  Gb  cmsis_os.o [1]
osSystickHandler        0x0800473f   0x14  Code  Gb  cmsis_os.o [1]
osThreadCreate          0x08004703   0x2e  Code  Gb  cmsis_os.o [1]
printf                  0x08003d09   0x24  Code  Gb  printf.o [3]
prvAddCurrentTaskToDelayedList
                        0x080050d9   0x68  Code  Lc  tasks.o [1]
prvAddNewTaskToReadyList
                        0x08004ce3   0xa4  Code  Lc  tasks.o [1]
prvDeleteTCB            0x08005055   0x14  Code  Lc  tasks.o [1]
prvIdleTask             0x08004ff1   0x50  Code  Lc  tasks.o [1]
prvInitialiseNewTask    0x08004c5d   0x86  Code  Lc  tasks.o [1]
prvInsertBlockIntoFreeList
                        0x08005471   0x46  Code  Lc  heap_4.o [1]
prvResetNextTaskUnblockTime
                        0x08005069   0x1a  Code  Lc  tasks.o [1]
prvTaskExitError        0x0800517d   0x28  Code  Lc  port.o [1]
putchar                 0x08005e75    0xc  Code  Gb  putchar.o [3]
pvPortMalloc            0x08005315   0xf8  Code  Gb  heap_4.o [1]
pxCurrentTCB            0x20001d90    0x4  Data  Gb  tasks.o [1]
pxDelayedTaskList       0x20001d94    0x4  Data  Lc  tasks.o [1]
pxEnd                   0x20000be0    0x4  Data  Lc  heap_4.o [1]
pxOverflowDelayedTaskList
                        0x20001d98    0x4  Data  Lc  tasks.o [1]
pxPortInitialiseStack   0x08005155   0x26  Code  Gb  port.o [1]
pxReadyTasksLists       0x20001e08   0x8c  Data  Lc  tasks.o [1]
remove                  0x08005c2d   0x16  Code  Gb  remove.o [6]
sFileInfo               0x20001e94   0x80  Data  Lc  XShHandles.o [3]
sdatestructure          0x20000000    0x4  Data  Gb  Kulor_Funktioner.o [1]
set_clock_serial        0x080024e9   0xb4  Code  Gb  Kulor_Funktioner.o [1]
stimestructure          0x20000004   0x14  Data  Gb  Kulor_Funktioner.o [1]
strchr                  0x08001345         Code  Gb  strchr.o [5]
strcspn                 0x08004a59   0x24  Code  Gb  strcspn.o [3]
strlen                  0x0800135d         Code  Gb  strlen.o [5]
strspn                  0x08004a35   0x24  Code  Gb  strspn.o [3]
strtok                  0x08003b51   0x4c  Code  Gb  strtok.o [3]
tempInputDate           0x2000009c    0xc  Data  Gb  Kulor_Funktioner.o [1]
tempInputTime           0x200000a8    0x8  Data  Gb  Kulor_Funktioner.o [1]
tolower                 0x08004a15   0x14  Code  Gb  tolower.o [3]
ucHeap                  0x20000bf0  0xc00  Data  Lc  heap_4.o [1]
ucMaxSysCallPriority    0x200003dc    0x1  Data  Lc  port.o [1]
ulMaxPRIGROUPValue      0x200003e4    0x4  Data  Lc  port.o [1]
uwIC2Value1             0x20000050    0x4  Data  Gb  Kulor_Funktioner.o [1]
uwTick                  0x200020b4    0x4  Data  Gb  stm32f3xx_hal.o [1]
uxCriticalNesting       0x200003e0    0x4  Data  Lc  port.o [1]
uxCurrentNumberOfTasks  0x20001db4    0x4  Data  Lc  tasks.o [1]
uxDeletedTasksWaitingCleanUp
                        0x20001d9c    0x4  Data  Lc  tasks.o [1]
uxListRemove            0x08005561   0x24  Code  Gb  list.o [1]
uxPendedTicks           0x20001dc4    0x4  Data  Lc  tasks.o [1]
uxSchedulerSuspended    0x20001dd8    0x4  Data  Lc  tasks.o [1]
uxTaskNumber            0x20001dd0    0x4  Data  Lc  tasks.o [1]
uxTopReadyPriority      0x20001dbc    0x4  Data  Lc  tasks.o [1]
vListInitialise         0x080054f7   0x1a  Code  Gb  list.o [1]
vListInitialiseItem     0x08005511    0x6  Code  Gb  list.o [1]
vListInsert             0x0800552f   0x32  Code  Gb  list.o [1]
vListInsertEnd          0x08005517   0x18  Code  Gb  list.o [1]
vPortEnableVFP          0x08005611         Code  Gb  portasm.o [1]
vPortEnterCritical      0x0800523d   0x32  Code  Gb  port.o [1]
vPortExitCritical       0x0800526f   0x24  Code  Gb  port.o [1]
vPortFree               0x0800541f   0x44  Code  Gb  heap_4.o [1]
vPortSetupTimerInterrupt
                        0x080052d5   0x20  Code  Wk  port.o [1]
vPortStartFirstTask     0x080055f9         Code  Gb  portasm.o [1]
vTaskDelay              0x08004d8f   0x28  Code  Gb  tasks.o [1]
vTaskStartScheduler     0x08004dc1   0x56  Code  Gb  tasks.o [1]
vTaskSuspendAll         0x08004e17    0xc  Code  Gb  tasks.o [1]
vTaskSwitchContext      0x08004f89   0x52  Code  Gb  tasks.o [1]
xBlockAllocatedBit      0x20000bec    0x4  Data  Lc  heap_4.o [1]
xDelayedTaskList1       0x20001ddc   0x14  Data  Lc  tasks.o [1]
xDelayedTaskList2       0x20001df0   0x14  Data  Lc  tasks.o [1]
xFreeBytesRemaining     0x20000be4    0x4  Data  Lc  heap_4.o [1]
xIdleTaskHandle         0x20001e04    0x4  Data  Lc  tasks.o [1]
xMinimumEverFreeBytesRemaining
                        0x20000be8    0x4  Data  Lc  heap_4.o [1]
xNextTaskUnblockTime    0x20001dd4    0x4  Data  Lc  tasks.o [1]
xNumOfOverflows         0x20001dcc    0x4  Data  Lc  tasks.o [1]
xPendingReadyList       0x20001d68   0x14  Data  Lc  tasks.o [1]
xPortStartScheduler     0x080051a5   0x84  Code  Gb  port.o [1]
xPortSysTickHandler     0x08005293   0x26  Code  Gb  port.o [1]
xSchedulerRunning       0x20001dc0    0x4  Data  Lc  tasks.o [1]
xStart                  0x20000bd8    0x8  Data  Lc  heap_4.o [1]
xSuspendedTaskList      0x20001da0   0x14  Data  Lc  tasks.o [1]
xTaskCreate             0x08004c05   0x58  Code  Gb  tasks.o [1]
xTaskGetSchedulerState  0x08005083   0x18  Code  Gb  tasks.o [1]
xTaskIncrementTick      0x08004ec7   0xae  Code  Gb  tasks.o [1]
xTaskResumeAll          0x08004e23   0x90  Code  Gb  tasks.o [1]
xTasksWaitingTermination
                        0x20001d7c   0x14  Data  Lc  tasks.o [1]
xTickCount              0x20001db8    0x4  Data  Lc  tasks.o [1]
xYieldPending           0x20001dc8    0x4  Data  Lc  tasks.o [1]


[1] = C:\Users\jonas\OneDrive\KTH\åk3\Inbygda system\lab 1\filer\KULOR_V3\EWARM\KULOR_V3\Obj
[2] = command line
[3] = dl7M_tlf.a
[4] = m7M_tls.a
[5] = rt7M_tl.a
[6] = shb_l.a

  24 430 bytes of readonly  code memory
     263 bytes of readonly  data memory
   8 381 bytes of readwrite data memory

Errors: none
Warnings: none
