###############################################################################
#
# IAR ELF Linker V7.80.3.12102/W32 for ARM                03/Mar/2017  07:57:31
# Copyright 2007-2016 IAR Systems AB.
#
#    Output file  =  
#        C:\Users\jonas\OneDrive\KTH\åk3\Inbygda system\lab
#        1\filer\KULOR_V3\EWARM\KULOR_V3\Exe\KULOR_V3.out
#    Map file     =  
#        C:\Users\jonas\OneDrive\KTH\åk3\Inbygda system\lab
#        1\filer\KULOR_V3\EWARM\KULOR_V3\List\KULOR_V3.map
#    Command line =  
#        "C:\Users\jonas\OneDrive\KTH\åk3\Inbygda system\lab
#        1\filer\KULOR_V3\EWARM\KULOR_V3\Obj\cmsis_os.o"
#        "C:\Users\jonas\OneDrive\KTH\åk3\Inbygda system\lab
#        1\filer\KULOR_V3\EWARM\KULOR_V3\Obj\crc.o"
#        "C:\Users\jonas\OneDrive\KTH\åk3\Inbygda system\lab
#        1\filer\KULOR_V3\EWARM\KULOR_V3\Obj\croutine.o"
#        "C:\Users\jonas\OneDrive\KTH\åk3\Inbygda system\lab
#        1\filer\KULOR_V3\EWARM\KULOR_V3\Obj\event_groups.o"
#        "C:\Users\jonas\OneDrive\KTH\åk3\Inbygda system\lab
#        1\filer\KULOR_V3\EWARM\KULOR_V3\Obj\freertos.o"
#        "C:\Users\jonas\OneDrive\KTH\åk3\Inbygda system\lab
#        1\filer\KULOR_V3\EWARM\KULOR_V3\Obj\gpio.o"
#        "C:\Users\jonas\OneDrive\KTH\åk3\Inbygda system\lab
#        1\filer\KULOR_V3\EWARM\KULOR_V3\Obj\heap_4.o"
#        "C:\Users\jonas\OneDrive\KTH\åk3\Inbygda system\lab
#        1\filer\KULOR_V3\EWARM\KULOR_V3\Obj\Kulor_Funktioner.o"
#        "C:\Users\jonas\OneDrive\KTH\åk3\Inbygda system\lab
#        1\filer\KULOR_V3\EWARM\KULOR_V3\Obj\list.o"
#        "C:\Users\jonas\OneDrive\KTH\åk3\Inbygda system\lab
#        1\filer\KULOR_V3\EWARM\KULOR_V3\Obj\main.o"
#        "C:\Users\jonas\OneDrive\KTH\åk3\Inbygda system\lab
#        1\filer\KULOR_V3\EWARM\KULOR_V3\Obj\port.o"
#        "C:\Users\jonas\OneDrive\KTH\åk3\Inbygda system\lab
#        1\filer\KULOR_V3\EWARM\KULOR_V3\Obj\portasm.o"
#        "C:\Users\jonas\OneDrive\KTH\åk3\Inbygda system\lab
#        1\filer\KULOR_V3\EWARM\KULOR_V3\Obj\queue.o"
#        "C:\Users\jonas\OneDrive\KTH\åk3\Inbygda system\lab
#        1\filer\KULOR_V3\EWARM\KULOR_V3\Obj\rtc.o"
#        "C:\Users\jonas\OneDrive\KTH\åk3\Inbygda system\lab
#        1\filer\KULOR_V3\EWARM\KULOR_V3\Obj\startup_stm32f303xc.o"
#        "C:\Users\jonas\OneDrive\KTH\åk3\Inbygda system\lab
#        1\filer\KULOR_V3\EWARM\KULOR_V3\Obj\stm32f3_discovery.o"
#        "C:\Users\jonas\OneDrive\KTH\åk3\Inbygda system\lab
#        1\filer\KULOR_V3\EWARM\KULOR_V3\Obj\stm32f3xx_hal.o"
#        "C:\Users\jonas\OneDrive\KTH\åk3\Inbygda system\lab
#        1\filer\KULOR_V3\EWARM\KULOR_V3\Obj\stm32f3xx_hal_cortex.o"
#        "C:\Users\jonas\OneDrive\KTH\åk3\Inbygda system\lab
#        1\filer\KULOR_V3\EWARM\KULOR_V3\Obj\stm32f3xx_hal_crc.o"
#        "C:\Users\jonas\OneDrive\KTH\åk3\Inbygda system\lab
#        1\filer\KULOR_V3\EWARM\KULOR_V3\Obj\stm32f3xx_hal_crc_ex.o"
#        "C:\Users\jonas\OneDrive\KTH\åk3\Inbygda system\lab
#        1\filer\KULOR_V3\EWARM\KULOR_V3\Obj\stm32f3xx_hal_dma.o"
#        "C:\Users\jonas\OneDrive\KTH\åk3\Inbygda system\lab
#        1\filer\KULOR_V3\EWARM\KULOR_V3\Obj\stm32f3xx_hal_flash.o"
#        "C:\Users\jonas\OneDrive\KTH\åk3\Inbygda system\lab
#        1\filer\KULOR_V3\EWARM\KULOR_V3\Obj\stm32f3xx_hal_flash_ex.o"
#        "C:\Users\jonas\OneDrive\KTH\åk3\Inbygda system\lab
#        1\filer\KULOR_V3\EWARM\KULOR_V3\Obj\stm32f3xx_hal_gpio.o"
#        "C:\Users\jonas\OneDrive\KTH\åk3\Inbygda system\lab
#        1\filer\KULOR_V3\EWARM\KULOR_V3\Obj\stm32f3xx_hal_i2c.o"
#        "C:\Users\jonas\OneDrive\KTH\åk3\Inbygda system\lab
#        1\filer\KULOR_V3\EWARM\KULOR_V3\Obj\stm32f3xx_hal_i2c_ex.o"
#        "C:\Users\jonas\OneDrive\KTH\åk3\Inbygda system\lab
#        1\filer\KULOR_V3\EWARM\KULOR_V3\Obj\stm32f3xx_hal_msp.o"
#        "C:\Users\jonas\OneDrive\KTH\åk3\Inbygda system\lab
#        1\filer\KULOR_V3\EWARM\KULOR_V3\Obj\stm32f3xx_hal_pwr.o"
#        "C:\Users\jonas\OneDrive\KTH\åk3\Inbygda system\lab
#        1\filer\KULOR_V3\EWARM\KULOR_V3\Obj\stm32f3xx_hal_pwr_ex.o"
#        "C:\Users\jonas\OneDrive\KTH\åk3\Inbygda system\lab
#        1\filer\KULOR_V3\EWARM\KULOR_V3\Obj\stm32f3xx_hal_rcc.o"
#        "C:\Users\jonas\OneDrive\KTH\åk3\Inbygda system\lab
#        1\filer\KULOR_V3\EWARM\KULOR_V3\Obj\stm32f3xx_hal_rcc_ex.o"
#        "C:\Users\jonas\OneDrive\KTH\åk3\Inbygda system\lab
#        1\filer\KULOR_V3\EWARM\KULOR_V3\Obj\stm32f3xx_hal_rtc.o"
#        "C:\Users\jonas\OneDrive\KTH\åk3\Inbygda system\lab
#        1\filer\KULOR_V3\EWARM\KULOR_V3\Obj\stm32f3xx_hal_rtc_ex.o"
#        "C:\Users\jonas\OneDrive\KTH\åk3\Inbygda system\lab
#        1\filer\KULOR_V3\EWARM\KULOR_V3\Obj\stm32f3xx_hal_tim.o"
#        "C:\Users\jonas\OneDrive\KTH\åk3\Inbygda system\lab
#        1\filer\KULOR_V3\EWARM\KULOR_V3\Obj\stm32f3xx_hal_tim_ex.o"
#        "C:\Users\jonas\OneDrive\KTH\åk3\Inbygda system\lab
#        1\filer\KULOR_V3\EWARM\KULOR_V3\Obj\stm32f3xx_hal_timebase_TIM.o"
#        "C:\Users\jonas\OneDrive\KTH\åk3\Inbygda system\lab
#        1\filer\KULOR_V3\EWARM\KULOR_V3\Obj\stm32f3xx_hal_uart.o"
#        "C:\Users\jonas\OneDrive\KTH\åk3\Inbygda system\lab
#        1\filer\KULOR_V3\EWARM\KULOR_V3\Obj\stm32f3xx_hal_uart_ex.o"
#        "C:\Users\jonas\OneDrive\KTH\åk3\Inbygda system\lab
#        1\filer\KULOR_V3\EWARM\KULOR_V3\Obj\stm32f3xx_it.o"
#        "C:\Users\jonas\OneDrive\KTH\åk3\Inbygda system\lab
#        1\filer\KULOR_V3\EWARM\KULOR_V3\Obj\system_stm32f3xx.o"
#        "C:\Users\jonas\OneDrive\KTH\åk3\Inbygda system\lab
#        1\filer\KULOR_V3\EWARM\KULOR_V3\Obj\tasks.o"
#        "C:\Users\jonas\OneDrive\KTH\åk3\Inbygda system\lab
#        1\filer\KULOR_V3\EWARM\KULOR_V3\Obj\tim.o"
#        "C:\Users\jonas\OneDrive\KTH\åk3\Inbygda system\lab
#        1\filer\KULOR_V3\EWARM\KULOR_V3\Obj\timers.o"
#        "C:\Users\jonas\OneDrive\KTH\åk3\Inbygda system\lab
#        1\filer\KULOR_V3\EWARM\KULOR_V3\Obj\usart.o" --redirect
#        _Printf=_PrintfFull --redirect _Scanf=_ScanfFull -o
#        "C:\Users\jonas\OneDrive\KTH\åk3\Inbygda system\lab
#        1\filer\KULOR_V3\EWARM\KULOR_V3\Exe\KULOR_V3.out" --map
#        "C:\Users\jonas\OneDrive\KTH\åk3\Inbygda system\lab
#        1\filer\KULOR_V3\EWARM\KULOR_V3\List\KULOR_V3.map" --config
#        "C:\Users\jonas\OneDrive\KTH\åk3\Inbygda system\lab
#        1\filer\KULOR_V3\EWARM/stm32f303xc_flash.icf" --semihosting --entry
#        __iar_program_start --vfe
#
###############################################################################

*******************************************************************************
*** RUNTIME MODEL ATTRIBUTES
***

CppFlavor                     = *
__Heap_Handler                = Basic
__SystemLibrary               = DLib
__dlib_dynamic_initialization = normal


*******************************************************************************
*** PLACEMENT SUMMARY
***

"A0":  place at 0x08000000 { ro section .intvec };
"P1":  place in [from 0x08000000 to 0x0803ffff] { ro };
"P2":  place in [from 0x20000000 to 0x20009fff] { rw, block CSTACK, block HEAP };
initialize by copy { rw };

  Section             Kind        Address    Size  Object
  -------             ----        -------    ----  ------
"A0":                                       0x188
  .intvec             ro code  0x08000000   0x188  startup_stm32f303xc.o [1]
                             - 0x08000188   0x188

"P1":                                      0x3db0
  .text               ro code  0x08000188   0x7e0  Kulor_Funktioner.o [1]
  .text               ro code  0x08000968   0x738  stm32f3xx_hal_uart.o [1]
  .text               ro code  0x080010a0    0xd8  main.o [1]
  .text               ro code  0x08001178   0x346  stm32f3xx_hal_rtc.o [1]
  .text               ro code  0x080014c0    0x18  stm32f3xx_hal_rtc_ex.o [1]
  .text               ro code  0x080014d8    0x76  ABImemcpy_unaligned.o [5]
  .text               ro code  0x08001550   0x70e  stm32f3xx_hal_tim.o [1]
  .text               ro code  0x08001c60   0x198  xstoul.o [3]
  .text               ro code  0x08001df8   0x1a4  stm32f3xx_hal_gpio.o [1]
  .text               ro code  0x08001f9c    0x28  stm32f3_discovery.o [1]
  .text               ro code  0x08001fc4    0x4c  strtok.o [3]
  .text               ro code  0x08002010   0x16a  stm32f3xx_hal_crc.o [1]
  .text               ro code  0x0800217c    0x98  usart.o [1]
  .text               ro code  0x08002214     0xc  stm32f3xx_hal.o [1]
  .text               ro code  0x08002220    0x4c  stm32f3xx_hal_dma.o [1]
  .text               ro code  0x0800226c     0x2  stm32f3xx_hal_uart.o [1]
  .text               ro code  0x0800226e     0x2  stm32f3xx_hal_uart_ex.o [1]
  .text               ro code  0x08002270   0x4dc  stm32f3xx_hal_rcc.o [1]
  .text               ro code  0x0800274c    0x24  stm32f3xx_hal.o [1]
  .text               ro code  0x08002770   0x172  gpio.o [1]
  .text               ro code  0x080028e4    0x60  crc.o [1]
  .text               ro code  0x08002944    0x9c  rtc.o [1]
  .text               ro code  0x080029e0   0x118  tim.o [1]
  .text               ro code  0x08002af8    0xd4  freertos.o [1]
  .text               ro code  0x08002bcc    0x66  cmsis_os.o [1]
  .text               ro code  0x08002c34   0x1b8  stm32f3xx_hal_rcc_ex.o [1]
  .text               ro code  0x08002dec    0xd8  stm32f3xx_hal_cortex.o [1]
  .text               ro code  0x08002ec4    0x10  stm32f3xx_hal.o [1]
  .text               ro code  0x08002ed4     0x2  stm32f3xx_hal_tim.o [1]
  .text               ro code  0x08002ed6     0x2  stm32f3xx_hal_tim.o [1]
  .text               ro code  0x08002ed8     0x2  stm32f3xx_hal_tim_ex.o [1]
  .text               ro code  0x08002eda     0x2  stm32f3xx_hal_tim.o [1]
  .text               ro code  0x08002edc     0x2  stm32f3xx_hal_tim_ex.o [1]
  .text               ro code  0x08002ede     0x2  stm32f3xx_hal_tim.o [1]
  .text               ro code  0x08002ee0    0x14  isxxx.o [3]
  .text               ro code  0x08002ef4    0x14  tolower.o [3]
  .text               ro code  0x08002f08    0x58  memchr.o [5]
  .text               ro code  0x08002f60     0xc  errno.o [3]
  .text               ro code  0x08002f6c     0x2  xtls.o [3]
  .text               ro code  0x08002f6e    0x24  strspn.o [3]
  .text               ro code  0x08002f92    0x24  strcspn.o [3]
  .text               ro code  0x08002fb6    0x44  stm32f3xx_hal_crc_ex.o [1]
  .text               ro code  0x08002ffc    0x78  stm32f3xx_hal_timebase_TIM.o [1]
  .text               ro code  0x08003074    0x78  stm32f3xx_hal_msp.o [1]
  .text               ro code  0x080030ec    0x54  stm32f3xx_hal_tim_ex.o [1]
  .text               ro code  0x08003140   0x550  tasks.o [1]
  .text               ro code  0x08003690   0x1a0  port.o [1]
  .text               ro code  0x08003830    0x18  setlocale.o [3]
  .text               ro code  0x08003848    0x14  xlocale_c.o [3]
  .text               ro code  0x0800385c     0xc  xlocale_c.o [3]
  .text               ro code  0x08003868   0x1a8  heap_4.o [1]
  .text               ro code  0x08003a10    0x3a  ABImemset48.o [5]
  .text               ro code  0x08003a4a    0x8e  list.o [1]
  CODE                ro code  0x08003ad8    0xa8  portasm.o [1]
  .text               ro code  0x08003b80    0x7c  system_stm32f3xx.o [1]
  .text               ro code  0x08003bfc    0x40  zero_init3.o [5]
  .text               ro code  0x08003c3c    0x38  packbits_init_single.o [5]
  .text               ro code  0x08003c74    0x30  iarttio.o [6]
  .text               ro code  0x08003ca4     0x8  XShttio.o [3]
  .rodata             const    0x08003cac    0x28  freertos.o [1]
  .text               ro code  0x08003cd4    0x28  data_init.o [5]
  .text               ro code  0x08003cfc    0x24  stm32f3xx_it.o [1]
  .text               ro code  0x08003d20    0x22  fpinit_M.o [4]
  .iar.init_table     const    0x08003d44    0x20  - Linker created -
  .text               ro code  0x08003d64    0x1a  cmain.o [5]
  .text               ro code  0x08003d7e     0x4  low_level_init.o [3]
  .text               ro code  0x08003d82     0x4  exit.o [3]
  .text               ro code  0x08003d88     0xa  cexit.o [5]
  .text               ro code  0x08003d94    0x14  exit.o [6]
  .text               ro code  0x08003da8    0x10  startup_stm32f303xc.o [1]
  .text               ro code  0x08003db8     0xc  cstartup_M.o [5]
  .rodata             const    0x08003dc4     0x8  system_stm32f3xx.o [1]
  .text               ro code  0x08003dcc     0x4  startup_stm32f303xc.o [1]
  .text               ro code  0x08003dd0     0x4  startup_stm32f303xc.o [1]
  .text               ro code  0x08003dd4     0x4  startup_stm32f303xc.o [1]
  .text               ro code  0x08003dd8     0x4  startup_stm32f303xc.o [1]
  .text               ro code  0x08003ddc     0x4  startup_stm32f303xc.o [1]
  .text               ro code  0x08003de0     0x4  startup_stm32f303xc.o [1]
  .text               ro code  0x08003de4     0x4  startup_stm32f303xc.o [1]
  .text               ro code  0x08003de8     0x4  startup_stm32f303xc.o [1]
  .text               ro code  0x08003dec     0x4  startup_stm32f303xc.o [1]
  .text               ro code  0x08003df0     0x4  startup_stm32f303xc.o [1]
  .text               ro code  0x08003df4     0x4  startup_stm32f303xc.o [1]
  .text               ro code  0x08003df8     0x4  startup_stm32f303xc.o [1]
  .text               ro code  0x08003dfc     0x4  startup_stm32f303xc.o [1]
  .text               ro code  0x08003e00     0x4  startup_stm32f303xc.o [1]
  .text               ro code  0x08003e04     0x4  startup_stm32f303xc.o [1]
  .text               ro code  0x08003e08     0x4  startup_stm32f303xc.o [1]
  .text               ro code  0x08003e0c     0x4  startup_stm32f303xc.o [1]
  .text               ro code  0x08003e10     0x4  startup_stm32f303xc.o [1]
  .text               ro code  0x08003e14     0x4  startup_stm32f303xc.o [1]
  .text               ro code  0x08003e18     0x4  startup_stm32f303xc.o [1]
  .text               ro code  0x08003e1c     0x4  startup_stm32f303xc.o [1]
  .text               ro code  0x08003e20     0x4  startup_stm32f303xc.o [1]
  .text               ro code  0x08003e24     0x4  startup_stm32f303xc.o [1]
  .text               ro code  0x08003e28     0x4  startup_stm32f303xc.o [1]
  .text               ro code  0x08003e2c     0x4  startup_stm32f303xc.o [1]
  .text               ro code  0x08003e30     0x4  startup_stm32f303xc.o [1]
  .text               ro code  0x08003e34     0x4  startup_stm32f303xc.o [1]
  .text               ro code  0x08003e38     0x4  startup_stm32f303xc.o [1]
  .text               ro code  0x08003e3c     0x4  startup_stm32f303xc.o [1]
  .text               ro code  0x08003e40     0x4  startup_stm32f303xc.o [1]
  .text               ro code  0x08003e44     0x4  startup_stm32f303xc.o [1]
  .text               ro code  0x08003e48     0x4  startup_stm32f303xc.o [1]
  .text               ro code  0x08003e4c     0x4  startup_stm32f303xc.o [1]
  .text               ro code  0x08003e50     0x4  startup_stm32f303xc.o [1]
  .text               ro code  0x08003e54     0x4  startup_stm32f303xc.o [1]
  .text               ro code  0x08003e58     0x4  startup_stm32f303xc.o [1]
  .text               ro code  0x08003e5c     0x4  startup_stm32f303xc.o [1]
  .text               ro code  0x08003e60     0x4  startup_stm32f303xc.o [1]
  .text               ro code  0x08003e64     0x4  startup_stm32f303xc.o [1]
  .text               ro code  0x08003e68     0x4  startup_stm32f303xc.o [1]
  .text               ro code  0x08003e6c     0x4  startup_stm32f303xc.o [1]
  .text               ro code  0x08003e70     0x4  startup_stm32f303xc.o [1]
  .text               ro code  0x08003e74     0x4  startup_stm32f303xc.o [1]
  .text               ro code  0x08003e78     0x4  startup_stm32f303xc.o [1]
  .text               ro code  0x08003e7c     0x4  startup_stm32f303xc.o [1]
  .text               ro code  0x08003e80     0x4  startup_stm32f303xc.o [1]
  .text               ro code  0x08003e84     0x4  startup_stm32f303xc.o [1]
  .text               ro code  0x08003e88     0x4  startup_stm32f303xc.o [1]
  .text               ro code  0x08003e8c     0x4  startup_stm32f303xc.o [1]
  .text               ro code  0x08003e90     0x4  startup_stm32f303xc.o [1]
  .text               ro code  0x08003e94     0x4  startup_stm32f303xc.o [1]
  .text               ro code  0x08003e98     0x4  startup_stm32f303xc.o [1]
  .text               ro code  0x08003e9c     0x4  startup_stm32f303xc.o [1]
  .text               ro code  0x08003ea0     0x4  startup_stm32f303xc.o [1]
  .text               ro code  0x08003ea4     0x4  startup_stm32f303xc.o [1]
  .text               ro code  0x08003ea8     0x4  startup_stm32f303xc.o [1]
  .text               ro code  0x08003eac     0x4  startup_stm32f303xc.o [1]
  .text               ro code  0x08003eb0     0x4  startup_stm32f303xc.o [1]
  .text               ro code  0x08003eb4     0x4  startup_stm32f303xc.o [1]
  .text               ro code  0x08003eb8     0x4  startup_stm32f303xc.o [1]
  .text               ro code  0x08003ebc     0x4  startup_stm32f303xc.o [1]
  .text               ro code  0x08003ec0     0x4  startup_stm32f303xc.o [1]
  .text               ro code  0x08003ec4     0x4  startup_stm32f303xc.o [1]
  .text               ro code  0x08003ec8     0x4  startup_stm32f303xc.o [1]
  .text               ro code  0x08003ecc     0x4  startup_stm32f303xc.o [1]
  .text               ro code  0x08003ed0     0x4  startup_stm32f303xc.o [1]
  .text               ro code  0x08003ed4     0x4  startup_stm32f303xc.o [1]
  .text               ro code  0x08003ed8     0x4  startup_stm32f303xc.o [1]
  .text               ro code  0x08003edc     0x4  startup_stm32f303xc.o [1]
  .rodata             const    0x08003ee0     0x0  zero_init3.o [5]
  .rodata             const    0x08003ee0     0x0  packbits_init_single.o [5]
  Initializer bytes   const    0x08003ee0    0x58  <for P2-1>
                             - 0x08003f38  0x3db0

"P2", part 1 of 3:                          0x48c
  P2-1                         0x20000000   0x48c  <Init block>
    .data             inited   0x20000000    0xac  Kulor_Funktioner.o [1]
    .data             inited   0x200000ac    0x30  Kulor_Funktioner.o [1]
    .data             inited   0x200000dc   0x2fc  Kulor_Funktioner.o [1]
    .data             inited   0x200003d8     0xc  port.o [1]
    .data             inited   0x200003e4    0x20  stm32f3_discovery.o [1]
    .data             inited   0x20000404     0x4  system_stm32f3xx.o [1]
    .data             inited   0x20000408     0x8  XShttio.o [3]
    __DLIB_PERTHREAD  inited   0x20000410     0x4  strtok.o [3]
    __DLIB_PERTHREAD  inited   0x20000414     0x4  errno.o [3]
    __DLIB_PERTHREAD  inited   0x20000418    0x74  setlocale.o [3]
                             - 0x2000048c   0x48c

"P2", part 2 of 3:                          0x400
  CSTACK                       0x20000490   0x400  <Block>
    CSTACK            uninit   0x20000490   0x400  <Block tail>
                             - 0x20000890   0x400

"P2", part 3 of 3:                         0x13c0
  .bss                zero     0x20000890   0xc18  heap_4.o [1]
  .bss                zero     0x200014a8   0x578  Kulor_Funktioner.o [1]
  .bss                zero     0x20001a20    0xa0  tasks.o [1]
  .bss                zero     0x20001ac0    0x8c  tasks.o [1]
  .bss                zero     0x20001b4c    0x70  usart.o [1]
  .bss                zero     0x20001bbc    0x40  stm32f3xx_hal_timebase_TIM.o [1]
  .bss                zero     0x20001bfc    0x24  crc.o [1]
  .bss                zero     0x20001c20    0x20  rtc.o [1]
  .bss                zero     0x20001c40     0x4  freertos.o [1]
  .bss                zero     0x20001c44     0x4  freertos.o [1]
  .bss                zero     0x20001c48     0x4  stm32f3xx_hal.o [1]
  .bss                zero     0x20001c4c     0x1  Kulor_Funktioner.o [1]
                             - 0x20001c4d  0x13bd


*******************************************************************************
*** INIT TABLE
***

          Address     Size
          -------     ----
Zero (__iar_zero_init3)
    1 destination range, total size 0x13bd:
          0x20000890  0x13bd

Copy/packbits (__iar_packbits_init_single3)
    1 source range, total size 0x58 (7% of destination):
          0x08003ee0    0x58
    1 destination range, total size 0x48c:
          0x20000000   0x48c



*******************************************************************************
*** MODULE SUMMARY
***

    Module                        ro code  ro data  rw data
    ------                        -------  -------  -------
C:\Users\jonas\OneDrive\KTH\åk3\Inbygda system\lab 1\filer\KULOR_V3\EWARM\KULOR_V3\Obj: [1]
    Kulor_Funktioner.o              2 016       74    2 385
    cmsis_os.o                        102
    crc.o                              96                36
    freertos.o                        212       40        8
    gpio.o                            370
    heap_4.o                          424             3 096
    list.o                            142
    main.o                            216
    port.o                            416        1       12
    portasm.o                         168
    rtc.o                             156                32
    startup_stm32f303xc.o             684
    stm32f3_discovery.o                40        2       32
    stm32f3xx_hal.o                    64                 4
    stm32f3xx_hal_cortex.o            216
    stm32f3xx_hal_crc.o               362
    stm32f3xx_hal_crc_ex.o             68
    stm32f3xx_hal_dma.o                76
    stm32f3xx_hal_gpio.o              420
    stm32f3xx_hal_msp.o               120
    stm32f3xx_hal_rcc.o             1 244
    stm32f3xx_hal_rcc_ex.o            440
    stm32f3xx_hal_rtc.o               838
    stm32f3xx_hal_rtc_ex.o             24
    stm32f3xx_hal_tim.o             1 814
    stm32f3xx_hal_tim_ex.o             88
    stm32f3xx_hal_timebase_TIM.o      120                64
    stm32f3xx_hal_uart.o            1 850
    stm32f3xx_hal_uart_ex.o             2
    stm32f3xx_it.o                     36
    system_stm32f3xx.o                124        9        4
    tasks.o                         1 360               300
    tim.o                             280
    usart.o                           152               112
    -------------------------------------------------------
    Total:                         14 740      126    6 085

command line: [2]
    -------------------------------------------------------
    Total:

dl7M_tlf.a: [3]
    XShttio.o                           8                 8
    errno.o                            12        1        4
    exit.o                              4
    isxxx.o                            20
    low_level_init.o                    4
    setlocale.o                        24        9      116
    strcspn.o                          36
    strspn.o                           36
    strtok.o                           76                 4
    tolower.o                          20
    xlocale_c.o                        32
    xstoul.o                          408
    xtls.o                              2
    -------------------------------------------------------
    Total:                            682       10      132

m7M_tls.a: [4]
    fpinit_M.o                         34
    -------------------------------------------------------
    Total:                             34

rt7M_tl.a: [5]
    ABImemcpy_unaligned.o             118
    ABImemset48.o                      58
    cexit.o                            10
    cmain.o                            26
    cstartup_M.o                       12
    data_init.o                        40
    memchr.o                           88
    packbits_init_single.o             56
    zero_init3.o                       64
    -------------------------------------------------------
    Total:                            472

shb_l.a: [6]
    exit.o                             20
    iarttio.o                          48
    -------------------------------------------------------
    Total:                             68

    Gaps                               18        2
    Linker created                              32    1 024
-----------------------------------------------------------
    Grand Total:                   16 014      170    7 241


*******************************************************************************
*** ENTRY LIST
***

Entry                      Address   Size  Type      Object
-----                      -------   ----  ----      ------
.iar.init_table$$Base   0x08003d44          --   Gb  - Linker created -
.iar.init_table$$Limit  0x08003d64          --   Gb  - Linker created -
?main                   0x08003d65         Code  Gb  cmain.o [5]
AHBPrescTable           0x08003bec   0x10  Data  Gb  system_stm32f3xx.o [1]
APBPrescTable           0x08003dc4    0x8  Data  Gb  system_stm32f3xx.o [1]
BSP_LED_On              0x08001f9d   0x14  Code  Gb  stm32f3_discovery.o [1]
BitCount                0x2000001a    0x2  Data  Gb  Kulor_Funktioner.o [1]
BitValue                0x200000c8   0x14  Data  Gb  Kulor_Funktioner.o [1]
CRC_Handle_16           0x0800214d   0x2e  Code  Lc  stm32f3xx_hal_crc.o [1]
CRC_Handle_8            0x080020e5   0x68  Code  Lc  stm32f3xx_hal_crc.o [1]
CSTACK$$Base            0x20000490          --   Gb  - Linker created -
CSTACK$$Limit           0x20000890          --   Gb  - Linker created -
CalculatePulsWithd      0x08000789   0x2c  Code  Gb  Kulor_Funktioner.o [1]
CalculateTempraturePacket
                        0x080007b5   0xea  Code  Gb  Kulor_Funktioner.o [1]
CalculateTempraturePacket::packet
                        0x20000338   0xa0  Data  Lc  Kulor_Funktioner.o [1]
CalculateTempraturePacket::temp
                        0x200000e0  0x258  Data  Lc  Kulor_Funktioner.o [1]
CrcCode                 0x200000dc    0x1  Data  Gb  Kulor_Funktioner.o [1]
DisplayTask             0x08002b4b   0x18  Code  Gb  freertos.o [1]
Error_Handler           0x08001177    0x2  Code  Gb  main.o [1]
HAL_CRCEx_Polynomial_Set
                        0x08002fb7   0x44  Code  Gb  stm32f3xx_hal_crc_ex.o [1]
HAL_CRC_Calculate       0x08002089   0x5c  Code  Gb  stm32f3xx_hal_crc.o [1]
HAL_CRC_Init            0x08002011   0x72  Code  Gb  stm32f3xx_hal_crc.o [1]
HAL_CRC_MspInit         0x08002917   0x22  Code  Gb  crc.o [1]
HAL_DMA_Abort_IT        0x08002221   0x4c  Code  Gb  stm32f3xx_hal_dma.o [1]
HAL_GPIO_Init           0x08001df9  0x16c  Code  Gb  stm32f3xx_hal_gpio.o [1]
HAL_GPIO_TogglePin      0x08001f79    0x8  Code  Gb  stm32f3xx_hal_gpio.o [1]
HAL_GPIO_WritePin       0x08001f6f    0xa  Code  Gb  stm32f3xx_hal_gpio.o [1]
HAL_GetTick             0x08002215    0xc  Code  Wk  stm32f3xx_hal.o [1]
HAL_IncTick             0x08002ec5   0x10  Code  Wk  stm32f3xx_hal.o [1]
HAL_Init                0x0800274d   0x20  Code  Gb  stm32f3xx_hal.o [1]
HAL_InitTick            0x08002ffd   0x6a  Code  Gb  stm32f3xx_hal_timebase_TIM.o [1]
HAL_MspInit             0x08003075   0x78  Code  Gb  stm32f3xx_hal_msp.o [1]
HAL_NVIC_EnableIRQ      0x08002e5b    0xc  Code  Gb  stm32f3xx_hal_cortex.o [1]
HAL_NVIC_SetPriority    0x08002e21   0x3a  Code  Gb  stm32f3xx_hal_cortex.o [1]
HAL_NVIC_SetPriorityGrouping
                        0x08002e07   0x1a  Code  Gb  stm32f3xx_hal_cortex.o [1]
HAL_RCCEx_PeriphCLKConfig
                        0x08002c35  0x1aa  Code  Gb  stm32f3xx_hal_rcc_ex.o [1]
HAL_RCC_ClockConfig     0x08002543  0x112  Code  Gb  stm32f3xx_hal_rcc.o [1]
HAL_RCC_GetClockConfig  0x080026cd   0x34  Code  Gb  stm32f3xx_hal_rcc.o [1]
HAL_RCC_GetHCLKFreq     0x080026a3    0x6  Code  Gb  stm32f3xx_hal_rcc.o [1]
HAL_RCC_GetPCLK1Freq    0x080026a9   0x10  Code  Gb  stm32f3xx_hal_rcc.o [1]
HAL_RCC_GetPCLK2Freq    0x080026b9    0xe  Code  Gb  stm32f3xx_hal_rcc.o [1]
HAL_RCC_GetSysClockFreq
                        0x08002669   0x3a  Code  Gb  stm32f3xx_hal_rcc.o [1]
HAL_RCC_OscConfig       0x08002271  0x2c0  Code  Gb  stm32f3xx_hal_rcc.o [1]
HAL_RTCEx_BKUPRead      0x080014cd    0xc  Code  Gb  stm32f3xx_hal_rtc_ex.o [1]
HAL_RTCEx_BKUPWrite     0x080014c1    0xc  Code  Gb  stm32f3xx_hal_rtc_ex.o [1]
HAL_RTC_GetDate         0x080013a7   0x3c  Code  Gb  stm32f3xx_hal_rtc.o [1]
HAL_RTC_GetTime         0x080012a7   0x44  Code  Gb  stm32f3xx_hal_rtc.o [1]
HAL_RTC_Init            0x08001179   0x7e  Code  Gb  stm32f3xx_hal_rtc.o [1]
HAL_RTC_MspInit         0x080029c3   0x10  Code  Gb  rtc.o [1]
HAL_RTC_SetDate         0x080012f1   0x88  Code  Gb  stm32f3xx_hal_rtc.o [1]
HAL_RTC_SetTime         0x0800120b   0x94  Code  Gb  stm32f3xx_hal_rtc.o [1]
HAL_RTC_WaitForSynchro  0x08001435   0x30  Code  Gb  stm32f3xx_hal_rtc.o [1]
HAL_SYSTICK_CLKSourceConfig
                        0x08002e97   0x14  Code  Gb  stm32f3xx_hal_cortex.o [1]
HAL_SYSTICK_Config      0x08002e6f   0x28  Code  Gb  stm32f3xx_hal_cortex.o [1]
HAL_TIMEx_BreakCallback
                        0x08002ed9    0x2  Code  Wk  stm32f3xx_hal_tim_ex.o [1]
HAL_TIMEx_CommutationCallback
                        0x08002edd    0x2  Code  Wk  stm32f3xx_hal_tim_ex.o [1]
HAL_TIMEx_MasterConfigSynchronization
                        0x080030ed   0x4c  Code  Gb  stm32f3xx_hal_tim_ex.o [1]
HAL_TIM_Base_Init       0x08001551   0x1a  Code  Gb  stm32f3xx_hal_tim.o [1]
HAL_TIM_Base_MspInit    0x08002a97   0x54  Code  Gb  tim.o [1]
HAL_TIM_Base_Start_IT   0x0800156b   0x16  Code  Gb  stm32f3xx_hal_tim.o [1]
HAL_TIM_ConfigClockSource
                        0x080018e5   0xb4  Code  Gb  stm32f3xx_hal_tim.o [1]
HAL_TIM_IC_CaptureCallback
                        0x0800070d   0x7c  Code  Gb  Kulor_Funktioner.o [1]
HAL_TIM_IC_ConfigChannel
                        0x080017cb  0x11a  Code  Gb  stm32f3xx_hal_tim.o [1]
HAL_TIM_IC_Init         0x080015ef   0x1a  Code  Gb  stm32f3xx_hal_tim.o [1]
HAL_TIM_IC_MspInit      0x08002ed5    0x2  Code  Wk  stm32f3xx_hal_tim.o [1]
HAL_TIM_IC_Start_IT     0x08001609   0x44  Code  Gb  stm32f3xx_hal_tim.o [1]
HAL_TIM_IC_Stop_IT      0x0800164d   0x16  Code  Gb  stm32f3xx_hal_tim.o [1]
HAL_TIM_IRQHandler      0x08001683  0x142  Code  Gb  stm32f3xx_hal_tim.o [1]
HAL_TIM_OC_DelayElapsedCallback
                        0x08002ed7    0x2  Code  Wk  stm32f3xx_hal_tim.o [1]
HAL_TIM_PWM_PulseFinishedCallback
                        0x08002edf    0x2  Code  Wk  stm32f3xx_hal_tim.o [1]
HAL_TIM_PeriodElapsedCallback
                        0x08001169    0xe  Code  Gb  main.o [1]
HAL_TIM_ReadCapturedValue
                        0x080019f3   0x42  Code  Gb  stm32f3xx_hal_tim.o [1]
HAL_TIM_SlaveConfigSynchronization
                        0x080019ab   0x1a  Code  Gb  stm32f3xx_hal_tim.o [1]
HAL_TIM_TriggerCallback
                        0x08002edb    0x2  Code  Wk  stm32f3xx_hal_tim.o [1]
HAL_UARTEx_WakeupCallback
                        0x0800226f    0x2  Code  Wk  stm32f3xx_hal_uart_ex.o [1]
HAL_UART_ErrorCallback  0x0800226d    0x2  Code  Wk  stm32f3xx_hal_uart.o [1]
HAL_UART_IRQHandler     0x08000b03  0x130  Code  Gb  stm32f3xx_hal_uart.o [1]
HAL_UART_Init           0x08000969   0x30  Code  Gb  stm32f3xx_hal_uart.o [1]
HAL_UART_MspInit        0x080021b1   0x54  Code  Gb  usart.o [1]
HAL_UART_Receive_IT     0x08000a89   0x6c  Code  Gb  stm32f3xx_hal_uart.o [1]
HAL_UART_RxCpltCallback
                        0x0800018b    0x2  Code  Gb  Kulor_Funktioner.o [1]
HAL_UART_Transmit       0x080009e7   0x9c  Code  Gb  stm32f3xx_hal_uart.o [1]
HAL_UART_TxCpltCallback
                        0x08000189    0x2  Code  Gb  Kulor_Funktioner.o [1]
HumidityValue           0x200000b0    0x4  Data  Gb  Kulor_Funktioner.o [1]
KolonBlinkTask          0x08002b63   0x22  Code  Gb  freertos.o [1]
LED_PIN                 0x08001fb4   0x10  Data  Gb  stm32f3_discovery.o [1]
LED_PORT                0x200003e4   0x20  Data  Gb  stm32f3_discovery.o [1]
MX_CRC_Init             0x080028e5   0x32  Code  Gb  crc.o [1]
MX_FREERTOS_Init        0x08002af9   0x48  Code  Gb  freertos.o [1]
MX_GPIO_Init            0x08002771  0x12c  Code  Gb  gpio.o [1]
MX_RTC_Init             0x08002945   0x7e  Code  Gb  rtc.o [1]
MX_TIM1_Init            0x080029e1   0xb6  Code  Gb  tim.o [1]
MX_USART3_UART_Init     0x0800217d   0x34  Code  Gb  usart.o [1]
NVIC_SetPriority        0x08002ded   0x1a  Code  Lc  stm32f3xx_hal_cortex.o [1]
NewLine                 0x20000094    0x4  Data  Gb  Kulor_Funktioner.o [1]
PendSV_Handler          0x08003ad9         Code  Gb  portasm.o [1]
PreambleCount           0x20000018    0x1  Data  Gb  Kulor_Funktioner.o [1]
RTC_Bcd2ToByte          0x080014af   0x10  Code  Gb  stm32f3xx_hal_rtc.o [1]
RTC_ByteToBcd2          0x08001499   0x16  Code  Gb  stm32f3xx_hal_rtc.o [1]
RTC_CLOCK_SETINGS       0x08000583   0x68  Code  Gb  Kulor_Funktioner.o [1]
RTC_CalendarConfig      0x080001cb   0xc6  Code  Gb  Kulor_Funktioner.o [1]
RTC_EnterInitMode       0x08001465   0x34  Code  Gb  stm32f3xx_hal_rtc.o [1]
ReciveFromUser_clk      0x080001a7   0x24  Code  Gb  Kulor_Funktioner.o [1]
RecivedPacket           0x200014a8  0x578  Data  Gb  Kulor_Funktioner.o [1]
Region$$Table$$Base     0x08003d44          --   Gb  - Linker created -
Region$$Table$$Limit    0x08003d64          --   Gb  - Linker created -
RtcHandle               0x2000001c   0x20  Data  Gb  Kulor_Funktioner.o [1]
SVC_Handler             0x08003b31         Code  Gb  portasm.o [1]
SendToSerial            0x08000197   0x10  Code  Gb  Kulor_Funktioner.o [1]
SetDate                 0x2000003c    0xc  Data  Gb  Kulor_Funktioner.o [1]
SetTime                 0x20000048    0x8  Data  Gb  Kulor_Funktioner.o [1]
ShowNumberOnDispaly     0x0800029d  0x16a  Code  Gb  Kulor_Funktioner.o [1]
StartDefaultTask        0x08002b41    0xa  Code  Gb  freertos.o [1]
SysTick_Handler         0x08003cfd    0x4  Code  Gb  stm32f3xx_it.o [1]
SystemClock_Config      0x080010d1   0x92  Code  Gb  main.o [1]
SystemCoreClock         0x20000404    0x4  Data  Gb  system_stm32f3xx.o [1]
SystemInit              0x08003b81   0x52  Code  Gb  system_stm32f3xx.o [1]
TIM1_CC_IRQHandler      0x08003d01    0x6  Code  Gb  stm32f3xx_it.o [1]
TIM2_IRQHandler         0x08003d07    0x6  Code  Gb  stm32f3xx_it.o [1]
TIM_Base_SetConfig      0x08001a35   0x90  Code  Gb  stm32f3xx_hal_tim.o [1]
TIM_CCxChannelCmd       0x08001c47   0x18  Code  Gb  stm32f3xx_hal_tim.o [1]
TIM_ETR_SetConfig       0x08001c33   0x14  Code  Gb  stm32f3xx_hal_tim.o [1]
TIM_ITRx_SetConfig      0x08001c23   0x10  Code  Lc  stm32f3xx_hal_tim.o [1]
TIM_SlaveTimer_SetConfig
                        0x08001ac9   0x5a  Code  Lc  stm32f3xx_hal_tim.o [1]
TIM_TI1_ConfigInputStage
                        0x08001ba9   0x22  Code  Lc  stm32f3xx_hal_tim.o [1]
TIM_TI1_SetConfig       0x08001b23   0x5a  Code  Gb  stm32f3xx_hal_tim.o [1]
TIM_TI2_ConfigInputStage
                        0x08001bff   0x24  Code  Lc  stm32f3xx_hal_tim.o [1]
TIM_TI2_SetConfig       0x08001bcb   0x34  Code  Lc  stm32f3xx_hal_tim.o [1]
Temprature              0x200000b4    0xc  Data  Gb  Kulor_Funktioner.o [1]
TempratureValue         0x200000ac    0x4  Data  Gb  Kulor_Funktioner.o [1]
UART_AdvFeatureConfig   0x08000e09   0xc6  Code  Gb  stm32f3xx_hal_uart.o [1]
UART_CheckIdleState     0x08000ecf   0x56  Code  Gb  stm32f3xx_hal_uart.o [1]
UART_DMAAbortOnError    0x08000fa9   0x10  Code  Lc  stm32f3xx_hal_uart.o [1]
UART_EndRxTransfer      0x08000f89   0x1c  Code  Lc  stm32f3xx_hal_uart.o [1]
UART_EndTransmit_IT     0x08001019   0x1a  Code  Gb  stm32f3xx_hal_uart.o [1]
UART_Receive_IT         0x08001033   0x6e  Code  Gb  stm32f3xx_hal_uart.o [1]
UART_SetConfig          0x08000c41  0x1ac  Code  Gb  stm32f3xx_hal_uart.o [1]
UART_Transmit_IT        0x08000fb9   0x60  Code  Gb  stm32f3xx_hal_uart.o [1]
UART_WaitOnFlagUntilTimeout
                        0x08000f25   0x58  Code  Gb  stm32f3xx_hal_uart.o [1]
USART3_IRQHandler       0x08003d0d    0x6  Code  Gb  stm32f3xx_it.o [1]
UartReady               0x20001c4c    0x1  Data  Gb  Kulor_Funktioner.o [1]
UppDateDisplay          0x08000443  0x12a  Code  Gb  Kulor_Funktioner.o [1]
_IsdstStr               0x2000041c    0x4  Data  Gb  setlocale.o [3]
_LocaleC_isspace        0x08003849   0x14  Code  Gb  xlocale_c.o [3]
_LocaleC_tolower        0x0800385d    0xc  Code  Gb  xlocale_c.o [3]
_LocaleForCat           0x08003831   0x12  Code  Gb  setlocale.o [3]
_LocaleReturnString     0x2000043c   0x50  Data  Lc  setlocale.o [3]
_Locale_Profile         0x20000420   0x1c  Data  Gb  setlocale.o [3]
_Strtok_ssave           0x20000410    0x4  Data  Lc  strtok.o [3]
_TzoneStr               0x20000418    0x4  Data  Gb  setlocale.o [3]
__aeabi_errno_addr      0x08002f61    0x6  Code  Gb  errno.o [3]
__aeabi_memset4         0x08003a11         Code  Gb  ABImemset48.o [5]
__aeabi_memset8         0x08003a11         Code  Gb  ABImemset48.o [5]
__cmain                 0x08003d65         Code  Gb  cmain.o [5]
__exit                  0x08003d95   0x14  Code  Gb  exit.o [6]
__iar_Errno             0x20000414    0x4  Data  Gb  errno.o [3]
__iar_Memchr            0x08002f09         Code  Gb  memchr.o [5]
__iar_Memset4_word      0x08003a19         Code  Gb  ABImemset48.o [5]
__iar_Memset8_word      0x08003a19         Code  Gb  ABImemset48.o [5]
__iar_Stoul             0x08001da5    0x4  Code  Gb  xstoul.o [3]
__iar_Stoulx            0x08001c61  0x13e  Code  Gb  xstoul.o [3]
__iar_close_ttio        0x08003c75   0x2e  Code  Gb  iarttio.o [6]
__iar_data_init3        0x08003cd5   0x28  Code  Gb  data_init.o [5]
__iar_dlib_perthread_access
                        0x08002f6d    0x2  Code  Gb  xtls.o [3]
__iar_init_vfp          0x08003d21         Code  Gb  fpinit_M.o [4]
__iar_lookup_ttioh      0x08003ca5    0x8  Code  Gb  XShttio.o [3]
__iar_packbits_init_single3
                        0x08003c3d   0x38  Code  Gb  packbits_init_single.o [5]
__iar_program_start     0x08003db9         Code  Gb  cstartup_M.o [5]
__iar_ttio_handles      0x20000408    0x8  Data  Lc  XShttio.o [3]
__iar_unaligned___aeabi_memcpy
                        0x080014d9         Code  Gb  ABImemcpy_unaligned.o [5]
__iar_unaligned___aeabi_memcpy4
                        0x080014f9         Code  Gb  ABImemcpy_unaligned.o [5]
__iar_unaligned___aeabi_memcpy8
                        0x080014f9         Code  Gb  ABImemcpy_unaligned.o [5]
__iar_zero_init3        0x08003bfd   0x40  Code  Gb  zero_init3.o [5]
__low_level_init        0x08003d7f    0x4  Code  Gb  low_level_init.o [3]
__vector_table          0x08000000         Data  Gb  startup_stm32f303xc.o [1]
_call_main              0x08003d71         Code  Gb  cmain.o [5]
_exit                   0x08003d89         Code  Gb  cexit.o [5]
_main                   0x08003d7b         Code  Gb  cmain.o [5]
aPLLMULFactorTable      0x0800272c   0x10  Data  Gb  stm32f3xx_hal_rcc.o [1]
aPredivFactorTable      0x0800273c   0x10  Data  Gb  stm32f3xx_hal_rcc.o [1]
defaultTaskHandle       0x20001c40    0x4  Data  Gb  freertos.o [1]
digits                  0x08001da8   0x28  Data  Lc  xstoul.o [3]
exit                    0x08003d83    0x4  Code  Gb  exit.o [3]
getHumidity             0x0800062b   0x2e  Code  Gb  Kulor_Funktioner.o [1]
getTempratue            0x080005eb   0x40  Code  Gb  Kulor_Funktioner.o [1]
hcrc                    0x20001bfc   0x24  Data  Gb  crc.o [1]
hrtc                    0x20001c20   0x20  Data  Gb  rtc.o [1]
htim1                   0x20000054   0x40  Data  Gb  Kulor_Funktioner.o [1]
htim2                   0x20001bbc   0x40  Data  Gb  stm32f3xx_hal_timebase_TIM.o [1]
huart3                  0x20001b4c   0x70  Data  Gb  usart.o [1]
humidity                0x200000c0    0x8  Data  Gb  Kulor_Funktioner.o [1]
isspace                 0x08002ee1   0x14  Code  Gb  isxxx.o [3]
last_second             0x20001c44    0x4  Data  Lc  freertos.o [1]
main                    0x080010a1   0x30  Code  Gb  main.o [1]
makeFreeRtosPriority    0x08002bcd    0xc  Code  Lc  cmsis_os.o [1]
memchr                  0x08002f09         Code  Gb  memchr.o [5]
ndigs                   0x08001dd0   0x28  Data  Lc  xstoul.o [3]
osDelay                 0x08002c11    0xe  Code  Gb  cmsis_os.o [1]
osKernelStart           0x08002bd9    0xa  Code  Gb  cmsis_os.o [1]
osSystickHandler        0x08002c1f   0x14  Code  Gb  cmsis_os.o [1]
osThreadCreate          0x08002be3   0x2e  Code  Gb  cmsis_os.o [1]
prvAddCurrentTaskToDelayedList
                        0x08003615   0x68  Code  Lc  tasks.o [1]
prvAddNewTaskToReadyList
                        0x0800321f   0xa4  Code  Lc  tasks.o [1]
prvDeleteTCB            0x08003591   0x14  Code  Lc  tasks.o [1]
prvIdleTask             0x0800352d   0x50  Code  Lc  tasks.o [1]
prvInitialiseNewTask    0x08003199   0x86  Code  Lc  tasks.o [1]
prvInsertBlockIntoFreeList
                        0x080039c5   0x46  Code  Lc  heap_4.o [1]
prvResetNextTaskUnblockTime
                        0x080035a5   0x1a  Code  Lc  tasks.o [1]
prvTaskExitError        0x080036b9   0x28  Code  Lc  port.o [1]
pvPortMalloc            0x08003869   0xf8  Code  Gb  heap_4.o [1]
pxCurrentTCB            0x20001a48    0x4  Data  Gb  tasks.o [1]
pxDelayedTaskList       0x20001a4c    0x4  Data  Lc  tasks.o [1]
pxEnd                   0x20000898    0x4  Data  Lc  heap_4.o [1]
pxOverflowDelayedTaskList
                        0x20001a50    0x4  Data  Lc  tasks.o [1]
pxPortInitialiseStack   0x08003691   0x26  Code  Gb  port.o [1]
pxReadyTasksLists       0x20001ac0   0x8c  Data  Lc  tasks.o [1]
sdatestructure          0x20000000    0x4  Data  Gb  Kulor_Funktioner.o [1]
set_clock_serial        0x08000659   0xb4  Code  Gb  Kulor_Funktioner.o [1]
stimestructure          0x20000004   0x14  Data  Gb  Kulor_Funktioner.o [1]
strcspn                 0x08002f93   0x24  Code  Gb  strcspn.o [3]
strspn                  0x08002f6f   0x24  Code  Gb  strspn.o [3]
strtok                  0x08001fc5   0x4c  Code  Gb  strtok.o [3]
tempInputDate           0x20000098    0xc  Data  Gb  Kulor_Funktioner.o [1]
tempInputTime           0x200000a4    0x8  Data  Gb  Kulor_Funktioner.o [1]
tolower                 0x08002ef5   0x14  Code  Gb  tolower.o [3]
ucHeap                  0x200008a8  0xc00  Data  Lc  heap_4.o [1]
ucMaxSysCallPriority    0x200003d8    0x1  Data  Lc  port.o [1]
ulMaxPRIGROUPValue      0x200003e0    0x4  Data  Lc  port.o [1]
uwIC2Value1             0x20000050    0x4  Data  Gb  Kulor_Funktioner.o [1]
uwTick                  0x20001c48    0x4  Data  Gb  stm32f3xx_hal.o [1]
uxCriticalNesting       0x200003dc    0x4  Data  Lc  port.o [1]
uxCurrentNumberOfTasks  0x20001a6c    0x4  Data  Lc  tasks.o [1]
uxDeletedTasksWaitingCleanUp
                        0x20001a54    0x4  Data  Lc  tasks.o [1]
uxListRemove            0x08003ab5   0x24  Code  Gb  list.o [1]
uxPendedTicks           0x20001a7c    0x4  Data  Lc  tasks.o [1]
uxSchedulerSuspended    0x20001a90    0x4  Data  Lc  tasks.o [1]
uxTaskNumber            0x20001a88    0x4  Data  Lc  tasks.o [1]
uxTopReadyPriority      0x20001a74    0x4  Data  Lc  tasks.o [1]
vListInitialise         0x08003a4b   0x1a  Code  Gb  list.o [1]
vListInitialiseItem     0x08003a65    0x6  Code  Gb  list.o [1]
vListInsert             0x08003a83   0x32  Code  Gb  list.o [1]
vListInsertEnd          0x08003a6b   0x18  Code  Gb  list.o [1]
vPortEnableVFP          0x08003b65         Code  Gb  portasm.o [1]
vPortEnterCritical      0x08003779   0x32  Code  Gb  port.o [1]
vPortExitCritical       0x080037ab   0x24  Code  Gb  port.o [1]
vPortFree               0x08003973   0x44  Code  Gb  heap_4.o [1]
vPortSetupTimerInterrupt
                        0x08003811   0x20  Code  Wk  port.o [1]
vPortStartFirstTask     0x08003b4d         Code  Gb  portasm.o [1]
vTaskDelay              0x080032cb   0x28  Code  Gb  tasks.o [1]
vTaskStartScheduler     0x080032fd   0x56  Code  Gb  tasks.o [1]
vTaskSuspendAll         0x08003353    0xc  Code  Gb  tasks.o [1]
vTaskSwitchContext      0x080034c5   0x52  Code  Gb  tasks.o [1]
xBlockAllocatedBit      0x200008a4    0x4  Data  Lc  heap_4.o [1]
xDelayedTaskList1       0x20001a94   0x14  Data  Lc  tasks.o [1]
xDelayedTaskList2       0x20001aa8   0x14  Data  Lc  tasks.o [1]
xFreeBytesRemaining     0x2000089c    0x4  Data  Lc  heap_4.o [1]
xIdleTaskHandle         0x20001abc    0x4  Data  Lc  tasks.o [1]
xMinimumEverFreeBytesRemaining
                        0x200008a0    0x4  Data  Lc  heap_4.o [1]
xNextTaskUnblockTime    0x20001a8c    0x4  Data  Lc  tasks.o [1]
xNumOfOverflows         0x20001a84    0x4  Data  Lc  tasks.o [1]
xPendingReadyList       0x20001a20   0x14  Data  Lc  tasks.o [1]
xPortStartScheduler     0x080036e1   0x84  Code  Gb  port.o [1]
xPortSysTickHandler     0x080037cf   0x26  Code  Gb  port.o [1]
xSchedulerRunning       0x20001a78    0x4  Data  Lc  tasks.o [1]
xStart                  0x20000890    0x8  Data  Lc  heap_4.o [1]
xSuspendedTaskList      0x20001a58   0x14  Data  Lc  tasks.o [1]
xTaskCreate             0x08003141   0x58  Code  Gb  tasks.o [1]
xTaskGetSchedulerState  0x080035bf   0x18  Code  Gb  tasks.o [1]
xTaskIncrementTick      0x08003403   0xae  Code  Gb  tasks.o [1]
xTaskResumeAll          0x0800335f   0x90  Code  Gb  tasks.o [1]
xTasksWaitingTermination
                        0x20001a34   0x14  Data  Lc  tasks.o [1]
xTickCount              0x20001a70    0x4  Data  Lc  tasks.o [1]
xYieldPending           0x20001a80    0x4  Data  Lc  tasks.o [1]


[1] = C:\Users\jonas\OneDrive\KTH\åk3\Inbygda system\lab 1\filer\KULOR_V3\EWARM\KULOR_V3\Obj
[2] = command line
[3] = dl7M_tlf.a
[4] = m7M_tls.a
[5] = rt7M_tl.a
[6] = shb_l.a

  16 014 bytes of readonly  code memory
     170 bytes of readonly  data memory
   7 241 bytes of readwrite data memory

Errors: none
Warnings: none
