###############################################################################
#
# IAR ELF Linker V7.80.3.12102/W32 for ARM                01/Feb/2017  18:09:05
# Copyright 2007-2016 IAR Systems AB.
#
#    Output file  =  
#        C:\Users\jonas\OneDrive\KTH\åk3\Inbygda system\lab
#        1\filer\LAB2\TEST\Debug\Exe\TEST.out
#    Map file     =  
#        C:\Users\jonas\OneDrive\KTH\åk3\Inbygda system\lab
#        1\filer\LAB2\TEST\Debug\List\TEST.map
#    Command line =  
#        "C:\Users\jonas\OneDrive\KTH\åk3\Inbygda system\lab
#        1\filer\LAB2\TEST\Debug\Obj\gpio.o"
#        "C:\Users\jonas\OneDrive\KTH\åk3\Inbygda system\lab
#        1\filer\LAB2\TEST\Debug\Obj\main.o"
#        "C:\Users\jonas\OneDrive\KTH\åk3\Inbygda system\lab
#        1\filer\LAB2\TEST\Debug\Obj\startup_stm32f303xc.o"
#        "C:\Users\jonas\OneDrive\KTH\åk3\Inbygda system\lab
#        1\filer\LAB2\TEST\Debug\Obj\stm32f3xx_hal.o"
#        "C:\Users\jonas\OneDrive\KTH\åk3\Inbygda system\lab
#        1\filer\LAB2\TEST\Debug\Obj\stm32f3xx_hal_cortex.o"
#        "C:\Users\jonas\OneDrive\KTH\åk3\Inbygda system\lab
#        1\filer\LAB2\TEST\Debug\Obj\stm32f3xx_hal_dma.o"
#        "C:\Users\jonas\OneDrive\KTH\åk3\Inbygda system\lab
#        1\filer\LAB2\TEST\Debug\Obj\stm32f3xx_hal_flash.o"
#        "C:\Users\jonas\OneDrive\KTH\åk3\Inbygda system\lab
#        1\filer\LAB2\TEST\Debug\Obj\stm32f3xx_hal_flash_ex.o"
#        "C:\Users\jonas\OneDrive\KTH\åk3\Inbygda system\lab
#        1\filer\LAB2\TEST\Debug\Obj\stm32f3xx_hal_gpio.o"
#        "C:\Users\jonas\OneDrive\KTH\åk3\Inbygda system\lab
#        1\filer\LAB2\TEST\Debug\Obj\stm32f3xx_hal_i2c.o"
#        "C:\Users\jonas\OneDrive\KTH\åk3\Inbygda system\lab
#        1\filer\LAB2\TEST\Debug\Obj\stm32f3xx_hal_i2c_ex.o"
#        "C:\Users\jonas\OneDrive\KTH\åk3\Inbygda system\lab
#        1\filer\LAB2\TEST\Debug\Obj\stm32f3xx_hal_msp.o"
#        "C:\Users\jonas\OneDrive\KTH\åk3\Inbygda system\lab
#        1\filer\LAB2\TEST\Debug\Obj\stm32f3xx_hal_pwr.o"
#        "C:\Users\jonas\OneDrive\KTH\åk3\Inbygda system\lab
#        1\filer\LAB2\TEST\Debug\Obj\stm32f3xx_hal_pwr_ex.o"
#        "C:\Users\jonas\OneDrive\KTH\åk3\Inbygda system\lab
#        1\filer\LAB2\TEST\Debug\Obj\stm32f3xx_hal_rcc.o"
#        "C:\Users\jonas\OneDrive\KTH\åk3\Inbygda system\lab
#        1\filer\LAB2\TEST\Debug\Obj\stm32f3xx_hal_rcc_ex.o"
#        "C:\Users\jonas\OneDrive\KTH\åk3\Inbygda system\lab
#        1\filer\LAB2\TEST\Debug\Obj\stm32f3xx_hal_tim.o"
#        "C:\Users\jonas\OneDrive\KTH\åk3\Inbygda system\lab
#        1\filer\LAB2\TEST\Debug\Obj\stm32f3xx_hal_tim_ex.o"
#        "C:\Users\jonas\OneDrive\KTH\åk3\Inbygda system\lab
#        1\filer\LAB2\TEST\Debug\Obj\stm32f3xx_hal_uart.o"
#        "C:\Users\jonas\OneDrive\KTH\åk3\Inbygda system\lab
#        1\filer\LAB2\TEST\Debug\Obj\stm32f3xx_hal_uart_ex.o"
#        "C:\Users\jonas\OneDrive\KTH\åk3\Inbygda system\lab
#        1\filer\LAB2\TEST\Debug\Obj\stm32f3xx_it.o"
#        "C:\Users\jonas\OneDrive\KTH\åk3\Inbygda system\lab
#        1\filer\LAB2\TEST\Debug\Obj\system_stm32f3xx.o"
#        "C:\Users\jonas\OneDrive\KTH\åk3\Inbygda system\lab
#        1\filer\LAB2\TEST\Debug\Obj\usart.o" -o
#        "C:\Users\jonas\OneDrive\KTH\åk3\Inbygda system\lab
#        1\filer\LAB2\TEST\Debug\Exe\TEST.out" --map
#        "C:\Users\jonas\OneDrive\KTH\åk3\Inbygda system\lab
#        1\filer\LAB2\TEST\Debug\List\TEST.map" --config
#        "C:\Users\jonas\OneDrive\KTH\åk3\Inbygda system\lab
#        1\filer\LAB2\TEST/stm32f303xc_flash.icf" --semihosting --entry
#        __iar_program_start --vfe
#
###############################################################################

*******************************************************************************
*** RUNTIME MODEL ATTRIBUTES
***

CppFlavor       = *
__SystemLibrary = DLib


*******************************************************************************
*** PLACEMENT SUMMARY
***

"A0":  place at 0x08000000 { ro section .intvec };
"P1":  place in [from 0x08000000 to 0x0803ffff] { ro };
"P2":  place in [from 0x20000000 to 0x20009fff] { rw, block CSTACK, block HEAP };
initialize by copy { rw };

  Section            Kind        Address    Size  Object
  -------            ----        -------    ----  ------
"A0":                                      0x188
  .intvec            ro code  0x08000000   0x188  startup_stm32f303xc.o [1]
                            - 0x08000188   0x188

"P1":                                     0x12bc
  .text              ro code  0x08000188   0x4d8  stm32f3xx_hal_rcc.o [1]
  .text              ro code  0x08000660     0xc  stm32f3xx_hal.o [1]
  .text              ro code  0x0800066c    0x2c  stm32f3xx_hal.o [1]
  .text              ro code  0x08000698    0xc2  stm32f3xx_hal_cortex.o [1]
  .text              ro code  0x0800075c   0x394  stm32f3xx_hal_uart.o [1]
  .text              ro code  0x08000af0    0x88  usart.o [1]
  .text              ro code  0x08000b78    0xa2  main.o [1]
  .text              ro code  0x08000c1c   0x198  stm32f3xx_hal_gpio.o [1]
  .text              ro code  0x08000db4    0x24  stm32f3xx_hal.o [1]
  .text              ro code  0x08000dd8   0x12c  gpio.o [1]
  .text              ro code  0x08000f04   0x1bc  stm32f3xx_hal_rcc_ex.o [1]
  .text              ro code  0x080010c0    0x78  stm32f3xx_hal_msp.o [1]
  .text              ro code  0x08001138    0x7c  system_stm32f3xx.o [1]
  .text              ro code  0x080011b4    0x40  zero_init3.o [5]
  .text              ro code  0x080011f4    0x2c  copy_init3.o [5]
  .text              ro code  0x08001220    0x28  data_init.o [5]
  .text              ro code  0x08001248    0x22  fpinit_M.o [4]
  .iar.init_table    const    0x0800126c    0x24  - Linker created -
  .text              ro code  0x08001290    0x1a  cmain.o [5]
  .text              ro code  0x080012aa     0x4  low_level_init.o [3]
  .text              ro code  0x080012ae     0x4  exit.o [3]
  .text              ro code  0x080012b4     0xa  cexit.o [5]
  .text              ro code  0x080012c0    0x14  exit.o [6]
  .text              ro code  0x080012d4    0x10  startup_stm32f303xc.o [1]
  .text              ro code  0x080012e4    0x10  stm32f3xx_hal.o [1]
  .text              ro code  0x080012f4     0xe  stm32f3xx_it.o [1]
  .text              ro code  0x08001302     0xc  cstartup_M.o [5]
  .rodata            const    0x08001310     0x8  system_stm32f3xx.o [1]
  .text              ro code  0x08001318     0x4  startup_stm32f303xc.o [1]
  .text              ro code  0x0800131c     0x4  startup_stm32f303xc.o [1]
  .text              ro code  0x08001320     0x4  startup_stm32f303xc.o [1]
  .text              ro code  0x08001324     0x4  startup_stm32f303xc.o [1]
  .text              ro code  0x08001328     0x4  startup_stm32f303xc.o [1]
  .text              ro code  0x0800132c     0x4  startup_stm32f303xc.o [1]
  .text              ro code  0x08001330     0x4  startup_stm32f303xc.o [1]
  .text              ro code  0x08001334     0x4  startup_stm32f303xc.o [1]
  .text              ro code  0x08001338     0x4  startup_stm32f303xc.o [1]
  .text              ro code  0x0800133c     0x4  startup_stm32f303xc.o [1]
  .text              ro code  0x08001340     0x4  startup_stm32f303xc.o [1]
  .text              ro code  0x08001344     0x4  startup_stm32f303xc.o [1]
  .text              ro code  0x08001348     0x4  startup_stm32f303xc.o [1]
  .text              ro code  0x0800134c     0x4  startup_stm32f303xc.o [1]
  .text              ro code  0x08001350     0x4  startup_stm32f303xc.o [1]
  .text              ro code  0x08001354     0x4  startup_stm32f303xc.o [1]
  .text              ro code  0x08001358     0x4  startup_stm32f303xc.o [1]
  .text              ro code  0x0800135c     0x4  startup_stm32f303xc.o [1]
  .text              ro code  0x08001360     0x4  startup_stm32f303xc.o [1]
  .text              ro code  0x08001364     0x4  startup_stm32f303xc.o [1]
  .text              ro code  0x08001368     0x4  startup_stm32f303xc.o [1]
  .text              ro code  0x0800136c     0x4  startup_stm32f303xc.o [1]
  .text              ro code  0x08001370     0x4  startup_stm32f303xc.o [1]
  .text              ro code  0x08001374     0x4  startup_stm32f303xc.o [1]
  .text              ro code  0x08001378     0x4  startup_stm32f303xc.o [1]
  .text              ro code  0x0800137c     0x4  startup_stm32f303xc.o [1]
  .text              ro code  0x08001380     0x4  startup_stm32f303xc.o [1]
  .text              ro code  0x08001384     0x4  startup_stm32f303xc.o [1]
  .text              ro code  0x08001388     0x4  startup_stm32f303xc.o [1]
  .text              ro code  0x0800138c     0x4  startup_stm32f303xc.o [1]
  .text              ro code  0x08001390     0x4  startup_stm32f303xc.o [1]
  .text              ro code  0x08001394     0x4  startup_stm32f303xc.o [1]
  .text              ro code  0x08001398     0x4  startup_stm32f303xc.o [1]
  .text              ro code  0x0800139c     0x4  startup_stm32f303xc.o [1]
  .text              ro code  0x080013a0     0x4  startup_stm32f303xc.o [1]
  .text              ro code  0x080013a4     0x4  startup_stm32f303xc.o [1]
  .text              ro code  0x080013a8     0x4  startup_stm32f303xc.o [1]
  .text              ro code  0x080013ac     0x4  startup_stm32f303xc.o [1]
  .text              ro code  0x080013b0     0x4  startup_stm32f303xc.o [1]
  .text              ro code  0x080013b4     0x4  startup_stm32f303xc.o [1]
  .text              ro code  0x080013b8     0x4  startup_stm32f303xc.o [1]
  .text              ro code  0x080013bc     0x4  startup_stm32f303xc.o [1]
  .text              ro code  0x080013c0     0x4  startup_stm32f303xc.o [1]
  .text              ro code  0x080013c4     0x4  startup_stm32f303xc.o [1]
  .text              ro code  0x080013c8     0x4  startup_stm32f303xc.o [1]
  .text              ro code  0x080013cc     0x4  startup_stm32f303xc.o [1]
  .text              ro code  0x080013d0     0x4  startup_stm32f303xc.o [1]
  .text              ro code  0x080013d4     0x4  startup_stm32f303xc.o [1]
  .text              ro code  0x080013d8     0x4  startup_stm32f303xc.o [1]
  .text              ro code  0x080013dc     0x4  startup_stm32f303xc.o [1]
  .text              ro code  0x080013e0     0x4  startup_stm32f303xc.o [1]
  .text              ro code  0x080013e4     0x4  startup_stm32f303xc.o [1]
  .text              ro code  0x080013e8     0x4  startup_stm32f303xc.o [1]
  .text              ro code  0x080013ec     0x4  startup_stm32f303xc.o [1]
  .text              ro code  0x080013f0     0x4  startup_stm32f303xc.o [1]
  .text              ro code  0x080013f4     0x4  startup_stm32f303xc.o [1]
  .text              ro code  0x080013f8     0x4  startup_stm32f303xc.o [1]
  .text              ro code  0x080013fc     0x4  startup_stm32f303xc.o [1]
  .text              ro code  0x08001400     0x4  startup_stm32f303xc.o [1]
  .text              ro code  0x08001404     0x4  startup_stm32f303xc.o [1]
  .text              ro code  0x08001408     0x4  startup_stm32f303xc.o [1]
  .text              ro code  0x0800140c     0x4  startup_stm32f303xc.o [1]
  .text              ro code  0x08001410     0x4  startup_stm32f303xc.o [1]
  .text              ro code  0x08001414     0x4  startup_stm32f303xc.o [1]
  .text              ro code  0x08001418     0x4  startup_stm32f303xc.o [1]
  .text              ro code  0x0800141c     0x4  startup_stm32f303xc.o [1]
  .text              ro code  0x08001420     0x4  startup_stm32f303xc.o [1]
  .text              ro code  0x08001424     0x4  startup_stm32f303xc.o [1]
  .text              ro code  0x08001428     0x4  startup_stm32f303xc.o [1]
  .text              ro code  0x0800142c     0x4  startup_stm32f303xc.o [1]
  .text              ro code  0x08001430     0x4  startup_stm32f303xc.o [1]
  .text              ro code  0x08001434     0x4  startup_stm32f303xc.o [1]
  .text              ro code  0x08001438     0x4  startup_stm32f303xc.o [1]
  .text              ro code  0x0800143c     0x4  startup_stm32f303xc.o [1]
  Initializer bytes  const    0x08001440     0x4  <for P2-1>
  .rodata            const    0x08001444     0x0  zero_init3.o [5]
  .rodata            const    0x08001444     0x0  copy_init3.o [5]
                            - 0x08001444  0x12bc

"P2", part 1 of 3:                           0x4
  P2-1                        0x20000000     0x4  <Init block>
    .data            inited   0x20000000     0x4  system_stm32f3xx.o [1]
                            - 0x20000004     0x4

"P2", part 2 of 3:                         0x400
  CSTACK                      0x20000008   0x400  <Block>
    CSTACK           uninit   0x20000008   0x400  <Block tail>
                            - 0x20000408   0x400

"P2", part 3 of 3:                          0x74
  .bss               zero     0x20000408    0x70  usart.o [1]
  .bss               zero     0x20000478     0x4  stm32f3xx_hal.o [1]
                            - 0x2000047c    0x74


*******************************************************************************
*** INIT TABLE
***

          Address     Size
          -------     ----
Zero (__iar_zero_init3)
    1 destination range, total size 0x74:
          0x20000408  0x74

Copy (__iar_copy_init3)
    1 source range, total size 0x4:
          0x08001440   0x4
    1 destination range, total size 0x4:
          0x20000000   0x4



*******************************************************************************
*** MODULE SUMMARY
***

    Module                  ro code  ro data  rw data
    ------                  -------  -------  -------
C:\Users\jonas\OneDrive\KTH\åk3\Inbygda system\lab 1\filer\LAB2\TEST\Debug\Obj: [1]
    gpio.o                      300
    main.o                      162
    startup_stm32f303xc.o       704
    stm32f3xx_hal.o             108                 4
    stm32f3xx_hal_cortex.o      194
    stm32f3xx_hal_gpio.o        408
    stm32f3xx_hal_msp.o         120
    stm32f3xx_hal_rcc.o       1 240
    stm32f3xx_hal_rcc_ex.o      444
    stm32f3xx_hal_uart.o        916
    stm32f3xx_it.o               14
    system_stm32f3xx.o          124       12        4
    usart.o                     136               112
    -------------------------------------------------
    Total:                    4 870       12      120

command line: [2]
    -------------------------------------------------
    Total:

dl7M_tlf.a: [3]
    exit.o                        4
    low_level_init.o              4
    -------------------------------------------------
    Total:                        8

m7M_tls.a: [4]
    fpinit_M.o                   34
    -------------------------------------------------
    Total:                       34

rt7M_tl.a: [5]
    cexit.o                      10
    cmain.o                      26
    copy_init3.o                 44
    cstartup_M.o                 12
    data_init.o                  40
    zero_init3.o                 64
    -------------------------------------------------
    Total:                      196

shb_l.a: [6]
    exit.o                       20
    -------------------------------------------------
    Total:                       20

    Gaps                          8        4
    Linker created                        36    1 024
-----------------------------------------------------
    Grand Total:              5 136       52    1 144


*******************************************************************************
*** ENTRY LIST
***

Entry                      Address   Size  Type      Object
-----                      -------   ----  ----      ------
.iar.init_table$$Base   0x0800126c          --   Gb  - Linker created -
.iar.init_table$$Limit  0x08001290          --   Gb  - Linker created -
?main                   0x08001291         Code  Gb  cmain.o [5]
AHBPrescTable           0x080011a4   0x10  Data  Gb  system_stm32f3xx.o [1]
APBPrescTable           0x08001310    0x8  Data  Gb  system_stm32f3xx.o [1]
CSTACK$$Base            0x20000008          --   Gb  - Linker created -
CSTACK$$Limit           0x20000408          --   Gb  - Linker created -
Error_Handler           0x08000c19    0x2  Code  Gb  main.o [1]
HAL_GPIO_Init           0x08000c1d  0x172  Code  Gb  stm32f3xx_hal_gpio.o [1]
HAL_GPIO_WritePin       0x08000d8f    0xa  Code  Gb  stm32f3xx_hal_gpio.o [1]
HAL_GetTick             0x08000661    0xc  Code  Wk  stm32f3xx_hal.o [1]
HAL_IncTick             0x080012e5   0x10  Code  Wk  stm32f3xx_hal.o [1]
HAL_Init                0x08000db5   0x20  Code  Gb  stm32f3xx_hal.o [1]
HAL_InitTick            0x0800066d   0x2c  Code  Wk  stm32f3xx_hal.o [1]
HAL_MspInit             0x080010c1   0x78  Code  Gb  stm32f3xx_hal_msp.o [1]
HAL_NVIC_SetPriority    0x080006b3   0x52  Code  Gb  stm32f3xx_hal_cortex.o [1]
HAL_NVIC_SetPriorityGrouping
                        0x08000699   0x1a  Code  Gb  stm32f3xx_hal_cortex.o [1]
HAL_RCCEx_PeriphCLKConfig
                        0x08000f05  0x1ae  Code  Gb  stm32f3xx_hal_rcc_ex.o [1]
HAL_RCC_ClockConfig     0x08000477  0x13a  Code  Gb  stm32f3xx_hal_rcc.o [1]
HAL_RCC_GetHCLKFreq     0x080005eb    0x6  Code  Gb  stm32f3xx_hal_rcc.o [1]
HAL_RCC_GetPCLK1Freq    0x080005f1   0x10  Code  Gb  stm32f3xx_hal_rcc.o [1]
HAL_RCC_GetPCLK2Freq    0x08000601    0xe  Code  Gb  stm32f3xx_hal_rcc.o [1]
HAL_RCC_GetSysClockFreq
                        0x080005b1   0x3a  Code  Gb  stm32f3xx_hal_rcc.o [1]
HAL_RCC_OscConfig       0x08000189  0x2ee  Code  Gb  stm32f3xx_hal_rcc.o [1]
HAL_SYSTICK_CLKSourceConfig
                        0x08000727   0x14  Code  Gb  stm32f3xx_hal_cortex.o [1]
HAL_SYSTICK_Callback    0x08000759    0x2  Code  Wk  stm32f3xx_hal_cortex.o [1]
HAL_SYSTICK_Config      0x08000705   0x22  Code  Gb  stm32f3xx_hal_cortex.o [1]
HAL_SYSTICK_IRQHandler  0x08000755    0x4  Code  Gb  stm32f3xx_hal_cortex.o [1]
HAL_UART_Init           0x0800075d   0x50  Code  Gb  stm32f3xx_hal_uart.o [1]
HAL_UART_MspInit        0x08000b25   0x44  Code  Gb  usart.o [1]
MX_GPIO_Init            0x08000dd9  0x12c  Code  Gb  gpio.o [1]
MX_USART3_UART_Init     0x08000af1   0x34  Code  Gb  usart.o [1]
Region$$Table$$Base     0x0800126c          --   Gb  - Linker created -
Region$$Table$$Limit    0x08001290          --   Gb  - Linker created -
SysTick_Handler         0x080012f5    0xe  Code  Gb  stm32f3xx_it.o [1]
SystemClock_Config      0x08000b8d   0x86  Code  Gb  main.o [1]
SystemCoreClock         0x20000000    0x4  Data  Gb  system_stm32f3xx.o [1]
SystemInit              0x08001139   0x52  Code  Gb  system_stm32f3xx.o [1]
UART_AdvFeatureConfig   0x080009b1   0xc6  Code  Gb  stm32f3xx_hal_uart.o [1]
UART_CheckIdleState     0x08000a77   0x7a  Code  Gb  stm32f3xx_hal_uart.o [1]
UART_SetConfig          0x080007c5  0x1d0  Code  Gb  stm32f3xx_hal_uart.o [1]
__cmain                 0x08001291         Code  Gb  cmain.o [5]
__exit                  0x080012c1   0x14  Code  Gb  exit.o [6]
__iar_copy_init3        0x080011f5   0x2c  Code  Gb  copy_init3.o [5]
__iar_data_init3        0x08001221   0x28  Code  Gb  data_init.o [5]
__iar_init_vfp          0x08001249         Code  Gb  fpinit_M.o [4]
__iar_program_start     0x08001303         Code  Gb  cstartup_M.o [5]
__iar_zero_init3        0x080011b5   0x40  Code  Gb  zero_init3.o [5]
__low_level_init        0x080012ab    0x4  Code  Gb  low_level_init.o [3]
__vector_table          0x08000000         Data  Gb  startup_stm32f303xc.o [1]
_call_main              0x0800129d         Code  Gb  cmain.o [5]
_exit                   0x080012b5         Code  Gb  cexit.o [5]
_main                   0x080012a7         Code  Gb  cmain.o [5]
aPLLMULFactorTable      0x08000640   0x10  Data  Gb  stm32f3xx_hal_rcc.o [1]
aPredivFactorTable      0x08000650   0x10  Data  Gb  stm32f3xx_hal_rcc.o [1]
exit                    0x080012af    0x4  Code  Gb  exit.o [3]
huart3                  0x20000408   0x70  Data  Gb  usart.o [1]
main                    0x08000b79   0x14  Code  Gb  main.o [1]
uwTick                  0x20000478    0x4  Data  Gb  stm32f3xx_hal.o [1]


[1] = C:\Users\jonas\OneDrive\KTH\åk3\Inbygda system\lab 1\filer\LAB2\TEST\Debug\Obj
[2] = command line
[3] = dl7M_tlf.a
[4] = m7M_tls.a
[5] = rt7M_tl.a
[6] = shb_l.a

  5 136 bytes of readonly  code memory
     52 bytes of readonly  data memory
  1 144 bytes of readwrite data memory

Errors: none
Warnings: none
