###############################################################################
#
# IAR ELF Linker V7.80.3.12102/W32 for ARM                02/Mar/2017  15:48:08
# Copyright 2007-2016 IAR Systems AB.
#
#    Output file  =  
#        C:\Users\jonas\OneDrive\KTH\åk3\Inbygda system\lab
#        1\filer\KULOR_V2\EWARM\KULOR_V2\Exe\KULOR_V2.out
#    Map file     =  
#        C:\Users\jonas\OneDrive\KTH\åk3\Inbygda system\lab
#        1\filer\KULOR_V2\EWARM\KULOR_V2\List\KULOR_V2.map
#    Command line =  
#        "C:\Users\jonas\OneDrive\KTH\åk3\Inbygda system\lab
#        1\filer\KULOR_V2\EWARM\KULOR_V2\Obj\crc.o"
#        "C:\Users\jonas\OneDrive\KTH\åk3\Inbygda system\lab
#        1\filer\KULOR_V2\EWARM\KULOR_V2\Obj\gpio.o"
#        "C:\Users\jonas\OneDrive\KTH\åk3\Inbygda system\lab
#        1\filer\KULOR_V2\EWARM\KULOR_V2\Obj\Kulor_Funktioner.o"
#        "C:\Users\jonas\OneDrive\KTH\åk3\Inbygda system\lab
#        1\filer\KULOR_V2\EWARM\KULOR_V2\Obj\main.o"
#        "C:\Users\jonas\OneDrive\KTH\åk3\Inbygda system\lab
#        1\filer\KULOR_V2\EWARM\KULOR_V2\Obj\rtc.o"
#        "C:\Users\jonas\OneDrive\KTH\åk3\Inbygda system\lab
#        1\filer\KULOR_V2\EWARM\KULOR_V2\Obj\startup_stm32f303xc.o"
#        "C:\Users\jonas\OneDrive\KTH\åk3\Inbygda system\lab
#        1\filer\KULOR_V2\EWARM\KULOR_V2\Obj\stm32f3_discovery.o"
#        "C:\Users\jonas\OneDrive\KTH\åk3\Inbygda system\lab
#        1\filer\KULOR_V2\EWARM\KULOR_V2\Obj\stm32f3xx_hal.o"
#        "C:\Users\jonas\OneDrive\KTH\åk3\Inbygda system\lab
#        1\filer\KULOR_V2\EWARM\KULOR_V2\Obj\stm32f3xx_hal_cortex.o"
#        "C:\Users\jonas\OneDrive\KTH\åk3\Inbygda system\lab
#        1\filer\KULOR_V2\EWARM\KULOR_V2\Obj\stm32f3xx_hal_crc.o"
#        "C:\Users\jonas\OneDrive\KTH\åk3\Inbygda system\lab
#        1\filer\KULOR_V2\EWARM\KULOR_V2\Obj\stm32f3xx_hal_crc_ex.o"
#        "C:\Users\jonas\OneDrive\KTH\åk3\Inbygda system\lab
#        1\filer\KULOR_V2\EWARM\KULOR_V2\Obj\stm32f3xx_hal_dma.o"
#        "C:\Users\jonas\OneDrive\KTH\åk3\Inbygda system\lab
#        1\filer\KULOR_V2\EWARM\KULOR_V2\Obj\stm32f3xx_hal_flash.o"
#        "C:\Users\jonas\OneDrive\KTH\åk3\Inbygda system\lab
#        1\filer\KULOR_V2\EWARM\KULOR_V2\Obj\stm32f3xx_hal_flash_ex.o"
#        "C:\Users\jonas\OneDrive\KTH\åk3\Inbygda system\lab
#        1\filer\KULOR_V2\EWARM\KULOR_V2\Obj\stm32f3xx_hal_gpio.o"
#        "C:\Users\jonas\OneDrive\KTH\åk3\Inbygda system\lab
#        1\filer\KULOR_V2\EWARM\KULOR_V2\Obj\stm32f3xx_hal_i2c.o"
#        "C:\Users\jonas\OneDrive\KTH\åk3\Inbygda system\lab
#        1\filer\KULOR_V2\EWARM\KULOR_V2\Obj\stm32f3xx_hal_i2c_ex.o"
#        "C:\Users\jonas\OneDrive\KTH\åk3\Inbygda system\lab
#        1\filer\KULOR_V2\EWARM\KULOR_V2\Obj\stm32f3xx_hal_msp.o"
#        "C:\Users\jonas\OneDrive\KTH\åk3\Inbygda system\lab
#        1\filer\KULOR_V2\EWARM\KULOR_V2\Obj\stm32f3xx_hal_pwr.o"
#        "C:\Users\jonas\OneDrive\KTH\åk3\Inbygda system\lab
#        1\filer\KULOR_V2\EWARM\KULOR_V2\Obj\stm32f3xx_hal_pwr_ex.o"
#        "C:\Users\jonas\OneDrive\KTH\åk3\Inbygda system\lab
#        1\filer\KULOR_V2\EWARM\KULOR_V2\Obj\stm32f3xx_hal_rcc.o"
#        "C:\Users\jonas\OneDrive\KTH\åk3\Inbygda system\lab
#        1\filer\KULOR_V2\EWARM\KULOR_V2\Obj\stm32f3xx_hal_rcc_ex.o"
#        "C:\Users\jonas\OneDrive\KTH\åk3\Inbygda system\lab
#        1\filer\KULOR_V2\EWARM\KULOR_V2\Obj\stm32f3xx_hal_rtc.o"
#        "C:\Users\jonas\OneDrive\KTH\åk3\Inbygda system\lab
#        1\filer\KULOR_V2\EWARM\KULOR_V2\Obj\stm32f3xx_hal_rtc_ex.o"
#        "C:\Users\jonas\OneDrive\KTH\åk3\Inbygda system\lab
#        1\filer\KULOR_V2\EWARM\KULOR_V2\Obj\stm32f3xx_hal_tim.o"
#        "C:\Users\jonas\OneDrive\KTH\åk3\Inbygda system\lab
#        1\filer\KULOR_V2\EWARM\KULOR_V2\Obj\stm32f3xx_hal_tim_ex.o"
#        "C:\Users\jonas\OneDrive\KTH\åk3\Inbygda system\lab
#        1\filer\KULOR_V2\EWARM\KULOR_V2\Obj\stm32f3xx_hal_uart.o"
#        "C:\Users\jonas\OneDrive\KTH\åk3\Inbygda system\lab
#        1\filer\KULOR_V2\EWARM\KULOR_V2\Obj\stm32f3xx_hal_uart_ex.o"
#        "C:\Users\jonas\OneDrive\KTH\åk3\Inbygda system\lab
#        1\filer\KULOR_V2\EWARM\KULOR_V2\Obj\stm32f3xx_it.o"
#        "C:\Users\jonas\OneDrive\KTH\åk3\Inbygda system\lab
#        1\filer\KULOR_V2\EWARM\KULOR_V2\Obj\system_stm32f3xx.o"
#        "C:\Users\jonas\OneDrive\KTH\åk3\Inbygda system\lab
#        1\filer\KULOR_V2\EWARM\KULOR_V2\Obj\tim.o"
#        "C:\Users\jonas\OneDrive\KTH\åk3\Inbygda system\lab
#        1\filer\KULOR_V2\EWARM\KULOR_V2\Obj\usart.o" --redirect
#        _Printf=_PrintfFull --redirect _Scanf=_ScanfFull -o
#        "C:\Users\jonas\OneDrive\KTH\åk3\Inbygda system\lab
#        1\filer\KULOR_V2\EWARM\KULOR_V2\Exe\KULOR_V2.out" --map
#        "C:\Users\jonas\OneDrive\KTH\åk3\Inbygda system\lab
#        1\filer\KULOR_V2\EWARM\KULOR_V2\List\KULOR_V2.map" --config
#        "C:\Users\jonas\OneDrive\KTH\åk3\Inbygda system\lab
#        1\filer\KULOR_V2\EWARM/stm32f303xc_flash.icf" --semihosting --entry
#        __iar_program_start --vfe
#
###############################################################################

*******************************************************************************
*** RUNTIME MODEL ATTRIBUTES
***

CppFlavor                     = *
__Heap_Handler                = Basic
__SystemLibrary               = DLib
__dlib_dynamic_initialization = normal


*******************************************************************************
*** PLACEMENT SUMMARY
***

"A0":  place at 0x08000000 { ro section .intvec };
"P1":  place in [from 0x08000000 to 0x0803ffff] { ro };
"P2":  place in [from 0x20000000 to 0x20009fff] { rw, block CSTACK, block HEAP };
initialize by copy { rw };

  Section             Kind        Address    Size  Object
  -------             ----        -------    ----  ------
"A0":                                       0x188
  .intvec             ro code  0x08000000   0x188  startup_stm32f303xc.o [1]
                             - 0x08000188   0x188

"P1":                                      0x3680
  .text               ro code  0x08000188   0xb10  Kulor_Funktioner.o [1]
  .text               ro code  0x08000c98   0x7ca  stm32f3xx_hal_uart.o [1]
  .text               ro code  0x08001464    0xe2  main.o [1]
  .text               ro code  0x08001546     0x8  atoi.o [3]
  .text               ro code  0x08001550   0x38e  stm32f3xx_hal_rtc.o [1]
  .text               ro code  0x080018e0    0x18  stm32f3xx_hal_rtc_ex.o [1]
  .text               ro code  0x080018f8    0x76  ABImemcpy_unaligned.o [5]
  .text               ro code  0x08001970   0x786  stm32f3xx_hal_tim.o [1]
  .text               ro code  0x080020f8   0x190  stm32f3xx_hal_gpio.o [1]
  .text               ro code  0x08002288     0xc  stm32f3xx_hal.o [1]
  .text               ro code  0x08002294    0x28  stm32f3_discovery.o [1]
  .text               ro code  0x080022bc    0x4c  strtok.o [3]
  .text               ro code  0x08002308    0x9c  usart.o [1]
  .text               ro code  0x080023a4    0x4e  stm32f3xx_hal_dma.o [1]
  .text               ro code  0x080023f2     0x2  stm32f3xx_hal_uart.o [1]
  .text               ro code  0x080023f4     0x2  stm32f3xx_hal_uart_ex.o [1]
  .text               ro code  0x080023f8   0x53c  stm32f3xx_hal_rcc.o [1]
  .text               ro code  0x08002934    0x24  stm32f3xx_hal.o [1]
  .text               ro code  0x08002958   0x17c  gpio.o [1]
  .text               ro code  0x08002ad4    0xa0  rtc.o [1]
  .text               ro code  0x08002b74   0x124  tim.o [1]
  .text               ro code  0x08002c98    0x64  crc.o [1]
  .text               ro code  0x08002cfc    0x18  stm32f3xx_hal.o [1]
  .text               ro code  0x08002d14   0x1bc  stm32f3xx_hal_rcc_ex.o [1]
  .text               ro code  0x08002ed0   0x10a  stm32f3xx_hal_cortex.o [1]
  .text               ro code  0x08002fdc   0x198  xstoul.o [3]
  .text               ro code  0x08003174     0x2  stm32f3xx_hal_tim.o [1]
  .text               ro code  0x08003176     0x2  stm32f3xx_hal_tim.o [1]
  .text               ro code  0x08003178     0x2  stm32f3xx_hal_tim.o [1]
  .text               ro code  0x0800317a     0x2  stm32f3xx_hal_tim.o [1]
  .text               ro code  0x0800317c     0x2  stm32f3xx_hal_tim_ex.o [1]
  .text               ro code  0x0800317e     0x2  stm32f3xx_hal_tim.o [1]
  .text               ro code  0x08003180     0x2  stm32f3xx_hal_tim_ex.o [1]
  .text               ro code  0x08003182     0x2  xtls.o [3]
  .text               ro code  0x08003184    0x24  strspn.o [3]
  .text               ro code  0x080031a8    0x24  strcspn.o [3]
  .text               ro code  0x080031cc    0x28  stm32f3xx_hal.o [1]
  .text               ro code  0x080031f4    0x78  stm32f3xx_hal_msp.o [1]
  .text               ro code  0x0800326c    0x58  stm32f3xx_hal_tim_ex.o [1]
  .text               ro code  0x080032c4    0x80  stm32f3xx_hal_crc.o [1]
  .text               ro code  0x08003344    0x14  isxxx.o [3]
  .text               ro code  0x08003358    0x14  tolower.o [3]
  .text               ro code  0x0800336c    0x58  memchr.o [5]
  .text               ro code  0x080033c4     0xc  errno.o [3]
  .text               ro code  0x080033d0    0x4a  stm32f3xx_hal_crc_ex.o [1]
  .text               ro code  0x0800341c    0x18  setlocale.o [3]
  .text               ro code  0x08003434    0x14  xlocale_c.o [3]
  .text               ro code  0x08003448     0xc  xlocale_c.o [3]
  .text               ro code  0x08003454    0x7c  system_stm32f3xx.o [1]
  .text               ro code  0x080034d0    0x40  zero_init3.o [5]
  .text               ro code  0x08003510    0x38  packbits_init_single.o [5]
  .text               ro code  0x08003548    0x30  iarttio.o [6]
  .text               ro code  0x08003578     0x8  XShttio.o [3]
  .text               ro code  0x08003580    0x28  data_init.o [5]
  .text               ro code  0x080035a8    0x24  stm32f3xx_it.o [1]
  .text               ro code  0x080035cc    0x10  stm32f3xx_hal.o [1]
  .text               ro code  0x080035dc    0x22  fpinit_M.o [4]
  .iar.init_table     const    0x08003600    0x20  - Linker created -
  .text               ro code  0x08003620    0x1a  cmain.o [5]
  .text               ro code  0x0800363a     0x4  low_level_init.o [3]
  .text               ro code  0x0800363e     0x4  exit.o [3]
  .text               ro code  0x08003644     0xa  cexit.o [5]
  .text               ro code  0x08003650    0x14  exit.o [6]
  .text               ro code  0x08003664    0x10  startup_stm32f303xc.o [1]
  .text               ro code  0x08003674     0xc  cstartup_M.o [5]
  .rodata             const    0x08003680     0x8  system_stm32f3xx.o [1]
  .text               ro code  0x08003688     0x4  startup_stm32f303xc.o [1]
  .text               ro code  0x0800368c     0x4  startup_stm32f303xc.o [1]
  .text               ro code  0x08003690     0x4  startup_stm32f303xc.o [1]
  .text               ro code  0x08003694     0x4  startup_stm32f303xc.o [1]
  .text               ro code  0x08003698     0x4  startup_stm32f303xc.o [1]
  .text               ro code  0x0800369c     0x4  startup_stm32f303xc.o [1]
  .text               ro code  0x080036a0     0x4  startup_stm32f303xc.o [1]
  .text               ro code  0x080036a4     0x4  startup_stm32f303xc.o [1]
  .text               ro code  0x080036a8     0x4  startup_stm32f303xc.o [1]
  .text               ro code  0x080036ac     0x4  startup_stm32f303xc.o [1]
  .text               ro code  0x080036b0     0x4  startup_stm32f303xc.o [1]
  .text               ro code  0x080036b4     0x4  startup_stm32f303xc.o [1]
  .text               ro code  0x080036b8     0x4  startup_stm32f303xc.o [1]
  .text               ro code  0x080036bc     0x4  startup_stm32f303xc.o [1]
  .text               ro code  0x080036c0     0x4  startup_stm32f303xc.o [1]
  .text               ro code  0x080036c4     0x4  startup_stm32f303xc.o [1]
  .text               ro code  0x080036c8     0x4  startup_stm32f303xc.o [1]
  .text               ro code  0x080036cc     0x4  startup_stm32f303xc.o [1]
  .text               ro code  0x080036d0     0x4  startup_stm32f303xc.o [1]
  .text               ro code  0x080036d4     0x4  startup_stm32f303xc.o [1]
  .text               ro code  0x080036d8     0x4  startup_stm32f303xc.o [1]
  .text               ro code  0x080036dc     0x4  startup_stm32f303xc.o [1]
  .text               ro code  0x080036e0     0x4  startup_stm32f303xc.o [1]
  .text               ro code  0x080036e4     0x4  startup_stm32f303xc.o [1]
  .text               ro code  0x080036e8     0x4  startup_stm32f303xc.o [1]
  .text               ro code  0x080036ec     0x4  startup_stm32f303xc.o [1]
  .text               ro code  0x080036f0     0x4  startup_stm32f303xc.o [1]
  .text               ro code  0x080036f4     0x4  startup_stm32f303xc.o [1]
  .text               ro code  0x080036f8     0x4  startup_stm32f303xc.o [1]
  .text               ro code  0x080036fc     0x4  startup_stm32f303xc.o [1]
  .text               ro code  0x08003700     0x4  startup_stm32f303xc.o [1]
  .text               ro code  0x08003704     0x4  startup_stm32f303xc.o [1]
  .text               ro code  0x08003708     0x4  startup_stm32f303xc.o [1]
  .text               ro code  0x0800370c     0x4  startup_stm32f303xc.o [1]
  .text               ro code  0x08003710     0x4  startup_stm32f303xc.o [1]
  .text               ro code  0x08003714     0x4  startup_stm32f303xc.o [1]
  .text               ro code  0x08003718     0x4  startup_stm32f303xc.o [1]
  .text               ro code  0x0800371c     0x4  startup_stm32f303xc.o [1]
  .text               ro code  0x08003720     0x4  startup_stm32f303xc.o [1]
  .text               ro code  0x08003724     0x4  startup_stm32f303xc.o [1]
  .text               ro code  0x08003728     0x4  startup_stm32f303xc.o [1]
  .text               ro code  0x0800372c     0x4  startup_stm32f303xc.o [1]
  .text               ro code  0x08003730     0x4  startup_stm32f303xc.o [1]
  .text               ro code  0x08003734     0x4  startup_stm32f303xc.o [1]
  .text               ro code  0x08003738     0x4  startup_stm32f303xc.o [1]
  .text               ro code  0x0800373c     0x4  startup_stm32f303xc.o [1]
  .text               ro code  0x08003740     0x4  startup_stm32f303xc.o [1]
  .text               ro code  0x08003744     0x4  startup_stm32f303xc.o [1]
  .text               ro code  0x08003748     0x4  startup_stm32f303xc.o [1]
  .text               ro code  0x0800374c     0x4  startup_stm32f303xc.o [1]
  .text               ro code  0x08003750     0x4  startup_stm32f303xc.o [1]
  .text               ro code  0x08003754     0x4  startup_stm32f303xc.o [1]
  .text               ro code  0x08003758     0x4  startup_stm32f303xc.o [1]
  .text               ro code  0x0800375c     0x4  startup_stm32f303xc.o [1]
  .text               ro code  0x08003760     0x4  startup_stm32f303xc.o [1]
  .text               ro code  0x08003764     0x4  startup_stm32f303xc.o [1]
  .text               ro code  0x08003768     0x4  startup_stm32f303xc.o [1]
  .text               ro code  0x0800376c     0x4  startup_stm32f303xc.o [1]
  .text               ro code  0x08003770     0x4  startup_stm32f303xc.o [1]
  .text               ro code  0x08003774     0x4  startup_stm32f303xc.o [1]
  .text               ro code  0x08003778     0x4  startup_stm32f303xc.o [1]
  .text               ro code  0x0800377c     0x4  startup_stm32f303xc.o [1]
  .text               ro code  0x08003780     0x4  startup_stm32f303xc.o [1]
  .text               ro code  0x08003784     0x4  startup_stm32f303xc.o [1]
  .text               ro code  0x08003788     0x4  startup_stm32f303xc.o [1]
  .text               ro code  0x0800378c     0x4  startup_stm32f303xc.o [1]
  .text               ro code  0x08003790     0x4  startup_stm32f303xc.o [1]
  .text               ro code  0x08003794     0x4  startup_stm32f303xc.o [1]
  .text               ro code  0x08003798     0x4  startup_stm32f303xc.o [1]
  .text               ro code  0x0800379c     0x4  startup_stm32f303xc.o [1]
  .text               ro code  0x080037a0     0x4  startup_stm32f303xc.o [1]
  .text               ro code  0x080037a4     0x4  startup_stm32f303xc.o [1]
  .rodata             const    0x080037a8     0x0  zero_init3.o [5]
  .rodata             const    0x080037a8     0x0  packbits_init_single.o [5]
  Initializer bytes   const    0x080037a8    0x60  <for P2-1>
                             - 0x08003808  0x3680

"P2", part 1 of 3:                          0x7a4
  P2-1                         0x20000000   0x7a4  <Init block>
    .data             inited   0x20000000    0xb0  Kulor_Funktioner.o [1]
    .data             inited   0x200000b0    0x30  Kulor_Funktioner.o [1]
    .data             inited   0x200000e0   0x61c  Kulor_Funktioner.o [1]
    .data             inited   0x200006fc    0x20  stm32f3_discovery.o [1]
    .data             inited   0x2000071c     0x4  system_stm32f3xx.o [1]
    .data             inited   0x20000720     0x8  XShttio.o [3]
    __DLIB_PERTHREAD  inited   0x20000728     0x4  strtok.o [3]
    __DLIB_PERTHREAD  inited   0x2000072c     0x4  errno.o [3]
    __DLIB_PERTHREAD  inited   0x20000730    0x74  setlocale.o [3]
                             - 0x200007a4   0x7a4

"P2", part 2 of 3:                          0x400
  CSTACK                       0x200007a8   0x400  <Block>
    CSTACK            uninit   0x200007a8   0x400  <Block tail>
                             - 0x20000ba8   0x400

"P2", part 3 of 3:                          0x634
  .bss                zero     0x20000ba8   0x578  Kulor_Funktioner.o [1]
  .bss                zero     0x20001120    0x70  usart.o [1]
  .bss                zero     0x20001190    0x24  crc.o [1]
  .bss                zero     0x200011b4    0x20  rtc.o [1]
  .bss                zero     0x200011d4     0x4  stm32f3xx_hal.o [1]
  .bss                zero     0x200011d8     0x1  Kulor_Funktioner.o [1]
                             - 0x200011d9   0x631


*******************************************************************************
*** INIT TABLE
***

          Address     Size
          -------     ----
Zero (__iar_zero_init3)
    1 destination range, total size 0x631:
          0x20000ba8  0x631

Copy/packbits (__iar_packbits_init_single3)
    1 source range, total size 0x60 (4% of destination):
          0x080037a8   0x60
    1 destination range, total size 0x7a4:
          0x20000000  0x7a4



*******************************************************************************
*** MODULE SUMMARY
***

    Module                   ro code  ro data  rw data
    ------                   -------  -------  -------
C:\Users\jonas\OneDrive\KTH\åk3\Inbygda system\lab 1\filer\KULOR_V2\EWARM\KULOR_V2\Obj: [1]
    Kulor_Funktioner.o         2 832       87    3 189
    crc.o                        100                36
    gpio.o                       380
    main.o                       226
    rtc.o                        160                32
    startup_stm32f303xc.o        696
    stm32f3_discovery.o           40        2       32
    stm32f3xx_hal.o              128                 4
    stm32f3xx_hal_cortex.o       266
    stm32f3xx_hal_crc.o          128
    stm32f3xx_hal_crc_ex.o        74
    stm32f3xx_hal_dma.o           78
    stm32f3xx_hal_gpio.o         400
    stm32f3xx_hal_msp.o          120
    stm32f3xx_hal_rcc.o        1 340
    stm32f3xx_hal_rcc_ex.o       444
    stm32f3xx_hal_rtc.o          910
    stm32f3xx_hal_rtc_ex.o        24
    stm32f3xx_hal_tim.o        1 936
    stm32f3xx_hal_tim_ex.o        92
    stm32f3xx_hal_uart.o       1 996
    stm32f3xx_hal_uart_ex.o        2
    stm32f3xx_it.o                36
    system_stm32f3xx.o           124        8        4
    tim.o                        292
    usart.o                      156               112
    --------------------------------------------------
    Total:                    12 980       97    3 409

command line: [2]
    --------------------------------------------------
    Total:

dl7M_tlf.a: [3]
    XShttio.o                      8                 8
    atoi.o                         8
    errno.o                       12                 4
    exit.o                         4
    isxxx.o                       20
    low_level_init.o               4
    setlocale.o                   24        6      116
    strcspn.o                     36
    strspn.o                      36
    strtok.o                      76        1        4
    tolower.o                     20
    xlocale_c.o                   32
    xstoul.o                     408
    xtls.o                         2
    --------------------------------------------------
    Total:                       690        7      132

m7M_tls.a: [4]
    fpinit_M.o                    34
    --------------------------------------------------
    Total:                        34

rt7M_tl.a: [5]
    ABImemcpy_unaligned.o        118
    cexit.o                       10
    cmain.o                       26
    cstartup_M.o                  12
    data_init.o                   40
    memchr.o                      88
    packbits_init_single.o        56
    zero_init3.o                  64
    --------------------------------------------------
    Total:                       414

shb_l.a: [6]
    exit.o                        20
    iarttio.o                     48
    --------------------------------------------------
    Total:                        68

    Gaps                          20        2
    Linker created                         32    1 024
------------------------------------------------------
    Grand Total:              14 206      138    4 565


*******************************************************************************
*** ENTRY LIST
***

Entry                      Address   Size  Type      Object
-----                      -------   ----  ----      ------
.iar.init_table$$Base   0x08003600          --   Gb  - Linker created -
.iar.init_table$$Limit  0x08003620          --   Gb  - Linker created -
?main                   0x08003621         Code  Gb  cmain.o [5]
AHBPrescTable           0x080034c0   0x10  Data  Gb  system_stm32f3xx.o [1]
APBPrescTable           0x08003680    0x8  Data  Gb  system_stm32f3xx.o [1]
BSP_LED_On              0x08002295   0x14  Code  Gb  stm32f3_discovery.o [1]
BitCount                0x2000001a    0x2  Data  Gb  Kulor_Funktioner.o [1]
BitValue                0x200000cc   0x14  Data  Gb  Kulor_Funktioner.o [1]
CSTACK$$Base            0x200007a8          --   Gb  - Linker created -
CSTACK$$Limit           0x20000ba8          --   Gb  - Linker created -
CalculatePulsWithd      0x08000ab9   0x26  Code  Gb  Kulor_Funktioner.o [1]
CalculateTempraturePacket
                        0x08000adf  0x100  Code  Gb  Kulor_Funktioner.o [1]
CalculateTempraturePacket::packet
                        0x2000065c   0xa0  Data  Lc  Kulor_Funktioner.o [1]
CalculateTempraturePacket::temp
                        0x200000e4  0x578  Data  Lc  Kulor_Funktioner.o [1]
CrcCode                 0x200000e0    0x1  Data  Gb  Kulor_Funktioner.o [1]
Error_Handler           0x08001545    0x2  Code  Gb  main.o [1]
HAL_CRCEx_Polynomial_Set
                        0x080033d1   0x4a  Code  Gb  stm32f3xx_hal_crc_ex.o [1]
HAL_CRC_Init            0x080032c5   0x7a  Code  Gb  stm32f3xx_hal_crc.o [1]
HAL_CRC_MspInit         0x08002ccd   0x22  Code  Gb  crc.o [1]
HAL_DMA_Abort_IT        0x080023a5   0x4e  Code  Gb  stm32f3xx_hal_dma.o [1]
HAL_Delay               0x08002cfd   0x18  Code  Wk  stm32f3xx_hal.o [1]
HAL_GPIO_Init           0x080020f9  0x15e  Code  Gb  stm32f3xx_hal_gpio.o [1]
HAL_GPIO_TogglePin      0x08002263    0x8  Code  Gb  stm32f3xx_hal_gpio.o [1]
HAL_GPIO_WritePin       0x08002257    0xc  Code  Gb  stm32f3xx_hal_gpio.o [1]
HAL_GetTick             0x08002289    0xc  Code  Wk  stm32f3xx_hal.o [1]
HAL_IncTick             0x080035cd   0x10  Code  Wk  stm32f3xx_hal.o [1]
HAL_Init                0x08002935   0x20  Code  Gb  stm32f3xx_hal.o [1]
HAL_InitTick            0x080031cd   0x28  Code  Wk  stm32f3xx_hal.o [1]
HAL_MspInit             0x080031f5   0x78  Code  Gb  stm32f3xx_hal_msp.o [1]
HAL_NVIC_EnableIRQ      0x08002f9f    0x2  Code  Gb  stm32f3xx_hal_cortex.o [1]
HAL_NVIC_SetPriority    0x08002f81   0x1e  Code  Gb  stm32f3xx_hal_cortex.o [1]
HAL_NVIC_SetPriorityGrouping
                        0x08002f7f    0x2  Code  Gb  stm32f3xx_hal_cortex.o [1]
HAL_RCCEx_PeriphCLKConfig
                        0x08002d15  0x1b0  Code  Gb  stm32f3xx_hal_rcc_ex.o [1]
HAL_RCC_ClockConfig     0x08002739  0x142  Code  Gb  stm32f3xx_hal_rcc.o [1]
HAL_RCC_GetHCLKFreq     0x080028b5    0x6  Code  Gb  stm32f3xx_hal_rcc.o [1]
HAL_RCC_GetPCLK1Freq    0x080028bb   0x16  Code  Gb  stm32f3xx_hal_rcc.o [1]
HAL_RCC_GetPCLK2Freq    0x080028d1   0x16  Code  Gb  stm32f3xx_hal_rcc.o [1]
HAL_RCC_GetSysClockFreq
                        0x0800287b   0x3a  Code  Gb  stm32f3xx_hal_rcc.o [1]
HAL_RCC_OscConfig       0x080023f9  0x340  Code  Gb  stm32f3xx_hal_rcc.o [1]
HAL_RTCEx_BKUPRead      0x080018ed    0xc  Code  Gb  stm32f3xx_hal_rtc_ex.o [1]
HAL_RTCEx_BKUPWrite     0x080018e1    0xc  Code  Gb  stm32f3xx_hal_rtc_ex.o [1]
HAL_RTC_GetDate         0x080017fb   0x48  Code  Gb  stm32f3xx_hal_rtc.o [1]
HAL_RTC_GetTime         0x080016d1   0x5a  Code  Gb  stm32f3xx_hal_rtc.o [1]
HAL_RTC_Init            0x08001551   0x9a  Code  Gb  stm32f3xx_hal_rtc.o [1]
HAL_RTC_MspInit         0x08002b59   0x10  Code  Gb  rtc.o [1]
HAL_RTC_SetDate         0x0800172b   0xd0  Code  Gb  stm32f3xx_hal_rtc.o [1]
HAL_RTC_SetTime         0x080015eb   0xe6  Code  Gb  stm32f3xx_hal_rtc.o [1]
HAL_RTC_WaitForSynchro  0x08001851   0x30  Code  Gb  stm32f3xx_hal_rtc.o [1]
HAL_SYSTICK_CLKSourceConfig
                        0x08002fa3   0x18  Code  Gb  stm32f3xx_hal_cortex.o [1]
HAL_SYSTICK_Callback    0x08002fd9    0x2  Code  Wk  stm32f3xx_hal_cortex.o [1]
HAL_SYSTICK_Config      0x08002fa1    0x2  Code  Gb  stm32f3xx_hal_cortex.o [1]
HAL_SYSTICK_IRQHandler  0x08002fd5    0x4  Code  Gb  stm32f3xx_hal_cortex.o [1]
HAL_TIMEx_BreakCallback
                        0x0800317d    0x2  Code  Wk  stm32f3xx_hal_tim_ex.o [1]
HAL_TIMEx_CommutationCallback
                        0x08003181    0x2  Code  Wk  stm32f3xx_hal_tim_ex.o [1]
HAL_TIMEx_MasterConfigSynchronization
                        0x0800326d   0x50  Code  Gb  stm32f3xx_hal_tim_ex.o [1]
HAL_TIM_Base_Init       0x08001971   0x32  Code  Gb  stm32f3xx_hal_tim.o [1]
HAL_TIM_Base_MspInit    0x08002c39   0x54  Code  Gb  tim.o [1]
HAL_TIM_ConfigClockSource
                        0x08001c99  0x104  Code  Gb  stm32f3xx_hal_tim.o [1]
HAL_TIM_IC_CaptureCallback
                        0x08000a2f   0x8a  Code  Gb  Kulor_Funktioner.o [1]
HAL_TIM_IC_ConfigChannel
                        0x08001bef   0xaa  Code  Gb  stm32f3xx_hal_tim.o [1]
HAL_TIM_IC_Init         0x080019a3   0x32  Code  Gb  stm32f3xx_hal_tim.o [1]
HAL_TIM_IC_MspInit      0x08003175    0x2  Code  Wk  stm32f3xx_hal_tim.o [1]
HAL_TIM_IC_Start_IT     0x080019d5   0x5a  Code  Gb  stm32f3xx_hal_tim.o [1]
HAL_TIM_IC_Stop_IT      0x08001a2f   0x6e  Code  Gb  stm32f3xx_hal_tim.o [1]
HAL_TIM_IRQHandler      0x08001a9d  0x152  Code  Gb  stm32f3xx_hal_tim.o [1]
HAL_TIM_OC_DelayElapsedCallback
                        0x08003177    0x2  Code  Wk  stm32f3xx_hal_tim.o [1]
HAL_TIM_PWM_PulseFinishedCallback
                        0x08003179    0x2  Code  Wk  stm32f3xx_hal_tim.o [1]
HAL_TIM_PeriodElapsedCallback
                        0x0800317b    0x2  Code  Wk  stm32f3xx_hal_tim.o [1]
HAL_TIM_ReadCapturedValue
                        0x08001de3   0x46  Code  Gb  stm32f3xx_hal_tim.o [1]
HAL_TIM_SlaveConfigSynchronization
                        0x08001da5   0x3e  Code  Gb  stm32f3xx_hal_tim.o [1]
HAL_TIM_TriggerCallback
                        0x0800317f    0x2  Code  Wk  stm32f3xx_hal_tim.o [1]
HAL_UARTEx_WakeupCallback
                        0x080023f5    0x2  Code  Wk  stm32f3xx_hal_uart_ex.o [1]
HAL_UART_ErrorCallback  0x080023f3    0x2  Code  Wk  stm32f3xx_hal_uart.o [1]
HAL_UART_IRQHandler     0x08000e49  0x144  Code  Gb  stm32f3xx_hal_uart.o [1]
HAL_UART_Init           0x08000c99   0x6a  Code  Gb  stm32f3xx_hal_uart.o [1]
HAL_UART_MspInit        0x0800233f   0x54  Code  Gb  usart.o [1]
HAL_UART_Receive_IT     0x08000dc7   0x82  Code  Gb  stm32f3xx_hal_uart.o [1]
HAL_UART_RxCpltCallback
                        0x08000193    0xa  Code  Gb  Kulor_Funktioner.o [1]
HAL_UART_Transmit       0x08000d03   0xc4  Code  Gb  stm32f3xx_hal_uart.o [1]
HAL_UART_TxCpltCallback
                        0x08000189    0xa  Code  Gb  Kulor_Funktioner.o [1]
HumidityValue           0x200000b4    0x4  Data  Gb  Kulor_Funktioner.o [1]
LED_PIN                 0x080022ac   0x10  Data  Gb  stm32f3_discovery.o [1]
LED_PORT                0x200006fc   0x20  Data  Gb  stm32f3_discovery.o [1]
MX_CRC_Init             0x08002c99   0x34  Code  Gb  crc.o [1]
MX_GPIO_Init            0x08002959  0x17c  Code  Gb  gpio.o [1]
MX_RTC_Init             0x08002ad5   0x84  Code  Gb  rtc.o [1]
MX_TIM1_Init            0x08002b75   0xc4  Code  Gb  tim.o [1]
MX_USART3_UART_Init     0x08002309   0x36  Code  Gb  usart.o [1]
NVIC_EnableIRQ          0x08002ef5   0x12  Code  Lc  stm32f3xx_hal_cortex.o [1]
NVIC_EncodePriority     0x08002f21   0x36  Code  Lc  stm32f3xx_hal_cortex.o [1]
NVIC_GetPriorityGrouping
                        0x08002eeb    0xa  Code  Lc  stm32f3xx_hal_cortex.o [1]
NVIC_SetPriority        0x08002f07   0x1a  Code  Lc  stm32f3xx_hal_cortex.o [1]
NVIC_SetPriorityGrouping
                        0x08002ed1   0x1a  Code  Lc  stm32f3xx_hal_cortex.o [1]
NewLine                 0x20000098    0x4  Data  Gb  Kulor_Funktioner.o [1]
PreambleCount           0x20000018    0x1  Data  Gb  Kulor_Funktioner.o [1]
RTC_Bcd2ToByte          0x080018cb   0x14  Code  Gb  stm32f3xx_hal_rtc.o [1]
RTC_ByteToBcd2          0x080018b5   0x16  Code  Gb  stm32f3xx_hal_rtc.o [1]
RTC_CLOCK_SETINGS       0x0800088f   0x6e  Code  Gb  Kulor_Funktioner.o [1]
RTC_CalendarConfig      0x080001d3   0xce  Code  Gb  Kulor_Funktioner.o [1]
RTC_EnterInitMode       0x08001881   0x34  Code  Gb  stm32f3xx_hal_rtc.o [1]
ReciveFromUser_clk      0x080001ad   0x26  Code  Gb  Kulor_Funktioner.o [1]
RecivedPacket           0x20000ba8  0x578  Data  Gb  Kulor_Funktioner.o [1]
Region$$Table$$Base     0x08003600          --   Gb  - Linker created -
Region$$Table$$Limit    0x08003620          --   Gb  - Linker created -
RtcHandle               0x2000001c   0x20  Data  Gb  Kulor_Funktioner.o [1]
SendToSerial            0x0800019d   0x10  Code  Gb  Kulor_Funktioner.o [1]
SetDate                 0x2000003c    0xc  Data  Gb  Kulor_Funktioner.o [1]
SetTime                 0x20000048    0x8  Data  Gb  Kulor_Funktioner.o [1]
ShowNumberOnDispaly     0x080002a1  0x446  Code  Gb  Kulor_Funktioner.o [1]
SysTick_Config          0x08002f57   0x28  Code  Lc  stm32f3xx_hal_cortex.o [1]
SysTick_Handler         0x080035a9    0xe  Code  Gb  stm32f3xx_it.o [1]
SystemClock_Config      0x080014a1   0x9e  Code  Gb  main.o [1]
SystemCoreClock         0x2000071c    0x4  Data  Gb  system_stm32f3xx.o [1]
SystemInit              0x08003455   0x52  Code  Gb  system_stm32f3xx.o [1]
TIM1_CC_IRQHandler      0x080035b7    0x6  Code  Gb  stm32f3xx_it.o [1]
TIM_Base_SetConfig      0x08001e29   0xa2  Code  Gb  stm32f3xx_hal_tim.o [1]
TIM_CCxChannelCmd       0x080020dd   0x1a  Code  Gb  stm32f3xx_hal_tim.o [1]
TIM_ETR_SetConfig       0x080020c7   0x16  Code  Gb  stm32f3xx_hal_tim.o [1]
TIM_ITRx_SetConfig      0x080020b7   0x10  Code  Lc  stm32f3xx_hal_tim.o [1]
TIM_SlaveTimer_SetConfig
                        0x08001ecb   0x72  Code  Lc  stm32f3xx_hal_tim.o [1]
TIM_TI1_ConfigInputStage
                        0x08001fcd   0x24  Code  Lc  stm32f3xx_hal_tim.o [1]
TIM_TI1_SetConfig       0x08001f3d   0x66  Code  Gb  stm32f3xx_hal_tim.o [1]
TIM_TI2_ConfigInputStage
                        0x08002027   0x26  Code  Lc  stm32f3xx_hal_tim.o [1]
TIM_TI2_SetConfig       0x08001ff1   0x36  Code  Lc  stm32f3xx_hal_tim.o [1]
TIM_TI3_SetConfig       0x0800204d   0x34  Code  Lc  stm32f3xx_hal_tim.o [1]
TIM_TI4_SetConfig       0x08002081   0x36  Code  Lc  stm32f3xx_hal_tim.o [1]
Temprature              0x200000b8    0xc  Data  Gb  Kulor_Funktioner.o [1]
TempratureValue         0x200000b0    0x4  Data  Gb  Kulor_Funktioner.o [1]
UART_AdvFeatureConfig   0x080011b1   0xc8  Code  Gb  stm32f3xx_hal_uart.o [1]
UART_CheckIdleState     0x08001279   0x64  Code  Gb  stm32f3xx_hal_uart.o [1]
UART_DMAAbortOnError    0x08001361   0x10  Code  Lc  stm32f3xx_hal_uart.o [1]
UART_EndRxTransfer      0x08001343   0x1c  Code  Lc  stm32f3xx_hal_uart.o [1]
UART_EndTransmit_IT     0x080013d5   0x1a  Code  Gb  stm32f3xx_hal_uart.o [1]
UART_Receive_IT         0x080013ef   0x74  Code  Gb  stm32f3xx_hal_uart.o [1]
UART_SetConfig          0x08000f8d  0x206  Code  Gb  stm32f3xx_hal_uart.o [1]
UART_Transmit_IT        0x08001371   0x64  Code  Gb  stm32f3xx_hal_uart.o [1]
UART_WaitOnFlagUntilTimeout
                        0x080012dd   0x66  Code  Gb  stm32f3xx_hal_uart.o [1]
USART3_IRQHandler       0x080035bd    0x6  Code  Gb  stm32f3xx_it.o [1]
UartReady               0x200011d8    0x1  Data  Gb  Kulor_Funktioner.o [1]
UppDateDisplay          0x080006e7  0x1a8  Code  Gb  Kulor_Funktioner.o [1]
UppDateDisplay::last_second
                        0x20000054    0x4  Data  Lc  Kulor_Funktioner.o [1]
_IsdstStr               0x20000734    0x4  Data  Gb  setlocale.o [3]
_LocaleC_isspace        0x08003435   0x14  Code  Gb  xlocale_c.o [3]
_LocaleC_tolower        0x08003449    0xc  Code  Gb  xlocale_c.o [3]
_LocaleForCat           0x0800341d   0x12  Code  Gb  setlocale.o [3]
_LocaleReturnString     0x20000754   0x50  Data  Lc  setlocale.o [3]
_Locale_Profile         0x20000738   0x1c  Data  Gb  setlocale.o [3]
_Strtok_ssave           0x20000728    0x4  Data  Lc  strtok.o [3]
_TzoneStr               0x20000730    0x4  Data  Gb  setlocale.o [3]
__aeabi_errno_addr      0x080033c5    0x6  Code  Gb  errno.o [3]
__cmain                 0x08003621         Code  Gb  cmain.o [5]
__exit                  0x08003651   0x14  Code  Gb  exit.o [6]
__iar_Errno             0x2000072c    0x4  Data  Gb  errno.o [3]
__iar_Memchr            0x0800336d         Code  Gb  memchr.o [5]
__iar_Stoul             0x08003121    0x4  Code  Gb  xstoul.o [3]
__iar_Stoulx            0x08002fdd  0x13e  Code  Gb  xstoul.o [3]
__iar_close_ttio        0x08003549   0x2e  Code  Gb  iarttio.o [6]
__iar_data_init3        0x08003581   0x28  Code  Gb  data_init.o [5]
__iar_dlib_perthread_access
                        0x08003183    0x2  Code  Gb  xtls.o [3]
__iar_init_vfp          0x080035dd         Code  Gb  fpinit_M.o [4]
__iar_lookup_ttioh      0x08003579    0x8  Code  Gb  XShttio.o [3]
__iar_packbits_init_single3
                        0x08003511   0x38  Code  Gb  packbits_init_single.o [5]
__iar_program_start     0x08003675         Code  Gb  cstartup_M.o [5]
__iar_ttio_handles      0x20000720    0x8  Data  Lc  XShttio.o [3]
__iar_unaligned___aeabi_memcpy
                        0x080018f9         Code  Gb  ABImemcpy_unaligned.o [5]
__iar_unaligned___aeabi_memcpy4
                        0x08001919         Code  Gb  ABImemcpy_unaligned.o [5]
__iar_unaligned___aeabi_memcpy8
                        0x08001919         Code  Gb  ABImemcpy_unaligned.o [5]
__iar_zero_init3        0x080034d1   0x40  Code  Gb  zero_init3.o [5]
__low_level_init        0x0800363b    0x4  Code  Gb  low_level_init.o [3]
__vector_table          0x08000000         Data  Gb  startup_stm32f303xc.o [1]
_call_main              0x0800362d         Code  Gb  cmain.o [5]
_exit                   0x08003645         Code  Gb  cexit.o [5]
_main                   0x08003637         Code  Gb  cmain.o [5]
aPLLMULFactorTable      0x08002914   0x10  Data  Gb  stm32f3xx_hal_rcc.o [1]
aPredivFactorTable      0x08002924   0x10  Data  Gb  stm32f3xx_hal_rcc.o [1]
atoi                    0x08001547    0x8  Code  Gb  atoi.o [3]
digits                  0x08003124   0x28  Data  Lc  xstoul.o [3]
exit                    0x0800363f    0x4  Code  Gb  exit.o [3]
getHumidity             0x08000941   0x32  Code  Gb  Kulor_Funktioner.o [1]
getTempratue            0x080008fd   0x44  Code  Gb  Kulor_Funktioner.o [1]
hcrc                    0x20001190   0x24  Data  Gb  crc.o [1]
hrtc                    0x200011b4   0x20  Data  Gb  rtc.o [1]
htim1                   0x20000058   0x40  Data  Gb  Kulor_Funktioner.o [1]
huart3                  0x20001120   0x70  Data  Gb  usart.o [1]
humidity                0x200000c4    0x8  Data  Gb  Kulor_Funktioner.o [1]
isspace                 0x08003345   0x14  Code  Gb  isxxx.o [3]
main                    0x08001465   0x3c  Code  Gb  main.o [1]
memchr                  0x0800336d         Code  Gb  memchr.o [5]
ndigs                   0x0800314c   0x28  Data  Lc  xstoul.o [3]
sdatestructure          0x20000000    0x4  Data  Gb  Kulor_Funktioner.o [1]
set_clock_serial        0x08000973   0xbc  Code  Gb  Kulor_Funktioner.o [1]
stimestructure          0x20000004   0x14  Data  Gb  Kulor_Funktioner.o [1]
strcspn                 0x080031a9   0x24  Code  Gb  strcspn.o [3]
strspn                  0x08003185   0x24  Code  Gb  strspn.o [3]
strtok                  0x080022bd   0x4c  Code  Gb  strtok.o [3]
tempInputDate           0x2000009c    0xc  Data  Gb  Kulor_Funktioner.o [1]
tempInputTime           0x200000a8    0x8  Data  Gb  Kulor_Funktioner.o [1]
tolower                 0x08003359   0x14  Code  Gb  tolower.o [3]
uwIC2Value1             0x20000050    0x4  Data  Gb  Kulor_Funktioner.o [1]
uwTick                  0x200011d4    0x4  Data  Gb  stm32f3xx_hal.o [1]


[1] = C:\Users\jonas\OneDrive\KTH\åk3\Inbygda system\lab 1\filer\KULOR_V2\EWARM\KULOR_V2\Obj
[2] = command line
[3] = dl7M_tlf.a
[4] = m7M_tls.a
[5] = rt7M_tl.a
[6] = shb_l.a

  14 206 bytes of readonly  code memory
     138 bytes of readonly  data memory
   4 565 bytes of readwrite data memory

Errors: none
Warnings: none
