###############################################################################
#
# IAR ELF Linker V7.80.3.12102/W32 for ARM                02/Mar/2017  16:35:15
# Copyright 2007-2016 IAR Systems AB.
#
#    Output file  =  
#        C:\Users\jonas\OneDrive\KTH\åk3\Inbygda system\lab
#        1\filer\KULOR_V2\EWARM\KULOR_V2\Exe\KULOR_V2.out
#    Map file     =  
#        C:\Users\jonas\OneDrive\KTH\åk3\Inbygda system\lab
#        1\filer\KULOR_V2\EWARM\KULOR_V2\List\KULOR_V2.map
#    Command line =  
#        "C:\Users\jonas\OneDrive\KTH\åk3\Inbygda system\lab
#        1\filer\KULOR_V2\EWARM\KULOR_V2\Obj\crc.o"
#        "C:\Users\jonas\OneDrive\KTH\åk3\Inbygda system\lab
#        1\filer\KULOR_V2\EWARM\KULOR_V2\Obj\gpio.o"
#        "C:\Users\jonas\OneDrive\KTH\åk3\Inbygda system\lab
#        1\filer\KULOR_V2\EWARM\KULOR_V2\Obj\Kulor_Funktioner.o"
#        "C:\Users\jonas\OneDrive\KTH\åk3\Inbygda system\lab
#        1\filer\KULOR_V2\EWARM\KULOR_V2\Obj\main.o"
#        "C:\Users\jonas\OneDrive\KTH\åk3\Inbygda system\lab
#        1\filer\KULOR_V2\EWARM\KULOR_V2\Obj\rtc.o"
#        "C:\Users\jonas\OneDrive\KTH\åk3\Inbygda system\lab
#        1\filer\KULOR_V2\EWARM\KULOR_V2\Obj\startup_stm32f303xc.o"
#        "C:\Users\jonas\OneDrive\KTH\åk3\Inbygda system\lab
#        1\filer\KULOR_V2\EWARM\KULOR_V2\Obj\stm32f3_discovery.o"
#        "C:\Users\jonas\OneDrive\KTH\åk3\Inbygda system\lab
#        1\filer\KULOR_V2\EWARM\KULOR_V2\Obj\stm32f3xx_hal.o"
#        "C:\Users\jonas\OneDrive\KTH\åk3\Inbygda system\lab
#        1\filer\KULOR_V2\EWARM\KULOR_V2\Obj\stm32f3xx_hal_cortex.o"
#        "C:\Users\jonas\OneDrive\KTH\åk3\Inbygda system\lab
#        1\filer\KULOR_V2\EWARM\KULOR_V2\Obj\stm32f3xx_hal_crc.o"
#        "C:\Users\jonas\OneDrive\KTH\åk3\Inbygda system\lab
#        1\filer\KULOR_V2\EWARM\KULOR_V2\Obj\stm32f3xx_hal_crc_ex.o"
#        "C:\Users\jonas\OneDrive\KTH\åk3\Inbygda system\lab
#        1\filer\KULOR_V2\EWARM\KULOR_V2\Obj\stm32f3xx_hal_dma.o"
#        "C:\Users\jonas\OneDrive\KTH\åk3\Inbygda system\lab
#        1\filer\KULOR_V2\EWARM\KULOR_V2\Obj\stm32f3xx_hal_flash.o"
#        "C:\Users\jonas\OneDrive\KTH\åk3\Inbygda system\lab
#        1\filer\KULOR_V2\EWARM\KULOR_V2\Obj\stm32f3xx_hal_flash_ex.o"
#        "C:\Users\jonas\OneDrive\KTH\åk3\Inbygda system\lab
#        1\filer\KULOR_V2\EWARM\KULOR_V2\Obj\stm32f3xx_hal_gpio.o"
#        "C:\Users\jonas\OneDrive\KTH\åk3\Inbygda system\lab
#        1\filer\KULOR_V2\EWARM\KULOR_V2\Obj\stm32f3xx_hal_i2c.o"
#        "C:\Users\jonas\OneDrive\KTH\åk3\Inbygda system\lab
#        1\filer\KULOR_V2\EWARM\KULOR_V2\Obj\stm32f3xx_hal_i2c_ex.o"
#        "C:\Users\jonas\OneDrive\KTH\åk3\Inbygda system\lab
#        1\filer\KULOR_V2\EWARM\KULOR_V2\Obj\stm32f3xx_hal_msp.o"
#        "C:\Users\jonas\OneDrive\KTH\åk3\Inbygda system\lab
#        1\filer\KULOR_V2\EWARM\KULOR_V2\Obj\stm32f3xx_hal_pwr.o"
#        "C:\Users\jonas\OneDrive\KTH\åk3\Inbygda system\lab
#        1\filer\KULOR_V2\EWARM\KULOR_V2\Obj\stm32f3xx_hal_pwr_ex.o"
#        "C:\Users\jonas\OneDrive\KTH\åk3\Inbygda system\lab
#        1\filer\KULOR_V2\EWARM\KULOR_V2\Obj\stm32f3xx_hal_rcc.o"
#        "C:\Users\jonas\OneDrive\KTH\åk3\Inbygda system\lab
#        1\filer\KULOR_V2\EWARM\KULOR_V2\Obj\stm32f3xx_hal_rcc_ex.o"
#        "C:\Users\jonas\OneDrive\KTH\åk3\Inbygda system\lab
#        1\filer\KULOR_V2\EWARM\KULOR_V2\Obj\stm32f3xx_hal_rtc.o"
#        "C:\Users\jonas\OneDrive\KTH\åk3\Inbygda system\lab
#        1\filer\KULOR_V2\EWARM\KULOR_V2\Obj\stm32f3xx_hal_rtc_ex.o"
#        "C:\Users\jonas\OneDrive\KTH\åk3\Inbygda system\lab
#        1\filer\KULOR_V2\EWARM\KULOR_V2\Obj\stm32f3xx_hal_tim.o"
#        "C:\Users\jonas\OneDrive\KTH\åk3\Inbygda system\lab
#        1\filer\KULOR_V2\EWARM\KULOR_V2\Obj\stm32f3xx_hal_tim_ex.o"
#        "C:\Users\jonas\OneDrive\KTH\åk3\Inbygda system\lab
#        1\filer\KULOR_V2\EWARM\KULOR_V2\Obj\stm32f3xx_hal_uart.o"
#        "C:\Users\jonas\OneDrive\KTH\åk3\Inbygda system\lab
#        1\filer\KULOR_V2\EWARM\KULOR_V2\Obj\stm32f3xx_hal_uart_ex.o"
#        "C:\Users\jonas\OneDrive\KTH\åk3\Inbygda system\lab
#        1\filer\KULOR_V2\EWARM\KULOR_V2\Obj\stm32f3xx_it.o"
#        "C:\Users\jonas\OneDrive\KTH\åk3\Inbygda system\lab
#        1\filer\KULOR_V2\EWARM\KULOR_V2\Obj\system_stm32f3xx.o"
#        "C:\Users\jonas\OneDrive\KTH\åk3\Inbygda system\lab
#        1\filer\KULOR_V2\EWARM\KULOR_V2\Obj\tim.o"
#        "C:\Users\jonas\OneDrive\KTH\åk3\Inbygda system\lab
#        1\filer\KULOR_V2\EWARM\KULOR_V2\Obj\usart.o" --redirect
#        _Printf=_PrintfFull --redirect _Scanf=_ScanfFull -o
#        "C:\Users\jonas\OneDrive\KTH\åk3\Inbygda system\lab
#        1\filer\KULOR_V2\EWARM\KULOR_V2\Exe\KULOR_V2.out" --map
#        "C:\Users\jonas\OneDrive\KTH\åk3\Inbygda system\lab
#        1\filer\KULOR_V2\EWARM\KULOR_V2\List\KULOR_V2.map" --config
#        "C:\Users\jonas\OneDrive\KTH\åk3\Inbygda system\lab
#        1\filer\KULOR_V2\EWARM/stm32f303xc_flash.icf" --semihosting --entry
#        __iar_program_start --vfe
#
###############################################################################

*******************************************************************************
*** RUNTIME MODEL ATTRIBUTES
***

CppFlavor                     = *
__Heap_Handler                = Basic
__SystemLibrary               = DLib
__dlib_dynamic_initialization = normal


*******************************************************************************
*** PLACEMENT SUMMARY
***

"A0":  place at 0x08000000 { ro section .intvec };
"P1":  place in [from 0x08000000 to 0x0803ffff] { ro };
"P2":  place in [from 0x20000000 to 0x20009fff] { rw, block CSTACK, block HEAP };
initialize by copy { rw };

  Section             Kind        Address    Size  Object
  -------             ----        -------    ----  ------
"A0":                                       0x188
  .intvec             ro code  0x08000000   0x188  startup_stm32f303xc.o [1]
                             - 0x08000188   0x188

"P1":                                      0x5c6f
  .text               ro code  0x08000188  0x119a  xprintffull.o [3]
  .text               ro code  0x08001322    0x20  xmbtowc.o [3]
  .text               ro code  0x08001344    0x16  strchr.o [5]
  .text               ro code  0x0800135c    0x36  strlen.o [5]
  .text               ro code  0x08001394    0x58  memchr.o [5]
  .text               ro code  0x080013ec     0xa  xmbcurmax.o [3]
  .text               ro code  0x080013f8    0xb0  xxmemxmalloc.o [3]
  .text               ro code  0x080014a8    0x1a  xwctomb.o [3]
  .text               ro code  0x080014c4    0x76  ABImemcpy_unaligned.o [5]
  .text               ro code  0x0800153c    0x80  xxmemxfree.o [3]
  .text               ro code  0x080015bc    0xee  I64DivMod.o [5]
  .text               ro code  0x080016aa    0x44  xdnorm.o [4]
  .text               ro code  0x080016f0    0x2e  DblCmpLe.o [4]
  .text               ro code  0x08001720    0x2e  DblCmpGe.o [4]
  .text               ro code  0x08001750   0x114  xdscale.o [4]
  .text               ro code  0x08001864    0x58  DblToI32.o [4]
  .text               ro code  0x080018bc    0x30  I32ToDbl.o [4]
  .text               ro code  0x080018ec   0x180  DblSub.o [4]
  .text               ro code  0x08001a6c   0x1a2  DblMul.o [4]
  .text               ro code  0x08001c10   0x256  DblDiv.o [4]
  .text               ro code  0x08001e68    0x6c  localeconv.o [3]
  .text               ro code  0x08001ed4     0xe  div.o [3]
  .text               ro code  0x08001ee4    0x24  setlocale.o [3]
  .text               ro code  0x08001f08    0x60  xencoding_sb.o [3]
  .text               ro code  0x08001f68    0x2c  xgetmemchunk.o [3]
  .text               ro code  0x08001f94     0x2  I64DivZer.o [5]
  .text               ro code  0x08001f98    0xd4  DblAdd.o [4]
  .text               ro code  0x0800206c     0x2  xtls.o [3]
  .text               ro code  0x08002070   0xb38  Kulor_Funktioner.o [1]
  .text               ro code  0x08002ba8   0x7ca  stm32f3xx_hal_uart.o [1]
  .text               ro code  0x08003374    0xe2  main.o [1]
  .text               ro code  0x08003456     0x8  atoi.o [3]
  .text               ro code  0x08003460   0x38e  stm32f3xx_hal_rtc.o [1]
  .text               ro code  0x080037f0    0x18  stm32f3xx_hal_rtc_ex.o [1]
  .text               ro code  0x08003808   0x786  stm32f3xx_hal_tim.o [1]
  .text               ro code  0x08003f90   0x190  stm32f3xx_hal_gpio.o [1]
  .text               ro code  0x08004120     0xc  stm32f3xx_hal.o [1]
  .text               ro code  0x0800412c    0x28  stm32f3_discovery.o [1]
  .text               ro code  0x08004154    0x4c  strtok.o [3]
  .text               ro code  0x080041a0   0x184  stm32f3xx_hal_crc.o [1]
  .text               ro code  0x08004324    0x24  printf.o [3]
  .text               ro code  0x08004348    0x9c  usart.o [1]
  .text               ro code  0x080043e4    0x4e  stm32f3xx_hal_dma.o [1]
  .text               ro code  0x08004432     0x2  stm32f3xx_hal_uart.o [1]
  .text               ro code  0x08004434     0x2  stm32f3xx_hal_uart_ex.o [1]
  .text               ro code  0x08004438   0x53c  stm32f3xx_hal_rcc.o [1]
  .text               ro code  0x08004974    0x24  stm32f3xx_hal.o [1]
  .text               ro code  0x08004998   0x17c  gpio.o [1]
  .text               ro code  0x08004b14    0xa0  rtc.o [1]
  .text               ro code  0x08004bb4   0x124  tim.o [1]
  .text               ro code  0x08004cd8    0x64  crc.o [1]
  .text               ro code  0x08004d3c    0x18  stm32f3xx_hal.o [1]
  .text               ro code  0x08004d54   0x1bc  stm32f3xx_hal_rcc_ex.o [1]
  .text               ro code  0x08004f10   0x10a  stm32f3xx_hal_cortex.o [1]
  .text               ro code  0x0800501c   0x198  xstoul.o [3]
  .text               ro code  0x080051b4     0x2  stm32f3xx_hal_tim.o [1]
  .text               ro code  0x080051b6     0x2  stm32f3xx_hal_tim.o [1]
  .text               ro code  0x080051b8     0x2  stm32f3xx_hal_tim.o [1]
  .text               ro code  0x080051ba     0x2  stm32f3xx_hal_tim.o [1]
  .text               ro code  0x080051bc     0x2  stm32f3xx_hal_tim_ex.o [1]
  .text               ro code  0x080051be     0x2  stm32f3xx_hal_tim.o [1]
  .text               ro code  0x080051c0     0x2  stm32f3xx_hal_tim_ex.o [1]
  .text               ro code  0x080051c2    0x24  strspn.o [3]
  .text               ro code  0x080051e6    0x24  strcspn.o [3]
  .text               ro code  0x0800520a    0x4a  stm32f3xx_hal_crc_ex.o [1]
  .text               ro code  0x08005254    0x28  stm32f3xx_hal.o [1]
  .text               ro code  0x0800527c    0x78  stm32f3xx_hal_msp.o [1]
  .text               ro code  0x080052f4    0x58  stm32f3xx_hal_tim_ex.o [1]
  .text               ro code  0x0800534c    0x14  isxxx.o [3]
  .text               ro code  0x08005360    0x14  tolower.o [3]
  .text               ro code  0x08005374     0xc  errno.o [3]
  .text               ro code  0x08005380    0x14  xlocale_c.o [3]
  .text               ro code  0x08005394     0xc  xlocale_c.o [3]
  .text               ro code  0x080053a0    0xd6  xfspos.o [3]
  .text               ro code  0x08005478    0xb0  fflush.o [3]
  .text               ro code  0x08005528     0xc  xfgpos.o [3]
  .text               ro code  0x08005534    0x4c  lseek.o [6]
  .text               ro code  0x08005580     0x4  xsyslock_nop.o [3]
  .text               ro code  0x08005584    0x10  write.o [6]
  .text               ro code  0x08005594    0xcc  XShHandles.o [3]
  .text               ro code  0x08005660    0x1e  dwrite.o [6]
  .text               ro code  0x0800567e    0x20  iarwstd.o [6]
  .text               ro code  0x0800569e    0x22  iarwrite.o [6]
  .text               ro code  0x080056c0    0x6c  iarttio.o [6]
  .text               ro code  0x0800572c     0x8  XShttio.o [3]
  .text               ro code  0x08005734    0xb8  xfwprep.o [3]
  .text               ro code  0x080057ec    0x22  fseek.o [3]
  .text               ro code  0x08005810    0x80  xfofind.o [3]
  .text               ro code  0x08005890    0x7c  system_stm32f3xx.o [1]
  .text               ro code  0x0800590c    0x7a  fclose.o [3]
  .text               ro code  0x08005986    0x1a  close.o [6]
  .text               ro code  0x080059a0    0x16  remove.o [6]
  .text               ro code  0x080059b6    0x78  lz77_init_single.o [5]
  .text               ro code  0x08005a30    0x58  xcloseall.o [3]
  .text               ro code  0x08005a88    0x56  fputc.o [3]
  .text               ro code  0x08005ade    0x40  zero_init3.o [5]
  .text               ro code  0x08005b20    0x28  data_init.o [5]
  .text               ro code  0x08005b48    0x24  stm32f3xx_it.o [1]
  .text               ro code  0x08005b6c    0x10  stm32f3xx_hal.o [1]
  .text               ro code  0x08005b7c    0x22  fpinit_M.o [4]
  .iar.init_table     const    0x08005ba0    0x20  - Linker created -
  .text               ro code  0x08005bc0    0x1a  cmain.o [5]
  .text               ro code  0x08005bda     0x4  low_level_init.o [3]
  .text               ro code  0x08005bde     0x4  exit.o [3]
  .text               ro code  0x08005be4     0xe  cexit.o [5]
  .text               ro code  0x08005bf4    0x14  exit.o [6]
  .text               ro code  0x08005c08    0x16  xprout.o [3]
  .text               ro code  0x08005c20     0xc  putchar.o [3]
  .text               ro code  0x08005c2c    0x10  startup_stm32f303xc.o [1]
  .text               ro code  0x08005c3c     0xc  cstartup_M.o [5]
  .rodata             const    0x08005c48     0x8  system_stm32f3xx.o [1]
  .text               ro code  0x08005c50     0x4  startup_stm32f303xc.o [1]
  .text               ro code  0x08005c54     0x4  startup_stm32f303xc.o [1]
  .text               ro code  0x08005c58     0x4  startup_stm32f303xc.o [1]
  .text               ro code  0x08005c5c     0x4  startup_stm32f303xc.o [1]
  .text               ro code  0x08005c60     0x4  startup_stm32f303xc.o [1]
  .text               ro code  0x08005c64     0x4  startup_stm32f303xc.o [1]
  .text               ro code  0x08005c68     0x4  startup_stm32f303xc.o [1]
  .text               ro code  0x08005c6c     0x4  startup_stm32f303xc.o [1]
  .text               ro code  0x08005c70     0x4  startup_stm32f303xc.o [1]
  .text               ro code  0x08005c74     0x4  startup_stm32f303xc.o [1]
  .text               ro code  0x08005c78     0x4  startup_stm32f303xc.o [1]
  .text               ro code  0x08005c7c     0x4  startup_stm32f303xc.o [1]
  .text               ro code  0x08005c80     0x4  startup_stm32f303xc.o [1]
  .text               ro code  0x08005c84     0x4  startup_stm32f303xc.o [1]
  .text               ro code  0x08005c88     0x4  startup_stm32f303xc.o [1]
  .text               ro code  0x08005c8c     0x4  startup_stm32f303xc.o [1]
  .text               ro code  0x08005c90     0x4  startup_stm32f303xc.o [1]
  .text               ro code  0x08005c94     0x4  startup_stm32f303xc.o [1]
  .text               ro code  0x08005c98     0x4  startup_stm32f303xc.o [1]
  .text               ro code  0x08005c9c     0x4  startup_stm32f303xc.o [1]
  .text               ro code  0x08005ca0     0x4  startup_stm32f303xc.o [1]
  .text               ro code  0x08005ca4     0x4  startup_stm32f303xc.o [1]
  .text               ro code  0x08005ca8     0x4  startup_stm32f303xc.o [1]
  .text               ro code  0x08005cac     0x4  startup_stm32f303xc.o [1]
  .text               ro code  0x08005cb0     0x4  startup_stm32f303xc.o [1]
  .text               ro code  0x08005cb4     0x4  startup_stm32f303xc.o [1]
  .text               ro code  0x08005cb8     0x4  startup_stm32f303xc.o [1]
  .text               ro code  0x08005cbc     0x4  startup_stm32f303xc.o [1]
  .text               ro code  0x08005cc0     0x4  startup_stm32f303xc.o [1]
  .text               ro code  0x08005cc4     0x4  startup_stm32f303xc.o [1]
  .text               ro code  0x08005cc8     0x4  startup_stm32f303xc.o [1]
  .text               ro code  0x08005ccc     0x4  startup_stm32f303xc.o [1]
  .text               ro code  0x08005cd0     0x4  startup_stm32f303xc.o [1]
  .text               ro code  0x08005cd4     0x4  startup_stm32f303xc.o [1]
  .text               ro code  0x08005cd8     0x4  startup_stm32f303xc.o [1]
  .text               ro code  0x08005cdc     0x4  startup_stm32f303xc.o [1]
  .text               ro code  0x08005ce0     0x4  startup_stm32f303xc.o [1]
  .text               ro code  0x08005ce4     0x4  startup_stm32f303xc.o [1]
  .text               ro code  0x08005ce8     0x4  startup_stm32f303xc.o [1]
  .text               ro code  0x08005cec     0x4  startup_stm32f303xc.o [1]
  .text               ro code  0x08005cf0     0x4  startup_stm32f303xc.o [1]
  .text               ro code  0x08005cf4     0x4  startup_stm32f303xc.o [1]
  .text               ro code  0x08005cf8     0x4  startup_stm32f303xc.o [1]
  .text               ro code  0x08005cfc     0x4  startup_stm32f303xc.o [1]
  .text               ro code  0x08005d00     0x4  startup_stm32f303xc.o [1]
  .text               ro code  0x08005d04     0x4  startup_stm32f303xc.o [1]
  .text               ro code  0x08005d08     0x4  startup_stm32f303xc.o [1]
  .text               ro code  0x08005d0c     0x4  startup_stm32f303xc.o [1]
  .text               ro code  0x08005d10     0x4  startup_stm32f303xc.o [1]
  .text               ro code  0x08005d14     0x4  startup_stm32f303xc.o [1]
  .text               ro code  0x08005d18     0x4  startup_stm32f303xc.o [1]
  .text               ro code  0x08005d1c     0x4  startup_stm32f303xc.o [1]
  .text               ro code  0x08005d20     0x4  startup_stm32f303xc.o [1]
  .text               ro code  0x08005d24     0x4  startup_stm32f303xc.o [1]
  .text               ro code  0x08005d28     0x4  startup_stm32f303xc.o [1]
  .text               ro code  0x08005d2c     0x4  startup_stm32f303xc.o [1]
  .text               ro code  0x08005d30     0x4  startup_stm32f303xc.o [1]
  .text               ro code  0x08005d34     0x4  startup_stm32f303xc.o [1]
  .text               ro code  0x08005d38     0x4  startup_stm32f303xc.o [1]
  .text               ro code  0x08005d3c     0x4  startup_stm32f303xc.o [1]
  .text               ro code  0x08005d40     0x4  startup_stm32f303xc.o [1]
  .text               ro code  0x08005d44     0x4  startup_stm32f303xc.o [1]
  .text               ro code  0x08005d48     0x4  startup_stm32f303xc.o [1]
  .text               ro code  0x08005d4c     0x4  startup_stm32f303xc.o [1]
  .text               ro code  0x08005d50     0x4  startup_stm32f303xc.o [1]
  .text               ro code  0x08005d54     0x4  startup_stm32f303xc.o [1]
  .text               ro code  0x08005d58     0x4  startup_stm32f303xc.o [1]
  .text               ro code  0x08005d5c     0x4  startup_stm32f303xc.o [1]
  .text               ro code  0x08005d60     0x4  startup_stm32f303xc.o [1]
  .text               ro code  0x08005d64     0x4  startup_stm32f303xc.o [1]
  .text               ro code  0x08005d68     0x4  startup_stm32f303xc.o [1]
  .text               ro code  0x08005d6c     0x4  startup_stm32f303xc.o [1]
  .text               ro code  0x08005d70     0x0  cstart_closeall.o [5]
  .rodata             const    0x08005d70     0x0  zero_init3.o [5]
  .rodata             const    0x08005d70     0x0  lz77_init_single.o [5]
  Initializer bytes   const    0x08005d70    0x87  <for P2-1>
                             - 0x08005df7  0x5c6f

"P2", part 1 of 3:                          0x5ec
  P2-1                         0x20000000   0x5ec  <Init block>
    .data             inited   0x20000000    0xb0  Kulor_Funktioner.o [1]
    .data             inited   0x200000b0    0x30  Kulor_Funktioner.o [1]
    .data             inited   0x200000e0   0x2fc  Kulor_Funktioner.o [1]
    .data             inited   0x200003dc    0x20  stm32f3_discovery.o [1]
    .data             inited   0x200003fc     0x4  system_stm32f3xx.o [1]
    .data             inited   0x20000400    0x40  xfiles.o [3]
    .data             inited   0x20000440    0x40  xfiles.o [3]
    .data             inited   0x20000480    0x40  xfiles.o [3]
    .data             inited   0x200004c0    0x20  xfiles.o [3]
    .data             inited   0x200004e0     0x8  XShttio.o [3]
    __DLIB_PERTHREAD  inited   0x200004e8     0x4  strtok.o [3]
    __DLIB_PERTHREAD  inited   0x200004ec     0x4  errno.o [3]
    __DLIB_PERTHREAD  inited   0x200004f0    0x88  localeconv.o [3]
    __DLIB_PERTHREAD  inited   0x20000578    0x74  setlocale.o [3]
                             - 0x200005ec   0x5ec

"P2", part 2 of 3:                          0x600
  CSTACK                       0x200005f0   0x400  <Block>
    CSTACK            uninit   0x200005f0   0x400  <Block tail>
  HEAP                         0x200009f0   0x200  <Block>
    HEAP              uninit   0x200009f0   0x200  <Block tail>
                             - 0x20000bf0   0x600

"P2", part 3 of 3:                          0x760
  .bss                zero     0x20000bf0   0x578  Kulor_Funktioner.o [1]
  .bss                zero     0x20001168    0x80  XShHandles.o [3]
  .bss                zero     0x200011e8    0x70  usart.o [1]
  .bss                zero     0x20001258    0x50  xfiles.o [3]
  .bss                zero     0x200012a8    0x50  xfiles.o [3]
  .bss                zero     0x200012f8    0x24  crc.o [1]
  .bss                zero     0x2000131c    0x20  rtc.o [1]
  .bss                zero     0x2000133c     0x8  xxmemxmalloc.o [3]
  .bss                zero     0x20001344     0x4  stm32f3xx_hal.o [1]
  .bss                zero     0x20001348     0x4  xgetmemchunk.o [3]
  .bss                zero     0x2000134c     0x1  Kulor_Funktioner.o [1]
                             - 0x2000134d   0x75d


*******************************************************************************
*** INIT TABLE
***

          Address     Size
          -------     ----
Zero (__iar_zero_init3)
    1 destination range, total size 0x75d:
          0x20000bf0  0x75d

Copy/lz77 (__iar_lz77_init_single3)
    1 source range, total size 0x87 (8% of destination):
          0x08005d70   0x87
    1 destination range, total size 0x5ec:
          0x20000000  0x5ec



*******************************************************************************
*** MODULE SUMMARY
***

    Module                   ro code  ro data  rw data
    ------                   -------  -------  -------
C:\Users\jonas\OneDrive\KTH\åk3\Inbygda system\lab 1\filer\KULOR_V2\EWARM\KULOR_V2\Obj: [1]
    Kulor_Funktioner.o         2 872       87    2 389
    crc.o                        100                36
    gpio.o                       380
    main.o                       226
    rtc.o                        160                32
    startup_stm32f303xc.o        696
    stm32f3_discovery.o           40        3       32
    stm32f3xx_hal.o              128                 4
    stm32f3xx_hal_cortex.o       266
    stm32f3xx_hal_crc.o          388
    stm32f3xx_hal_crc_ex.o        74
    stm32f3xx_hal_dma.o           78
    stm32f3xx_hal_gpio.o         400
    stm32f3xx_hal_msp.o          120
    stm32f3xx_hal_rcc.o        1 340
    stm32f3xx_hal_rcc_ex.o       444
    stm32f3xx_hal_rtc.o          910
    stm32f3xx_hal_rtc_ex.o        24
    stm32f3xx_hal_tim.o        1 936
    stm32f3xx_hal_tim_ex.o        92
    stm32f3xx_hal_uart.o       1 996
    stm32f3xx_hal_uart_ex.o        2
    stm32f3xx_it.o                36
    system_stm32f3xx.o           124        9        4
    tim.o                        292
    usart.o                      156               112
    --------------------------------------------------
    Total:                    13 280       99    2 609

command line: [2]
    --------------------------------------------------
    Total:

dl7M_tlf.a: [3]
    XShHandles.o                 204               128
    XShttio.o                      8                 8
    atoi.o                         8
    div.o                         14
    errno.o                       12                 4
    exit.o                         4
    fclose.o                     122
    fflush.o                     176
    fputc.o                       86
    fseek.o                       34
    isxxx.o                       20
    localeconv.o                 108       12      136
    low_level_init.o               4
    printf.o                      36
    putchar.o                     12
    setlocale.o                   36       11      116
    strcspn.o                     36
    strspn.o                      36
    strtok.o                      76        1        4
    tolower.o                     20
    xcloseall.o                   88
    xencoding_sb.o                96
    xfgpos.o                      12
    xfiles.o                               20      384
    xfofind.o                    128
    xfspos.o                     214
    xfwprep.o                    184
    xgetmemchunk.o                44                 4
    xlocale_c.o                   32
    xmbcurmax.o                   10
    xmbtowc.o                     32
    xprintffull.o              4 506
    xprout.o                      22
    xstoul.o                     408
    xsyslock_nop.o                 4
    xtls.o                         2
    xwctomb.o                     26
    xxmemxfree.o                 128
    xxmemxmalloc.o               176                 8
    --------------------------------------------------
    Total:                     7 164       44      792

m7M_tls.a: [4]
    DblAdd.o                     212
    DblCmpGe.o                    46
    DblCmpLe.o                    46
    DblDiv.o                     598
    DblMul.o                     418
    DblSub.o                     384
    DblToI32.o                    88
    I32ToDbl.o                    48
    fpinit_M.o                    34
    xdnorm.o                      68
    xdscale.o                    276
    --------------------------------------------------
    Total:                     2 218

rt7M_tl.a: [5]
    ABImemcpy_unaligned.o        118
    I64DivMod.o                  238
    I64DivZer.o                    2
    cexit.o                       14
    cmain.o                       26
    cstart_closeall.o
    cstartup_M.o                  12
    data_init.o                   40
    lz77_init_single.o           120
    memchr.o                      88
    strchr.o                      22
    strlen.o                      54
    zero_init3.o                  64
    --------------------------------------------------
    Total:                       798

shb_l.a: [6]
    close.o                       26
    dwrite.o                      30
    exit.o                        20
    iarttio.o                    108
    iarwrite.o                    34
    iarwstd.o                     32
    lseek.o                       76
    remove.o                      22
    write.o                       16
    --------------------------------------------------
    Total:                       364

    Gaps                          54        2
    Linker created                         32    1 536
------------------------------------------------------
    Grand Total:              23 878      177    4 937


*******************************************************************************
*** ENTRY LIST
***

Entry                      Address   Size  Type      Object
-----                      -------   ----  ----      ------
.iar.init_table$$Base   0x08005ba0          --   Gb  - Linker created -
.iar.init_table$$Limit  0x08005bc0          --   Gb  - Linker created -
?main                   0x08005bc1         Code  Gb  cmain.o [5]
AHBPrescTable           0x080058fc   0x10  Data  Gb  system_stm32f3xx.o [1]
APBPrescTable           0x08005c48    0x8  Data  Gb  system_stm32f3xx.o [1]
BSP_LED_On              0x0800412d   0x14  Code  Gb  stm32f3_discovery.o [1]
BitCount                0x2000001a    0x2  Data  Gb  Kulor_Funktioner.o [1]
BitValue                0x200000cc   0x14  Data  Gb  Kulor_Funktioner.o [1]
CRC_Handle_16           0x080042f1   0x34  Code  Lc  stm32f3xx_hal_crc.o [1]
CRC_Handle_8            0x0800427f   0x72  Code  Lc  stm32f3xx_hal_crc.o [1]
CSTACK$$Base            0x200005f0          --   Gb  - Linker created -
CSTACK$$Limit           0x200009f0          --   Gb  - Linker created -
CalculatePulsWithd      0x080029a3   0x26  Code  Gb  Kulor_Funktioner.o [1]
CalculateTempraturePacket
                        0x080029c9  0x118  Code  Gb  Kulor_Funktioner.o [1]
CalculateTempraturePacket::packet
                        0x2000033c   0xa0  Data  Lc  Kulor_Funktioner.o [1]
CalculateTempraturePacket::temp
                        0x200000e4  0x258  Data  Lc  Kulor_Funktioner.o [1]
CrcCode                 0x200000e0    0x1  Data  Gb  Kulor_Funktioner.o [1]
Error_Handler           0x08003455    0x2  Code  Gb  main.o [1]
HAL_CRCEx_Polynomial_Set
                        0x0800520b   0x4a  Code  Gb  stm32f3xx_hal_crc_ex.o [1]
HAL_CRC_Calculate       0x08004221   0x5e  Code  Gb  stm32f3xx_hal_crc.o [1]
HAL_CRC_Init            0x080041a1   0x7a  Code  Gb  stm32f3xx_hal_crc.o [1]
HAL_CRC_MspInit         0x08004d0d   0x22  Code  Gb  crc.o [1]
HAL_DMA_Abort_IT        0x080043e5   0x4e  Code  Gb  stm32f3xx_hal_dma.o [1]
HAL_Delay               0x08004d3d   0x18  Code  Wk  stm32f3xx_hal.o [1]
HAL_GPIO_Init           0x08003f91  0x15e  Code  Gb  stm32f3xx_hal_gpio.o [1]
HAL_GPIO_TogglePin      0x080040fb    0x8  Code  Gb  stm32f3xx_hal_gpio.o [1]
HAL_GPIO_WritePin       0x080040ef    0xc  Code  Gb  stm32f3xx_hal_gpio.o [1]
HAL_GetTick             0x08004121    0xc  Code  Wk  stm32f3xx_hal.o [1]
HAL_IncTick             0x08005b6d   0x10  Code  Wk  stm32f3xx_hal.o [1]
HAL_Init                0x08004975   0x20  Code  Gb  stm32f3xx_hal.o [1]
HAL_InitTick            0x08005255   0x28  Code  Wk  stm32f3xx_hal.o [1]
HAL_MspInit             0x0800527d   0x78  Code  Gb  stm32f3xx_hal_msp.o [1]
HAL_NVIC_EnableIRQ      0x08004fdf    0x2  Code  Gb  stm32f3xx_hal_cortex.o [1]
HAL_NVIC_SetPriority    0x08004fc1   0x1e  Code  Gb  stm32f3xx_hal_cortex.o [1]
HAL_NVIC_SetPriorityGrouping
                        0x08004fbf    0x2  Code  Gb  stm32f3xx_hal_cortex.o [1]
HAL_RCCEx_PeriphCLKConfig
                        0x08004d55  0x1b0  Code  Gb  stm32f3xx_hal_rcc_ex.o [1]
HAL_RCC_ClockConfig     0x08004779  0x142  Code  Gb  stm32f3xx_hal_rcc.o [1]
HAL_RCC_GetHCLKFreq     0x080048f5    0x6  Code  Gb  stm32f3xx_hal_rcc.o [1]
HAL_RCC_GetPCLK1Freq    0x080048fb   0x16  Code  Gb  stm32f3xx_hal_rcc.o [1]
HAL_RCC_GetPCLK2Freq    0x08004911   0x16  Code  Gb  stm32f3xx_hal_rcc.o [1]
HAL_RCC_GetSysClockFreq
                        0x080048bb   0x3a  Code  Gb  stm32f3xx_hal_rcc.o [1]
HAL_RCC_OscConfig       0x08004439  0x340  Code  Gb  stm32f3xx_hal_rcc.o [1]
HAL_RTCEx_BKUPRead      0x080037fd    0xc  Code  Gb  stm32f3xx_hal_rtc_ex.o [1]
HAL_RTCEx_BKUPWrite     0x080037f1    0xc  Code  Gb  stm32f3xx_hal_rtc_ex.o [1]
HAL_RTC_GetDate         0x0800370b   0x48  Code  Gb  stm32f3xx_hal_rtc.o [1]
HAL_RTC_GetTime         0x080035e1   0x5a  Code  Gb  stm32f3xx_hal_rtc.o [1]
HAL_RTC_Init            0x08003461   0x9a  Code  Gb  stm32f3xx_hal_rtc.o [1]
HAL_RTC_MspInit         0x08004b99   0x10  Code  Gb  rtc.o [1]
HAL_RTC_SetDate         0x0800363b   0xd0  Code  Gb  stm32f3xx_hal_rtc.o [1]
HAL_RTC_SetTime         0x080034fb   0xe6  Code  Gb  stm32f3xx_hal_rtc.o [1]
HAL_RTC_WaitForSynchro  0x08003761   0x30  Code  Gb  stm32f3xx_hal_rtc.o [1]
HAL_SYSTICK_CLKSourceConfig
                        0x08004fe3   0x18  Code  Gb  stm32f3xx_hal_cortex.o [1]
HAL_SYSTICK_Callback    0x08005019    0x2  Code  Wk  stm32f3xx_hal_cortex.o [1]
HAL_SYSTICK_Config      0x08004fe1    0x2  Code  Gb  stm32f3xx_hal_cortex.o [1]
HAL_SYSTICK_IRQHandler  0x08005015    0x4  Code  Gb  stm32f3xx_hal_cortex.o [1]
HAL_TIMEx_BreakCallback
                        0x080051bd    0x2  Code  Wk  stm32f3xx_hal_tim_ex.o [1]
HAL_TIMEx_CommutationCallback
                        0x080051c1    0x2  Code  Wk  stm32f3xx_hal_tim_ex.o [1]
HAL_TIMEx_MasterConfigSynchronization
                        0x080052f5   0x50  Code  Gb  stm32f3xx_hal_tim_ex.o [1]
HAL_TIM_Base_Init       0x08003809   0x32  Code  Gb  stm32f3xx_hal_tim.o [1]
HAL_TIM_Base_MspInit    0x08004c79   0x54  Code  Gb  tim.o [1]
HAL_TIM_ConfigClockSource
                        0x08003b31  0x104  Code  Gb  stm32f3xx_hal_tim.o [1]
HAL_TIM_IC_CaptureCallback
                        0x0800291b   0x88  Code  Gb  Kulor_Funktioner.o [1]
HAL_TIM_IC_ConfigChannel
                        0x08003a87   0xaa  Code  Gb  stm32f3xx_hal_tim.o [1]
HAL_TIM_IC_Init         0x0800383b   0x32  Code  Gb  stm32f3xx_hal_tim.o [1]
HAL_TIM_IC_MspInit      0x080051b5    0x2  Code  Wk  stm32f3xx_hal_tim.o [1]
HAL_TIM_IC_Start_IT     0x0800386d   0x5a  Code  Gb  stm32f3xx_hal_tim.o [1]
HAL_TIM_IC_Stop_IT      0x080038c7   0x6e  Code  Gb  stm32f3xx_hal_tim.o [1]
HAL_TIM_IRQHandler      0x08003935  0x152  Code  Gb  stm32f3xx_hal_tim.o [1]
HAL_TIM_OC_DelayElapsedCallback
                        0x080051b7    0x2  Code  Wk  stm32f3xx_hal_tim.o [1]
HAL_TIM_PWM_PulseFinishedCallback
                        0x080051b9    0x2  Code  Wk  stm32f3xx_hal_tim.o [1]
HAL_TIM_PeriodElapsedCallback
                        0x080051bb    0x2  Code  Wk  stm32f3xx_hal_tim.o [1]
HAL_TIM_ReadCapturedValue
                        0x08003c7b   0x46  Code  Gb  stm32f3xx_hal_tim.o [1]
HAL_TIM_SlaveConfigSynchronization
                        0x08003c3d   0x3e  Code  Gb  stm32f3xx_hal_tim.o [1]
HAL_TIM_TriggerCallback
                        0x080051bf    0x2  Code  Wk  stm32f3xx_hal_tim.o [1]
HAL_UARTEx_WakeupCallback
                        0x08004435    0x2  Code  Wk  stm32f3xx_hal_uart_ex.o [1]
HAL_UART_ErrorCallback  0x08004433    0x2  Code  Wk  stm32f3xx_hal_uart.o [1]
HAL_UART_IRQHandler     0x08002d59  0x144  Code  Gb  stm32f3xx_hal_uart.o [1]
HAL_UART_Init           0x08002ba9   0x6a  Code  Gb  stm32f3xx_hal_uart.o [1]
HAL_UART_MspInit        0x0800437f   0x54  Code  Gb  usart.o [1]
HAL_UART_Receive_IT     0x08002cd7   0x82  Code  Gb  stm32f3xx_hal_uart.o [1]
HAL_UART_RxCpltCallback
                        0x0800207b    0xa  Code  Gb  Kulor_Funktioner.o [1]
HAL_UART_Transmit       0x08002c13   0xc4  Code  Gb  stm32f3xx_hal_uart.o [1]
HAL_UART_TxCpltCallback
                        0x08002071    0xa  Code  Gb  Kulor_Funktioner.o [1]
HEAP$$Base              0x200009f0          --   Gb  - Linker created -
HEAP$$Limit             0x20000bf0          --   Gb  - Linker created -
HumidityValue           0x200000b4    0x4  Data  Gb  Kulor_Funktioner.o [1]
LED_PIN                 0x08004144   0x10  Data  Gb  stm32f3_discovery.o [1]
LED_PORT                0x200003dc   0x20  Data  Gb  stm32f3_discovery.o [1]
LoadInt                 0x080007ff   0x6e  Code  Lc  xprintffull.o [3]
MX_CRC_Init             0x08004cd9   0x34  Code  Gb  crc.o [1]
MX_GPIO_Init            0x08004999  0x17c  Code  Gb  gpio.o [1]
MX_RTC_Init             0x08004b15   0x84  Code  Gb  rtc.o [1]
MX_TIM1_Init            0x08004bb5   0xc4  Code  Gb  tim.o [1]
MX_USART3_UART_Init     0x08004349   0x36  Code  Gb  usart.o [1]
NVIC_EnableIRQ          0x08004f35   0x12  Code  Lc  stm32f3xx_hal_cortex.o [1]
NVIC_EncodePriority     0x08004f61   0x36  Code  Lc  stm32f3xx_hal_cortex.o [1]
NVIC_GetPriorityGrouping
                        0x08004f2b    0xa  Code  Lc  stm32f3xx_hal_cortex.o [1]
NVIC_SetPriority        0x08004f47   0x1a  Code  Lc  stm32f3xx_hal_cortex.o [1]
NVIC_SetPriorityGrouping
                        0x08004f11   0x1a  Code  Lc  stm32f3xx_hal_cortex.o [1]
NewLine                 0x20000098    0x4  Data  Gb  Kulor_Funktioner.o [1]
PreambleCount           0x20000018    0x1  Data  Gb  Kulor_Funktioner.o [1]
RTC_Bcd2ToByte          0x080037db   0x14  Code  Gb  stm32f3xx_hal_rtc.o [1]
RTC_ByteToBcd2          0x080037c5   0x16  Code  Gb  stm32f3xx_hal_rtc.o [1]
RTC_CLOCK_SETINGS       0x08002777   0x72  Code  Gb  Kulor_Funktioner.o [1]
RTC_CalendarConfig      0x080020bb   0xce  Code  Gb  Kulor_Funktioner.o [1]
RTC_EnterInitMode       0x08003791   0x34  Code  Gb  stm32f3xx_hal_rtc.o [1]
ReciveFromUser_clk      0x08002095   0x26  Code  Gb  Kulor_Funktioner.o [1]
RecivedPacket           0x20000bf0  0x578  Data  Gb  Kulor_Funktioner.o [1]
Region$$Table$$Base     0x08005ba0          --   Gb  - Linker created -
Region$$Table$$Limit    0x08005bc0          --   Gb  - Linker created -
RtcHandle               0x2000001c   0x20  Data  Gb  Kulor_Funktioner.o [1]
SendToSerial            0x08002085   0x10  Code  Gb  Kulor_Funktioner.o [1]
SetDate                 0x2000003c    0xc  Data  Gb  Kulor_Funktioner.o [1]
SetTime                 0x20000048    0x8  Data  Gb  Kulor_Funktioner.o [1]
ShowNumberOnDispaly     0x08002189  0x446  Code  Gb  Kulor_Funktioner.o [1]
SysTick_Config          0x08004f97   0x28  Code  Lc  stm32f3xx_hal_cortex.o [1]
SysTick_Handler         0x08005b49    0xe  Code  Gb  stm32f3xx_it.o [1]
SystemClock_Config      0x080033b1   0x9e  Code  Gb  main.o [1]
SystemCoreClock         0x200003fc    0x4  Data  Gb  system_stm32f3xx.o [1]
SystemInit              0x08005891   0x52  Code  Gb  system_stm32f3xx.o [1]
TIM1_CC_IRQHandler      0x08005b57    0x6  Code  Gb  stm32f3xx_it.o [1]
TIM_Base_SetConfig      0x08003cc1   0xa2  Code  Gb  stm32f3xx_hal_tim.o [1]
TIM_CCxChannelCmd       0x08003f75   0x1a  Code  Gb  stm32f3xx_hal_tim.o [1]
TIM_ETR_SetConfig       0x08003f5f   0x16  Code  Gb  stm32f3xx_hal_tim.o [1]
TIM_ITRx_SetConfig      0x08003f4f   0x10  Code  Lc  stm32f3xx_hal_tim.o [1]
TIM_SlaveTimer_SetConfig
                        0x08003d63   0x72  Code  Lc  stm32f3xx_hal_tim.o [1]
TIM_TI1_ConfigInputStage
                        0x08003e65   0x24  Code  Lc  stm32f3xx_hal_tim.o [1]
TIM_TI1_SetConfig       0x08003dd5   0x66  Code  Gb  stm32f3xx_hal_tim.o [1]
TIM_TI2_ConfigInputStage
                        0x08003ebf   0x26  Code  Lc  stm32f3xx_hal_tim.o [1]
TIM_TI2_SetConfig       0x08003e89   0x36  Code  Lc  stm32f3xx_hal_tim.o [1]
TIM_TI3_SetConfig       0x08003ee5   0x34  Code  Lc  stm32f3xx_hal_tim.o [1]
TIM_TI4_SetConfig       0x08003f19   0x36  Code  Lc  stm32f3xx_hal_tim.o [1]
Temprature              0x200000b8    0xc  Data  Gb  Kulor_Funktioner.o [1]
TempratureValue         0x200000b0    0x4  Data  Gb  Kulor_Funktioner.o [1]
UART_AdvFeatureConfig   0x080030c1   0xc8  Code  Gb  stm32f3xx_hal_uart.o [1]
UART_CheckIdleState     0x08003189   0x64  Code  Gb  stm32f3xx_hal_uart.o [1]
UART_DMAAbortOnError    0x08003271   0x10  Code  Lc  stm32f3xx_hal_uart.o [1]
UART_EndRxTransfer      0x08003253   0x1c  Code  Lc  stm32f3xx_hal_uart.o [1]
UART_EndTransmit_IT     0x080032e5   0x1a  Code  Gb  stm32f3xx_hal_uart.o [1]
UART_Receive_IT         0x080032ff   0x74  Code  Gb  stm32f3xx_hal_uart.o [1]
UART_SetConfig          0x08002e9d  0x206  Code  Gb  stm32f3xx_hal_uart.o [1]
UART_Transmit_IT        0x08003281   0x64  Code  Gb  stm32f3xx_hal_uart.o [1]
UART_WaitOnFlagUntilTimeout
                        0x080031ed   0x66  Code  Gb  stm32f3xx_hal_uart.o [1]
USART3_IRQHandler       0x08005b5d    0x6  Code  Gb  stm32f3xx_it.o [1]
UartReady               0x2000134c    0x1  Data  Gb  Kulor_Funktioner.o [1]
UppDateDisplay          0x080025cf  0x1a8  Code  Gb  Kulor_Funktioner.o [1]
UppDateDisplay::last_second
                        0x20000054    0x4  Data  Lc  Kulor_Funktioner.o [1]
_Close_all              0x08005a31   0x58  Code  Gb  xcloseall.o [3]
_EncodingSb_Mbtowc      0x08001f23   0x30  Code  Gb  xencoding_sb.o [3]
_EncodingSb_Mbtowc::initial
                        0x08001f60    0x8  Data  Lc  xencoding_sb.o [3]
_EncodingSb_Wctomb      0x08001f09   0x1a  Code  Gb  xencoding_sb.o [3]
_EncodingSb_Wctomb::initial
                        0x08001f58    0x8  Data  Lc  xencoding_sb.o [3]
_Files                  0x200004c0   0x20  Data  Gb  xfiles.o [3]
_Fofree                 0x08005811   0x78  Code  Gb  xfofind.o [3]
_Fspos                  0x080053a1   0xd6  Code  Gb  xfspos.o [3]
_Fwprep                 0x08005735   0xb8  Code  Gb  xfwprep.o [3]
_GenldFull              0x08001085  0x254  Code  Lc  xprintffull.o [3]
_IsdstStr               0x2000057c    0x4  Data  Gb  setlocale.o [3]
_LdtobFull              0x08000c85  0x3fa  Code  Lc  xprintffull.o [3]
_LitobFull              0x08000b79  0x10a  Code  Lc  xprintffull.o [3]
_LocaleC_isspace        0x08005381   0x14  Code  Gb  xlocale_c.o [3]
_LocaleC_tolower        0x08005395    0xc  Code  Gb  xlocale_c.o [3]
_LocaleEncoding         0x08001ef7    0xe  Code  Gb  setlocale.o [3]
_LocaleForCat           0x08001ee5   0x12  Code  Gb  setlocale.o [3]
_LocaleReturnString     0x2000059c   0x50  Data  Lc  setlocale.o [3]
_Locale_Profile         0x20000580   0x1c  Data  Gb  setlocale.o [3]
_Locale_aeabi_lconv     0x20000540   0x38  Data  Gb  localeconv.o [3]
_Locale_lconv           0x200004f0   0x50  Data  Gb  localeconv.o [3]
_Mbtowc                 0x08001323   0x20  Code  Gb  xmbtowc.o [3]
_Nnl                    0x08005529    0xc  Code  Gb  xfgpos.o [3]
_PrintfFull             0x08000189  0x660  Code  Gb  xprintffull.o [3]
_Prout                  0x08005c09   0x16  Code  Gb  xprout.o [3]
_PutcharsFull           0x080012d9   0x2e  Code  Lc  xprintffull.o [3]
_PutstrFull             0x0800086d  0x306  Code  Lc  xprintffull.o [3]
_Strtok_ssave           0x200004e8    0x4  Data  Lc  strtok.o [3]
_TzoneStr               0x20000578    0x4  Data  Gb  setlocale.o [3]
_Wctomb                 0x080014a9   0x1a  Code  Gb  xwctomb.o [3]
__aeabi_cdcmple         0x080016f1         Code  Gb  DblCmpLe.o [4]
__aeabi_cdrcmple        0x08001721         Code  Gb  DblCmpGe.o [4]
__aeabi_d2iz            0x08001865         Code  Gb  DblToI32.o [4]
__aeabi_d2uiz           0x08001891         Code  Gb  DblToI32.o [4]
__aeabi_ddiv            0x08001c11         Code  Gb  DblDiv.o [4]
__aeabi_dmul            0x08001a6d         Code  Gb  DblMul.o [4]
__aeabi_dsub            0x080018ed         Code  Gb  DblSub.o [4]
__aeabi_errno_addr      0x08005375    0x6  Code  Gb  errno.o [3]
__aeabi_i2d             0x080018bd         Code  Gb  I32ToDbl.o [4]
__aeabi_ldiv0           0x08001f95         Code  Gb  I64DivZer.o [5]
__aeabi_ui2d            0x080018d1         Code  Gb  I32ToDbl.o [4]
__aeabi_uldivmod        0x080015bd         Code  Gb  I64DivMod.o [5]
__cexit_closeall        0x08005be7         Code  Gb  cexit.o [5]
__close                 0x08005987   0x1a  Code  Gb  close.o [6]
__cmain                 0x08005bc1         Code  Gb  cmain.o [5]
__cstart_closeall       0x08005d70         Data  Gb  cstart_closeall.o [5]
__data_Aldata           0x2000133c    0x8  Data  Gb  xxmemxmalloc.o [3]
__data_GetMemChunk      0x08001f69   0x2c  Code  Gb  xgetmemchunk.o [3]
__data_GetMemChunk::start
                        0x20001348    0x4  Data  Lc  xgetmemchunk.o [3]
__dwrite                0x08005661   0x1e  Code  Gb  dwrite.o [6]
__exit                  0x08005bf5   0x14  Code  Gb  exit.o [6]
__iar_Dnorm             0x080016ab   0x44  Code  Gb  xdnorm.o [4]
__iar_Dscale            0x08001751  0x114  Code  Gb  xdscale.o [4]
__iar_Errno             0x200004ec    0x4  Data  Gb  errno.o [3]
__iar_Locale_lconv_init
                        0x08001e69   0x3a  Code  Gb  localeconv.o [3]
__iar_Lockfilelock      0x08005581    0x2  Code  Gb  xsyslock_nop.o [3]
__iar_Mbcurmax          0x080013ed    0xa  Code  Gb  xmbcurmax.o [3]
__iar_Memchr            0x08001395         Code  Gb  memchr.o [5]
__iar_Stderr            0x20000480   0x40  Data  Gb  xfiles.o [3]
__iar_Stdin             0x20000400   0x40  Data  Gb  xfiles.o [3]
__iar_Stdout            0x20000440   0x40  Data  Gb  xfiles.o [3]
__iar_Stoul             0x08005161    0x4  Code  Gb  xstoul.o [3]
__iar_Stoulx            0x0800501d  0x13e  Code  Gb  xstoul.o [3]
__iar_Strchr            0x08001345         Code  Gb  strchr.o [5]
__iar_Unlockfilelock    0x08005583    0x2  Code  Gb  xsyslock_nop.o [3]
__iar_close_ttio        0x080056c1   0x2e  Code  Gb  iarttio.o [6]
__iar_d2uiz             0x0800189d         Code  Gb  DblToI32.o [4]
__iar_dadd              0x08001f99         Code  Gb  DblAdd.o [4]
__iar_data_init3        0x08005b21   0x28  Code  Gb  data_init.o [5]
__iar_dlib_perthread_access
                        0x0800206d    0x2  Code  Gb  xtls.o [3]
__iar_dsub              0x08001901         Code  Gb  DblSub.o [4]
__iar_dsubStart         0x08001913         Code  Gb  DblSub.o [4]
__iar_get_ttio          0x080056f1   0x38  Code  Gb  iarttio.o [6]
__iar_init_vfp          0x08005b7d         Code  Gb  fpinit_M.o [4]
__iar_lookup_ttioh      0x0800572d    0x8  Code  Gb  XShttio.o [3]
__iar_lz77_init_single3
                        0x080059b7   0x78  Code  Gb  lz77_init_single.o [5]
__iar_program_start     0x08005c3d         Code  Gb  cstartup_M.o [5]
__iar_sh_Discard        0x08005595   0x3e  Code  Gb  XShHandles.o [3]
__iar_sh_Move           0x080055d9   0x46  Code  Gb  XShHandles.o [3]
__iar_sh_Pos            0x0800561f   0x3e  Code  Gb  XShHandles.o [3]
__iar_sh_stdout         0x0800567f   0x20  Code  Gb  iarwstd.o [6]
__iar_sh_write          0x0800569f   0x22  Code  Gb  iarwrite.o [6]
__iar_ttio_handles      0x200004e0    0x8  Data  Lc  XShttio.o [3]
__iar_ui2d              0x080018d5         Code  Gb  I32ToDbl.o [4]
__iar_unaligned___aeabi_memcpy
                        0x080014c5         Code  Gb  ABImemcpy_unaligned.o [5]
__iar_unaligned___aeabi_memcpy4
                        0x080014e5         Code  Gb  ABImemcpy_unaligned.o [5]
__iar_unaligned___aeabi_memcpy8
                        0x080014e5         Code  Gb  ABImemcpy_unaligned.o [5]
__iar_zero_init3        0x08005adf   0x40  Code  Gb  zero_init3.o [5]
__low_level_init        0x08005bdb    0x4  Code  Gb  low_level_init.o [3]
__lseek                 0x08005535   0x4c  Code  Gb  lseek.o [6]
__vector_table          0x08000000         Data  Gb  startup_stm32f303xc.o [1]
__write                 0x08005585   0x10  Code  Gb  write.o [6]
_call_main              0x08005bcd         Code  Gb  cmain.o [5]
_exit                   0x08005be5         Code  Gb  cexit.o [5]
_main                   0x08005bd7         Code  Gb  cmain.o [5]
aPLLMULFactorTable      0x08004954   0x10  Data  Gb  stm32f3xx_hal_rcc.o [1]
aPredivFactorTable      0x08004964   0x10  Data  Gb  stm32f3xx_hal_rcc.o [1]
atoi                    0x08003457    0x8  Code  Gb  atoi.o [3]
digits                  0x08005164   0x28  Data  Lc  xstoul.o [3]
div                     0x08001ed5    0xe  Code  Gb  div.o [3]
ebuf                    0x20001258   0x50  Data  Lc  xfiles.o [3]
exit                    0x08005bdf    0x4  Code  Gb  exit.o [3]
fclose                  0x0800590d   0x7a  Code  Gb  fclose.o [3]
fflush                  0x080054ef   0x34  Code  Gb  fflush.o [3]
fflushOne               0x08005479   0x76  Code  Lc  fflush.o [3]
fputc                   0x08005a89   0x56  Code  Gb  fputc.o [3]
free                    0x0800153d   0x7a  Code  Gb  xxmemxfree.o [3]
fseek                   0x080057ed   0x22  Code  Gb  fseek.o [3]
getHumidity             0x0800282d   0x32  Code  Gb  Kulor_Funktioner.o [1]
getTempratue            0x080027e9   0x44  Code  Gb  Kulor_Funktioner.o [1]
hcrc                    0x200012f8   0x24  Data  Gb  crc.o [1]
hrtc                    0x2000131c   0x20  Data  Gb  rtc.o [1]
htim1                   0x20000058   0x40  Data  Gb  Kulor_Funktioner.o [1]
huart3                  0x200011e8   0x70  Data  Gb  usart.o [1]
humidity                0x200000c4    0x8  Data  Gb  Kulor_Funktioner.o [1]
isspace                 0x0800534d   0x14  Code  Gb  isxxx.o [3]
localeconv              0x08001ea3   0x16  Code  Gb  localeconv.o [3]
main                    0x08003375   0x3c  Code  Gb  main.o [1]
malloc                  0x080013f9   0xac  Code  Gb  xxmemxmalloc.o [3]
memchr                  0x08001395         Code  Gb  memchr.o [5]
ndigs                   0x0800518c   0x28  Data  Lc  xstoul.o [3]
obuf                    0x200012a8   0x50  Data  Lc  xfiles.o [3]
printf                  0x08004325   0x24  Code  Gb  printf.o [3]
putchar                 0x08005c21    0xc  Code  Gb  putchar.o [3]
remove                  0x080059a1   0x16  Code  Gb  remove.o [6]
sFileInfo               0x20001168   0x80  Data  Lc  XShHandles.o [3]
sdatestructure          0x20000000    0x4  Data  Gb  Kulor_Funktioner.o [1]
set_clock_serial        0x0800285f   0xbc  Code  Gb  Kulor_Funktioner.o [1]
stimestructure          0x20000004   0x14  Data  Gb  Kulor_Funktioner.o [1]
strchr                  0x08001345         Code  Gb  strchr.o [5]
strcspn                 0x080051e7   0x24  Code  Gb  strcspn.o [3]
strlen                  0x0800135d         Code  Gb  strlen.o [5]
strspn                  0x080051c3   0x24  Code  Gb  strspn.o [3]
strtok                  0x08004155   0x4c  Code  Gb  strtok.o [3]
tempInputDate           0x2000009c    0xc  Data  Gb  Kulor_Funktioner.o [1]
tempInputTime           0x200000a8    0x8  Data  Gb  Kulor_Funktioner.o [1]
tolower                 0x08005361   0x14  Code  Gb  tolower.o [3]
uwIC2Value1             0x20000050    0x4  Data  Gb  Kulor_Funktioner.o [1]
uwTick                  0x20001344    0x4  Data  Gb  stm32f3xx_hal.o [1]


[1] = C:\Users\jonas\OneDrive\KTH\åk3\Inbygda system\lab 1\filer\KULOR_V2\EWARM\KULOR_V2\Obj
[2] = command line
[3] = dl7M_tlf.a
[4] = m7M_tls.a
[5] = rt7M_tl.a
[6] = shb_l.a

  23 878 bytes of readonly  code memory
     177 bytes of readonly  data memory
   4 937 bytes of readwrite data memory

Errors: none
Warnings: none
