###############################################################################
#
# IAR ELF Linker V7.80.3.12102/W32 for ARM                22/Feb/2017  10:00:03
# Copyright 2007-2016 IAR Systems AB.
#
#    Output file  =  
#        C:\Users\jonas\OneDrive\KTH\åk3\Inbygda system\lab
#        1\filer\KULOR_V2\EWARM\KULOR_V2\Exe\KULOR_V2.out
#    Map file     =  
#        C:\Users\jonas\OneDrive\KTH\åk3\Inbygda system\lab
#        1\filer\KULOR_V2\EWARM\KULOR_V2\List\KULOR_V2.map
#    Command line =  
#        "C:\Users\jonas\OneDrive\KTH\åk3\Inbygda system\lab
#        1\filer\KULOR_V2\EWARM\KULOR_V2\Obj\crc.o"
#        "C:\Users\jonas\OneDrive\KTH\åk3\Inbygda system\lab
#        1\filer\KULOR_V2\EWARM\KULOR_V2\Obj\gpio.o"
#        "C:\Users\jonas\OneDrive\KTH\åk3\Inbygda system\lab
#        1\filer\KULOR_V2\EWARM\KULOR_V2\Obj\Kulor_Funktioner.o"
#        "C:\Users\jonas\OneDrive\KTH\åk3\Inbygda system\lab
#        1\filer\KULOR_V2\EWARM\KULOR_V2\Obj\main.o"
#        "C:\Users\jonas\OneDrive\KTH\åk3\Inbygda system\lab
#        1\filer\KULOR_V2\EWARM\KULOR_V2\Obj\rtc.o"
#        "C:\Users\jonas\OneDrive\KTH\åk3\Inbygda system\lab
#        1\filer\KULOR_V2\EWARM\KULOR_V2\Obj\startup_stm32f303xc.o"
#        "C:\Users\jonas\OneDrive\KTH\åk3\Inbygda system\lab
#        1\filer\KULOR_V2\EWARM\KULOR_V2\Obj\stm32f3_discovery.o"
#        "C:\Users\jonas\OneDrive\KTH\åk3\Inbygda system\lab
#        1\filer\KULOR_V2\EWARM\KULOR_V2\Obj\stm32f3xx_hal.o"
#        "C:\Users\jonas\OneDrive\KTH\åk3\Inbygda system\lab
#        1\filer\KULOR_V2\EWARM\KULOR_V2\Obj\stm32f3xx_hal_cortex.o"
#        "C:\Users\jonas\OneDrive\KTH\åk3\Inbygda system\lab
#        1\filer\KULOR_V2\EWARM\KULOR_V2\Obj\stm32f3xx_hal_crc.o"
#        "C:\Users\jonas\OneDrive\KTH\åk3\Inbygda system\lab
#        1\filer\KULOR_V2\EWARM\KULOR_V2\Obj\stm32f3xx_hal_crc_ex.o"
#        "C:\Users\jonas\OneDrive\KTH\åk3\Inbygda system\lab
#        1\filer\KULOR_V2\EWARM\KULOR_V2\Obj\stm32f3xx_hal_dma.o"
#        "C:\Users\jonas\OneDrive\KTH\åk3\Inbygda system\lab
#        1\filer\KULOR_V2\EWARM\KULOR_V2\Obj\stm32f3xx_hal_flash.o"
#        "C:\Users\jonas\OneDrive\KTH\åk3\Inbygda system\lab
#        1\filer\KULOR_V2\EWARM\KULOR_V2\Obj\stm32f3xx_hal_flash_ex.o"
#        "C:\Users\jonas\OneDrive\KTH\åk3\Inbygda system\lab
#        1\filer\KULOR_V2\EWARM\KULOR_V2\Obj\stm32f3xx_hal_gpio.o"
#        "C:\Users\jonas\OneDrive\KTH\åk3\Inbygda system\lab
#        1\filer\KULOR_V2\EWARM\KULOR_V2\Obj\stm32f3xx_hal_i2c.o"
#        "C:\Users\jonas\OneDrive\KTH\åk3\Inbygda system\lab
#        1\filer\KULOR_V2\EWARM\KULOR_V2\Obj\stm32f3xx_hal_i2c_ex.o"
#        "C:\Users\jonas\OneDrive\KTH\åk3\Inbygda system\lab
#        1\filer\KULOR_V2\EWARM\KULOR_V2\Obj\stm32f3xx_hal_msp.o"
#        "C:\Users\jonas\OneDrive\KTH\åk3\Inbygda system\lab
#        1\filer\KULOR_V2\EWARM\KULOR_V2\Obj\stm32f3xx_hal_pwr.o"
#        "C:\Users\jonas\OneDrive\KTH\åk3\Inbygda system\lab
#        1\filer\KULOR_V2\EWARM\KULOR_V2\Obj\stm32f3xx_hal_pwr_ex.o"
#        "C:\Users\jonas\OneDrive\KTH\åk3\Inbygda system\lab
#        1\filer\KULOR_V2\EWARM\KULOR_V2\Obj\stm32f3xx_hal_rcc.o"
#        "C:\Users\jonas\OneDrive\KTH\åk3\Inbygda system\lab
#        1\filer\KULOR_V2\EWARM\KULOR_V2\Obj\stm32f3xx_hal_rcc_ex.o"
#        "C:\Users\jonas\OneDrive\KTH\åk3\Inbygda system\lab
#        1\filer\KULOR_V2\EWARM\KULOR_V2\Obj\stm32f3xx_hal_rtc.o"
#        "C:\Users\jonas\OneDrive\KTH\åk3\Inbygda system\lab
#        1\filer\KULOR_V2\EWARM\KULOR_V2\Obj\stm32f3xx_hal_rtc_ex.o"
#        "C:\Users\jonas\OneDrive\KTH\åk3\Inbygda system\lab
#        1\filer\KULOR_V2\EWARM\KULOR_V2\Obj\stm32f3xx_hal_tim.o"
#        "C:\Users\jonas\OneDrive\KTH\åk3\Inbygda system\lab
#        1\filer\KULOR_V2\EWARM\KULOR_V2\Obj\stm32f3xx_hal_tim_ex.o"
#        "C:\Users\jonas\OneDrive\KTH\åk3\Inbygda system\lab
#        1\filer\KULOR_V2\EWARM\KULOR_V2\Obj\stm32f3xx_hal_uart.o"
#        "C:\Users\jonas\OneDrive\KTH\åk3\Inbygda system\lab
#        1\filer\KULOR_V2\EWARM\KULOR_V2\Obj\stm32f3xx_hal_uart_ex.o"
#        "C:\Users\jonas\OneDrive\KTH\åk3\Inbygda system\lab
#        1\filer\KULOR_V2\EWARM\KULOR_V2\Obj\stm32f3xx_it.o"
#        "C:\Users\jonas\OneDrive\KTH\åk3\Inbygda system\lab
#        1\filer\KULOR_V2\EWARM\KULOR_V2\Obj\system_stm32f3xx.o"
#        "C:\Users\jonas\OneDrive\KTH\åk3\Inbygda system\lab
#        1\filer\KULOR_V2\EWARM\KULOR_V2\Obj\tim.o"
#        "C:\Users\jonas\OneDrive\KTH\åk3\Inbygda system\lab
#        1\filer\KULOR_V2\EWARM\KULOR_V2\Obj\usart.o" --redirect
#        _Printf=_PrintfFull --redirect _Scanf=_ScanfFull -o
#        "C:\Users\jonas\OneDrive\KTH\åk3\Inbygda system\lab
#        1\filer\KULOR_V2\EWARM\KULOR_V2\Exe\KULOR_V2.out" --map
#        "C:\Users\jonas\OneDrive\KTH\åk3\Inbygda system\lab
#        1\filer\KULOR_V2\EWARM\KULOR_V2\List\KULOR_V2.map" --config
#        "C:\Users\jonas\OneDrive\KTH\åk3\Inbygda system\lab
#        1\filer\KULOR_V2\EWARM/stm32f303xc_flash.icf" --semihosting --entry
#        __iar_program_start --vfe
#
###############################################################################

*******************************************************************************
*** RUNTIME MODEL ATTRIBUTES
***

CppFlavor                     = *
__Heap_Handler                = Basic
__SystemLibrary               = DLib
__dlib_dynamic_initialization = normal


*******************************************************************************
*** PLACEMENT SUMMARY
***

"A0":  place at 0x08000000 { ro section .intvec };
"P1":  place in [from 0x08000000 to 0x0803ffff] { ro };
"P2":  place in [from 0x20000000 to 0x20009fff] { rw, block CSTACK, block HEAP };
initialize by copy { rw };

  Section             Kind        Address    Size  Object
  -------             ----        -------    ----  ------
"A0":                                       0x188
  .intvec             ro code  0x08000000   0x188  startup_stm32f303xc.o [1]
                             - 0x08000188   0x188

"P1":                                      0x4a23
  .text               ro code  0x08000188  0x119a  xprintffull.o [3]
  .text               ro code  0x08001322    0x20  xmbtowc.o [3]
  .text               ro code  0x08001344    0x16  strchr.o [5]
  .text               ro code  0x0800135c    0x36  strlen.o [5]
  .text               ro code  0x08001394    0x58  memchr.o [5]
  .text               ro code  0x080013ec     0xa  xmbcurmax.o [3]
  .text               ro code  0x080013f8    0xb0  xxmemxmalloc.o [3]
  .text               ro code  0x080014a8    0x1a  xwctomb.o [3]
  .text               ro code  0x080014c4    0x76  ABImemcpy_unaligned.o [5]
  .text               ro code  0x0800153c    0x80  xxmemxfree.o [3]
  .text               ro code  0x080015bc    0xee  I64DivMod.o [5]
  .text               ro code  0x080016aa    0x44  xdnorm.o [4]
  .text               ro code  0x080016f0    0x2e  DblCmpLe.o [4]
  .text               ro code  0x08001720    0x2e  DblCmpGe.o [4]
  .text               ro code  0x08001750   0x114  xdscale.o [4]
  .text               ro code  0x08001864    0x58  DblToI32.o [4]
  .text               ro code  0x080018bc    0x30  I32ToDbl.o [4]
  .text               ro code  0x080018ec   0x180  DblSub.o [4]
  .text               ro code  0x08001a6c   0x1a2  DblMul.o [4]
  .text               ro code  0x08001c10   0x256  DblDiv.o [4]
  .text               ro code  0x08001e68    0x6c  localeconv.o [3]
  .text               ro code  0x08001ed4     0xe  div.o [3]
  .text               ro code  0x08001ee4    0x14  setlocale.o [3]
  .text               ro code  0x08001ef8    0x60  xencoding_sb.o [3]
  .text               ro code  0x08001f58    0x2c  xgetmemchunk.o [3]
  .text               ro code  0x08001f84     0x2  I64DivZer.o [5]
  .text               ro code  0x08001f88    0xd4  DblAdd.o [4]
  .text               ro code  0x0800205c     0x2  xtls.o [3]
  .text               ro code  0x08002060   0x686  stm32f3xx_hal_tim.o [1]
  .text               ro code  0x080026e8   0x128  tim.o [1]
  .text               ro code  0x08002810     0x2  stm32f3xx_hal_tim.o [1]
  .text               ro code  0x08002814    0x5c  stm32f3xx_it.o [1]
  .text               ro code  0x08002870     0x2  stm32f3xx_hal_tim.o [1]
  .text               ro code  0x08002872     0x2  stm32f3xx_hal_tim.o [1]
  .text               ro code  0x08002874     0x2  stm32f3xx_hal_tim_ex.o [1]
  .text               ro code  0x08002876     0x2  stm32f3xx_hal_tim.o [1]
  .text               ro code  0x08002878     0x2  stm32f3xx_hal_tim_ex.o [1]
  .text               ro code  0x0800287a     0x2  stm32f3xx_hal_tim.o [1]
  .text               ro code  0x0800287c    0xbe  main.o [1]
  .text               ro code  0x0800293c    0x54  stm32f3xx_hal_tim_ex.o [1]
  .text               ro code  0x08002990   0x19c  stm32f3xx_hal_gpio.o [1]
  .text               ro code  0x08002b2c    0xde  stm32f3xx_hal_cortex.o [1]
  .text               ro code  0x08002c0c    0x10  stm32f3xx_hal.o [1]
  .text               ro code  0x08002c1c   0x628  stm32f3xx_hal_uart.o [1]
  .text               ro code  0x08003244    0x24  printf.o [3]
  .text               ro code  0x08003268    0x24  stm32f3xx_hal.o [1]
  .text               ro code  0x0800328c   0x170  gpio.o [1]
  .text               ro code  0x080033fc    0x60  crc.o [1]
  .text               ro code  0x0800345c    0x8c  rtc.o [1]
  .text               ro code  0x080034e8    0x98  usart.o [1]
  .text               ro code  0x08003580    0xa0  Kulor_Funktioner.o [1]
  .text               ro code  0x08003620   0x4a8  stm32f3xx_hal_rcc.o [1]
  .text               ro code  0x08003ac8   0x1b8  stm32f3xx_hal_rcc_ex.o [1]
  .text               ro code  0x08003c80    0x4c  stm32f3xx_hal_dma.o [1]
  .text               ro code  0x08003ccc     0x2  stm32f3xx_hal_uart.o [1]
  .text               ro code  0x08003cce     0x2  stm32f3xx_hal_uart_ex.o [1]
  .text               ro code  0x08003cd0     0xc  stm32f3xx_hal.o [1]
  .text               ro code  0x08003cdc    0x28  stm32f3xx_hal.o [1]
  .text               ro code  0x08003d04    0x78  stm32f3xx_hal_msp.o [1]
  .text               ro code  0x08003d7c    0x78  stm32f3xx_hal_crc.o [1]
  .text               ro code  0x08003df4   0x2ba  stm32f3xx_hal_rtc.o [1]
  .text               ro code  0x080040b0    0x98  stm32f3_discovery.o [1]
  .text               ro code  0x08004148     0xc  stm32f3xx_hal_rtc_ex.o [1]
  .text               ro code  0x08004154    0x44  stm32f3xx_hal_crc_ex.o [1]
  .text               ro code  0x08004198    0xd6  xfspos.o [3]
  .text               ro code  0x08004270    0xb0  fflush.o [3]
  .text               ro code  0x08004320     0xc  xfgpos.o [3]
  .text               ro code  0x0800432c    0x4c  lseek.o [6]
  .text               ro code  0x08004378     0xc  errno.o [3]
  .text               ro code  0x08004384     0x4  xsyslock_nop.o [3]
  .text               ro code  0x08004388    0x10  write.o [6]
  .text               ro code  0x08004398    0xcc  XShHandles.o [3]
  .text               ro code  0x08004464    0x1e  dwrite.o [6]
  .text               ro code  0x08004482    0x20  iarwstd.o [6]
  .text               ro code  0x080044a2    0x22  iarwrite.o [6]
  .text               ro code  0x080044c4    0x6c  iarttio.o [6]
  .text               ro code  0x08004530     0x8  XShttio.o [3]
  .text               ro code  0x08004538    0xb8  xfwprep.o [3]
  .text               ro code  0x080045f0    0x22  fseek.o [3]
  .text               ro code  0x08004614    0x80  xfofind.o [3]
  .text               ro code  0x08004694    0x7c  system_stm32f3xx.o [1]
  .text               ro code  0x08004710    0x7a  fclose.o [3]
  .text               ro code  0x0800478a    0x1a  close.o [6]
  .text               ro code  0x080047a4    0x16  remove.o [6]
  .text               ro code  0x080047ba    0x78  lz77_init_single.o [5]
  .text               ro code  0x08004834    0x58  xcloseall.o [3]
  .text               ro code  0x0800488c    0x56  fputc.o [3]
  .text               ro code  0x080048e2    0x40  zero_init3.o [5]
  .text               ro code  0x08004924    0x28  data_init.o [5]
  .text               ro code  0x0800494c    0x22  fpinit_M.o [4]
  .iar.init_table     const    0x08004970    0x20  - Linker created -
  .text               ro code  0x08004990    0x1a  cmain.o [5]
  .text               ro code  0x080049aa     0x4  low_level_init.o [3]
  .text               ro code  0x080049ae     0x4  exit.o [3]
  .text               ro code  0x080049b4     0xe  cexit.o [5]
  .text               ro code  0x080049c4    0x14  exit.o [6]
  .text               ro code  0x080049d8    0x16  xprout.o [3]
  .text               ro code  0x080049f0     0xc  putchar.o [3]
  .text               ro code  0x080049fc    0x10  startup_stm32f303xc.o [1]
  .text               ro code  0x08004a0c     0xc  cstartup_M.o [5]
  .rodata             const    0x08004a18     0x8  system_stm32f3xx.o [1]
  .text               ro code  0x08004a20     0x4  startup_stm32f303xc.o [1]
  .text               ro code  0x08004a24     0x4  startup_stm32f303xc.o [1]
  .text               ro code  0x08004a28     0x4  startup_stm32f303xc.o [1]
  .text               ro code  0x08004a2c     0x4  startup_stm32f303xc.o [1]
  .text               ro code  0x08004a30     0x4  startup_stm32f303xc.o [1]
  .text               ro code  0x08004a34     0x4  startup_stm32f303xc.o [1]
  .text               ro code  0x08004a38     0x4  startup_stm32f303xc.o [1]
  .text               ro code  0x08004a3c     0x4  startup_stm32f303xc.o [1]
  .text               ro code  0x08004a40     0x4  startup_stm32f303xc.o [1]
  .text               ro code  0x08004a44     0x4  startup_stm32f303xc.o [1]
  .text               ro code  0x08004a48     0x4  startup_stm32f303xc.o [1]
  .text               ro code  0x08004a4c     0x4  startup_stm32f303xc.o [1]
  .text               ro code  0x08004a50     0x4  startup_stm32f303xc.o [1]
  .text               ro code  0x08004a54     0x4  startup_stm32f303xc.o [1]
  .text               ro code  0x08004a58     0x4  startup_stm32f303xc.o [1]
  .text               ro code  0x08004a5c     0x4  startup_stm32f303xc.o [1]
  .text               ro code  0x08004a60     0x4  startup_stm32f303xc.o [1]
  .text               ro code  0x08004a64     0x4  startup_stm32f303xc.o [1]
  .text               ro code  0x08004a68     0x4  startup_stm32f303xc.o [1]
  .text               ro code  0x08004a6c     0x4  startup_stm32f303xc.o [1]
  .text               ro code  0x08004a70     0x4  startup_stm32f303xc.o [1]
  .text               ro code  0x08004a74     0x4  startup_stm32f303xc.o [1]
  .text               ro code  0x08004a78     0x4  startup_stm32f303xc.o [1]
  .text               ro code  0x08004a7c     0x4  startup_stm32f303xc.o [1]
  .text               ro code  0x08004a80     0x4  startup_stm32f303xc.o [1]
  .text               ro code  0x08004a84     0x4  startup_stm32f303xc.o [1]
  .text               ro code  0x08004a88     0x4  startup_stm32f303xc.o [1]
  .text               ro code  0x08004a8c     0x4  startup_stm32f303xc.o [1]
  .text               ro code  0x08004a90     0x4  startup_stm32f303xc.o [1]
  .text               ro code  0x08004a94     0x4  startup_stm32f303xc.o [1]
  .text               ro code  0x08004a98     0x4  startup_stm32f303xc.o [1]
  .text               ro code  0x08004a9c     0x4  startup_stm32f303xc.o [1]
  .text               ro code  0x08004aa0     0x4  startup_stm32f303xc.o [1]
  .text               ro code  0x08004aa4     0x4  startup_stm32f303xc.o [1]
  .text               ro code  0x08004aa8     0x4  startup_stm32f303xc.o [1]
  .text               ro code  0x08004aac     0x4  startup_stm32f303xc.o [1]
  .text               ro code  0x08004ab0     0x4  startup_stm32f303xc.o [1]
  .text               ro code  0x08004ab4     0x4  startup_stm32f303xc.o [1]
  .text               ro code  0x08004ab8     0x4  startup_stm32f303xc.o [1]
  .text               ro code  0x08004abc     0x4  startup_stm32f303xc.o [1]
  .text               ro code  0x08004ac0     0x4  startup_stm32f303xc.o [1]
  .text               ro code  0x08004ac4     0x4  startup_stm32f303xc.o [1]
  .text               ro code  0x08004ac8     0x4  startup_stm32f303xc.o [1]
  .text               ro code  0x08004acc     0x4  startup_stm32f303xc.o [1]
  .text               ro code  0x08004ad0     0x4  startup_stm32f303xc.o [1]
  .text               ro code  0x08004ad4     0x4  startup_stm32f303xc.o [1]
  .text               ro code  0x08004ad8     0x4  startup_stm32f303xc.o [1]
  .text               ro code  0x08004adc     0x4  startup_stm32f303xc.o [1]
  .text               ro code  0x08004ae0     0x4  startup_stm32f303xc.o [1]
  .text               ro code  0x08004ae4     0x4  startup_stm32f303xc.o [1]
  .text               ro code  0x08004ae8     0x4  startup_stm32f303xc.o [1]
  .text               ro code  0x08004aec     0x4  startup_stm32f303xc.o [1]
  .text               ro code  0x08004af0     0x4  startup_stm32f303xc.o [1]
  .text               ro code  0x08004af4     0x4  startup_stm32f303xc.o [1]
  .text               ro code  0x08004af8     0x4  startup_stm32f303xc.o [1]
  .text               ro code  0x08004afc     0x4  startup_stm32f303xc.o [1]
  .text               ro code  0x08004b00     0x4  startup_stm32f303xc.o [1]
  .text               ro code  0x08004b04     0x4  startup_stm32f303xc.o [1]
  .text               ro code  0x08004b08     0x4  startup_stm32f303xc.o [1]
  .text               ro code  0x08004b0c     0x4  startup_stm32f303xc.o [1]
  .text               ro code  0x08004b10     0x4  startup_stm32f303xc.o [1]
  .text               ro code  0x08004b14     0x4  startup_stm32f303xc.o [1]
  .text               ro code  0x08004b18     0x4  startup_stm32f303xc.o [1]
  .text               ro code  0x08004b1c     0x4  startup_stm32f303xc.o [1]
  .text               ro code  0x08004b20     0x4  startup_stm32f303xc.o [1]
  .text               ro code  0x08004b24     0x4  startup_stm32f303xc.o [1]
  .text               ro code  0x08004b28     0x4  startup_stm32f303xc.o [1]
  .text               ro code  0x08004b2c     0x4  startup_stm32f303xc.o [1]
  .text               ro code  0x08004b30     0x4  startup_stm32f303xc.o [1]
  .text               ro code  0x08004b34     0x4  startup_stm32f303xc.o [1]
  .text               ro code  0x08004b38     0x4  startup_stm32f303xc.o [1]
  .text               ro code  0x08004b3c     0x4  startup_stm32f303xc.o [1]
  .text               ro code  0x08004b40     0x0  cstart_closeall.o [5]
  .rodata             const    0x08004b40     0x0  zero_init3.o [5]
  .rodata             const    0x08004b40     0x0  lz77_init_single.o [5]
  Initializer bytes   const    0x08004b40    0x6b  <for P2-1>
                             - 0x08004bab  0x4a23

"P2", part 1 of 3:                          0x260
  P2-1                         0x20000000   0x260  <Init block>
    .data             inited   0x20000000    0x54  Kulor_Funktioner.o [1]
    .data             inited   0x20000054    0x20  stm32f3_discovery.o [1]
    .data             inited   0x20000074     0x4  system_stm32f3xx.o [1]
    .data             inited   0x20000078    0x40  xfiles.o [3]
    .data             inited   0x200000b8    0x40  xfiles.o [3]
    .data             inited   0x200000f8    0x40  xfiles.o [3]
    .data             inited   0x20000138    0x20  xfiles.o [3]
    .data             inited   0x20000158     0x8  XShttio.o [3]
    __DLIB_PERTHREAD  inited   0x20000160     0x4  errno.o [3]
    __DLIB_PERTHREAD  inited   0x20000164    0x74  setlocale.o [3]
    __DLIB_PERTHREAD  inited   0x200001d8    0x88  localeconv.o [3]
                             - 0x20000260   0x260

"P2", part 2 of 3:                          0x600
  CSTACK                       0x20000260   0x400  <Block>
    CSTACK            uninit   0x20000260   0x400  <Block tail>
  HEAP                         0x20000660   0x200  <Block>
    HEAP              uninit   0x20000660   0x200  <Block tail>
                             - 0x20000860   0x600

"P2", part 3 of 3:                          0x22c
  .bss                zero     0x20000860    0x80  XShHandles.o [3]
  .bss                zero     0x200008e0    0x70  usart.o [1]
  .bss                zero     0x20000950    0x50  xfiles.o [3]
  .bss                zero     0x200009a0    0x50  xfiles.o [3]
  .bss                zero     0x200009f0    0x40  tim.o [1]
  .bss                zero     0x20000a30    0x24  crc.o [1]
  .bss                zero     0x20000a54    0x20  rtc.o [1]
  .bss                zero     0x20000a74     0x8  xxmemxmalloc.o [3]
  .bss                zero     0x20000a7c     0x4  stm32f3xx_hal.o [1]
  .bss                zero     0x20000a80     0x4  stm32f3xx_it.o [1]
  .bss                zero     0x20000a84     0x4  xgetmemchunk.o [3]
  .bss                zero     0x20000a88     0x1  Kulor_Funktioner.o [1]
                             - 0x20000a89   0x229


*******************************************************************************
*** INIT TABLE
***

          Address     Size
          -------     ----
Zero (__iar_zero_init3)
    1 destination range, total size 0x229:
          0x20000860  0x229

Copy/lz77 (__iar_lz77_init_single3)
    1 source range, total size 0x6b (17% of destination):
          0x08004b40   0x6b
    1 destination range, total size 0x260:
          0x20000000  0x260



*******************************************************************************
*** MODULE SUMMARY
***

    Module                   ro code  ro data  rw data
    ------                   -------  -------  -------
C:\Users\jonas\OneDrive\KTH\åk3\Inbygda system\lab 1\filer\KULOR_V2\EWARM\KULOR_V2\Obj: [1]
    Kulor_Funktioner.o           160       14       85
    crc.o                         96                36
    gpio.o                       368
    main.o                       190
    rtc.o                        140                32
    startup_stm32f303xc.o        696
    stm32f3_discovery.o          152        6       32
    stm32f3xx_hal.o              104                 4
    stm32f3xx_hal_cortex.o       222
    stm32f3xx_hal_crc.o          120
    stm32f3xx_hal_crc_ex.o        68
    stm32f3xx_hal_dma.o           76
    stm32f3xx_hal_gpio.o         412
    stm32f3xx_hal_msp.o          120
    stm32f3xx_hal_rcc.o        1 192
    stm32f3xx_hal_rcc_ex.o       440
    stm32f3xx_hal_rtc.o          698
    stm32f3xx_hal_rtc_ex.o        12
    stm32f3xx_hal_tim.o        1 680
    stm32f3xx_hal_tim_ex.o        88
    stm32f3xx_hal_uart.o       1 578
    stm32f3xx_hal_uart_ex.o        2
    stm32f3xx_it.o                92                 4
    system_stm32f3xx.o           124        9        4
    tim.o                        296                64
    usart.o                      152               112
    --------------------------------------------------
    Total:                     9 278       29      373

command line: [2]
    --------------------------------------------------
    Total:

dl7M_tlf.a: [3]
    XShHandles.o                 204               128
    XShttio.o                      8        1        8
    div.o                         14
    errno.o                       12        1        4
    exit.o                         4
    fclose.o                     122
    fflush.o                     176
    fputc.o                       86
    fseek.o                       34
    localeconv.o                 108       24      136
    low_level_init.o               4
    printf.o                      36
    putchar.o                     12
    setlocale.o                   20       21      116
    xcloseall.o                   88
    xencoding_sb.o                96
    xfgpos.o                      12
    xfiles.o                               39      384
    xfofind.o                    128
    xfspos.o                     214
    xfwprep.o                    184
    xgetmemchunk.o                44                 4
    xmbcurmax.o                   10
    xmbtowc.o                     32
    xprintffull.o              4 506
    xprout.o                      22
    xsyslock_nop.o                 4
    xtls.o                         2
    xwctomb.o                     26
    xxmemxfree.o                 128
    xxmemxmalloc.o               176                 8
    --------------------------------------------------
    Total:                     6 512       86      788

m7M_tls.a: [4]
    DblAdd.o                     212
    DblCmpGe.o                    46
    DblCmpLe.o                    46
    DblDiv.o                     598
    DblMul.o                     418
    DblSub.o                     384
    DblToI32.o                    88
    I32ToDbl.o                    48
    fpinit_M.o                    34
    xdnorm.o                      68
    xdscale.o                    276
    --------------------------------------------------
    Total:                     2 218

rt7M_tl.a: [5]
    ABImemcpy_unaligned.o        118
    I64DivMod.o                  238
    I64DivZer.o                    2
    cexit.o                       14
    cmain.o                       26
    cstart_closeall.o
    cstartup_M.o                  12
    data_init.o                   40
    lz77_init_single.o           120
    memchr.o                      88
    strchr.o                      22
    strlen.o                      54
    zero_init3.o                  64
    --------------------------------------------------
    Total:                       798

shb_l.a: [6]
    close.o                       26
    dwrite.o                      30
    exit.o                        20
    iarttio.o                    108
    iarwrite.o                    34
    iarwstd.o                     32
    lseek.o                       76
    remove.o                      22
    write.o                       16
    --------------------------------------------------
    Total:                       364

    Gaps                          52        2
    Linker created                         32    1 536
------------------------------------------------------
    Grand Total:              19 222      149    2 697


*******************************************************************************
*** ENTRY LIST
***

Entry                      Address   Size  Type      Object
-----                      -------   ----  ----      ------
.iar.init_table$$Base   0x08004970          --   Gb  - Linker created -
.iar.init_table$$Limit  0x08004990          --   Gb  - Linker created -
?main                   0x08004991         Code  Gb  cmain.o [5]
AHBPrescTable           0x08004700   0x10  Data  Gb  system_stm32f3xx.o [1]
APBPrescTable           0x08004a18    0x8  Data  Gb  system_stm32f3xx.o [1]
BSP_LED_Init            0x080040b1   0x6a  Code  Gb  stm32f3_discovery.o [1]
BSP_LED_On              0x0800411b   0x14  Code  Gb  stm32f3_discovery.o [1]
CSTACK$$Base            0x20000260          --   Gb  - Linker created -
CSTACK$$Limit           0x20000660          --   Gb  - Linker created -
Error_Handler           0x08002939    0x2  Code  Gb  main.o [1]
HAL_CRCEx_Polynomial_Set
                        0x08004155   0x44  Code  Gb  stm32f3xx_hal_crc_ex.o [1]
HAL_CRC_Init            0x08003d7d   0x72  Code  Gb  stm32f3xx_hal_crc.o [1]
HAL_CRC_MspInit         0x0800342f   0x22  Code  Gb  crc.o [1]
HAL_DMA_Abort_IT        0x08003c81   0x4c  Code  Gb  stm32f3xx_hal_dma.o [1]
HAL_GPIO_Init           0x08002991  0x16c  Code  Gb  stm32f3xx_hal_gpio.o [1]
HAL_GPIO_WritePin       0x08002b07    0xa  Code  Gb  stm32f3xx_hal_gpio.o [1]
HAL_GetTick             0x08003cd1    0xc  Code  Wk  stm32f3xx_hal.o [1]
HAL_IncTick             0x08002c0d   0x10  Code  Wk  stm32f3xx_hal.o [1]
HAL_Init                0x08003269   0x20  Code  Gb  stm32f3xx_hal.o [1]
HAL_InitTick            0x08003cdd   0x28  Code  Wk  stm32f3xx_hal.o [1]
HAL_MspInit             0x08003d05   0x78  Code  Gb  stm32f3xx_hal_msp.o [1]
HAL_NVIC_EnableIRQ      0x08002b9b    0xc  Code  Gb  stm32f3xx_hal_cortex.o [1]
HAL_NVIC_SetPriority    0x08002b61   0x3a  Code  Gb  stm32f3xx_hal_cortex.o [1]
HAL_NVIC_SetPriorityGrouping
                        0x08002b47   0x1a  Code  Gb  stm32f3xx_hal_cortex.o [1]
HAL_RCCEx_PeriphCLKConfig
                        0x08003ac9  0x1aa  Code  Gb  stm32f3xx_hal_rcc_ex.o [1]
HAL_RCC_ClockConfig     0x080038f3  0x112  Code  Gb  stm32f3xx_hal_rcc.o [1]
HAL_RCC_GetHCLKFreq     0x08003a53    0x6  Code  Gb  stm32f3xx_hal_rcc.o [1]
HAL_RCC_GetPCLK1Freq    0x08003a59   0x10  Code  Gb  stm32f3xx_hal_rcc.o [1]
HAL_RCC_GetPCLK2Freq    0x08003a69    0xe  Code  Gb  stm32f3xx_hal_rcc.o [1]
HAL_RCC_GetSysClockFreq
                        0x08003a19   0x3a  Code  Gb  stm32f3xx_hal_rcc.o [1]
HAL_RCC_OscConfig       0x08003621  0x2c0  Code  Gb  stm32f3xx_hal_rcc.o [1]
HAL_RTCEx_BKUPRead      0x08004149    0xc  Code  Gb  stm32f3xx_hal_rtc_ex.o [1]
HAL_RTC_Init            0x08003df5   0x7e  Code  Gb  stm32f3xx_hal_rtc.o [1]
HAL_RTC_MspInit         0x080034cd   0x10  Code  Gb  rtc.o [1]
HAL_RTC_SetDate         0x08003f23   0x88  Code  Gb  stm32f3xx_hal_rtc.o [1]
HAL_RTC_SetTime         0x08003e87   0x94  Code  Gb  stm32f3xx_hal_rtc.o [1]
HAL_RTC_WaitForSynchro  0x08004025   0x30  Code  Gb  stm32f3xx_hal_rtc.o [1]
HAL_SYSTICK_CLKSourceConfig
                        0x08002bd7   0x14  Code  Gb  stm32f3xx_hal_cortex.o [1]
HAL_SYSTICK_Callback    0x08002c09    0x2  Code  Wk  stm32f3xx_hal_cortex.o [1]
HAL_SYSTICK_Config      0x08002baf   0x28  Code  Gb  stm32f3xx_hal_cortex.o [1]
HAL_SYSTICK_IRQHandler  0x08002c05    0x4  Code  Gb  stm32f3xx_hal_cortex.o [1]
HAL_TIMEx_BreakCallback
                        0x08002875    0x2  Code  Wk  stm32f3xx_hal_tim_ex.o [1]
HAL_TIMEx_CommutationCallback
                        0x08002879    0x2  Code  Wk  stm32f3xx_hal_tim_ex.o [1]
HAL_TIMEx_MasterConfigSynchronization
                        0x0800293d   0x4c  Code  Gb  stm32f3xx_hal_tim_ex.o [1]
HAL_TIM_Base_Init       0x08002061   0x1a  Code  Gb  stm32f3xx_hal_tim.o [1]
HAL_TIM_Base_MspInit    0x080027af   0x54  Code  Gb  tim.o [1]
HAL_TIM_ConfigClockSource
                        0x0800236b   0xb4  Code  Gb  stm32f3xx_hal_tim.o [1]
HAL_TIM_IC_CaptureCallback
                        0x0800282f   0x20  Code  Gb  stm32f3xx_it.o [1]
HAL_TIM_IC_ConfigChannel
                        0x08002251  0x11a  Code  Gb  stm32f3xx_hal_tim.o [1]
HAL_TIM_IC_Init         0x08002097   0x1a  Code  Gb  stm32f3xx_hal_tim.o [1]
HAL_TIM_IC_MspInit      0x08002811    0x2  Code  Wk  stm32f3xx_hal_tim.o [1]
HAL_TIM_IC_Start_IT     0x080020b1   0x44  Code  Gb  stm32f3xx_hal_tim.o [1]
HAL_TIM_IRQHandler      0x08002109  0x142  Code  Gb  stm32f3xx_hal_tim.o [1]
HAL_TIM_OC_DelayElapsedCallback
                        0x08002871    0x2  Code  Wk  stm32f3xx_hal_tim.o [1]
HAL_TIM_PWM_PulseFinishedCallback
                        0x0800287b    0x2  Code  Wk  stm32f3xx_hal_tim.o [1]
HAL_TIM_PeriodElapsedCallback
                        0x08002873    0x2  Code  Wk  stm32f3xx_hal_tim.o [1]
HAL_TIM_ReadCapturedValue
                        0x08002479   0x42  Code  Gb  stm32f3xx_hal_tim.o [1]
HAL_TIM_SlaveConfigSynchronization
                        0x08002431   0x1a  Code  Gb  stm32f3xx_hal_tim.o [1]
HAL_TIM_TriggerCallback
                        0x08002877    0x2  Code  Wk  stm32f3xx_hal_tim.o [1]
HAL_UARTEx_WakeupCallback
                        0x08003ccf    0x2  Code  Wk  stm32f3xx_hal_uart_ex.o [1]
HAL_UART_ErrorCallback  0x08003ccd    0x2  Code  Wk  stm32f3xx_hal_uart.o [1]
HAL_UART_IRQHandler     0x08002ca9  0x130  Code  Gb  stm32f3xx_hal_uart.o [1]
HAL_UART_Init           0x08002c1d   0x30  Code  Gb  stm32f3xx_hal_uart.o [1]
HAL_UART_MspInit        0x0800351d   0x54  Code  Gb  usart.o [1]
HAL_UART_RxCpltCallback
                        0x08003583    0x2  Code  Gb  Kulor_Funktioner.o [1]
HAL_UART_TxCpltCallback
                        0x08003581    0x2  Code  Gb  Kulor_Funktioner.o [1]
HEAP$$Base              0x20000660          --   Gb  - Linker created -
HEAP$$Limit             0x20000860          --   Gb  - Linker created -
LED_PIN                 0x08004138   0x10  Data  Gb  stm32f3_discovery.o [1]
LED_PORT                0x20000054   0x20  Data  Gb  stm32f3_discovery.o [1]
LoadInt                 0x080007ff   0x6e  Code  Lc  xprintffull.o [3]
MX_CRC_Init             0x080033fd   0x32  Code  Gb  crc.o [1]
MX_GPIO_Init            0x0800328d  0x128  Code  Gb  gpio.o [1]
MX_RTC_Init             0x0800345d   0x70  Code  Gb  rtc.o [1]
MX_TIM1_Init            0x080026e9   0xc6  Code  Gb  tim.o [1]
MX_USART3_UART_Init     0x080034e9   0x34  Code  Gb  usart.o [1]
NVIC_SetPriority        0x08002b2d   0x1a  Code  Lc  stm32f3xx_hal_cortex.o [1]
NewLine                 0x2000003c    0x4  Data  Gb  Kulor_Funktioner.o [1]
RTC_Bcd2ToByte          0x0800409f   0x10  Code  Gb  stm32f3xx_hal_rtc.o [1]
RTC_ByteToBcd2          0x08004089   0x16  Code  Gb  stm32f3xx_hal_rtc.o [1]
RTC_CLOCK_SETINGS       0x0800358d   0x80  Code  Gb  Kulor_Funktioner.o [1]
RTC_CalendarConfig::date
                        0x20000001    0x1  Data  Lc  Kulor_Funktioner.o [1]
RTC_CalendarConfig::hour
                        0x20000003    0x1  Data  Lc  Kulor_Funktioner.o [1]
RTC_CalendarConfig::minits
                        0x20000002    0x1  Data  Lc  Kulor_Funktioner.o [1]
RTC_CalendarConfig::mouth
                        0x20000004    0x1  Data  Lc  Kulor_Funktioner.o [1]
RTC_CalendarConfig::year
                        0x20000000    0x1  Data  Lc  Kulor_Funktioner.o [1]
RTC_EnterInitMode       0x08004055   0x34  Code  Gb  stm32f3xx_hal_rtc.o [1]
Region$$Table$$Base     0x08004970          --   Gb  - Linker created -
Region$$Table$$Limit    0x08004990          --   Gb  - Linker created -
RtcHandle               0x20000008   0x20  Data  Gb  Kulor_Funktioner.o [1]
SetDate                 0x20000028    0xc  Data  Gb  Kulor_Funktioner.o [1]
SetTime                 0x20000034    0x8  Data  Gb  Kulor_Funktioner.o [1]
SysTick_Handler         0x08002815    0xe  Code  Gb  stm32f3xx_it.o [1]
SystemClock_Config      0x080028a1   0x92  Code  Gb  main.o [1]
SystemCoreClock         0x20000074    0x4  Data  Gb  system_stm32f3xx.o [1]
SystemInit              0x08004695   0x52  Code  Gb  system_stm32f3xx.o [1]
TIM1_CC_IRQHandler      0x08002823    0x6  Code  Gb  stm32f3xx_it.o [1]
TIM_Base_SetConfig      0x080024bb   0x90  Code  Gb  stm32f3xx_hal_tim.o [1]
TIM_CCxChannelCmd       0x080026cf   0x18  Code  Gb  stm32f3xx_hal_tim.o [1]
TIM_ETR_SetConfig       0x080026bb   0x14  Code  Gb  stm32f3xx_hal_tim.o [1]
TIM_ITRx_SetConfig      0x080026ab   0x10  Code  Lc  stm32f3xx_hal_tim.o [1]
TIM_SlaveTimer_SetConfig
                        0x08002551   0x5a  Code  Lc  stm32f3xx_hal_tim.o [1]
TIM_TI1_ConfigInputStage
                        0x08002631   0x22  Code  Lc  stm32f3xx_hal_tim.o [1]
TIM_TI1_SetConfig       0x080025ab   0x5a  Code  Gb  stm32f3xx_hal_tim.o [1]
TIM_TI2_ConfigInputStage
                        0x08002687   0x24  Code  Lc  stm32f3xx_hal_tim.o [1]
TIM_TI2_SetConfig       0x08002653   0x34  Code  Lc  stm32f3xx_hal_tim.o [1]
UART_AdvFeatureConfig   0x08002fad   0xc6  Code  Gb  stm32f3xx_hal_uart.o [1]
UART_CheckIdleState     0x08003073   0x56  Code  Gb  stm32f3xx_hal_uart.o [1]
UART_DMAAbortOnError    0x0800314d   0x10  Code  Lc  stm32f3xx_hal_uart.o [1]
UART_EndRxTransfer      0x0800312d   0x1c  Code  Lc  stm32f3xx_hal_uart.o [1]
UART_EndTransmit_IT     0x080031bd   0x1a  Code  Gb  stm32f3xx_hal_uart.o [1]
UART_Receive_IT         0x080031d7   0x6e  Code  Gb  stm32f3xx_hal_uart.o [1]
UART_SetConfig          0x08002de5  0x1ac  Code  Gb  stm32f3xx_hal_uart.o [1]
UART_Transmit_IT        0x0800315d   0x60  Code  Gb  stm32f3xx_hal_uart.o [1]
UART_WaitOnFlagUntilTimeout
                        0x080030c9   0x58  Code  Gb  stm32f3xx_hal_uart.o [1]
USART3_IRQHandler       0x08002829    0x6  Code  Gb  stm32f3xx_it.o [1]
UartReady               0x20000a88    0x1  Data  Gb  Kulor_Funktioner.o [1]
_Close_all              0x08004835   0x58  Code  Gb  xcloseall.o [3]
_EncodingSb_Mbtowc      0x08001f13   0x30  Code  Gb  xencoding_sb.o [3]
_EncodingSb_Mbtowc::initial
                        0x08001f50    0x8  Data  Lc  xencoding_sb.o [3]
_EncodingSb_Wctomb      0x08001ef9   0x1a  Code  Gb  xencoding_sb.o [3]
_EncodingSb_Wctomb::initial
                        0x08001f48    0x8  Data  Lc  xencoding_sb.o [3]
_Files                  0x20000138   0x20  Data  Gb  xfiles.o [3]
_Fofree                 0x08004615   0x78  Code  Gb  xfofind.o [3]
_Fspos                  0x08004199   0xd6  Code  Gb  xfspos.o [3]
_Fwprep                 0x08004539   0xb8  Code  Gb  xfwprep.o [3]
_GenldFull              0x08001085  0x254  Code  Lc  xprintffull.o [3]
_IsdstStr               0x20000168    0x4  Data  Gb  setlocale.o [3]
_LdtobFull              0x08000c85  0x3fa  Code  Lc  xprintffull.o [3]
_LitobFull              0x08000b79  0x10a  Code  Lc  xprintffull.o [3]
_LocaleEncoding         0x08001ee5    0xe  Code  Gb  setlocale.o [3]
_LocaleReturnString     0x20000188   0x50  Data  Lc  setlocale.o [3]
_Locale_Profile         0x2000016c   0x1c  Data  Gb  setlocale.o [3]
_Locale_aeabi_lconv     0x20000228   0x38  Data  Gb  localeconv.o [3]
_Locale_lconv           0x200001d8   0x50  Data  Gb  localeconv.o [3]
_Mbtowc                 0x08001323   0x20  Code  Gb  xmbtowc.o [3]
_Nnl                    0x08004321    0xc  Code  Gb  xfgpos.o [3]
_PrintfFull             0x08000189  0x660  Code  Gb  xprintffull.o [3]
_Prout                  0x080049d9   0x16  Code  Gb  xprout.o [3]
_PutcharsFull           0x080012d9   0x2e  Code  Lc  xprintffull.o [3]
_PutstrFull             0x0800086d  0x306  Code  Lc  xprintffull.o [3]
_TzoneStr               0x20000164    0x4  Data  Gb  setlocale.o [3]
_Wctomb                 0x080014a9   0x1a  Code  Gb  xwctomb.o [3]
__aeabi_cdcmple         0x080016f1         Code  Gb  DblCmpLe.o [4]
__aeabi_cdrcmple        0x08001721         Code  Gb  DblCmpGe.o [4]
__aeabi_d2iz            0x08001865         Code  Gb  DblToI32.o [4]
__aeabi_d2uiz           0x08001891         Code  Gb  DblToI32.o [4]
__aeabi_ddiv            0x08001c11         Code  Gb  DblDiv.o [4]
__aeabi_dmul            0x08001a6d         Code  Gb  DblMul.o [4]
__aeabi_dsub            0x080018ed         Code  Gb  DblSub.o [4]
__aeabi_errno_addr      0x08004379    0x6  Code  Gb  errno.o [3]
__aeabi_i2d             0x080018bd         Code  Gb  I32ToDbl.o [4]
__aeabi_ldiv0           0x08001f85         Code  Gb  I64DivZer.o [5]
__aeabi_ui2d            0x080018d1         Code  Gb  I32ToDbl.o [4]
__aeabi_uldivmod        0x080015bd         Code  Gb  I64DivMod.o [5]
__cexit_closeall        0x080049b7         Code  Gb  cexit.o [5]
__close                 0x0800478b   0x1a  Code  Gb  close.o [6]
__cmain                 0x08004991         Code  Gb  cmain.o [5]
__cstart_closeall       0x08004b40         Data  Gb  cstart_closeall.o [5]
__data_Aldata           0x20000a74    0x8  Data  Gb  xxmemxmalloc.o [3]
__data_GetMemChunk      0x08001f59   0x2c  Code  Gb  xgetmemchunk.o [3]
__data_GetMemChunk::start
                        0x20000a84    0x4  Data  Lc  xgetmemchunk.o [3]
__dwrite                0x08004465   0x1e  Code  Gb  dwrite.o [6]
__exit                  0x080049c5   0x14  Code  Gb  exit.o [6]
__iar_Dnorm             0x080016ab   0x44  Code  Gb  xdnorm.o [4]
__iar_Dscale            0x08001751  0x114  Code  Gb  xdscale.o [4]
__iar_Errno             0x20000160    0x4  Data  Gb  errno.o [3]
__iar_Locale_lconv_init
                        0x08001e69   0x3a  Code  Gb  localeconv.o [3]
__iar_Lockfilelock      0x08004385    0x2  Code  Gb  xsyslock_nop.o [3]
__iar_Mbcurmax          0x080013ed    0xa  Code  Gb  xmbcurmax.o [3]
__iar_Memchr            0x08001395         Code  Gb  memchr.o [5]
__iar_Stderr            0x200000f8   0x40  Data  Gb  xfiles.o [3]
__iar_Stdin             0x20000078   0x40  Data  Gb  xfiles.o [3]
__iar_Stdout            0x200000b8   0x40  Data  Gb  xfiles.o [3]
__iar_Strchr            0x08001345         Code  Gb  strchr.o [5]
__iar_Unlockfilelock    0x08004387    0x2  Code  Gb  xsyslock_nop.o [3]
__iar_close_ttio        0x080044c5   0x2e  Code  Gb  iarttio.o [6]
__iar_d2uiz             0x0800189d         Code  Gb  DblToI32.o [4]
__iar_dadd              0x08001f89         Code  Gb  DblAdd.o [4]
__iar_data_init3        0x08004925   0x28  Code  Gb  data_init.o [5]
__iar_dlib_perthread_access
                        0x0800205d    0x2  Code  Gb  xtls.o [3]
__iar_dsub              0x08001901         Code  Gb  DblSub.o [4]
__iar_dsubStart         0x08001913         Code  Gb  DblSub.o [4]
__iar_get_ttio          0x080044f5   0x38  Code  Gb  iarttio.o [6]
__iar_init_vfp          0x0800494d         Code  Gb  fpinit_M.o [4]
__iar_lookup_ttioh      0x08004531    0x8  Code  Gb  XShttio.o [3]
__iar_lz77_init_single3
                        0x080047bb   0x78  Code  Gb  lz77_init_single.o [5]
__iar_program_start     0x08004a0d         Code  Gb  cstartup_M.o [5]
__iar_sh_Discard        0x08004399   0x3e  Code  Gb  XShHandles.o [3]
__iar_sh_Move           0x080043dd   0x46  Code  Gb  XShHandles.o [3]
__iar_sh_Pos            0x08004423   0x3e  Code  Gb  XShHandles.o [3]
__iar_sh_stdout         0x08004483   0x20  Code  Gb  iarwstd.o [6]
__iar_sh_write          0x080044a3   0x22  Code  Gb  iarwrite.o [6]
__iar_ttio_handles      0x20000158    0x8  Data  Lc  XShttio.o [3]
__iar_ui2d              0x080018d5         Code  Gb  I32ToDbl.o [4]
__iar_unaligned___aeabi_memcpy
                        0x080014c5         Code  Gb  ABImemcpy_unaligned.o [5]
__iar_unaligned___aeabi_memcpy4
                        0x080014e5         Code  Gb  ABImemcpy_unaligned.o [5]
__iar_unaligned___aeabi_memcpy8
                        0x080014e5         Code  Gb  ABImemcpy_unaligned.o [5]
__iar_zero_init3        0x080048e3   0x40  Code  Gb  zero_init3.o [5]
__low_level_init        0x080049ab    0x4  Code  Gb  low_level_init.o [3]
__lseek                 0x0800432d   0x4c  Code  Gb  lseek.o [6]
__vector_table          0x08000000         Data  Gb  startup_stm32f303xc.o [1]
__write                 0x08004389   0x10  Code  Gb  write.o [6]
_call_main              0x0800499d         Code  Gb  cmain.o [5]
_exit                   0x080049b5         Code  Gb  cexit.o [5]
_main                   0x080049a7         Code  Gb  cmain.o [5]
aPLLMULFactorTable      0x08003aa8   0x10  Data  Gb  stm32f3xx_hal_rcc.o [1]
aPredivFactorTable      0x08003ab8   0x10  Data  Gb  stm32f3xx_hal_rcc.o [1]
div                     0x08001ed5    0xe  Code  Gb  div.o [3]
ebuf                    0x20000950   0x50  Data  Lc  xfiles.o [3]
exit                    0x080049af    0x4  Code  Gb  exit.o [3]
fclose                  0x08004711   0x7a  Code  Gb  fclose.o [3]
fflush                  0x080042e7   0x34  Code  Gb  fflush.o [3]
fflushOne               0x08004271   0x76  Code  Lc  fflush.o [3]
fputc                   0x0800488d   0x56  Code  Gb  fputc.o [3]
free                    0x0800153d   0x7a  Code  Gb  xxmemxfree.o [3]
fseek                   0x080045f1   0x22  Code  Gb  fseek.o [3]
hcrc                    0x20000a30   0x24  Data  Gb  crc.o [1]
hrtc                    0x20000a54   0x20  Data  Gb  rtc.o [1]
htim1                   0x200009f0   0x40  Data  Gb  tim.o [1]
huart3                  0x200008e0   0x70  Data  Gb  usart.o [1]
localeconv              0x08001ea3   0x16  Code  Gb  localeconv.o [3]
main                    0x0800287d   0x24  Code  Gb  main.o [1]
malloc                  0x080013f9   0xac  Code  Gb  xxmemxmalloc.o [3]
memchr                  0x08001395         Code  Gb  memchr.o [5]
obuf                    0x200009a0   0x50  Data  Lc  xfiles.o [3]
printf                  0x08003245   0x24  Code  Gb  printf.o [3]
putchar                 0x080049f1    0xc  Code  Gb  putchar.o [3]
remove                  0x080047a5   0x16  Code  Gb  remove.o [6]
sFileInfo               0x20000860   0x80  Data  Lc  XShHandles.o [3]
strchr                  0x08001345         Code  Gb  strchr.o [5]
strlen                  0x0800135d         Code  Gb  strlen.o [5]
tempInputDate           0x20000040    0xc  Data  Gb  Kulor_Funktioner.o [1]
tempInputTime           0x2000004c    0x8  Data  Gb  Kulor_Funktioner.o [1]
uwIC2Value1             0x20000a80    0x4  Data  Gb  stm32f3xx_it.o [1]
uwTick                  0x20000a7c    0x4  Data  Gb  stm32f3xx_hal.o [1]


[1] = C:\Users\jonas\OneDrive\KTH\åk3\Inbygda system\lab 1\filer\KULOR_V2\EWARM\KULOR_V2\Obj
[2] = command line
[3] = dl7M_tlf.a
[4] = m7M_tls.a
[5] = rt7M_tl.a
[6] = shb_l.a

  19 222 bytes of readonly  code memory
     149 bytes of readonly  data memory
   2 697 bytes of readwrite data memory

Errors: none
Warnings: none
