###############################################################################
#
# IAR ELF Linker V7.80.3.12102/W32 for ARM                01/Mar/2017  12:46:14
# Copyright 2007-2016 IAR Systems AB.
#
#    Output file  =  
#        C:\Users\jonas\OneDrive\KTH\åk3\Inbygda system\lab
#        1\filer\KULOR_V2\EWARM\KULOR_V2\Exe\KULOR_V2.out
#    Map file     =  
#        C:\Users\jonas\OneDrive\KTH\åk3\Inbygda system\lab
#        1\filer\KULOR_V2\EWARM\KULOR_V2\List\KULOR_V2.map
#    Command line =  
#        "C:\Users\jonas\OneDrive\KTH\åk3\Inbygda system\lab
#        1\filer\KULOR_V2\EWARM\KULOR_V2\Obj\crc.o"
#        "C:\Users\jonas\OneDrive\KTH\åk3\Inbygda system\lab
#        1\filer\KULOR_V2\EWARM\KULOR_V2\Obj\gpio.o"
#        "C:\Users\jonas\OneDrive\KTH\åk3\Inbygda system\lab
#        1\filer\KULOR_V2\EWARM\KULOR_V2\Obj\Kulor_Funktioner.o"
#        "C:\Users\jonas\OneDrive\KTH\åk3\Inbygda system\lab
#        1\filer\KULOR_V2\EWARM\KULOR_V2\Obj\main.o"
#        "C:\Users\jonas\OneDrive\KTH\åk3\Inbygda system\lab
#        1\filer\KULOR_V2\EWARM\KULOR_V2\Obj\rtc.o"
#        "C:\Users\jonas\OneDrive\KTH\åk3\Inbygda system\lab
#        1\filer\KULOR_V2\EWARM\KULOR_V2\Obj\startup_stm32f303xc.o"
#        "C:\Users\jonas\OneDrive\KTH\åk3\Inbygda system\lab
#        1\filer\KULOR_V2\EWARM\KULOR_V2\Obj\stm32f3_discovery.o"
#        "C:\Users\jonas\OneDrive\KTH\åk3\Inbygda system\lab
#        1\filer\KULOR_V2\EWARM\KULOR_V2\Obj\stm32f3xx_hal.o"
#        "C:\Users\jonas\OneDrive\KTH\åk3\Inbygda system\lab
#        1\filer\KULOR_V2\EWARM\KULOR_V2\Obj\stm32f3xx_hal_cortex.o"
#        "C:\Users\jonas\OneDrive\KTH\åk3\Inbygda system\lab
#        1\filer\KULOR_V2\EWARM\KULOR_V2\Obj\stm32f3xx_hal_crc.o"
#        "C:\Users\jonas\OneDrive\KTH\åk3\Inbygda system\lab
#        1\filer\KULOR_V2\EWARM\KULOR_V2\Obj\stm32f3xx_hal_crc_ex.o"
#        "C:\Users\jonas\OneDrive\KTH\åk3\Inbygda system\lab
#        1\filer\KULOR_V2\EWARM\KULOR_V2\Obj\stm32f3xx_hal_dma.o"
#        "C:\Users\jonas\OneDrive\KTH\åk3\Inbygda system\lab
#        1\filer\KULOR_V2\EWARM\KULOR_V2\Obj\stm32f3xx_hal_flash.o"
#        "C:\Users\jonas\OneDrive\KTH\åk3\Inbygda system\lab
#        1\filer\KULOR_V2\EWARM\KULOR_V2\Obj\stm32f3xx_hal_flash_ex.o"
#        "C:\Users\jonas\OneDrive\KTH\åk3\Inbygda system\lab
#        1\filer\KULOR_V2\EWARM\KULOR_V2\Obj\stm32f3xx_hal_gpio.o"
#        "C:\Users\jonas\OneDrive\KTH\åk3\Inbygda system\lab
#        1\filer\KULOR_V2\EWARM\KULOR_V2\Obj\stm32f3xx_hal_i2c.o"
#        "C:\Users\jonas\OneDrive\KTH\åk3\Inbygda system\lab
#        1\filer\KULOR_V2\EWARM\KULOR_V2\Obj\stm32f3xx_hal_i2c_ex.o"
#        "C:\Users\jonas\OneDrive\KTH\åk3\Inbygda system\lab
#        1\filer\KULOR_V2\EWARM\KULOR_V2\Obj\stm32f3xx_hal_msp.o"
#        "C:\Users\jonas\OneDrive\KTH\åk3\Inbygda system\lab
#        1\filer\KULOR_V2\EWARM\KULOR_V2\Obj\stm32f3xx_hal_pwr.o"
#        "C:\Users\jonas\OneDrive\KTH\åk3\Inbygda system\lab
#        1\filer\KULOR_V2\EWARM\KULOR_V2\Obj\stm32f3xx_hal_pwr_ex.o"
#        "C:\Users\jonas\OneDrive\KTH\åk3\Inbygda system\lab
#        1\filer\KULOR_V2\EWARM\KULOR_V2\Obj\stm32f3xx_hal_rcc.o"
#        "C:\Users\jonas\OneDrive\KTH\åk3\Inbygda system\lab
#        1\filer\KULOR_V2\EWARM\KULOR_V2\Obj\stm32f3xx_hal_rcc_ex.o"
#        "C:\Users\jonas\OneDrive\KTH\åk3\Inbygda system\lab
#        1\filer\KULOR_V2\EWARM\KULOR_V2\Obj\stm32f3xx_hal_rtc.o"
#        "C:\Users\jonas\OneDrive\KTH\åk3\Inbygda system\lab
#        1\filer\KULOR_V2\EWARM\KULOR_V2\Obj\stm32f3xx_hal_rtc_ex.o"
#        "C:\Users\jonas\OneDrive\KTH\åk3\Inbygda system\lab
#        1\filer\KULOR_V2\EWARM\KULOR_V2\Obj\stm32f3xx_hal_tim.o"
#        "C:\Users\jonas\OneDrive\KTH\åk3\Inbygda system\lab
#        1\filer\KULOR_V2\EWARM\KULOR_V2\Obj\stm32f3xx_hal_tim_ex.o"
#        "C:\Users\jonas\OneDrive\KTH\åk3\Inbygda system\lab
#        1\filer\KULOR_V2\EWARM\KULOR_V2\Obj\stm32f3xx_hal_uart.o"
#        "C:\Users\jonas\OneDrive\KTH\åk3\Inbygda system\lab
#        1\filer\KULOR_V2\EWARM\KULOR_V2\Obj\stm32f3xx_hal_uart_ex.o"
#        "C:\Users\jonas\OneDrive\KTH\åk3\Inbygda system\lab
#        1\filer\KULOR_V2\EWARM\KULOR_V2\Obj\stm32f3xx_it.o"
#        "C:\Users\jonas\OneDrive\KTH\åk3\Inbygda system\lab
#        1\filer\KULOR_V2\EWARM\KULOR_V2\Obj\system_stm32f3xx.o"
#        "C:\Users\jonas\OneDrive\KTH\åk3\Inbygda system\lab
#        1\filer\KULOR_V2\EWARM\KULOR_V2\Obj\tim.o"
#        "C:\Users\jonas\OneDrive\KTH\åk3\Inbygda system\lab
#        1\filer\KULOR_V2\EWARM\KULOR_V2\Obj\usart.o" --redirect
#        _Printf=_PrintfFull --redirect _Scanf=_ScanfFull -o
#        "C:\Users\jonas\OneDrive\KTH\åk3\Inbygda system\lab
#        1\filer\KULOR_V2\EWARM\KULOR_V2\Exe\KULOR_V2.out" --map
#        "C:\Users\jonas\OneDrive\KTH\åk3\Inbygda system\lab
#        1\filer\KULOR_V2\EWARM\KULOR_V2\List\KULOR_V2.map" --config
#        "C:\Users\jonas\OneDrive\KTH\åk3\Inbygda system\lab
#        1\filer\KULOR_V2\EWARM/stm32f303xc_flash.icf" --semihosting --entry
#        __iar_program_start --vfe
#
###############################################################################

*******************************************************************************
*** RUNTIME MODEL ATTRIBUTES
***

CppFlavor                     = *
__Heap_Handler                = Basic
__SystemLibrary               = DLib
__dlib_dynamic_initialization = normal


*******************************************************************************
*** PLACEMENT SUMMARY
***

"A0":  place at 0x08000000 { ro section .intvec };
"P1":  place in [from 0x08000000 to 0x0803ffff] { ro };
"P2":  place in [from 0x20000000 to 0x20009fff] { rw, block CSTACK, block HEAP };
initialize by copy { rw };

  Section             Kind        Address    Size  Object
  -------             ----        -------    ----  ------
"A0":                                       0x188
  .intvec             ro code  0x08000000   0x188  startup_stm32f303xc.o [1]
                             - 0x08000188   0x188

"P1":                                      0x5f02
  .text               ro code  0x08000188  0x119a  xprintffull.o [3]
  .text               ro code  0x08001322    0x20  xmbtowc.o [3]
  .text               ro code  0x08001344    0x16  strchr.o [5]
  .text               ro code  0x0800135c    0x36  strlen.o [5]
  .text               ro code  0x08001394    0x58  memchr.o [5]
  .text               ro code  0x080013ec     0xa  xmbcurmax.o [3]
  .text               ro code  0x080013f8    0xb0  xxmemxmalloc.o [3]
  .text               ro code  0x080014a8    0x1a  xwctomb.o [3]
  .text               ro code  0x080014c4    0x76  ABImemcpy_unaligned.o [5]
  .text               ro code  0x0800153c    0x80  xxmemxfree.o [3]
  .text               ro code  0x080015bc    0xee  I64DivMod.o [5]
  .text               ro code  0x080016aa    0x44  xdnorm.o [4]
  .text               ro code  0x080016f0    0x2e  DblCmpLe.o [4]
  .text               ro code  0x08001720    0x2e  DblCmpGe.o [4]
  .text               ro code  0x08001750   0x114  xdscale.o [4]
  .text               ro code  0x08001864    0x58  DblToI32.o [4]
  .text               ro code  0x080018bc    0x30  I32ToDbl.o [4]
  .text               ro code  0x080018ec   0x180  DblSub.o [4]
  .text               ro code  0x08001a6c   0x1a2  DblMul.o [4]
  .text               ro code  0x08001c10   0x256  DblDiv.o [4]
  .text               ro code  0x08001e68    0x6c  localeconv.o [3]
  .text               ro code  0x08001ed4     0xe  div.o [3]
  .text               ro code  0x08001ee4    0x24  setlocale.o [3]
  .text               ro code  0x08001f08    0x60  xencoding_sb.o [3]
  .text               ro code  0x08001f68    0x2c  xgetmemchunk.o [3]
  .text               ro code  0x08001f94     0x2  I64DivZer.o [5]
  .text               ro code  0x08001f98    0xd4  DblAdd.o [4]
  .text               ro code  0x0800206c     0x2  xtls.o [3]
  .text               ro code  0x08002070   0xcb0  Kulor_Funktioner.o [1]
  .text               ro code  0x08002d20   0x198  xstoul.o [3]
  .text               ro code  0x08002eb8   0x4b8  stm32f3xx_hal_rtc.o [1]
  .text               ro code  0x08003370   0x126  main.o [1]
  .text               ro code  0x08003498    0x18  stm32f3xx_hal_rtc_ex.o [1]
  .text               ro code  0x080034b0   0x6de  stm32f3xx_hal_uart.o [1]
  .text               ro code  0x08003b90   0x1a8  stm32f3xx_hal_gpio.o [1]
  .text               ro code  0x08003d38     0xc  stm32f3xx_hal.o [1]
  .text               ro code  0x08003d44    0x94  stm32f3_discovery.o [1]
  .text               ro code  0x08003dd8    0x24  printf.o [3]
  .text               ro code  0x08003dfc    0x4c  strtok.o [3]
  .text               ro code  0x08003e48   0x8b4  stm32f3xx_hal_tim.o [1]
  .text               ro code  0x080046fc    0x14  isxxx.o [3]
  .text               ro code  0x08004710    0x14  tolower.o [3]
  .text               ro code  0x08004724     0xc  errno.o [3]
  .text               ro code  0x08004730    0x9c  rtc.o [1]
  .text               ro code  0x080047cc    0x28  stm32f3xx_hal.o [1]
  .text               ro code  0x080047f4   0x17c  gpio.o [1]
  .text               ro code  0x08004970    0x68  crc.o [1]
  .text               ro code  0x080049d8   0x128  tim.o [1]
  .text               ro code  0x08004b00    0xa0  usart.o [1]
  .text               ro code  0x08004ba0    0x1c  stm32f3xx_hal.o [1]
  .text               ro code  0x08004bbc   0x534  stm32f3xx_hal_rcc.o [1]
  .text               ro code  0x080050f0   0x1c4  stm32f3xx_hal_rcc_ex.o [1]
  .text               ro code  0x080052b4    0xd6  stm32f3xx_hal_cortex.o [1]
  .text               ro code  0x0800538c    0x4a  stm32f3xx_hal_dma.o [1]
  .text               ro code  0x080053d6     0x2  stm32f3xx_hal_uart.o [1]
  .text               ro code  0x080053d8     0x2  stm32f3xx_hal_uart_ex.o [1]
  .text               ro code  0x080053da    0x24  strspn.o [3]
  .text               ro code  0x080053fe    0x24  strcspn.o [3]
  .text               ro code  0x08005422     0x2  stm32f3xx_hal_tim.o [1]
  .text               ro code  0x08005424     0x2  stm32f3xx_hal_tim.o [1]
  .text               ro code  0x08005426     0x2  stm32f3xx_hal_tim.o [1]
  .text               ro code  0x08005428     0x2  stm32f3xx_hal_tim.o [1]
  .text               ro code  0x0800542a     0x2  stm32f3xx_hal_tim_ex.o [1]
  .text               ro code  0x0800542c     0x2  stm32f3xx_hal_tim.o [1]
  .text               ro code  0x0800542e     0x2  stm32f3xx_hal_tim_ex.o [1]
  .text               ro code  0x08005430    0x14  xlocale_c.o [3]
  .text               ro code  0x08005444     0xc  xlocale_c.o [3]
  .text               ro code  0x08005450    0x2c  stm32f3xx_hal.o [1]
  .text               ro code  0x0800547c    0x7c  stm32f3xx_hal_msp.o [1]
  .text               ro code  0x080054f8    0x78  stm32f3xx_hal_crc.o [1]
  .text               ro code  0x08005570    0x58  stm32f3xx_hal_tim_ex.o [1]
  .text               ro code  0x080055c8    0x4a  stm32f3xx_hal_crc_ex.o [1]
  .text               ro code  0x08005612    0xd6  xfspos.o [3]
  .text               ro code  0x080056e8    0xb0  fflush.o [3]
  .text               ro code  0x08005798     0xc  xfgpos.o [3]
  .text               ro code  0x080057a4    0x4c  lseek.o [6]
  .text               ro code  0x080057f0     0x4  xsyslock_nop.o [3]
  .text               ro code  0x080057f4    0x10  write.o [6]
  .text               ro code  0x08005804    0xcc  XShHandles.o [3]
  .text               ro code  0x080058d0    0x1e  dwrite.o [6]
  .text               ro code  0x080058ee    0x20  iarwstd.o [6]
  .text               ro code  0x0800590e    0x22  iarwrite.o [6]
  .text               ro code  0x08005930    0x6c  iarttio.o [6]
  .text               ro code  0x0800599c     0x8  XShttio.o [3]
  .text               ro code  0x080059a4    0xb8  xfwprep.o [3]
  .text               ro code  0x08005a5c    0x22  fseek.o [3]
  .text               ro code  0x08005a80    0x80  xfofind.o [3]
  .text               ro code  0x08005b00    0x7a  fclose.o [3]
  .text               ro code  0x08005b7a    0x1a  close.o [6]
  .text               ro code  0x08005b94    0x16  remove.o [6]
  .text               ro code  0x08005bac    0x78  system_stm32f3xx.o [1]
  .text               ro code  0x08005c24    0x78  lz77_init_single.o [5]
  .text               ro code  0x08005c9c    0x58  xcloseall.o [3]
  .text               ro code  0x08005cf4    0x56  fputc.o [3]
  .text               ro code  0x08005d4a    0x40  zero_init3.o [5]
  .text               ro code  0x08005d8c    0x28  stm32f3xx_it.o [1]
  .text               ro code  0x08005db4    0x10  stm32f3xx_hal.o [1]
  .text               ro code  0x08005dc4    0x28  data_init.o [5]
  .text               ro code  0x08005dec    0x22  fpinit_M.o [4]
  .iar.init_table     const    0x08005e10    0x20  - Linker created -
  .text               ro code  0x08005e30    0x1a  cmain.o [5]
  .text               ro code  0x08005e4a     0x4  low_level_init.o [3]
  .text               ro code  0x08005e4e     0x4  exit.o [3]
  .text               ro code  0x08005e54     0xe  cexit.o [5]
  .text               ro code  0x08005e64    0x14  exit.o [6]
  .text               ro code  0x08005e78    0x16  xprout.o [3]
  .text               ro code  0x08005e90     0xc  putchar.o [3]
  .text               ro code  0x08005e9c    0x10  startup_stm32f303xc.o [1]
  .text               ro code  0x08005eac     0xc  cstartup_M.o [5]
  .rodata             const    0x08005eb8     0x8  system_stm32f3xx.o [1]
  .text               ro code  0x08005ec0     0x4  startup_stm32f303xc.o [1]
  .text               ro code  0x08005ec4     0x4  startup_stm32f303xc.o [1]
  .text               ro code  0x08005ec8     0x4  startup_stm32f303xc.o [1]
  .text               ro code  0x08005ecc     0x4  startup_stm32f303xc.o [1]
  .text               ro code  0x08005ed0     0x4  startup_stm32f303xc.o [1]
  .text               ro code  0x08005ed4     0x4  startup_stm32f303xc.o [1]
  .text               ro code  0x08005ed8     0x4  startup_stm32f303xc.o [1]
  .text               ro code  0x08005edc     0x4  startup_stm32f303xc.o [1]
  .text               ro code  0x08005ee0     0x4  startup_stm32f303xc.o [1]
  .text               ro code  0x08005ee4     0x4  startup_stm32f303xc.o [1]
  .text               ro code  0x08005ee8     0x4  startup_stm32f303xc.o [1]
  .text               ro code  0x08005eec     0x4  startup_stm32f303xc.o [1]
  .text               ro code  0x08005ef0     0x4  startup_stm32f303xc.o [1]
  .text               ro code  0x08005ef4     0x4  startup_stm32f303xc.o [1]
  .text               ro code  0x08005ef8     0x4  startup_stm32f303xc.o [1]
  .text               ro code  0x08005efc     0x4  startup_stm32f303xc.o [1]
  .text               ro code  0x08005f00     0x4  startup_stm32f303xc.o [1]
  .text               ro code  0x08005f04     0x4  startup_stm32f303xc.o [1]
  .text               ro code  0x08005f08     0x4  startup_stm32f303xc.o [1]
  .text               ro code  0x08005f0c     0x4  startup_stm32f303xc.o [1]
  .text               ro code  0x08005f10     0x4  startup_stm32f303xc.o [1]
  .text               ro code  0x08005f14     0x4  startup_stm32f303xc.o [1]
  .text               ro code  0x08005f18     0x4  startup_stm32f303xc.o [1]
  .text               ro code  0x08005f1c     0x4  startup_stm32f303xc.o [1]
  .text               ro code  0x08005f20     0x4  startup_stm32f303xc.o [1]
  .text               ro code  0x08005f24     0x4  startup_stm32f303xc.o [1]
  .text               ro code  0x08005f28     0x4  startup_stm32f303xc.o [1]
  .text               ro code  0x08005f2c     0x4  startup_stm32f303xc.o [1]
  .text               ro code  0x08005f30     0x4  startup_stm32f303xc.o [1]
  .text               ro code  0x08005f34     0x4  startup_stm32f303xc.o [1]
  .text               ro code  0x08005f38     0x4  startup_stm32f303xc.o [1]
  .text               ro code  0x08005f3c     0x4  startup_stm32f303xc.o [1]
  .text               ro code  0x08005f40     0x4  startup_stm32f303xc.o [1]
  .text               ro code  0x08005f44     0x4  startup_stm32f303xc.o [1]
  .text               ro code  0x08005f48     0x4  startup_stm32f303xc.o [1]
  .text               ro code  0x08005f4c     0x4  startup_stm32f303xc.o [1]
  .text               ro code  0x08005f50     0x4  startup_stm32f303xc.o [1]
  .text               ro code  0x08005f54     0x4  startup_stm32f303xc.o [1]
  .text               ro code  0x08005f58     0x4  startup_stm32f303xc.o [1]
  .text               ro code  0x08005f5c     0x4  startup_stm32f303xc.o [1]
  .text               ro code  0x08005f60     0x4  startup_stm32f303xc.o [1]
  .text               ro code  0x08005f64     0x4  startup_stm32f303xc.o [1]
  .text               ro code  0x08005f68     0x4  startup_stm32f303xc.o [1]
  .text               ro code  0x08005f6c     0x4  startup_stm32f303xc.o [1]
  .text               ro code  0x08005f70     0x4  startup_stm32f303xc.o [1]
  .text               ro code  0x08005f74     0x4  startup_stm32f303xc.o [1]
  .text               ro code  0x08005f78     0x4  startup_stm32f303xc.o [1]
  .text               ro code  0x08005f7c     0x4  startup_stm32f303xc.o [1]
  .text               ro code  0x08005f80     0x4  startup_stm32f303xc.o [1]
  .text               ro code  0x08005f84     0x4  startup_stm32f303xc.o [1]
  .text               ro code  0x08005f88     0x4  startup_stm32f303xc.o [1]
  .text               ro code  0x08005f8c     0x4  startup_stm32f303xc.o [1]
  .text               ro code  0x08005f90     0x4  startup_stm32f303xc.o [1]
  .text               ro code  0x08005f94     0x4  startup_stm32f303xc.o [1]
  .text               ro code  0x08005f98     0x4  startup_stm32f303xc.o [1]
  .text               ro code  0x08005f9c     0x4  startup_stm32f303xc.o [1]
  .text               ro code  0x08005fa0     0x4  startup_stm32f303xc.o [1]
  .text               ro code  0x08005fa4     0x4  startup_stm32f303xc.o [1]
  .text               ro code  0x08005fa8     0x4  startup_stm32f303xc.o [1]
  .text               ro code  0x08005fac     0x4  startup_stm32f303xc.o [1]
  .text               ro code  0x08005fb0     0x4  startup_stm32f303xc.o [1]
  .text               ro code  0x08005fb4     0x4  startup_stm32f303xc.o [1]
  .text               ro code  0x08005fb8     0x4  startup_stm32f303xc.o [1]
  .text               ro code  0x08005fbc     0x4  startup_stm32f303xc.o [1]
  .text               ro code  0x08005fc0     0x4  startup_stm32f303xc.o [1]
  .text               ro code  0x08005fc4     0x4  startup_stm32f303xc.o [1]
  .text               ro code  0x08005fc8     0x4  startup_stm32f303xc.o [1]
  .text               ro code  0x08005fcc     0x4  startup_stm32f303xc.o [1]
  .text               ro code  0x08005fd0     0x4  startup_stm32f303xc.o [1]
  .text               ro code  0x08005fd4     0x4  startup_stm32f303xc.o [1]
  .text               ro code  0x08005fd8     0x4  startup_stm32f303xc.o [1]
  .text               ro code  0x08005fdc     0x4  startup_stm32f303xc.o [1]
  .text               ro code  0x08005fe0     0x0  cstart_closeall.o [5]
  .rodata             const    0x08005fe0     0x0  zero_init3.o [5]
  .rodata             const    0x08005fe0     0x0  lz77_init_single.o [5]
  Initializer bytes   const    0x08005fe0    0xaa  <for P2-1>
                             - 0x0800608a  0x5f02

"P2", part 1 of 3:                          0xe84
  P2-1                         0x20000000   0xe84  <Init block>
    .data             inited   0x20000000   0xc74  Kulor_Funktioner.o [1]
    .data             inited   0x20000c74    0x20  stm32f3_discovery.o [1]
    .data             inited   0x20000c94     0x4  system_stm32f3xx.o [1]
    .data             inited   0x20000c98    0x40  xfiles.o [3]
    .data             inited   0x20000cd8    0x40  xfiles.o [3]
    .data             inited   0x20000d18    0x40  xfiles.o [3]
    .data             inited   0x20000d58    0x20  xfiles.o [3]
    .data             inited   0x20000d78     0x8  XShttio.o [3]
    __DLIB_PERTHREAD  inited   0x20000d80     0x4  strtok.o [3]
    __DLIB_PERTHREAD  inited   0x20000d84     0x4  errno.o [3]
    __DLIB_PERTHREAD  inited   0x20000d88    0x74  setlocale.o [3]
    __DLIB_PERTHREAD  inited   0x20000dfc    0x88  localeconv.o [3]
                             - 0x20000e84   0xe84

"P2", part 2 of 3:                          0x600
  CSTACK                       0x20000e88   0x400  <Block>
    CSTACK            uninit   0x20000e88   0x400  <Block tail>
  HEAP                         0x20001288   0x200  <Block>
    HEAP              uninit   0x20001288   0x200  <Block tail>
                             - 0x20001488   0x600

"P2", part 3 of 3:                          0x1e4
  .bss                zero     0x20001488    0x80  XShHandles.o [3]
  .bss                zero     0x20001508    0x70  usart.o [1]
  .bss                zero     0x20001578    0x50  xfiles.o [3]
  .bss                zero     0x200015c8    0x50  xfiles.o [3]
  .bss                zero     0x20001618    0x24  crc.o [1]
  .bss                zero     0x2000163c    0x20  rtc.o [1]
  .bss                zero     0x2000165c     0x8  xxmemxmalloc.o [3]
  .bss                zero     0x20001664     0x4  stm32f3xx_hal.o [1]
  .bss                zero     0x20001668     0x4  xgetmemchunk.o [3]
                             - 0x2000166c   0x1e4


*******************************************************************************
*** INIT TABLE
***

          Address     Size
          -------     ----
Zero (__iar_zero_init3)
    1 destination range, total size 0x1e4:
          0x20001488  0x1e4

Copy/lz77 (__iar_lz77_init_single3)
    1 source range, total size 0xaa (4% of destination):
          0x08005fe0   0xaa
    1 destination range, total size 0xe84:
          0x20000000  0xe84



*******************************************************************************
*** MODULE SUMMARY
***

    Module                   ro code  ro data  rw data
    ------                   -------  -------  -------
C:\Users\jonas\OneDrive\KTH\åk3\Inbygda system\lab 1\filer\KULOR_V2\EWARM\KULOR_V2\Obj: [1]
    Kulor_Funktioner.o         3 248      145    3 188
    crc.o                        104                36
    gpio.o                       380
    main.o                       294
    rtc.o                        156                32
    startup_stm32f303xc.o        696
    stm32f3_discovery.o          148        2       32
    stm32f3xx_hal.o              140                 4
    stm32f3xx_hal_cortex.o       214
    stm32f3xx_hal_crc.o          120
    stm32f3xx_hal_crc_ex.o        74
    stm32f3xx_hal_dma.o           74
    stm32f3xx_hal_gpio.o         424
    stm32f3xx_hal_msp.o          124
    stm32f3xx_hal_rcc.o        1 332
    stm32f3xx_hal_rcc_ex.o       452
    stm32f3xx_hal_rtc.o        1 208
    stm32f3xx_hal_rtc_ex.o        24
    stm32f3xx_hal_tim.o        2 238
    stm32f3xx_hal_tim_ex.o        92
    stm32f3xx_hal_uart.o       1 760
    stm32f3xx_hal_uart_ex.o        2
    stm32f3xx_it.o                40
    system_stm32f3xx.o           120        8        4
    tim.o                        296
    usart.o                      160               112
    --------------------------------------------------
    Total:                    13 920      155    3 408

command line: [2]
    --------------------------------------------------
    Total:

dl7M_tlf.a: [3]
    XShHandles.o                 204               128
    XShttio.o                      8        1        8
    div.o                         14
    errno.o                       12                 4
    exit.o                         4
    fclose.o                     122
    fflush.o                     176
    fputc.o                       86
    fseek.o                       34
    isxxx.o                       20
    localeconv.o                 108        7      136
    low_level_init.o               4
    printf.o                      36
    putchar.o                     12
    setlocale.o                   36        5      116
    strcspn.o                     36
    strspn.o                      36
    strtok.o                      76                 4
    tolower.o                     20
    xcloseall.o                   88
    xencoding_sb.o                96
    xfgpos.o                      12
    xfiles.o                               10      384
    xfofind.o                    128
    xfspos.o                     214
    xfwprep.o                    184
    xgetmemchunk.o                44                 4
    xlocale_c.o                   32
    xmbcurmax.o                   10
    xmbtowc.o                     32
    xprintffull.o              4 506
    xprout.o                      22
    xstoul.o                     408
    xsyslock_nop.o                 4
    xtls.o                         2
    xwctomb.o                     26
    xxmemxfree.o                 128
    xxmemxmalloc.o               176                 8
    --------------------------------------------------
    Total:                     7 156       23      792

m7M_tls.a: [4]
    DblAdd.o                     212
    DblCmpGe.o                    46
    DblCmpLe.o                    46
    DblDiv.o                     598
    DblMul.o                     418
    DblSub.o                     384
    DblToI32.o                    88
    I32ToDbl.o                    48
    fpinit_M.o                    34
    xdnorm.o                      68
    xdscale.o                    276
    --------------------------------------------------
    Total:                     2 218

rt7M_tl.a: [5]
    ABImemcpy_unaligned.o        118
    I64DivMod.o                  238
    I64DivZer.o                    2
    cexit.o                       14
    cmain.o                       26
    cstart_closeall.o
    cstartup_M.o                  12
    data_init.o                   40
    lz77_init_single.o           120
    memchr.o                      88
    strchr.o                      22
    strlen.o                      54
    zero_init3.o                  64
    --------------------------------------------------
    Total:                       798

shb_l.a: [6]
    close.o                       26
    dwrite.o                      30
    exit.o                        20
    iarttio.o                    108
    iarwrite.o                    34
    iarwstd.o                     32
    lseek.o                       76
    remove.o                      22
    write.o                       16
    --------------------------------------------------
    Total:                       364

    Gaps                          46        2
    Linker created                         32    1 536
------------------------------------------------------
    Grand Total:              24 502      212    5 736


*******************************************************************************
*** ENTRY LIST
***

Entry                      Address   Size  Type      Object
-----                      -------   ----  ----      ------
.iar.init_table$$Base   0x08005e10          --   Gb  - Linker created -
.iar.init_table$$Limit  0x08005e30          --   Gb  - Linker created -
?main                   0x08005e31         Code  Gb  cmain.o [5]
AHBPrescTable           0x08005c14   0x10  Data  Gb  system_stm32f3xx.o [1]
APBPrescTable           0x08005eb8    0x8  Data  Gb  system_stm32f3xx.o [1]
BSP_LED_Init            0x08003d45   0x68  Code  Gb  stm32f3_discovery.o [1]
BSP_LED_On              0x08003dad   0x14  Code  Gb  stm32f3_discovery.o [1]
BitCount                0x2000068c    0x2  Data  Gb  Kulor_Funktioner.o [1]
BitValue                0x20000638   0x14  Data  Gb  Kulor_Funktioner.o [1]
CSTACK$$Base            0x20000e88          --   Gb  - Linker created -
CSTACK$$Limit           0x20001288          --   Gb  - Linker created -
CalculateTempraturePacket
                        0x08002ad1  0x192  Code  Gb  Kulor_Funktioner.o [1]
CalculateTempraturePacket::packet
                        0x20000000   0xa0  Data  Lc  Kulor_Funktioner.o [1]
CalculateTempraturePacket::temp
                        0x200000c0  0x578  Data  Lc  Kulor_Funktioner.o [1]
CrcCode                 0x2000068a    0x1  Data  Gb  Kulor_Funktioner.o [1]
Error_Handler           0x08003495    0x2  Code  Gb  main.o [1]
HAL_CRCEx_Polynomial_Set
                        0x080055c9   0x4a  Code  Gb  stm32f3xx_hal_crc_ex.o [1]
HAL_CRC_Init            0x080054f9   0x72  Code  Gb  stm32f3xx_hal_crc.o [1]
HAL_CRC_MspInit         0x080049a9   0x22  Code  Gb  crc.o [1]
HAL_DMA_Abort_IT        0x0800538d   0x4a  Code  Gb  stm32f3xx_hal_dma.o [1]
HAL_Delay               0x08004ba1   0x1c  Code  Wk  stm32f3xx_hal.o [1]
HAL_GPIO_Init           0x08003b91  0x176  Code  Gb  stm32f3xx_hal_gpio.o [1]
HAL_GPIO_TogglePin      0x08003d13    0x8  Code  Gb  stm32f3xx_hal_gpio.o [1]
HAL_GPIO_WritePin       0x08003d09    0xa  Code  Gb  stm32f3xx_hal_gpio.o [1]
HAL_GetTick             0x08003d39    0xc  Code  Wk  stm32f3xx_hal.o [1]
HAL_IncTick             0x08005db5   0x10  Code  Wk  stm32f3xx_hal.o [1]
HAL_Init                0x080047cd   0x24  Code  Gb  stm32f3xx_hal.o [1]
HAL_InitTick            0x08005451   0x2c  Code  Wk  stm32f3xx_hal.o [1]
HAL_MspInit             0x0800547d   0x7c  Code  Gb  stm32f3xx_hal_msp.o [1]
HAL_NVIC_EnableIRQ      0x08005321   0x12  Code  Gb  stm32f3xx_hal_cortex.o [1]
HAL_NVIC_SetPriority    0x080052cf   0x52  Code  Gb  stm32f3xx_hal_cortex.o [1]
HAL_NVIC_SetPriorityGrouping
                        0x080052b5   0x1a  Code  Gb  stm32f3xx_hal_cortex.o [1]
HAL_RCCEx_PeriphCLKConfig
                        0x080050f1  0x1b8  Code  Gb  stm32f3xx_hal_rcc_ex.o [1]
HAL_RCC_ClockConfig     0x08004ef9  0x146  Code  Gb  stm32f3xx_hal_rcc.o [1]
HAL_RCC_GetHCLKFreq     0x08005079    0x6  Code  Gb  stm32f3xx_hal_rcc.o [1]
HAL_RCC_GetPCLK1Freq    0x0800507f   0x14  Code  Gb  stm32f3xx_hal_rcc.o [1]
HAL_RCC_GetPCLK2Freq    0x08005093   0x14  Code  Gb  stm32f3xx_hal_rcc.o [1]
HAL_RCC_GetSysClockFreq
                        0x0800503f   0x3a  Code  Gb  stm32f3xx_hal_rcc.o [1]
HAL_RCC_OscConfig       0x08004bbd  0x33c  Code  Gb  stm32f3xx_hal_rcc.o [1]
HAL_RTCEx_BKUPRead      0x080034a5    0xc  Code  Gb  stm32f3xx_hal_rtc_ex.o [1]
HAL_RTCEx_BKUPWrite     0x08003499    0xc  Code  Gb  stm32f3xx_hal_rtc_ex.o [1]
HAL_RTC_GetDate         0x08003307   0x5c  Code  Gb  stm32f3xx_hal_rtc.o [1]
HAL_RTC_GetTime         0x08003115   0x6c  Code  Gb  stm32f3xx_hal_rtc.o [1]
HAL_RTC_Init            0x08002eb9   0xb6  Code  Gb  stm32f3xx_hal_rtc.o [1]
HAL_RTC_MspInit         0x080047af   0x10  Code  Gb  rtc.o [1]
HAL_RTC_SetDate         0x08003181  0x186  Code  Gb  stm32f3xx_hal_rtc.o [1]
HAL_RTC_SetTime         0x08002f6f  0x1a6  Code  Gb  stm32f3xx_hal_rtc.o [1]
HAL_SYSTICK_CLKSourceConfig
                        0x08005355   0x14  Code  Gb  stm32f3xx_hal_cortex.o [1]
HAL_SYSTICK_Callback    0x08005389    0x2  Code  Wk  stm32f3xx_hal_cortex.o [1]
HAL_SYSTICK_Config      0x08005333   0x22  Code  Gb  stm32f3xx_hal_cortex.o [1]
HAL_SYSTICK_IRQHandler  0x08005385    0x4  Code  Gb  stm32f3xx_hal_cortex.o [1]
HAL_TIMEx_BreakCallback
                        0x0800542b    0x2  Code  Wk  stm32f3xx_hal_tim_ex.o [1]
HAL_TIMEx_CommutationCallback
                        0x0800542f    0x2  Code  Wk  stm32f3xx_hal_tim_ex.o [1]
HAL_TIMEx_MasterConfigSynchronization
                        0x08005571   0x4e  Code  Gb  stm32f3xx_hal_tim_ex.o [1]
HAL_TIM_Base_Init       0x08003e49   0xd6  Code  Gb  stm32f3xx_hal_tim.o [1]
HAL_TIM_Base_MspInit    0x08004a9f   0x54  Code  Gb  tim.o [1]
HAL_TIM_ConfigClockSource
                        0x080043df  0x19e  Code  Gb  stm32f3xx_hal_tim.o [1]
HAL_TIM_IC_CaptureCallback
                        0x08002a31   0x96  Code  Gb  Kulor_Funktioner.o [1]
HAL_TIM_IC_ConfigChannel
                        0x0800423f  0x1a0  Code  Gb  stm32f3xx_hal_tim.o [1]
HAL_TIM_IC_Init         0x08003f39   0xd2  Code  Gb  stm32f3xx_hal_tim.o [1]
HAL_TIM_IC_MspInit      0x08005423    0x2  Code  Wk  stm32f3xx_hal_tim.o [1]
HAL_TIM_IC_Start_IT     0x08004011   0x5c  Code  Gb  stm32f3xx_hal_tim.o [1]
HAL_TIM_IC_Stop_IT      0x0800406d   0x70  Code  Gb  stm32f3xx_hal_tim.o [1]
HAL_TIM_IRQHandler      0x080040f5  0x14a  Code  Gb  stm32f3xx_hal_tim.o [1]
HAL_TIM_OC_DelayElapsedCallback
                        0x08005425    0x2  Code  Wk  stm32f3xx_hal_tim.o [1]
HAL_TIM_PWM_PulseFinishedCallback
                        0x08005427    0x2  Code  Wk  stm32f3xx_hal_tim.o [1]
HAL_TIM_PeriodElapsedCallback
                        0x08005429    0x2  Code  Wk  stm32f3xx_hal_tim.o [1]
HAL_TIM_ReadCapturedValue
                        0x080045c5   0x62  Code  Gb  stm32f3xx_hal_tim.o [1]
HAL_TIM_SlaveConfigSynchronization
                        0x0800457f   0x44  Code  Gb  stm32f3xx_hal_tim.o [1]
HAL_TIM_TriggerCallback
                        0x0800542d    0x2  Code  Wk  stm32f3xx_hal_tim.o [1]
HAL_UARTEx_WakeupCallback
                        0x080053d9    0x2  Code  Wk  stm32f3xx_hal_uart_ex.o [1]
HAL_UART_ErrorCallback  0x080053d7    0x2  Code  Wk  stm32f3xx_hal_uart.o [1]
HAL_UART_IRQHandler     0x080035df  0x170  Code  Gb  stm32f3xx_hal_uart.o [1]
HAL_UART_Init           0x080034b1   0x66  Code  Gb  stm32f3xx_hal_uart.o [1]
HAL_UART_MspInit        0x08004b3b   0x54  Code  Gb  usart.o [1]
HAL_UART_Receive_IT     0x08003563   0x7c  Code  Gb  stm32f3xx_hal_uart.o [1]
HAL_UART_RxCpltCallback
                        0x0800207d    0xc  Code  Gb  Kulor_Funktioner.o [1]
HAL_UART_Transmit_IT    0x08003517   0x4c  Code  Gb  stm32f3xx_hal_uart.o [1]
HAL_UART_TxCpltCallback
                        0x08002071    0xc  Code  Gb  Kulor_Funktioner.o [1]
HEAP$$Base              0x20001288          --   Gb  - Linker created -
HEAP$$Limit             0x20001488          --   Gb  - Linker created -
HumidityValue           0x20000684    0x4  Data  Gb  Kulor_Funktioner.o [1]
LED_PIN                 0x08003dc8   0x10  Data  Gb  stm32f3_discovery.o [1]
LED_PORT                0x20000c74   0x20  Data  Gb  stm32f3_discovery.o [1]
LoadInt                 0x080007ff   0x6e  Code  Lc  xprintffull.o [3]
MX_CRC_Init             0x08004971   0x38  Code  Gb  crc.o [1]
MX_GPIO_Init            0x080047f5  0x17c  Code  Gb  gpio.o [1]
MX_RTC_Init             0x08004731   0x7e  Code  Gb  rtc.o [1]
MX_TIM1_Init            0x080049d9   0xc6  Code  Gb  tim.o [1]
MX_USART3_UART_Init     0x08004b01   0x3a  Code  Gb  usart.o [1]
NewLine                 0x20000c5c    0x4  Data  Gb  Kulor_Funktioner.o [1]
PreambleCount           0x20000689    0x1  Data  Gb  Kulor_Funktioner.o [1]
RTC_CLOCK_SETINGS       0x08002685   0x96  Code  Gb  Kulor_Funktioner.o [1]
RTC_CalendarConfig      0x08002089  0x136  Code  Gb  Kulor_Funktioner.o [1]
RecivedPacket           0x2000069c  0x578  Data  Gb  Kulor_Funktioner.o [1]
Region$$Table$$Base     0x08005e10          --   Gb  - Linker created -
Region$$Table$$Limit    0x08005e30          --   Gb  - Linker created -
RtcHandle               0x200000a0   0x20  Data  Gb  Kulor_Funktioner.o [1]
SetDate                 0x20000660    0xc  Data  Gb  Kulor_Funktioner.o [1]
SetTime                 0x20000678    0x8  Data  Gb  Kulor_Funktioner.o [1]
ShowNumberOnDispaly     0x080021c1  0x310  Code  Gb  Kulor_Funktioner.o [1]
SysTick_Handler         0x08005d8d   0x12  Code  Gb  stm32f3xx_it.o [1]
SystemClock_Config      0x080033fb   0x92  Code  Gb  main.o [1]
SystemCoreClock         0x20000c94    0x4  Data  Gb  system_stm32f3xx.o [1]
SystemInit              0x08005bad   0x54  Code  Gb  system_stm32f3xx.o [1]
TIM1_CC_IRQHandler      0x08005d9f    0x6  Code  Gb  stm32f3xx_it.o [1]
TIM_SlaveTimer_SetConfig
                        0x08004627   0xb4  Code  Lc  stm32f3xx_hal_tim.o [1]
Temprature              0x20000690    0xc  Data  Gb  Kulor_Funktioner.o [1]
TempratureValue         0x20000674    0x4  Data  Gb  Kulor_Funktioner.o [1]
UART_AdvFeatureConfig   0x08003955   0xc6  Code  Gb  stm32f3xx_hal_uart.o [1]
UART_CheckIdleState     0x08003a1b   0x88  Code  Gb  stm32f3xx_hal_uart.o [1]
UART_DMAAbortOnError    0x08003aa5   0x10  Code  Lc  stm32f3xx_hal_uart.o [1]
UART_Receive_IT         0x08003b1b   0x74  Code  Gb  stm32f3xx_hal_uart.o [1]
UART_SetConfig          0x08003751  0x1e6  Code  Gb  stm32f3xx_hal_uart.o [1]
UART_Transmit_IT        0x08003ab5   0x66  Code  Gb  stm32f3xx_hal_uart.o [1]
USART3_IRQHandler       0x08005da5    0x6  Code  Gb  stm32f3xx_it.o [1]
UartReady               0x20000688    0x1  Data  Gb  Kulor_Funktioner.o [1]
UppDateDisplay          0x080024d1  0x1b4  Code  Gb  Kulor_Funktioner.o [1]
UppDateDisplay::last_second
                        0x20000c18    0x4  Data  Lc  Kulor_Funktioner.o [1]
_Close_all              0x08005c9d   0x58  Code  Gb  xcloseall.o [3]
_EncodingSb_Mbtowc      0x08001f23   0x30  Code  Gb  xencoding_sb.o [3]
_EncodingSb_Mbtowc::initial
                        0x08001f60    0x8  Data  Lc  xencoding_sb.o [3]
_EncodingSb_Wctomb      0x08001f09   0x1a  Code  Gb  xencoding_sb.o [3]
_EncodingSb_Wctomb::initial
                        0x08001f58    0x8  Data  Lc  xencoding_sb.o [3]
_Files                  0x20000d58   0x20  Data  Gb  xfiles.o [3]
_Fofree                 0x08005a81   0x78  Code  Gb  xfofind.o [3]
_Fspos                  0x08005613   0xd6  Code  Gb  xfspos.o [3]
_Fwprep                 0x080059a5   0xb8  Code  Gb  xfwprep.o [3]
_GenldFull              0x08001085  0x254  Code  Lc  xprintffull.o [3]
_IsdstStr               0x20000d8c    0x4  Data  Gb  setlocale.o [3]
_LdtobFull              0x08000c85  0x3fa  Code  Lc  xprintffull.o [3]
_LitobFull              0x08000b79  0x10a  Code  Lc  xprintffull.o [3]
_LocaleC_isspace        0x08005431   0x14  Code  Gb  xlocale_c.o [3]
_LocaleC_tolower        0x08005445    0xc  Code  Gb  xlocale_c.o [3]
_LocaleEncoding         0x08001ef7    0xe  Code  Gb  setlocale.o [3]
_LocaleForCat           0x08001ee5   0x12  Code  Gb  setlocale.o [3]
_LocaleReturnString     0x20000dac   0x50  Data  Lc  setlocale.o [3]
_Locale_Profile         0x20000d90   0x1c  Data  Gb  setlocale.o [3]
_Locale_aeabi_lconv     0x20000e4c   0x38  Data  Gb  localeconv.o [3]
_Locale_lconv           0x20000dfc   0x50  Data  Gb  localeconv.o [3]
_Mbtowc                 0x08001323   0x20  Code  Gb  xmbtowc.o [3]
_Nnl                    0x08005799    0xc  Code  Gb  xfgpos.o [3]
_PrintfFull             0x08000189  0x660  Code  Gb  xprintffull.o [3]
_Prout                  0x08005e79   0x16  Code  Gb  xprout.o [3]
_PutcharsFull           0x080012d9   0x2e  Code  Lc  xprintffull.o [3]
_PutstrFull             0x0800086d  0x306  Code  Lc  xprintffull.o [3]
_Strtok_ssave           0x20000d80    0x4  Data  Lc  strtok.o [3]
_TzoneStr               0x20000d88    0x4  Data  Gb  setlocale.o [3]
_Wctomb                 0x080014a9   0x1a  Code  Gb  xwctomb.o [3]
__aeabi_cdcmple         0x080016f1         Code  Gb  DblCmpLe.o [4]
__aeabi_cdrcmple        0x08001721         Code  Gb  DblCmpGe.o [4]
__aeabi_d2iz            0x08001865         Code  Gb  DblToI32.o [4]
__aeabi_d2uiz           0x08001891         Code  Gb  DblToI32.o [4]
__aeabi_ddiv            0x08001c11         Code  Gb  DblDiv.o [4]
__aeabi_dmul            0x08001a6d         Code  Gb  DblMul.o [4]
__aeabi_dsub            0x080018ed         Code  Gb  DblSub.o [4]
__aeabi_errno_addr      0x08004725    0x6  Code  Gb  errno.o [3]
__aeabi_i2d             0x080018bd         Code  Gb  I32ToDbl.o [4]
__aeabi_ldiv0           0x08001f95         Code  Gb  I64DivZer.o [5]
__aeabi_ui2d            0x080018d1         Code  Gb  I32ToDbl.o [4]
__aeabi_uldivmod        0x080015bd         Code  Gb  I64DivMod.o [5]
__cexit_closeall        0x08005e57         Code  Gb  cexit.o [5]
__close                 0x08005b7b   0x1a  Code  Gb  close.o [6]
__cmain                 0x08005e31         Code  Gb  cmain.o [5]
__cstart_closeall       0x08005fe0         Data  Gb  cstart_closeall.o [5]
__data_Aldata           0x2000165c    0x8  Data  Gb  xxmemxmalloc.o [3]
__data_GetMemChunk      0x08001f69   0x2c  Code  Gb  xgetmemchunk.o [3]
__data_GetMemChunk::start
                        0x20001668    0x4  Data  Lc  xgetmemchunk.o [3]
__dwrite                0x080058d1   0x1e  Code  Gb  dwrite.o [6]
__exit                  0x08005e65   0x14  Code  Gb  exit.o [6]
__iar_Dnorm             0x080016ab   0x44  Code  Gb  xdnorm.o [4]
__iar_Dscale            0x08001751  0x114  Code  Gb  xdscale.o [4]
__iar_Errno             0x20000d84    0x4  Data  Gb  errno.o [3]
__iar_Locale_lconv_init
                        0x08001e69   0x3a  Code  Gb  localeconv.o [3]
__iar_Lockfilelock      0x080057f1    0x2  Code  Gb  xsyslock_nop.o [3]
__iar_Mbcurmax          0x080013ed    0xa  Code  Gb  xmbcurmax.o [3]
__iar_Memchr            0x08001395         Code  Gb  memchr.o [5]
__iar_Stderr            0x20000d18   0x40  Data  Gb  xfiles.o [3]
__iar_Stdin             0x20000c98   0x40  Data  Gb  xfiles.o [3]
__iar_Stdout            0x20000cd8   0x40  Data  Gb  xfiles.o [3]
__iar_Stoul             0x08002e65    0x4  Code  Gb  xstoul.o [3]
__iar_Stoulx            0x08002d21  0x13e  Code  Gb  xstoul.o [3]
__iar_Strchr            0x08001345         Code  Gb  strchr.o [5]
__iar_Unlockfilelock    0x080057f3    0x2  Code  Gb  xsyslock_nop.o [3]
__iar_close_ttio        0x08005931   0x2e  Code  Gb  iarttio.o [6]
__iar_d2uiz             0x0800189d         Code  Gb  DblToI32.o [4]
__iar_dadd              0x08001f99         Code  Gb  DblAdd.o [4]
__iar_data_init3        0x08005dc5   0x28  Code  Gb  data_init.o [5]
__iar_dlib_perthread_access
                        0x0800206d    0x2  Code  Gb  xtls.o [3]
__iar_dsub              0x08001901         Code  Gb  DblSub.o [4]
__iar_dsubStart         0x08001913         Code  Gb  DblSub.o [4]
__iar_get_ttio          0x08005961   0x38  Code  Gb  iarttio.o [6]
__iar_init_vfp          0x08005ded         Code  Gb  fpinit_M.o [4]
__iar_lookup_ttioh      0x0800599d    0x8  Code  Gb  XShttio.o [3]
__iar_lz77_init_single3
                        0x08005c25   0x78  Code  Gb  lz77_init_single.o [5]
__iar_program_start     0x08005ead         Code  Gb  cstartup_M.o [5]
__iar_sh_Discard        0x08005805   0x3e  Code  Gb  XShHandles.o [3]
__iar_sh_Move           0x08005849   0x46  Code  Gb  XShHandles.o [3]
__iar_sh_Pos            0x0800588f   0x3e  Code  Gb  XShHandles.o [3]
__iar_sh_stdout         0x080058ef   0x20  Code  Gb  iarwstd.o [6]
__iar_sh_write          0x0800590f   0x22  Code  Gb  iarwrite.o [6]
__iar_ttio_handles      0x20000d78    0x8  Data  Lc  XShttio.o [3]
__iar_ui2d              0x080018d5         Code  Gb  I32ToDbl.o [4]
__iar_unaligned___aeabi_memcpy
                        0x080014c5         Code  Gb  ABImemcpy_unaligned.o [5]
__iar_unaligned___aeabi_memcpy4
                        0x080014e5         Code  Gb  ABImemcpy_unaligned.o [5]
__iar_unaligned___aeabi_memcpy8
                        0x080014e5         Code  Gb  ABImemcpy_unaligned.o [5]
__iar_zero_init3        0x08005d4b   0x40  Code  Gb  zero_init3.o [5]
__low_level_init        0x08005e4b    0x4  Code  Gb  low_level_init.o [3]
__lseek                 0x080057a5   0x4c  Code  Gb  lseek.o [6]
__vector_table          0x08000000         Data  Gb  startup_stm32f303xc.o [1]
__write                 0x080057f5   0x10  Code  Gb  write.o [6]
_call_main              0x08005e3d         Code  Gb  cmain.o [5]
_exit                   0x08005e55         Code  Gb  cexit.o [5]
_main                   0x08005e47         Code  Gb  cmain.o [5]
aPLLMULFactorTable      0x080050d0   0x10  Data  Gb  stm32f3xx_hal_rcc.o [1]
aPredivFactorTable      0x080050e0   0x10  Data  Gb  stm32f3xx_hal_rcc.o [1]
digits                  0x08002e68   0x28  Data  Lc  xstoul.o [3]
div                     0x08001ed5    0xe  Code  Gb  div.o [3]
ebuf                    0x20001578   0x50  Data  Lc  xfiles.o [3]
exit                    0x08005e4f    0x4  Code  Gb  exit.o [3]
fclose                  0x08005b01   0x7a  Code  Gb  fclose.o [3]
fflush                  0x0800575f   0x34  Code  Gb  fflush.o [3]
fflushOne               0x080056e9   0x76  Code  Lc  fflush.o [3]
fputc                   0x08005cf5   0x56  Code  Gb  fputc.o [3]
free                    0x0800153d   0x7a  Code  Gb  xxmemxfree.o [3]
fseek                   0x08005a5d   0x22  Code  Gb  fseek.o [3]
getHumidity             0x080027c5   0xb2  Code  Gb  Kulor_Funktioner.o [1]
getTempratue            0x0800271b   0xaa  Code  Gb  Kulor_Funktioner.o [1]
hcrc                    0x20001618   0x24  Data  Gb  crc.o [1]
hrtc                    0x2000163c   0x20  Data  Gb  rtc.o [1]
htim1                   0x20000c1c   0x40  Data  Gb  Kulor_Funktioner.o [1]
huart3                  0x20001508   0x70  Data  Gb  usart.o [1]
humidity                0x2000066c    0x8  Data  Gb  Kulor_Funktioner.o [1]
isspace                 0x080046fd   0x14  Code  Gb  isxxx.o [3]
localeconv              0x08001ea3   0x16  Code  Gb  localeconv.o [3]
main                    0x08003371   0x8a  Code  Gb  main.o [1]
malloc                  0x080013f9   0xac  Code  Gb  xxmemxmalloc.o [3]
memchr                  0x08001395         Code  Gb  memchr.o [5]
ndigs                   0x08002e90   0x28  Data  Lc  xstoul.o [3]
obuf                    0x200015c8   0x50  Data  Lc  xfiles.o [3]
printf                  0x08003dd9   0x24  Code  Gb  printf.o [3]
putchar                 0x08005e91    0xc  Code  Gb  putchar.o [3]
remove                  0x08005b95   0x16  Code  Gb  remove.o [6]
sFileInfo               0x20001488   0x80  Data  Lc  XShHandles.o [3]
sdatestructure          0x20000680    0x4  Data  Gb  Kulor_Funktioner.o [1]
set_clock_serial        0x08002879  0x1ae  Code  Gb  Kulor_Funktioner.o [1]
stimestructure          0x2000064c   0x14  Data  Gb  Kulor_Funktioner.o [1]
strchr                  0x08001345         Code  Gb  strchr.o [5]
strcspn                 0x080053ff   0x24  Code  Gb  strcspn.o [3]
strlen                  0x0800135d         Code  Gb  strlen.o [5]
strspn                  0x080053db   0x24  Code  Gb  strspn.o [3]
strtok                  0x08003dfd   0x4c  Code  Gb  strtok.o [3]
tempInputDate           0x20000c60    0xc  Data  Gb  Kulor_Funktioner.o [1]
tempInputTime           0x20000c6c    0x8  Data  Gb  Kulor_Funktioner.o [1]
tolower                 0x08004711   0x14  Code  Gb  tolower.o [3]
uwIC2Value1             0x20000c14    0x4  Data  Gb  Kulor_Funktioner.o [1]
uwTick                  0x20001664    0x4  Data  Gb  stm32f3xx_hal.o [1]


[1] = C:\Users\jonas\OneDrive\KTH\åk3\Inbygda system\lab 1\filer\KULOR_V2\EWARM\KULOR_V2\Obj
[2] = command line
[3] = dl7M_tlf.a
[4] = m7M_tls.a
[5] = rt7M_tl.a
[6] = shb_l.a

  24 502 bytes of readonly  code memory
     212 bytes of readonly  data memory
   5 736 bytes of readwrite data memory

Errors: none
Warnings: none
