###############################################################################
#
# IAR ELF Linker V7.80.3.12102/W32 for ARM                27/Feb/2017  19:09:07
# Copyright 2007-2016 IAR Systems AB.
#
#    Output file  =  
#        C:\Users\jonas\OneDrive\KTH\åk3\Inbygda system\lab
#        1\filer\KULOR_V2\EWARM\KULOR_V2\Exe\KULOR_V2.out
#    Map file     =  
#        C:\Users\jonas\OneDrive\KTH\åk3\Inbygda system\lab
#        1\filer\KULOR_V2\EWARM\KULOR_V2\List\KULOR_V2.map
#    Command line =  
#        "C:\Users\jonas\OneDrive\KTH\åk3\Inbygda system\lab
#        1\filer\KULOR_V2\EWARM\KULOR_V2\Obj\crc.o"
#        "C:\Users\jonas\OneDrive\KTH\åk3\Inbygda system\lab
#        1\filer\KULOR_V2\EWARM\KULOR_V2\Obj\gpio.o"
#        "C:\Users\jonas\OneDrive\KTH\åk3\Inbygda system\lab
#        1\filer\KULOR_V2\EWARM\KULOR_V2\Obj\Kulor_Funktioner.o"
#        "C:\Users\jonas\OneDrive\KTH\åk3\Inbygda system\lab
#        1\filer\KULOR_V2\EWARM\KULOR_V2\Obj\main.o"
#        "C:\Users\jonas\OneDrive\KTH\åk3\Inbygda system\lab
#        1\filer\KULOR_V2\EWARM\KULOR_V2\Obj\rtc.o"
#        "C:\Users\jonas\OneDrive\KTH\åk3\Inbygda system\lab
#        1\filer\KULOR_V2\EWARM\KULOR_V2\Obj\startup_stm32f303xc.o"
#        "C:\Users\jonas\OneDrive\KTH\åk3\Inbygda system\lab
#        1\filer\KULOR_V2\EWARM\KULOR_V2\Obj\stm32f3_discovery.o"
#        "C:\Users\jonas\OneDrive\KTH\åk3\Inbygda system\lab
#        1\filer\KULOR_V2\EWARM\KULOR_V2\Obj\stm32f3xx_hal.o"
#        "C:\Users\jonas\OneDrive\KTH\åk3\Inbygda system\lab
#        1\filer\KULOR_V2\EWARM\KULOR_V2\Obj\stm32f3xx_hal_cortex.o"
#        "C:\Users\jonas\OneDrive\KTH\åk3\Inbygda system\lab
#        1\filer\KULOR_V2\EWARM\KULOR_V2\Obj\stm32f3xx_hal_crc.o"
#        "C:\Users\jonas\OneDrive\KTH\åk3\Inbygda system\lab
#        1\filer\KULOR_V2\EWARM\KULOR_V2\Obj\stm32f3xx_hal_crc_ex.o"
#        "C:\Users\jonas\OneDrive\KTH\åk3\Inbygda system\lab
#        1\filer\KULOR_V2\EWARM\KULOR_V2\Obj\stm32f3xx_hal_dma.o"
#        "C:\Users\jonas\OneDrive\KTH\åk3\Inbygda system\lab
#        1\filer\KULOR_V2\EWARM\KULOR_V2\Obj\stm32f3xx_hal_flash.o"
#        "C:\Users\jonas\OneDrive\KTH\åk3\Inbygda system\lab
#        1\filer\KULOR_V2\EWARM\KULOR_V2\Obj\stm32f3xx_hal_flash_ex.o"
#        "C:\Users\jonas\OneDrive\KTH\åk3\Inbygda system\lab
#        1\filer\KULOR_V2\EWARM\KULOR_V2\Obj\stm32f3xx_hal_gpio.o"
#        "C:\Users\jonas\OneDrive\KTH\åk3\Inbygda system\lab
#        1\filer\KULOR_V2\EWARM\KULOR_V2\Obj\stm32f3xx_hal_i2c.o"
#        "C:\Users\jonas\OneDrive\KTH\åk3\Inbygda system\lab
#        1\filer\KULOR_V2\EWARM\KULOR_V2\Obj\stm32f3xx_hal_i2c_ex.o"
#        "C:\Users\jonas\OneDrive\KTH\åk3\Inbygda system\lab
#        1\filer\KULOR_V2\EWARM\KULOR_V2\Obj\stm32f3xx_hal_msp.o"
#        "C:\Users\jonas\OneDrive\KTH\åk3\Inbygda system\lab
#        1\filer\KULOR_V2\EWARM\KULOR_V2\Obj\stm32f3xx_hal_pwr.o"
#        "C:\Users\jonas\OneDrive\KTH\åk3\Inbygda system\lab
#        1\filer\KULOR_V2\EWARM\KULOR_V2\Obj\stm32f3xx_hal_pwr_ex.o"
#        "C:\Users\jonas\OneDrive\KTH\åk3\Inbygda system\lab
#        1\filer\KULOR_V2\EWARM\KULOR_V2\Obj\stm32f3xx_hal_rcc.o"
#        "C:\Users\jonas\OneDrive\KTH\åk3\Inbygda system\lab
#        1\filer\KULOR_V2\EWARM\KULOR_V2\Obj\stm32f3xx_hal_rcc_ex.o"
#        "C:\Users\jonas\OneDrive\KTH\åk3\Inbygda system\lab
#        1\filer\KULOR_V2\EWARM\KULOR_V2\Obj\stm32f3xx_hal_rtc.o"
#        "C:\Users\jonas\OneDrive\KTH\åk3\Inbygda system\lab
#        1\filer\KULOR_V2\EWARM\KULOR_V2\Obj\stm32f3xx_hal_rtc_ex.o"
#        "C:\Users\jonas\OneDrive\KTH\åk3\Inbygda system\lab
#        1\filer\KULOR_V2\EWARM\KULOR_V2\Obj\stm32f3xx_hal_tim.o"
#        "C:\Users\jonas\OneDrive\KTH\åk3\Inbygda system\lab
#        1\filer\KULOR_V2\EWARM\KULOR_V2\Obj\stm32f3xx_hal_tim_ex.o"
#        "C:\Users\jonas\OneDrive\KTH\åk3\Inbygda system\lab
#        1\filer\KULOR_V2\EWARM\KULOR_V2\Obj\stm32f3xx_hal_uart.o"
#        "C:\Users\jonas\OneDrive\KTH\åk3\Inbygda system\lab
#        1\filer\KULOR_V2\EWARM\KULOR_V2\Obj\stm32f3xx_hal_uart_ex.o"
#        "C:\Users\jonas\OneDrive\KTH\åk3\Inbygda system\lab
#        1\filer\KULOR_V2\EWARM\KULOR_V2\Obj\stm32f3xx_it.o"
#        "C:\Users\jonas\OneDrive\KTH\åk3\Inbygda system\lab
#        1\filer\KULOR_V2\EWARM\KULOR_V2\Obj\system_stm32f3xx.o"
#        "C:\Users\jonas\OneDrive\KTH\åk3\Inbygda system\lab
#        1\filer\KULOR_V2\EWARM\KULOR_V2\Obj\tim.o"
#        "C:\Users\jonas\OneDrive\KTH\åk3\Inbygda system\lab
#        1\filer\KULOR_V2\EWARM\KULOR_V2\Obj\usart.o" --redirect
#        _Printf=_PrintfFull --redirect _Scanf=_ScanfFull -o
#        "C:\Users\jonas\OneDrive\KTH\åk3\Inbygda system\lab
#        1\filer\KULOR_V2\EWARM\KULOR_V2\Exe\KULOR_V2.out" --map
#        "C:\Users\jonas\OneDrive\KTH\åk3\Inbygda system\lab
#        1\filer\KULOR_V2\EWARM\KULOR_V2\List\KULOR_V2.map" --config
#        "C:\Users\jonas\OneDrive\KTH\åk3\Inbygda system\lab
#        1\filer\KULOR_V2\EWARM/stm32f303xc_flash.icf" --semihosting --entry
#        __iar_program_start --vfe
#
###############################################################################

*******************************************************************************
*** RUNTIME MODEL ATTRIBUTES
***

CppFlavor                     = *
__Heap_Handler                = Basic
__SystemLibrary               = DLib
__dlib_dynamic_initialization = normal


*******************************************************************************
*** PLACEMENT SUMMARY
***

"A0":  place at 0x08000000 { ro section .intvec };
"P1":  place in [from 0x08000000 to 0x0803ffff] { ro };
"P2":  place in [from 0x20000000 to 0x20009fff] { rw, block CSTACK, block HEAP };
initialize by copy { rw };

  Section             Kind        Address    Size  Object
  -------             ----        -------    ----  ------
"A0":                                       0x188
  .intvec             ro code  0x08000000   0x188  startup_stm32f303xc.o [1]
                             - 0x08000188   0x188

"P1":                                      0x553f
  .text               ro code  0x08000188  0x119a  xprintffull.o [3]
  .text               ro code  0x08001322    0x20  xmbtowc.o [3]
  .text               ro code  0x08001344    0x16  strchr.o [5]
  .text               ro code  0x0800135c    0x36  strlen.o [5]
  .text               ro code  0x08001394    0x58  memchr.o [5]
  .text               ro code  0x080013ec     0xa  xmbcurmax.o [3]
  .text               ro code  0x080013f8    0xb0  xxmemxmalloc.o [3]
  .text               ro code  0x080014a8    0x1a  xwctomb.o [3]
  .text               ro code  0x080014c4    0x76  ABImemcpy_unaligned.o [5]
  .text               ro code  0x0800153c    0x80  xxmemxfree.o [3]
  .text               ro code  0x080015bc    0xee  I64DivMod.o [5]
  .text               ro code  0x080016aa    0x44  xdnorm.o [4]
  .text               ro code  0x080016f0    0x2e  DblCmpLe.o [4]
  .text               ro code  0x08001720    0x2e  DblCmpGe.o [4]
  .text               ro code  0x08001750   0x114  xdscale.o [4]
  .text               ro code  0x08001864    0x58  DblToI32.o [4]
  .text               ro code  0x080018bc    0x30  I32ToDbl.o [4]
  .text               ro code  0x080018ec   0x180  DblSub.o [4]
  .text               ro code  0x08001a6c   0x1a2  DblMul.o [4]
  .text               ro code  0x08001c10   0x256  DblDiv.o [4]
  .text               ro code  0x08001e68    0x6c  localeconv.o [3]
  .text               ro code  0x08001ed4     0xe  div.o [3]
  .text               ro code  0x08001ee4    0x14  setlocale.o [3]
  .text               ro code  0x08001ef8    0x60  xencoding_sb.o [3]
  .text               ro code  0x08001f58    0x2c  xgetmemchunk.o [3]
  .text               ro code  0x08001f84     0x2  I64DivZer.o [5]
  .text               ro code  0x08001f88    0xd4  DblAdd.o [4]
  .text               ro code  0x0800205c     0x2  xtls.o [3]
  .text               ro code  0x08002060   0x8b4  stm32f3xx_hal_tim.o [1]
  .text               ro code  0x08002914   0x128  tim.o [1]
  .text               ro code  0x08002a3c     0x2  stm32f3xx_hal_tim.o [1]
  .text               ro code  0x08002a40   0x55c  Kulor_Funktioner.o [1]
  .text               ro code  0x08002f9c     0x2  stm32f3xx_hal_tim.o [1]
  .text               ro code  0x08002f9e     0x2  stm32f3xx_hal_tim.o [1]
  .text               ro code  0x08002fa0     0x2  stm32f3xx_hal_tim.o [1]
  .text               ro code  0x08002fa2     0x2  stm32f3xx_hal_tim_ex.o [1]
  .text               ro code  0x08002fa4     0x2  stm32f3xx_hal_tim.o [1]
  .text               ro code  0x08002fa6     0x2  stm32f3xx_hal_tim_ex.o [1]
  .text               ro code  0x08002fa8    0xfa  main.o [1]
  .text               ro code  0x080030a4    0x58  stm32f3xx_hal_tim_ex.o [1]
  .text               ro code  0x080030fc   0x1a0  stm32f3xx_hal_gpio.o [1]
  .text               ro code  0x0800329c    0xd6  stm32f3xx_hal_cortex.o [1]
  .text               ro code  0x08003374    0x94  stm32f3_discovery.o [1]
  .text               ro code  0x08003408   0x3f0  stm32f3xx_hal_rtc.o [1]
  .text               ro code  0x080037f8     0xc  stm32f3xx_hal_rtc_ex.o [1]
  .text               ro code  0x08003804    0x24  printf.o [3]
  .text               ro code  0x08003828   0x2a8  stm32f3xx_hal_crc.o [1]
  .text               ro code  0x08003ad0    0x28  stm32f3xx_hal.o [1]
  .text               ro code  0x08003af8   0x17c  gpio.o [1]
  .text               ro code  0x08003c74    0x68  crc.o [1]
  .text               ro code  0x08003cdc    0x8c  rtc.o [1]
  .text               ro code  0x08003d68    0xa0  usart.o [1]
  .text               ro code  0x08003e08   0x534  stm32f3xx_hal_rcc.o [1]
  .text               ro code  0x0800433c   0x1c4  stm32f3xx_hal_rcc_ex.o [1]
  .text               ro code  0x08004500     0xc  stm32f3xx_hal.o [1]
  .text               ro code  0x0800450c    0x4a  stm32f3xx_hal_crc_ex.o [1]
  .text               ro code  0x08004558    0x2c  stm32f3xx_hal.o [1]
  .text               ro code  0x08004584    0x7c  stm32f3xx_hal_msp.o [1]
  .text               ro code  0x08004600   0x616  stm32f3xx_hal_uart.o [1]
  .text               ro code  0x08004c18    0x4a  stm32f3xx_hal_dma.o [1]
  .text               ro code  0x08004c62     0x2  stm32f3xx_hal_uart.o [1]
  .text               ro code  0x08004c64     0x2  stm32f3xx_hal_uart_ex.o [1]
  .text               ro code  0x08004c66    0xd6  xfspos.o [3]
  .text               ro code  0x08004d3c    0xb0  fflush.o [3]
  .text               ro code  0x08004dec     0xc  xfgpos.o [3]
  .text               ro code  0x08004df8    0x4c  lseek.o [6]
  .text               ro code  0x08004e44     0xc  errno.o [3]
  .text               ro code  0x08004e50     0x4  xsyslock_nop.o [3]
  .text               ro code  0x08004e54    0x10  write.o [6]
  .text               ro code  0x08004e64    0xcc  XShHandles.o [3]
  .text               ro code  0x08004f30    0x1e  dwrite.o [6]
  .text               ro code  0x08004f4e    0x20  iarwstd.o [6]
  .text               ro code  0x08004f6e    0x22  iarwrite.o [6]
  .text               ro code  0x08004f90    0x6c  iarttio.o [6]
  .text               ro code  0x08004ffc     0x8  XShttio.o [3]
  .text               ro code  0x08005004    0xb8  xfwprep.o [3]
  .text               ro code  0x080050bc    0x22  fseek.o [3]
  .text               ro code  0x080050e0    0x80  xfofind.o [3]
  .text               ro code  0x08005160    0x7a  fclose.o [3]
  .text               ro code  0x080051da    0x1a  close.o [6]
  .text               ro code  0x080051f4    0x16  remove.o [6]
  .text               ro code  0x0800520c    0x78  system_stm32f3xx.o [1]
  .text               ro code  0x08005284    0x78  lz77_init_single.o [5]
  .text               ro code  0x080052fc    0x58  xcloseall.o [3]
  .text               ro code  0x08005354    0x56  fputc.o [3]
  .text               ro code  0x080053aa    0x40  zero_init3.o [5]
  .text               ro code  0x080053ec    0x28  stm32f3xx_it.o [1]
  .text               ro code  0x08005414    0x10  stm32f3xx_hal.o [1]
  .text               ro code  0x08005424    0x28  data_init.o [5]
  .text               ro code  0x0800544c    0x22  fpinit_M.o [4]
  .iar.init_table     const    0x08005470    0x20  - Linker created -
  .text               ro code  0x08005490    0x1a  cmain.o [5]
  .text               ro code  0x080054aa     0x4  low_level_init.o [3]
  .text               ro code  0x080054ae     0x4  exit.o [3]
  .text               ro code  0x080054b4     0xe  cexit.o [5]
  .text               ro code  0x080054c4    0x14  exit.o [6]
  .text               ro code  0x080054d8    0x16  xprout.o [3]
  .text               ro code  0x080054f0     0xc  putchar.o [3]
  .text               ro code  0x080054fc    0x10  startup_stm32f303xc.o [1]
  .text               ro code  0x0800550c     0xc  cstartup_M.o [5]
  .rodata             const    0x08005518     0x8  system_stm32f3xx.o [1]
  .text               ro code  0x08005520     0x4  startup_stm32f303xc.o [1]
  .text               ro code  0x08005524     0x4  startup_stm32f303xc.o [1]
  .text               ro code  0x08005528     0x4  startup_stm32f303xc.o [1]
  .text               ro code  0x0800552c     0x4  startup_stm32f303xc.o [1]
  .text               ro code  0x08005530     0x4  startup_stm32f303xc.o [1]
  .text               ro code  0x08005534     0x4  startup_stm32f303xc.o [1]
  .text               ro code  0x08005538     0x4  startup_stm32f303xc.o [1]
  .text               ro code  0x0800553c     0x4  startup_stm32f303xc.o [1]
  .text               ro code  0x08005540     0x4  startup_stm32f303xc.o [1]
  .text               ro code  0x08005544     0x4  startup_stm32f303xc.o [1]
  .text               ro code  0x08005548     0x4  startup_stm32f303xc.o [1]
  .text               ro code  0x0800554c     0x4  startup_stm32f303xc.o [1]
  .text               ro code  0x08005550     0x4  startup_stm32f303xc.o [1]
  .text               ro code  0x08005554     0x4  startup_stm32f303xc.o [1]
  .text               ro code  0x08005558     0x4  startup_stm32f303xc.o [1]
  .text               ro code  0x0800555c     0x4  startup_stm32f303xc.o [1]
  .text               ro code  0x08005560     0x4  startup_stm32f303xc.o [1]
  .text               ro code  0x08005564     0x4  startup_stm32f303xc.o [1]
  .text               ro code  0x08005568     0x4  startup_stm32f303xc.o [1]
  .text               ro code  0x0800556c     0x4  startup_stm32f303xc.o [1]
  .text               ro code  0x08005570     0x4  startup_stm32f303xc.o [1]
  .text               ro code  0x08005574     0x4  startup_stm32f303xc.o [1]
  .text               ro code  0x08005578     0x4  startup_stm32f303xc.o [1]
  .text               ro code  0x0800557c     0x4  startup_stm32f303xc.o [1]
  .text               ro code  0x08005580     0x4  startup_stm32f303xc.o [1]
  .text               ro code  0x08005584     0x4  startup_stm32f303xc.o [1]
  .text               ro code  0x08005588     0x4  startup_stm32f303xc.o [1]
  .text               ro code  0x0800558c     0x4  startup_stm32f303xc.o [1]
  .text               ro code  0x08005590     0x4  startup_stm32f303xc.o [1]
  .text               ro code  0x08005594     0x4  startup_stm32f303xc.o [1]
  .text               ro code  0x08005598     0x4  startup_stm32f303xc.o [1]
  .text               ro code  0x0800559c     0x4  startup_stm32f303xc.o [1]
  .text               ro code  0x080055a0     0x4  startup_stm32f303xc.o [1]
  .text               ro code  0x080055a4     0x4  startup_stm32f303xc.o [1]
  .text               ro code  0x080055a8     0x4  startup_stm32f303xc.o [1]
  .text               ro code  0x080055ac     0x4  startup_stm32f303xc.o [1]
  .text               ro code  0x080055b0     0x4  startup_stm32f303xc.o [1]
  .text               ro code  0x080055b4     0x4  startup_stm32f303xc.o [1]
  .text               ro code  0x080055b8     0x4  startup_stm32f303xc.o [1]
  .text               ro code  0x080055bc     0x4  startup_stm32f303xc.o [1]
  .text               ro code  0x080055c0     0x4  startup_stm32f303xc.o [1]
  .text               ro code  0x080055c4     0x4  startup_stm32f303xc.o [1]
  .text               ro code  0x080055c8     0x4  startup_stm32f303xc.o [1]
  .text               ro code  0x080055cc     0x4  startup_stm32f303xc.o [1]
  .text               ro code  0x080055d0     0x4  startup_stm32f303xc.o [1]
  .text               ro code  0x080055d4     0x4  startup_stm32f303xc.o [1]
  .text               ro code  0x080055d8     0x4  startup_stm32f303xc.o [1]
  .text               ro code  0x080055dc     0x4  startup_stm32f303xc.o [1]
  .text               ro code  0x080055e0     0x4  startup_stm32f303xc.o [1]
  .text               ro code  0x080055e4     0x4  startup_stm32f303xc.o [1]
  .text               ro code  0x080055e8     0x4  startup_stm32f303xc.o [1]
  .text               ro code  0x080055ec     0x4  startup_stm32f303xc.o [1]
  .text               ro code  0x080055f0     0x4  startup_stm32f303xc.o [1]
  .text               ro code  0x080055f4     0x4  startup_stm32f303xc.o [1]
  .text               ro code  0x080055f8     0x4  startup_stm32f303xc.o [1]
  .text               ro code  0x080055fc     0x4  startup_stm32f303xc.o [1]
  .text               ro code  0x08005600     0x4  startup_stm32f303xc.o [1]
  .text               ro code  0x08005604     0x4  startup_stm32f303xc.o [1]
  .text               ro code  0x08005608     0x4  startup_stm32f303xc.o [1]
  .text               ro code  0x0800560c     0x4  startup_stm32f303xc.o [1]
  .text               ro code  0x08005610     0x4  startup_stm32f303xc.o [1]
  .text               ro code  0x08005614     0x4  startup_stm32f303xc.o [1]
  .text               ro code  0x08005618     0x4  startup_stm32f303xc.o [1]
  .text               ro code  0x0800561c     0x4  startup_stm32f303xc.o [1]
  .text               ro code  0x08005620     0x4  startup_stm32f303xc.o [1]
  .text               ro code  0x08005624     0x4  startup_stm32f303xc.o [1]
  .text               ro code  0x08005628     0x4  startup_stm32f303xc.o [1]
  .text               ro code  0x0800562c     0x4  startup_stm32f303xc.o [1]
  .text               ro code  0x08005630     0x4  startup_stm32f303xc.o [1]
  .text               ro code  0x08005634     0x4  startup_stm32f303xc.o [1]
  .text               ro code  0x08005638     0x4  startup_stm32f303xc.o [1]
  .text               ro code  0x0800563c     0x4  startup_stm32f303xc.o [1]
  .text               ro code  0x08005640     0x0  cstart_closeall.o [5]
  .rodata             const    0x08005640     0x0  zero_init3.o [5]
  .rodata             const    0x08005640     0x0  lz77_init_single.o [5]
  Initializer bytes   const    0x08005640    0x87  <for P2-1>
                             - 0x080056c7  0x553f

"P2", part 1 of 3:                          0x354
  P2-1                         0x20000000   0x354  <Init block>
    .data             inited   0x20000000    0x6c  Kulor_Funktioner.o [1]
    .data             inited   0x2000006c    0xdc  Kulor_Funktioner.o [1]
    .data             inited   0x20000148    0x20  stm32f3_discovery.o [1]
    .data             inited   0x20000168     0x4  system_stm32f3xx.o [1]
    .data             inited   0x2000016c    0x40  xfiles.o [3]
    .data             inited   0x200001ac    0x40  xfiles.o [3]
    .data             inited   0x200001ec    0x40  xfiles.o [3]
    .data             inited   0x2000022c    0x20  xfiles.o [3]
    .data             inited   0x2000024c     0x8  XShttio.o [3]
    __DLIB_PERTHREAD  inited   0x20000254     0x4  errno.o [3]
    __DLIB_PERTHREAD  inited   0x20000258    0x74  setlocale.o [3]
    __DLIB_PERTHREAD  inited   0x200002cc    0x88  localeconv.o [3]
                             - 0x20000354   0x354

"P2", part 2 of 3:                          0x600
  CSTACK                       0x20000358   0x400  <Block>
    CSTACK            uninit   0x20000358   0x400  <Block tail>
  HEAP                         0x20000758   0x200  <Block>
    HEAP              uninit   0x20000758   0x200  <Block tail>
                             - 0x20000958   0x600

"P2", part 3 of 3:                          0x2cc
  .bss                zero     0x20000958    0xe8  Kulor_Funktioner.o [1]
  .bss                zero     0x20000a40    0x80  XShHandles.o [3]
  .bss                zero     0x20000ac0    0x70  usart.o [1]
  .bss                zero     0x20000b30    0x50  xfiles.o [3]
  .bss                zero     0x20000b80    0x50  xfiles.o [3]
  .bss                zero     0x20000bd0    0x24  crc.o [1]
  .bss                zero     0x20000bf4    0x20  rtc.o [1]
  .bss                zero     0x20000c14     0x8  xxmemxmalloc.o [3]
  .bss                zero     0x20000c1c     0x4  stm32f3xx_hal.o [1]
  .bss                zero     0x20000c20     0x4  xgetmemchunk.o [3]
                             - 0x20000c24   0x2cc


*******************************************************************************
*** INIT TABLE
***

          Address     Size
          -------     ----
Zero (__iar_zero_init3)
    1 destination range, total size 0x2cc:
          0x20000958  0x2cc

Copy/lz77 (__iar_lz77_init_single3)
    1 source range, total size 0x87 (15% of destination):
          0x08005640   0x87
    1 destination range, total size 0x354:
          0x20000000  0x354



*******************************************************************************
*** MODULE SUMMARY
***

    Module                   ro code  ro data  rw data
    ------                   -------  -------  -------
C:\Users\jonas\OneDrive\KTH\åk3\Inbygda system\lab 1\filer\KULOR_V2\EWARM\KULOR_V2\Obj: [1]
    Kulor_Funktioner.o         1 372       51      560
    crc.o                        104                36
    gpio.o                       380
    main.o                       250
    rtc.o                        140                32
    startup_stm32f303xc.o        696
    stm32f3_discovery.o          148        6       32
    stm32f3xx_hal.o              112                 4
    stm32f3xx_hal_cortex.o       214
    stm32f3xx_hal_crc.o          680
    stm32f3xx_hal_crc_ex.o        74
    stm32f3xx_hal_dma.o           74
    stm32f3xx_hal_gpio.o         416
    stm32f3xx_hal_msp.o          124
    stm32f3xx_hal_rcc.o        1 332
    stm32f3xx_hal_rcc_ex.o       452
    stm32f3xx_hal_rtc.o        1 008
    stm32f3xx_hal_rtc_ex.o        12
    stm32f3xx_hal_tim.o        2 238
    stm32f3xx_hal_tim_ex.o        92
    stm32f3xx_hal_uart.o       1 560
    stm32f3xx_hal_uart_ex.o        2
    stm32f3xx_it.o                40
    system_stm32f3xx.o           120        8        4
    tim.o                        296
    usart.o                      160               112
    --------------------------------------------------
    Total:                    12 096       65      780

command line: [2]
    --------------------------------------------------
    Total:

dl7M_tlf.a: [3]
    XShHandles.o                 204               128
    XShttio.o                      8        1        8
    div.o                         14
    errno.o                       12        1        4
    exit.o                         4
    fclose.o                     122
    fflush.o                     176
    fputc.o                       86
    fseek.o                       34
    localeconv.o                 108       22      136
    low_level_init.o               4
    printf.o                      36
    putchar.o                     12
    setlocale.o                   20       18      116
    xcloseall.o                   88
    xencoding_sb.o                96
    xfgpos.o                      12
    xfiles.o                               36      384
    xfofind.o                    128
    xfspos.o                     214
    xfwprep.o                    184
    xgetmemchunk.o                44                 4
    xmbcurmax.o                   10
    xmbtowc.o                     32
    xprintffull.o              4 506
    xprout.o                      22
    xsyslock_nop.o                 4
    xtls.o                         2
    xwctomb.o                     26
    xxmemxfree.o                 128
    xxmemxmalloc.o               176                 8
    --------------------------------------------------
    Total:                     6 512       78      788

m7M_tls.a: [4]
    DblAdd.o                     212
    DblCmpGe.o                    46
    DblCmpLe.o                    46
    DblDiv.o                     598
    DblMul.o                     418
    DblSub.o                     384
    DblToI32.o                    88
    I32ToDbl.o                    48
    fpinit_M.o                    34
    xdnorm.o                      68
    xdscale.o                    276
    --------------------------------------------------
    Total:                     2 218

rt7M_tl.a: [5]
    ABImemcpy_unaligned.o        118
    I64DivMod.o                  238
    I64DivZer.o                    2
    cexit.o                       14
    cmain.o                       26
    cstart_closeall.o
    cstartup_M.o                  12
    data_init.o                   40
    lz77_init_single.o           120
    memchr.o                      88
    strchr.o                      22
    strlen.o                      54
    zero_init3.o                  64
    --------------------------------------------------
    Total:                       798

shb_l.a: [6]
    close.o                       26
    dwrite.o                      30
    exit.o                        20
    iarttio.o                    108
    iarwrite.o                    34
    iarwstd.o                     32
    lseek.o                       76
    remove.o                      22
    write.o                       16
    --------------------------------------------------
    Total:                       364

    Gaps                          50        2
    Linker created                         32    1 536
------------------------------------------------------
    Grand Total:              22 038      177    3 104


*******************************************************************************
*** ENTRY LIST
***

Entry                      Address   Size  Type      Object
-----                      -------   ----  ----      ------
.iar.init_table$$Base   0x08005470          --   Gb  - Linker created -
.iar.init_table$$Limit  0x08005490          --   Gb  - Linker created -
?main                   0x08005491         Code  Gb  cmain.o [5]
AHBPrescTable           0x08005274   0x10  Data  Gb  system_stm32f3xx.o [1]
APBPrescTable           0x08005518    0x8  Data  Gb  system_stm32f3xx.o [1]
BSP_LED_Init            0x08003375   0x68  Code  Gb  stm32f3_discovery.o [1]
BSP_LED_On              0x080033dd   0x14  Code  Gb  stm32f3_discovery.o [1]
BitCount                0x2000095a    0x2  Data  Gb  Kulor_Funktioner.o [1]
BitValue                0x2000010c   0x14  Data  Gb  Kulor_Funktioner.o [1]
CRC_Handle_16           0x08003a53   0x7e  Code  Lc  stm32f3xx_hal_crc.o [1]
CRC_Handle_8            0x0800392d  0x126  Code  Lc  stm32f3xx_hal_crc.o [1]
CSTACK$$Base            0x20000358          --   Gb  - Linker created -
CSTACK$$Limit           0x20000758          --   Gb  - Linker created -
CalculateTempraturePacket
                        0x08002cbd  0x21e  Code  Gb  Kulor_Funktioner.o [1]
CrcCode                 0x2000013b    0x1  Data  Gb  Kulor_Funktioner.o [1]
Error_Handler           0x080030a1    0x2  Code  Gb  main.o [1]
HAL_CRCEx_Polynomial_Set
                        0x0800450d   0x4a  Code  Gb  stm32f3xx_hal_crc_ex.o [1]
HAL_CRC_Calculate       0x080038a1   0x8a  Code  Gb  stm32f3xx_hal_crc.o [1]
HAL_CRC_Init            0x08003829   0x72  Code  Gb  stm32f3xx_hal_crc.o [1]
HAL_CRC_MspInit         0x08003cad   0x22  Code  Gb  crc.o [1]
HAL_DMA_Abort_IT        0x08004c19   0x4a  Code  Gb  stm32f3xx_hal_dma.o [1]
HAL_GPIO_Init           0x080030fd  0x176  Code  Gb  stm32f3xx_hal_gpio.o [1]
HAL_GPIO_WritePin       0x08003275    0xa  Code  Gb  stm32f3xx_hal_gpio.o [1]
HAL_GetTick             0x08004501    0xc  Code  Wk  stm32f3xx_hal.o [1]
HAL_IncTick             0x08005415   0x10  Code  Wk  stm32f3xx_hal.o [1]
HAL_Init                0x08003ad1   0x24  Code  Gb  stm32f3xx_hal.o [1]
HAL_InitTick            0x08004559   0x2c  Code  Wk  stm32f3xx_hal.o [1]
HAL_MspInit             0x08004585   0x7c  Code  Gb  stm32f3xx_hal_msp.o [1]
HAL_NVIC_EnableIRQ      0x08003309   0x12  Code  Gb  stm32f3xx_hal_cortex.o [1]
HAL_NVIC_SetPriority    0x080032b7   0x52  Code  Gb  stm32f3xx_hal_cortex.o [1]
HAL_NVIC_SetPriorityGrouping
                        0x0800329d   0x1a  Code  Gb  stm32f3xx_hal_cortex.o [1]
HAL_RCCEx_PeriphCLKConfig
                        0x0800433d  0x1b8  Code  Gb  stm32f3xx_hal_rcc_ex.o [1]
HAL_RCC_ClockConfig     0x08004145  0x146  Code  Gb  stm32f3xx_hal_rcc.o [1]
HAL_RCC_GetHCLKFreq     0x080042c5    0x6  Code  Gb  stm32f3xx_hal_rcc.o [1]
HAL_RCC_GetPCLK1Freq    0x080042cb   0x14  Code  Gb  stm32f3xx_hal_rcc.o [1]
HAL_RCC_GetPCLK2Freq    0x080042df   0x14  Code  Gb  stm32f3xx_hal_rcc.o [1]
HAL_RCC_GetSysClockFreq
                        0x0800428b   0x3a  Code  Gb  stm32f3xx_hal_rcc.o [1]
HAL_RCC_OscConfig       0x08003e09  0x33c  Code  Gb  stm32f3xx_hal_rcc.o [1]
HAL_RTCEx_BKUPRead      0x080037f9    0xc  Code  Gb  stm32f3xx_hal_rtc_ex.o [1]
HAL_RTC_Init            0x08003409   0xb6  Code  Gb  stm32f3xx_hal_rtc.o [1]
HAL_RTC_MspInit         0x08003d4d   0x10  Code  Gb  rtc.o [1]
HAL_RTC_SetDate         0x08003665  0x186  Code  Gb  stm32f3xx_hal_rtc.o [1]
HAL_RTC_SetTime         0x080034bf  0x1a6  Code  Gb  stm32f3xx_hal_rtc.o [1]
HAL_SYSTICK_CLKSourceConfig
                        0x0800333d   0x14  Code  Gb  stm32f3xx_hal_cortex.o [1]
HAL_SYSTICK_Callback    0x08003371    0x2  Code  Wk  stm32f3xx_hal_cortex.o [1]
HAL_SYSTICK_Config      0x0800331b   0x22  Code  Gb  stm32f3xx_hal_cortex.o [1]
HAL_SYSTICK_IRQHandler  0x0800336d    0x4  Code  Gb  stm32f3xx_hal_cortex.o [1]
HAL_TIMEx_BreakCallback
                        0x08002fa3    0x2  Code  Wk  stm32f3xx_hal_tim_ex.o [1]
HAL_TIMEx_CommutationCallback
                        0x08002fa7    0x2  Code  Wk  stm32f3xx_hal_tim_ex.o [1]
HAL_TIMEx_MasterConfigSynchronization
                        0x080030a5   0x4e  Code  Gb  stm32f3xx_hal_tim_ex.o [1]
HAL_TIM_Base_Init       0x08002061   0xd6  Code  Gb  stm32f3xx_hal_tim.o [1]
HAL_TIM_Base_MspInit    0x080029db   0x54  Code  Gb  tim.o [1]
HAL_TIM_ConfigClockSource
                        0x080025f7  0x19e  Code  Gb  stm32f3xx_hal_tim.o [1]
HAL_TIM_IC_CaptureCallback
                        0x08002c31   0x8c  Code  Gb  Kulor_Funktioner.o [1]
HAL_TIM_IC_ConfigChannel
                        0x08002457  0x1a0  Code  Gb  stm32f3xx_hal_tim.o [1]
HAL_TIM_IC_Init         0x08002151   0xd2  Code  Gb  stm32f3xx_hal_tim.o [1]
HAL_TIM_IC_MspInit      0x08002a3d    0x2  Code  Wk  stm32f3xx_hal_tim.o [1]
HAL_TIM_IC_Start_IT     0x08002229   0x5c  Code  Gb  stm32f3xx_hal_tim.o [1]
HAL_TIM_IC_Stop_IT      0x08002285   0x70  Code  Gb  stm32f3xx_hal_tim.o [1]
HAL_TIM_IRQHandler      0x0800230d  0x14a  Code  Gb  stm32f3xx_hal_tim.o [1]
HAL_TIM_OC_DelayElapsedCallback
                        0x08002f9d    0x2  Code  Wk  stm32f3xx_hal_tim.o [1]
HAL_TIM_PWM_PulseFinishedCallback
                        0x08002f9f    0x2  Code  Wk  stm32f3xx_hal_tim.o [1]
HAL_TIM_PeriodElapsedCallback
                        0x08002fa1    0x2  Code  Wk  stm32f3xx_hal_tim.o [1]
HAL_TIM_ReadCapturedValue
                        0x080027dd   0x62  Code  Gb  stm32f3xx_hal_tim.o [1]
HAL_TIM_SlaveConfigSynchronization
                        0x08002797   0x44  Code  Gb  stm32f3xx_hal_tim.o [1]
HAL_TIM_TriggerCallback
                        0x08002fa5    0x2  Code  Wk  stm32f3xx_hal_tim.o [1]
HAL_UARTEx_WakeupCallback
                        0x08004c65    0x2  Code  Wk  stm32f3xx_hal_uart_ex.o [1]
HAL_UART_ErrorCallback  0x08004c63    0x2  Code  Wk  stm32f3xx_hal_uart.o [1]
HAL_UART_IRQHandler     0x08004667  0x170  Code  Gb  stm32f3xx_hal_uart.o [1]
HAL_UART_Init           0x08004601   0x66  Code  Gb  stm32f3xx_hal_uart.o [1]
HAL_UART_MspInit        0x08003da3   0x54  Code  Gb  usart.o [1]
HAL_UART_RxCpltCallback
                        0x08002a4d    0xc  Code  Gb  Kulor_Funktioner.o [1]
HAL_UART_TxCpltCallback
                        0x08002a41    0xc  Code  Gb  Kulor_Funktioner.o [1]
HEAP$$Base              0x20000758          --   Gb  - Linker created -
HEAP$$Limit             0x20000958          --   Gb  - Linker created -
HumidityValue           0x20000130    0x8  Data  Gb  Kulor_Funktioner.o [1]
LED_PIN                 0x080033f8   0x10  Data  Gb  stm32f3_discovery.o [1]
LED_PORT                0x20000148   0x20  Data  Gb  stm32f3_discovery.o [1]
LoadInt                 0x080007ff   0x6e  Code  Lc  xprintffull.o [3]
LongPeriod              0x20000139    0x1  Data  Gb  Kulor_Funktioner.o [1]
MX_CRC_Init             0x08003c75   0x38  Code  Gb  crc.o [1]
MX_GPIO_Init            0x08003af9  0x17c  Code  Gb  gpio.o [1]
MX_RTC_Init             0x08003cdd   0x70  Code  Gb  rtc.o [1]
MX_TIM1_Init            0x08002915   0xc6  Code  Gb  tim.o [1]
MX_USART3_UART_Init     0x08003d69   0x3a  Code  Gb  usart.o [1]
NewLine                 0x20000054    0x4  Data  Gb  Kulor_Funktioner.o [1]
PreambleCount           0x20000958    0x1  Data  Gb  Kulor_Funktioner.o [1]
RTC_CLOCK_SETINGS       0x08002a59   0x84  Code  Gb  Kulor_Funktioner.o [1]
RTC_CalendarConfig::date
                        0x2000004e    0x1  Data  Lc  Kulor_Funktioner.o [1]
RTC_CalendarConfig::hour
                        0x20000050    0x1  Data  Lc  Kulor_Funktioner.o [1]
RTC_CalendarConfig::minits
                        0x2000004f    0x1  Data  Lc  Kulor_Funktioner.o [1]
RTC_CalendarConfig::mouth
                        0x20000051    0x1  Data  Lc  Kulor_Funktioner.o [1]
RTC_CalendarConfig::year
                        0x2000004d    0x1  Data  Lc  Kulor_Funktioner.o [1]
RecivedPacket           0x20000960   0xa0  Data  Gb  Kulor_Funktioner.o [1]
Region$$Table$$Base     0x08005470          --   Gb  - Linker created -
Region$$Table$$Limit    0x08005490          --   Gb  - Linker created -
RtcHandle               0x20000000   0x20  Data  Gb  Kulor_Funktioner.o [1]
SetDate                 0x20000034    0xc  Data  Gb  Kulor_Funktioner.o [1]
SetTime                 0x20000040    0x8  Data  Gb  Kulor_Funktioner.o [1]
SysTick_Handler         0x080053ed   0x12  Code  Gb  stm32f3xx_it.o [1]
SystemClock_Config      0x08002fff   0x92  Code  Gb  main.o [1]
SystemCoreClock         0x20000168    0x4  Data  Gb  system_stm32f3xx.o [1]
SystemInit              0x0800520d   0x54  Code  Gb  system_stm32f3xx.o [1]
TIM1_CC_IRQHandler      0x080053ff    0x6  Code  Gb  stm32f3xx_it.o [1]
TIM_SlaveTimer_SetConfig
                        0x0800283f   0xb4  Code  Lc  stm32f3xx_hal_tim.o [1]
Temprature              0x2000013c    0xc  Data  Gb  Kulor_Funktioner.o [1]
TempratureValue         0x20000128    0x8  Data  Gb  Kulor_Funktioner.o [1]
UART_AdvFeatureConfig   0x080049dd   0xc6  Code  Gb  stm32f3xx_hal_uart.o [1]
UART_CheckIdleState     0x08004aa3   0x88  Code  Gb  stm32f3xx_hal_uart.o [1]
UART_DMAAbortOnError    0x08004b2d   0x10  Code  Lc  stm32f3xx_hal_uart.o [1]
UART_Receive_IT         0x08004ba3   0x74  Code  Gb  stm32f3xx_hal_uart.o [1]
UART_SetConfig          0x080047d9  0x1e6  Code  Gb  stm32f3xx_hal_uart.o [1]
UART_Transmit_IT        0x08004b3d   0x66  Code  Gb  stm32f3xx_hal_uart.o [1]
USART3_IRQHandler       0x08005405    0x6  Code  Gb  stm32f3xx_it.o [1]
UartReady               0x2000004c    0x1  Data  Gb  Kulor_Funktioner.o [1]
_Close_all              0x080052fd   0x58  Code  Gb  xcloseall.o [3]
_EncodingSb_Mbtowc      0x08001f13   0x30  Code  Gb  xencoding_sb.o [3]
_EncodingSb_Mbtowc::initial
                        0x08001f50    0x8  Data  Lc  xencoding_sb.o [3]
_EncodingSb_Wctomb      0x08001ef9   0x1a  Code  Gb  xencoding_sb.o [3]
_EncodingSb_Wctomb::initial
                        0x08001f48    0x8  Data  Lc  xencoding_sb.o [3]
_Files                  0x2000022c   0x20  Data  Gb  xfiles.o [3]
_Fofree                 0x080050e1   0x78  Code  Gb  xfofind.o [3]
_Fspos                  0x08004c67   0xd6  Code  Gb  xfspos.o [3]
_Fwprep                 0x08005005   0xb8  Code  Gb  xfwprep.o [3]
_GenldFull              0x08001085  0x254  Code  Lc  xprintffull.o [3]
_IsdstStr               0x2000025c    0x4  Data  Gb  setlocale.o [3]
_LdtobFull              0x08000c85  0x3fa  Code  Lc  xprintffull.o [3]
_LitobFull              0x08000b79  0x10a  Code  Lc  xprintffull.o [3]
_LocaleEncoding         0x08001ee5    0xe  Code  Gb  setlocale.o [3]
_LocaleReturnString     0x2000027c   0x50  Data  Lc  setlocale.o [3]
_Locale_Profile         0x20000260   0x1c  Data  Gb  setlocale.o [3]
_Locale_aeabi_lconv     0x2000031c   0x38  Data  Gb  localeconv.o [3]
_Locale_lconv           0x200002cc   0x50  Data  Gb  localeconv.o [3]
_Mbtowc                 0x08001323   0x20  Code  Gb  xmbtowc.o [3]
_Nnl                    0x08004ded    0xc  Code  Gb  xfgpos.o [3]
_PrintfFull             0x08000189  0x660  Code  Gb  xprintffull.o [3]
_Prout                  0x080054d9   0x16  Code  Gb  xprout.o [3]
_PutcharsFull           0x080012d9   0x2e  Code  Lc  xprintffull.o [3]
_PutstrFull             0x0800086d  0x306  Code  Lc  xprintffull.o [3]
_TzoneStr               0x20000258    0x4  Data  Gb  setlocale.o [3]
_Wctomb                 0x080014a9   0x1a  Code  Gb  xwctomb.o [3]
__aeabi_cdcmple         0x080016f1         Code  Gb  DblCmpLe.o [4]
__aeabi_cdrcmple        0x08001721         Code  Gb  DblCmpGe.o [4]
__aeabi_d2iz            0x08001865         Code  Gb  DblToI32.o [4]
__aeabi_d2uiz           0x08001891         Code  Gb  DblToI32.o [4]
__aeabi_ddiv            0x08001c11         Code  Gb  DblDiv.o [4]
__aeabi_dmul            0x08001a6d         Code  Gb  DblMul.o [4]
__aeabi_dsub            0x080018ed         Code  Gb  DblSub.o [4]
__aeabi_errno_addr      0x08004e45    0x6  Code  Gb  errno.o [3]
__aeabi_i2d             0x080018bd         Code  Gb  I32ToDbl.o [4]
__aeabi_ldiv0           0x08001f85         Code  Gb  I64DivZer.o [5]
__aeabi_ui2d            0x080018d1         Code  Gb  I32ToDbl.o [4]
__aeabi_uldivmod        0x080015bd         Code  Gb  I64DivMod.o [5]
__cexit_closeall        0x080054b7         Code  Gb  cexit.o [5]
__close                 0x080051db   0x1a  Code  Gb  close.o [6]
__cmain                 0x08005491         Code  Gb  cmain.o [5]
__cstart_closeall       0x08005640         Data  Gb  cstart_closeall.o [5]
__data_Aldata           0x20000c14    0x8  Data  Gb  xxmemxmalloc.o [3]
__data_GetMemChunk      0x08001f59   0x2c  Code  Gb  xgetmemchunk.o [3]
__data_GetMemChunk::start
                        0x20000c20    0x4  Data  Lc  xgetmemchunk.o [3]
__dwrite                0x08004f31   0x1e  Code  Gb  dwrite.o [6]
__exit                  0x080054c5   0x14  Code  Gb  exit.o [6]
__iar_Dnorm             0x080016ab   0x44  Code  Gb  xdnorm.o [4]
__iar_Dscale            0x08001751  0x114  Code  Gb  xdscale.o [4]
__iar_Errno             0x20000254    0x4  Data  Gb  errno.o [3]
__iar_Locale_lconv_init
                        0x08001e69   0x3a  Code  Gb  localeconv.o [3]
__iar_Lockfilelock      0x08004e51    0x2  Code  Gb  xsyslock_nop.o [3]
__iar_Mbcurmax          0x080013ed    0xa  Code  Gb  xmbcurmax.o [3]
__iar_Memchr            0x08001395         Code  Gb  memchr.o [5]
__iar_Stderr            0x200001ec   0x40  Data  Gb  xfiles.o [3]
__iar_Stdin             0x2000016c   0x40  Data  Gb  xfiles.o [3]
__iar_Stdout            0x200001ac   0x40  Data  Gb  xfiles.o [3]
__iar_Strchr            0x08001345         Code  Gb  strchr.o [5]
__iar_Unlockfilelock    0x08004e53    0x2  Code  Gb  xsyslock_nop.o [3]
__iar_close_ttio        0x08004f91   0x2e  Code  Gb  iarttio.o [6]
__iar_d2uiz             0x0800189d         Code  Gb  DblToI32.o [4]
__iar_dadd              0x08001f89         Code  Gb  DblAdd.o [4]
__iar_data_init3        0x08005425   0x28  Code  Gb  data_init.o [5]
__iar_dlib_perthread_access
                        0x0800205d    0x2  Code  Gb  xtls.o [3]
__iar_dsub              0x08001901         Code  Gb  DblSub.o [4]
__iar_dsubStart         0x08001913         Code  Gb  DblSub.o [4]
__iar_get_ttio          0x08004fc1   0x38  Code  Gb  iarttio.o [6]
__iar_init_vfp          0x0800544d         Code  Gb  fpinit_M.o [4]
__iar_lookup_ttioh      0x08004ffd    0x8  Code  Gb  XShttio.o [3]
__iar_lz77_init_single3
                        0x08005285   0x78  Code  Gb  lz77_init_single.o [5]
__iar_program_start     0x0800550d         Code  Gb  cstartup_M.o [5]
__iar_sh_Discard        0x08004e65   0x3e  Code  Gb  XShHandles.o [3]
__iar_sh_Move           0x08004ea9   0x46  Code  Gb  XShHandles.o [3]
__iar_sh_Pos            0x08004eef   0x3e  Code  Gb  XShHandles.o [3]
__iar_sh_stdout         0x08004f4f   0x20  Code  Gb  iarwstd.o [6]
__iar_sh_write          0x08004f6f   0x22  Code  Gb  iarwrite.o [6]
__iar_ttio_handles      0x2000024c    0x8  Data  Lc  XShttio.o [3]
__iar_ui2d              0x080018d5         Code  Gb  I32ToDbl.o [4]
__iar_unaligned___aeabi_memcpy
                        0x080014c5         Code  Gb  ABImemcpy_unaligned.o [5]
__iar_unaligned___aeabi_memcpy4
                        0x080014e5         Code  Gb  ABImemcpy_unaligned.o [5]
__iar_unaligned___aeabi_memcpy8
                        0x080014e5         Code  Gb  ABImemcpy_unaligned.o [5]
__iar_zero_init3        0x080053ab   0x40  Code  Gb  zero_init3.o [5]
__low_level_init        0x080054ab    0x4  Code  Gb  low_level_init.o [3]
__lseek                 0x08004df9   0x4c  Code  Gb  lseek.o [6]
__vector_table          0x08000000         Data  Gb  startup_stm32f303xc.o [1]
__write                 0x08004e55   0x10  Code  Gb  write.o [6]
_call_main              0x0800549d         Code  Gb  cmain.o [5]
_exit                   0x080054b5         Code  Gb  cexit.o [5]
_main                   0x080054a7         Code  Gb  cmain.o [5]
aPLLMULFactorTable      0x0800431c   0x10  Data  Gb  stm32f3xx_hal_rcc.o [1]
aPredivFactorTable      0x0800432c   0x10  Data  Gb  stm32f3xx_hal_rcc.o [1]
data_array              0x2000006c   0xa0  Data  Gb  Kulor_Funktioner.o [1]
div                     0x08001ed5    0xe  Code  Gb  div.o [3]
ebuf                    0x20000b30   0x50  Data  Lc  xfiles.o [3]
exit                    0x080054af    0x4  Code  Gb  exit.o [3]
fclose                  0x08005161   0x7a  Code  Gb  fclose.o [3]
fflush                  0x08004db3   0x34  Code  Gb  fflush.o [3]
fflushOne               0x08004d3d   0x76  Code  Lc  fflush.o [3]
fputc                   0x08005355   0x56  Code  Gb  fputc.o [3]
free                    0x0800153d   0x7a  Code  Gb  xxmemxfree.o [3]
fseek                   0x080050bd   0x22  Code  Gb  fseek.o [3]
getHumidity             0x08002b5f   0xd2  Code  Gb  Kulor_Funktioner.o [1]
getTempratue            0x08002add   0x82  Code  Gb  Kulor_Funktioner.o [1]
hcrc                    0x20000bd0   0x24  Data  Gb  crc.o [1]
hrtc                    0x20000bf4   0x20  Data  Gb  rtc.o [1]
htim1                   0x20000a00   0x40  Data  Gb  Kulor_Funktioner.o [1]
huart3                  0x20000ac0   0x70  Data  Gb  usart.o [1]
humidity                0x20000120    0x8  Data  Gb  Kulor_Funktioner.o [1]
localeconv              0x08001ea3   0x16  Code  Gb  localeconv.o [3]
main                    0x08002fa9   0x56  Code  Gb  main.o [1]
malloc                  0x080013f9   0xac  Code  Gb  xxmemxmalloc.o [3]
memchr                  0x08001395         Code  Gb  memchr.o [5]
obuf                    0x20000b80   0x50  Data  Lc  xfiles.o [3]
printf                  0x08003805   0x24  Code  Gb  printf.o [3]
putchar                 0x080054f1    0xc  Code  Gb  putchar.o [3]
remove                  0x080051f5   0x16  Code  Gb  remove.o [6]
sFileInfo               0x20000a40   0x80  Data  Lc  XShHandles.o [3]
sdatestructure          0x20000048    0x4  Data  Gb  Kulor_Funktioner.o [1]
shortPeriod             0x20000138    0x1  Data  Gb  Kulor_Funktioner.o [1]
space                   0x2000013a    0x1  Data  Gb  Kulor_Funktioner.o [1]
stimestructure          0x20000020   0x14  Data  Gb  Kulor_Funktioner.o [1]
strchr                  0x08001345         Code  Gb  strchr.o [5]
strlen                  0x0800135d         Code  Gb  strlen.o [5]
tempInputDate           0x20000058    0xc  Data  Gb  Kulor_Funktioner.o [1]
tempInputTime           0x20000064    0x8  Data  Gb  Kulor_Funktioner.o [1]
uwIC2Value1             0x2000095c    0x4  Data  Gb  Kulor_Funktioner.o [1]
uwTick                  0x20000c1c    0x4  Data  Gb  stm32f3xx_hal.o [1]


[1] = C:\Users\jonas\OneDrive\KTH\åk3\Inbygda system\lab 1\filer\KULOR_V2\EWARM\KULOR_V2\Obj
[2] = command line
[3] = dl7M_tlf.a
[4] = m7M_tls.a
[5] = rt7M_tl.a
[6] = shb_l.a

  22 038 bytes of readonly  code memory
     177 bytes of readonly  data memory
   3 104 bytes of readwrite data memory

Errors: none
Warnings: none
