###############################################################################
#
# IAR ELF Linker V7.80.3.12102/W32 for ARM                22/Feb/2017  16:37:30
# Copyright 2007-2016 IAR Systems AB.
#
#    Output file  =  
#        C:\Users\jonas\OneDrive\KTH\åk3\Inbygda system\lab
#        1\filer\KULOR_V2\EWARM\KULOR_V2\Exe\KULOR_V2.out
#    Map file     =  
#        C:\Users\jonas\OneDrive\KTH\åk3\Inbygda system\lab
#        1\filer\KULOR_V2\EWARM\KULOR_V2\List\KULOR_V2.map
#    Command line =  
#        "C:\Users\jonas\OneDrive\KTH\åk3\Inbygda system\lab
#        1\filer\KULOR_V2\EWARM\KULOR_V2\Obj\crc.o"
#        "C:\Users\jonas\OneDrive\KTH\åk3\Inbygda system\lab
#        1\filer\KULOR_V2\EWARM\KULOR_V2\Obj\gpio.o"
#        "C:\Users\jonas\OneDrive\KTH\åk3\Inbygda system\lab
#        1\filer\KULOR_V2\EWARM\KULOR_V2\Obj\Kulor_Funktioner.o"
#        "C:\Users\jonas\OneDrive\KTH\åk3\Inbygda system\lab
#        1\filer\KULOR_V2\EWARM\KULOR_V2\Obj\main.o"
#        "C:\Users\jonas\OneDrive\KTH\åk3\Inbygda system\lab
#        1\filer\KULOR_V2\EWARM\KULOR_V2\Obj\rtc.o"
#        "C:\Users\jonas\OneDrive\KTH\åk3\Inbygda system\lab
#        1\filer\KULOR_V2\EWARM\KULOR_V2\Obj\startup_stm32f303xc.o"
#        "C:\Users\jonas\OneDrive\KTH\åk3\Inbygda system\lab
#        1\filer\KULOR_V2\EWARM\KULOR_V2\Obj\stm32f3_discovery.o"
#        "C:\Users\jonas\OneDrive\KTH\åk3\Inbygda system\lab
#        1\filer\KULOR_V2\EWARM\KULOR_V2\Obj\stm32f3xx_hal.o"
#        "C:\Users\jonas\OneDrive\KTH\åk3\Inbygda system\lab
#        1\filer\KULOR_V2\EWARM\KULOR_V2\Obj\stm32f3xx_hal_cortex.o"
#        "C:\Users\jonas\OneDrive\KTH\åk3\Inbygda system\lab
#        1\filer\KULOR_V2\EWARM\KULOR_V2\Obj\stm32f3xx_hal_crc.o"
#        "C:\Users\jonas\OneDrive\KTH\åk3\Inbygda system\lab
#        1\filer\KULOR_V2\EWARM\KULOR_V2\Obj\stm32f3xx_hal_crc_ex.o"
#        "C:\Users\jonas\OneDrive\KTH\åk3\Inbygda system\lab
#        1\filer\KULOR_V2\EWARM\KULOR_V2\Obj\stm32f3xx_hal_dma.o"
#        "C:\Users\jonas\OneDrive\KTH\åk3\Inbygda system\lab
#        1\filer\KULOR_V2\EWARM\KULOR_V2\Obj\stm32f3xx_hal_flash.o"
#        "C:\Users\jonas\OneDrive\KTH\åk3\Inbygda system\lab
#        1\filer\KULOR_V2\EWARM\KULOR_V2\Obj\stm32f3xx_hal_flash_ex.o"
#        "C:\Users\jonas\OneDrive\KTH\åk3\Inbygda system\lab
#        1\filer\KULOR_V2\EWARM\KULOR_V2\Obj\stm32f3xx_hal_gpio.o"
#        "C:\Users\jonas\OneDrive\KTH\åk3\Inbygda system\lab
#        1\filer\KULOR_V2\EWARM\KULOR_V2\Obj\stm32f3xx_hal_i2c.o"
#        "C:\Users\jonas\OneDrive\KTH\åk3\Inbygda system\lab
#        1\filer\KULOR_V2\EWARM\KULOR_V2\Obj\stm32f3xx_hal_i2c_ex.o"
#        "C:\Users\jonas\OneDrive\KTH\åk3\Inbygda system\lab
#        1\filer\KULOR_V2\EWARM\KULOR_V2\Obj\stm32f3xx_hal_msp.o"
#        "C:\Users\jonas\OneDrive\KTH\åk3\Inbygda system\lab
#        1\filer\KULOR_V2\EWARM\KULOR_V2\Obj\stm32f3xx_hal_pwr.o"
#        "C:\Users\jonas\OneDrive\KTH\åk3\Inbygda system\lab
#        1\filer\KULOR_V2\EWARM\KULOR_V2\Obj\stm32f3xx_hal_pwr_ex.o"
#        "C:\Users\jonas\OneDrive\KTH\åk3\Inbygda system\lab
#        1\filer\KULOR_V2\EWARM\KULOR_V2\Obj\stm32f3xx_hal_rcc.o"
#        "C:\Users\jonas\OneDrive\KTH\åk3\Inbygda system\lab
#        1\filer\KULOR_V2\EWARM\KULOR_V2\Obj\stm32f3xx_hal_rcc_ex.o"
#        "C:\Users\jonas\OneDrive\KTH\åk3\Inbygda system\lab
#        1\filer\KULOR_V2\EWARM\KULOR_V2\Obj\stm32f3xx_hal_rtc.o"
#        "C:\Users\jonas\OneDrive\KTH\åk3\Inbygda system\lab
#        1\filer\KULOR_V2\EWARM\KULOR_V2\Obj\stm32f3xx_hal_rtc_ex.o"
#        "C:\Users\jonas\OneDrive\KTH\åk3\Inbygda system\lab
#        1\filer\KULOR_V2\EWARM\KULOR_V2\Obj\stm32f3xx_hal_tim.o"
#        "C:\Users\jonas\OneDrive\KTH\åk3\Inbygda system\lab
#        1\filer\KULOR_V2\EWARM\KULOR_V2\Obj\stm32f3xx_hal_tim_ex.o"
#        "C:\Users\jonas\OneDrive\KTH\åk3\Inbygda system\lab
#        1\filer\KULOR_V2\EWARM\KULOR_V2\Obj\stm32f3xx_hal_uart.o"
#        "C:\Users\jonas\OneDrive\KTH\åk3\Inbygda system\lab
#        1\filer\KULOR_V2\EWARM\KULOR_V2\Obj\stm32f3xx_hal_uart_ex.o"
#        "C:\Users\jonas\OneDrive\KTH\åk3\Inbygda system\lab
#        1\filer\KULOR_V2\EWARM\KULOR_V2\Obj\stm32f3xx_it.o"
#        "C:\Users\jonas\OneDrive\KTH\åk3\Inbygda system\lab
#        1\filer\KULOR_V2\EWARM\KULOR_V2\Obj\system_stm32f3xx.o"
#        "C:\Users\jonas\OneDrive\KTH\åk3\Inbygda system\lab
#        1\filer\KULOR_V2\EWARM\KULOR_V2\Obj\tim.o"
#        "C:\Users\jonas\OneDrive\KTH\åk3\Inbygda system\lab
#        1\filer\KULOR_V2\EWARM\KULOR_V2\Obj\usart.o" --redirect
#        _Printf=_PrintfFull --redirect _Scanf=_ScanfFull -o
#        "C:\Users\jonas\OneDrive\KTH\åk3\Inbygda system\lab
#        1\filer\KULOR_V2\EWARM\KULOR_V2\Exe\KULOR_V2.out" --map
#        "C:\Users\jonas\OneDrive\KTH\åk3\Inbygda system\lab
#        1\filer\KULOR_V2\EWARM\KULOR_V2\List\KULOR_V2.map" --config
#        "C:\Users\jonas\OneDrive\KTH\åk3\Inbygda system\lab
#        1\filer\KULOR_V2\EWARM/stm32f303xc_flash.icf" --semihosting --entry
#        __iar_program_start --vfe
#
###############################################################################

*******************************************************************************
*** RUNTIME MODEL ATTRIBUTES
***

CppFlavor                     = *
__Heap_Handler                = Basic
__SystemLibrary               = DLib
__dlib_dynamic_initialization = normal


*******************************************************************************
*** PLACEMENT SUMMARY
***

"A0":  place at 0x08000000 { ro section .intvec };
"P1":  place in [from 0x08000000 to 0x0803ffff] { ro };
"P2":  place in [from 0x20000000 to 0x20009fff] { rw, block CSTACK, block HEAP };
initialize by copy { rw };

  Section             Kind        Address    Size  Object
  -------             ----        -------    ----  ------
"A0":                                       0x188
  .intvec             ro code  0x08000000   0x188  startup_stm32f303xc.o [1]
                             - 0x08000188   0x188

"P1":                                      0x44c0
  .text               ro code  0x08000188  0x119a  xprintffull.o [3]
  .text               ro code  0x08001322    0x20  xmbtowc.o [3]
  .text               ro code  0x08001344    0x16  strchr.o [5]
  .text               ro code  0x0800135c    0x36  strlen.o [5]
  .text               ro code  0x08001394    0x58  memchr.o [5]
  .text               ro code  0x080013ec     0xa  xmbcurmax.o [3]
  .text               ro code  0x080013f8    0xb0  xxmemxmalloc.o [3]
  .text               ro code  0x080014a8    0x1a  xwctomb.o [3]
  .text               ro code  0x080014c4    0x76  ABImemcpy_unaligned.o [5]
  .text               ro code  0x0800153c    0x80  xxmemxfree.o [3]
  .text               ro code  0x080015bc    0xee  I64DivMod.o [5]
  .text               ro code  0x080016aa    0x44  xdnorm.o [4]
  .text               ro code  0x080016f0    0x2e  DblCmpLe.o [4]
  .text               ro code  0x08001720    0x2e  DblCmpGe.o [4]
  .text               ro code  0x08001750   0x114  xdscale.o [4]
  .text               ro code  0x08001864    0x58  DblToI32.o [4]
  .text               ro code  0x080018bc    0x30  I32ToDbl.o [4]
  .text               ro code  0x080018ec   0x180  DblSub.o [4]
  .text               ro code  0x08001a6c   0x1a2  DblMul.o [4]
  .text               ro code  0x08001c10   0x256  DblDiv.o [4]
  .text               ro code  0x08001e68    0x6c  localeconv.o [3]
  .text               ro code  0x08001ed4     0xe  div.o [3]
  .text               ro code  0x08001ee4    0x14  setlocale.o [3]
  .text               ro code  0x08001ef8    0x60  xencoding_sb.o [3]
  .text               ro code  0x08001f58    0x2c  xgetmemchunk.o [3]
  .text               ro code  0x08001f84     0x2  I64DivZer.o [5]
  .text               ro code  0x08001f88    0xd4  DblAdd.o [4]
  .text               ro code  0x0800205c     0x2  xtls.o [3]
  .text               ro code  0x08002060   0x844  stm32f3xx_hal_tim.o [1]
  .text               ro code  0x080028a4   0x128  tim.o [1]
  .text               ro code  0x080029cc     0x2  stm32f3xx_hal_tim.o [1]
  .text               ro code  0x080029d0   0x158  Kulor_Funktioner.o [1]
  .text               ro code  0x08002b28     0x2  stm32f3xx_hal_tim.o [1]
  .text               ro code  0x08002b2a     0x2  stm32f3xx_hal_tim.o [1]
  .text               ro code  0x08002b2c     0x2  stm32f3xx_hal_tim.o [1]
  .text               ro code  0x08002b2e     0x2  stm32f3xx_hal_tim_ex.o [1]
  .text               ro code  0x08002b30     0x2  stm32f3xx_hal_tim.o [1]
  .text               ro code  0x08002b32     0x2  stm32f3xx_hal_tim_ex.o [1]
  .text               ro code  0x08002b34    0xe6  main.o [1]
  .text               ro code  0x08002c1c    0x58  stm32f3xx_hal_tim_ex.o [1]
  .text               ro code  0x08002c74   0x1a0  stm32f3xx_hal_gpio.o [1]
  .text               ro code  0x08002e14    0xd6  stm32f3xx_hal_cortex.o [1]
  .text               ro code  0x08002eec    0x24  printf.o [3]
  .text               ro code  0x08002f10    0x28  stm32f3xx_hal.o [1]
  .text               ro code  0x08002f38   0x17c  gpio.o [1]
  .text               ro code  0x080030b4    0x68  crc.o [1]
  .text               ro code  0x0800311c    0x1c  stm32f3xx_hal.o [1]
  .text               ro code  0x08003138   0x508  stm32f3xx_hal_rcc.o [1]
  .text               ro code  0x08003640   0x1c4  stm32f3xx_hal_rcc_ex.o [1]
  .text               ro code  0x08003804    0x2c  stm32f3xx_hal.o [1]
  .text               ro code  0x08003830    0x7c  stm32f3xx_hal_msp.o [1]
  .text               ro code  0x080038ac    0x78  stm32f3xx_hal_crc.o [1]
  .text               ro code  0x08003924     0xc  stm32f3xx_hal.o [1]
  .text               ro code  0x08003930    0x4a  stm32f3xx_hal_crc_ex.o [1]
  .text               ro code  0x0800397c   0x25a  stm32f3xx_hal_uart.o [1]
  .text               ro code  0x08003bd8    0x4a  stm32f3xx_hal_dma.o [1]
  .text               ro code  0x08003c22     0x2  stm32f3xx_hal_uart.o [1]
  .text               ro code  0x08003c24     0x2  stm32f3xx_hal_uart_ex.o [1]
  .text               ro code  0x08003c26    0xd6  xfspos.o [3]
  .text               ro code  0x08003cfc    0xb0  fflush.o [3]
  .text               ro code  0x08003dac     0xc  xfgpos.o [3]
  .text               ro code  0x08003db8    0x4c  lseek.o [6]
  .text               ro code  0x08003e04     0xc  errno.o [3]
  .text               ro code  0x08003e10     0x4  xsyslock_nop.o [3]
  .text               ro code  0x08003e14    0x10  write.o [6]
  .text               ro code  0x08003e24    0xcc  XShHandles.o [3]
  .text               ro code  0x08003ef0    0x1e  dwrite.o [6]
  .text               ro code  0x08003f0e    0x20  iarwstd.o [6]
  .text               ro code  0x08003f2e    0x22  iarwrite.o [6]
  .text               ro code  0x08003f50    0x6c  iarttio.o [6]
  .text               ro code  0x08003fbc     0x8  XShttio.o [3]
  .text               ro code  0x08003fc4    0xb8  xfwprep.o [3]
  .text               ro code  0x0800407c    0x22  fseek.o [3]
  .text               ro code  0x080040a0    0x80  xfofind.o [3]
  .text               ro code  0x08004120    0x7a  fclose.o [3]
  .text               ro code  0x0800419a    0x1a  close.o [6]
  .text               ro code  0x080041b4    0x16  remove.o [6]
  .text               ro code  0x080041cc    0x78  system_stm32f3xx.o [1]
  .text               ro code  0x08004244    0x58  xcloseall.o [3]
  .text               ro code  0x0800429c    0x56  fputc.o [3]
  .text               ro code  0x080042f2    0x40  zero_init3.o [5]
  .text               ro code  0x08004332    0x38  packbits_init_single.o [5]
  .text               ro code  0x0800436c    0x28  stm32f3xx_it.o [1]
  .text               ro code  0x08004394    0x10  stm32f3xx_hal.o [1]
  .text               ro code  0x080043a4    0x28  data_init.o [5]
  .text               ro code  0x080043cc    0x22  fpinit_M.o [4]
  .iar.init_table     const    0x080043f0    0x20  - Linker created -
  .text               ro code  0x08004410    0x1a  cmain.o [5]
  .text               ro code  0x0800442a     0x4  low_level_init.o [3]
  .text               ro code  0x0800442e     0x4  exit.o [3]
  .text               ro code  0x08004434     0xe  cexit.o [5]
  .text               ro code  0x08004444    0x14  exit.o [6]
  .text               ro code  0x08004458    0x16  xprout.o [3]
  .text               ro code  0x08004470     0xc  putchar.o [3]
  .text               ro code  0x0800447c    0x10  startup_stm32f303xc.o [1]
  .text               ro code  0x0800448c     0xc  cstartup_M.o [5]
  .text               ro code  0x08004498     0x4  startup_stm32f303xc.o [1]
  .text               ro code  0x0800449c     0x4  startup_stm32f303xc.o [1]
  .text               ro code  0x080044a0     0x4  startup_stm32f303xc.o [1]
  .text               ro code  0x080044a4     0x4  startup_stm32f303xc.o [1]
  .text               ro code  0x080044a8     0x4  startup_stm32f303xc.o [1]
  .text               ro code  0x080044ac     0x4  startup_stm32f303xc.o [1]
  .text               ro code  0x080044b0     0x4  startup_stm32f303xc.o [1]
  .text               ro code  0x080044b4     0x4  startup_stm32f303xc.o [1]
  .text               ro code  0x080044b8     0x4  startup_stm32f303xc.o [1]
  .text               ro code  0x080044bc     0x4  startup_stm32f303xc.o [1]
  .text               ro code  0x080044c0     0x4  startup_stm32f303xc.o [1]
  .text               ro code  0x080044c4     0x4  startup_stm32f303xc.o [1]
  .text               ro code  0x080044c8     0x4  startup_stm32f303xc.o [1]
  .text               ro code  0x080044cc     0x4  startup_stm32f303xc.o [1]
  .text               ro code  0x080044d0     0x4  startup_stm32f303xc.o [1]
  .text               ro code  0x080044d4     0x4  startup_stm32f303xc.o [1]
  .text               ro code  0x080044d8     0x4  startup_stm32f303xc.o [1]
  .text               ro code  0x080044dc     0x4  startup_stm32f303xc.o [1]
  .text               ro code  0x080044e0     0x4  startup_stm32f303xc.o [1]
  .text               ro code  0x080044e4     0x4  startup_stm32f303xc.o [1]
  .text               ro code  0x080044e8     0x4  startup_stm32f303xc.o [1]
  .text               ro code  0x080044ec     0x4  startup_stm32f303xc.o [1]
  .text               ro code  0x080044f0     0x4  startup_stm32f303xc.o [1]
  .text               ro code  0x080044f4     0x4  startup_stm32f303xc.o [1]
  .text               ro code  0x080044f8     0x4  startup_stm32f303xc.o [1]
  .text               ro code  0x080044fc     0x4  startup_stm32f303xc.o [1]
  .text               ro code  0x08004500     0x4  startup_stm32f303xc.o [1]
  .text               ro code  0x08004504     0x4  startup_stm32f303xc.o [1]
  .text               ro code  0x08004508     0x4  startup_stm32f303xc.o [1]
  .text               ro code  0x0800450c     0x4  startup_stm32f303xc.o [1]
  .text               ro code  0x08004510     0x4  startup_stm32f303xc.o [1]
  .text               ro code  0x08004514     0x4  startup_stm32f303xc.o [1]
  .text               ro code  0x08004518     0x4  startup_stm32f303xc.o [1]
  .text               ro code  0x0800451c     0x4  startup_stm32f303xc.o [1]
  .text               ro code  0x08004520     0x4  startup_stm32f303xc.o [1]
  .text               ro code  0x08004524     0x4  startup_stm32f303xc.o [1]
  .text               ro code  0x08004528     0x4  startup_stm32f303xc.o [1]
  .text               ro code  0x0800452c     0x4  startup_stm32f303xc.o [1]
  .text               ro code  0x08004530     0x4  startup_stm32f303xc.o [1]
  .text               ro code  0x08004534     0x4  startup_stm32f303xc.o [1]
  .text               ro code  0x08004538     0x4  startup_stm32f303xc.o [1]
  .text               ro code  0x0800453c     0x4  startup_stm32f303xc.o [1]
  .text               ro code  0x08004540     0x4  startup_stm32f303xc.o [1]
  .text               ro code  0x08004544     0x4  startup_stm32f303xc.o [1]
  .text               ro code  0x08004548     0x4  startup_stm32f303xc.o [1]
  .text               ro code  0x0800454c     0x4  startup_stm32f303xc.o [1]
  .text               ro code  0x08004550     0x4  startup_stm32f303xc.o [1]
  .text               ro code  0x08004554     0x4  startup_stm32f303xc.o [1]
  .text               ro code  0x08004558     0x4  startup_stm32f303xc.o [1]
  .text               ro code  0x0800455c     0x4  startup_stm32f303xc.o [1]
  .text               ro code  0x08004560     0x4  startup_stm32f303xc.o [1]
  .text               ro code  0x08004564     0x4  startup_stm32f303xc.o [1]
  .text               ro code  0x08004568     0x4  startup_stm32f303xc.o [1]
  .text               ro code  0x0800456c     0x4  startup_stm32f303xc.o [1]
  .text               ro code  0x08004570     0x4  startup_stm32f303xc.o [1]
  .text               ro code  0x08004574     0x4  startup_stm32f303xc.o [1]
  .text               ro code  0x08004578     0x4  startup_stm32f303xc.o [1]
  .text               ro code  0x0800457c     0x4  startup_stm32f303xc.o [1]
  .text               ro code  0x08004580     0x4  startup_stm32f303xc.o [1]
  .text               ro code  0x08004584     0x4  startup_stm32f303xc.o [1]
  .text               ro code  0x08004588     0x4  startup_stm32f303xc.o [1]
  .text               ro code  0x0800458c     0x4  startup_stm32f303xc.o [1]
  .text               ro code  0x08004590     0x4  startup_stm32f303xc.o [1]
  .text               ro code  0x08004594     0x4  startup_stm32f303xc.o [1]
  .text               ro code  0x08004598     0x4  startup_stm32f303xc.o [1]
  .text               ro code  0x0800459c     0x4  startup_stm32f303xc.o [1]
  .text               ro code  0x080045a0     0x4  startup_stm32f303xc.o [1]
  .text               ro code  0x080045a4     0x4  startup_stm32f303xc.o [1]
  .text               ro code  0x080045a8     0x4  startup_stm32f303xc.o [1]
  .text               ro code  0x080045ac     0x4  startup_stm32f303xc.o [1]
  .text               ro code  0x080045b0     0x4  startup_stm32f303xc.o [1]
  .text               ro code  0x080045b4     0x4  startup_stm32f303xc.o [1]
  .text               ro code  0x080045b8     0x0  cstart_closeall.o [5]
  .rodata             const    0x080045b8     0x0  zero_init3.o [5]
  .rodata             const    0x080045b8     0x0  packbits_init_single.o [5]
  Initializer bytes   const    0x080045b8    0x90  <for P2-1>
                             - 0x08004648  0x44c0

"P2", part 1 of 3:                          0x240
  P2-1                         0x20000000   0x240  <Init block>
    .data             inited   0x20000000    0x54  Kulor_Funktioner.o [1]
    .data             inited   0x20000054     0x4  system_stm32f3xx.o [1]
    .data             inited   0x20000058    0x40  xfiles.o [3]
    .data             inited   0x20000098    0x40  xfiles.o [3]
    .data             inited   0x200000d8    0x40  xfiles.o [3]
    .data             inited   0x20000118    0x20  xfiles.o [3]
    .data             inited   0x20000138     0x8  XShttio.o [3]
    __DLIB_PERTHREAD  inited   0x20000140     0x4  errno.o [3]
    __DLIB_PERTHREAD  inited   0x20000144    0x74  setlocale.o [3]
    __DLIB_PERTHREAD  inited   0x200001b8    0x88  localeconv.o [3]
                             - 0x20000240   0x240

"P2", part 2 of 3:                          0x600
  CSTACK                       0x20000240   0x400  <Block>
    CSTACK            uninit   0x20000240   0x400  <Block tail>
  HEAP                         0x20000640   0x200  <Block>
    HEAP              uninit   0x20000640   0x200  <Block tail>
                             - 0x20000840   0x600

"P2", part 3 of 3:                          0x28c
  .bss                zero     0x20000840    0x88  Kulor_Funktioner.o [1]
  .bss                zero     0x200008c8    0x80  XShHandles.o [3]
  .bss                zero     0x20000948    0x70  usart.o [1]
  .bss                zero     0x200009b8    0x50  xfiles.o [3]
  .bss                zero     0x20000a08    0x50  xfiles.o [3]
  .bss                zero     0x20000a58    0x40  tim.o [1]
  .bss                zero     0x20000a98    0x24  crc.o [1]
  .bss                zero     0x20000abc     0x8  xxmemxmalloc.o [3]
  .bss                zero     0x20000ac4     0x4  stm32f3xx_hal.o [1]
  .bss                zero     0x20000ac8     0x4  xgetmemchunk.o [3]
                             - 0x20000acc   0x28c


*******************************************************************************
*** INIT TABLE
***

          Address     Size
          -------     ----
Zero (__iar_zero_init3)
    1 destination range, total size 0x28c:
          0x20000840  0x28c

Copy/packbits (__iar_packbits_init_single3)
    1 source range, total size 0x90 (25% of destination):
          0x080045b8   0x90
    1 destination range, total size 0x240:
          0x20000000  0x240



*******************************************************************************
*** MODULE SUMMARY
***

    Module                   ro code  ro data  rw data
    ------                   -------  -------  -------
C:\Users\jonas\OneDrive\KTH\åk3\Inbygda system\lab 1\filer\KULOR_V2\EWARM\KULOR_V2\Obj: [1]
    Kulor_Funktioner.o           344       21      220
    crc.o                        104                36
    gpio.o                       380
    main.o                       230
    startup_stm32f303xc.o        696
    stm32f3xx_hal.o              140                 4
    stm32f3xx_hal_cortex.o       214
    stm32f3xx_hal_crc.o          120
    stm32f3xx_hal_crc_ex.o        74
    stm32f3xx_hal_dma.o           74
    stm32f3xx_hal_gpio.o         416
    stm32f3xx_hal_msp.o          124
    stm32f3xx_hal_rcc.o        1 288
    stm32f3xx_hal_rcc_ex.o       452
    stm32f3xx_hal_tim.o        2 126
    stm32f3xx_hal_tim_ex.o        92
    stm32f3xx_hal_uart.o         604
    stm32f3xx_hal_uart_ex.o        2
    stm32f3xx_it.o                40
    system_stm32f3xx.o           120        1        4
    tim.o                        296                64
    usart.o                                        112
    --------------------------------------------------
    Total:                     7 936       22      440

command line: [2]
    --------------------------------------------------
    Total:

dl7M_tlf.a: [3]
    XShHandles.o                 204               128
    XShttio.o                      8        2        8
    div.o                         14
    errno.o                       12        1        4
    exit.o                         4
    fclose.o                     122
    fflush.o                     176
    fputc.o                       86
    fseek.o                       34
    localeconv.o                 108       34      136
    low_level_init.o               4
    printf.o                      36
    putchar.o                     12
    setlocale.o                   20       29      116
    xcloseall.o                   88
    xencoding_sb.o                96
    xfgpos.o                      12
    xfiles.o                               56      384
    xfofind.o                    128
    xfspos.o                     214
    xfwprep.o                    184
    xgetmemchunk.o                44                 4
    xmbcurmax.o                   10
    xmbtowc.o                     32
    xprintffull.o              4 506
    xprout.o                      22
    xsyslock_nop.o                 4
    xtls.o                         2
    xwctomb.o                     26
    xxmemxfree.o                 128
    xxmemxmalloc.o               176                 8
    --------------------------------------------------
    Total:                     6 512      122      788

m7M_tls.a: [4]
    DblAdd.o                     212
    DblCmpGe.o                    46
    DblCmpLe.o                    46
    DblDiv.o                     598
    DblMul.o                     418
    DblSub.o                     384
    DblToI32.o                    88
    I32ToDbl.o                    48
    fpinit_M.o                    34
    xdnorm.o                      68
    xdscale.o                    276
    --------------------------------------------------
    Total:                     2 218

rt7M_tl.a: [5]
    ABImemcpy_unaligned.o        118
    I64DivMod.o                  238
    I64DivZer.o                    2
    cexit.o                       14
    cmain.o                       26
    cstart_closeall.o
    cstartup_M.o                  12
    data_init.o                   40
    memchr.o                      88
    packbits_init_single.o        56
    strchr.o                      22
    strlen.o                      54
    zero_init3.o                  64
    --------------------------------------------------
    Total:                       734

shb_l.a: [6]
    close.o                       26
    dwrite.o                      30
    exit.o                        20
    iarttio.o                    108
    iarwrite.o                    34
    iarwstd.o                     32
    lseek.o                       76
    remove.o                      22
    write.o                       16
    --------------------------------------------------
    Total:                       364

    Gaps                          50        2
    Linker created                         32    1 536
------------------------------------------------------
    Grand Total:              17 814      178    2 764


*******************************************************************************
*** ENTRY LIST
***

Entry                      Address   Size  Type      Object
-----                      -------   ----  ----      ------
.iar.init_table$$Base   0x080043f0          --   Gb  - Linker created -
.iar.init_table$$Limit  0x08004410          --   Gb  - Linker created -
?main                   0x08004411         Code  Gb  cmain.o [5]
AHBPrescTable           0x08004234   0x10  Data  Gb  system_stm32f3xx.o [1]
BitCount                0x20000840    0x1  Data  Gb  Kulor_Funktioner.o [1]
CSTACK$$Base            0x20000240          --   Gb  - Linker created -
CSTACK$$Limit           0x20000640          --   Gb  - Linker created -
Error_Handler           0x08002c19    0x2  Code  Gb  main.o [1]
HAL_CRCEx_Polynomial_Set
                        0x08003931   0x4a  Code  Gb  stm32f3xx_hal_crc_ex.o [1]
HAL_CRC_Init            0x080038ad   0x72  Code  Gb  stm32f3xx_hal_crc.o [1]
HAL_CRC_MspInit         0x080030ed   0x22  Code  Gb  crc.o [1]
HAL_DMA_Abort_IT        0x08003bd9   0x4a  Code  Gb  stm32f3xx_hal_dma.o [1]
HAL_Delay               0x0800311d   0x1c  Code  Wk  stm32f3xx_hal.o [1]
HAL_GPIO_Init           0x08002c75  0x176  Code  Gb  stm32f3xx_hal_gpio.o [1]
HAL_GPIO_WritePin       0x08002ded    0xa  Code  Gb  stm32f3xx_hal_gpio.o [1]
HAL_GetTick             0x08003925    0xc  Code  Wk  stm32f3xx_hal.o [1]
HAL_IncTick             0x08004395   0x10  Code  Wk  stm32f3xx_hal.o [1]
HAL_Init                0x08002f11   0x24  Code  Gb  stm32f3xx_hal.o [1]
HAL_InitTick            0x08003805   0x2c  Code  Wk  stm32f3xx_hal.o [1]
HAL_MspInit             0x08003831   0x7c  Code  Gb  stm32f3xx_hal_msp.o [1]
HAL_NVIC_EnableIRQ      0x08002e81   0x12  Code  Gb  stm32f3xx_hal_cortex.o [1]
HAL_NVIC_SetPriority    0x08002e2f   0x52  Code  Gb  stm32f3xx_hal_cortex.o [1]
HAL_NVIC_SetPriorityGrouping
                        0x08002e15   0x1a  Code  Gb  stm32f3xx_hal_cortex.o [1]
HAL_RCCEx_PeriphCLKConfig
                        0x08003641  0x1b8  Code  Gb  stm32f3xx_hal_rcc_ex.o [1]
HAL_RCC_ClockConfig     0x08003475  0x146  Code  Gb  stm32f3xx_hal_rcc.o [1]
HAL_RCC_GetHCLKFreq     0x080035f5    0x6  Code  Gb  stm32f3xx_hal_rcc.o [1]
HAL_RCC_GetSysClockFreq
                        0x080035bb   0x3a  Code  Gb  stm32f3xx_hal_rcc.o [1]
HAL_RCC_OscConfig       0x08003139  0x33c  Code  Gb  stm32f3xx_hal_rcc.o [1]
HAL_SYSTICK_CLKSourceConfig
                        0x08002eb5   0x14  Code  Gb  stm32f3xx_hal_cortex.o [1]
HAL_SYSTICK_Callback    0x08002ee9    0x2  Code  Wk  stm32f3xx_hal_cortex.o [1]
HAL_SYSTICK_Config      0x08002e93   0x22  Code  Gb  stm32f3xx_hal_cortex.o [1]
HAL_SYSTICK_IRQHandler  0x08002ee5    0x4  Code  Gb  stm32f3xx_hal_cortex.o [1]
HAL_TIMEx_BreakCallback
                        0x08002b2f    0x2  Code  Wk  stm32f3xx_hal_tim_ex.o [1]
HAL_TIMEx_CommutationCallback
                        0x08002b33    0x2  Code  Wk  stm32f3xx_hal_tim_ex.o [1]
HAL_TIMEx_MasterConfigSynchronization
                        0x08002c1d   0x4e  Code  Gb  stm32f3xx_hal_tim_ex.o [1]
HAL_TIM_Base_Init       0x08002061   0xd6  Code  Gb  stm32f3xx_hal_tim.o [1]
HAL_TIM_Base_MspInit    0x0800296b   0x54  Code  Gb  tim.o [1]
HAL_TIM_ConfigClockSource
                        0x08002587  0x19e  Code  Gb  stm32f3xx_hal_tim.o [1]
HAL_TIM_IC_CaptureCallback
                        0x08002ab5   0x3c  Code  Gb  Kulor_Funktioner.o [1]
HAL_TIM_IC_ConfigChannel
                        0x080023e7  0x1a0  Code  Gb  stm32f3xx_hal_tim.o [1]
HAL_TIM_IC_Init         0x08002151   0xd2  Code  Gb  stm32f3xx_hal_tim.o [1]
HAL_TIM_IC_MspInit      0x080029cd    0x2  Code  Wk  stm32f3xx_hal_tim.o [1]
HAL_TIM_IC_Start_IT     0x08002229   0x5c  Code  Gb  stm32f3xx_hal_tim.o [1]
HAL_TIM_IRQHandler      0x0800229d  0x14a  Code  Gb  stm32f3xx_hal_tim.o [1]
HAL_TIM_OC_DelayElapsedCallback
                        0x08002b29    0x2  Code  Wk  stm32f3xx_hal_tim.o [1]
HAL_TIM_PWM_PulseFinishedCallback
                        0x08002b2b    0x2  Code  Wk  stm32f3xx_hal_tim.o [1]
HAL_TIM_PeriodElapsedCallback
                        0x08002b2d    0x2  Code  Wk  stm32f3xx_hal_tim.o [1]
HAL_TIM_ReadCapturedValue
                        0x0800276d   0x62  Code  Gb  stm32f3xx_hal_tim.o [1]
HAL_TIM_SlaveConfigSynchronization
                        0x08002727   0x44  Code  Gb  stm32f3xx_hal_tim.o [1]
HAL_TIM_TriggerCallback
                        0x08002b31    0x2  Code  Wk  stm32f3xx_hal_tim.o [1]
HAL_UARTEx_WakeupCallback
                        0x08003c25    0x2  Code  Wk  stm32f3xx_hal_uart_ex.o [1]
HAL_UART_ErrorCallback  0x08003c23    0x2  Code  Wk  stm32f3xx_hal_uart.o [1]
HAL_UART_IRQHandler     0x0800397d  0x170  Code  Gb  stm32f3xx_hal_uart.o [1]
HAL_UART_RxCpltCallback
                        0x080029dd    0xc  Code  Gb  Kulor_Funktioner.o [1]
HAL_UART_TxCpltCallback
                        0x080029d1    0xc  Code  Gb  Kulor_Funktioner.o [1]
HEAP$$Base              0x20000640          --   Gb  - Linker created -
HEAP$$Limit             0x20000840          --   Gb  - Linker created -
LoadInt                 0x080007ff   0x6e  Code  Lc  xprintffull.o [3]
MX_CRC_Init             0x080030b5   0x38  Code  Gb  crc.o [1]
MX_GPIO_Init            0x08002f39  0x17c  Code  Gb  gpio.o [1]
MX_TIM1_Init            0x080028a5   0xc6  Code  Gb  tim.o [1]
NewLine                 0x2000003c    0x4  Data  Gb  Kulor_Funktioner.o [1]
RTC_CalendarConfig::date
                        0x20000036    0x1  Data  Lc  Kulor_Funktioner.o [1]
RTC_CalendarConfig::hour
                        0x20000038    0x1  Data  Lc  Kulor_Funktioner.o [1]
RTC_CalendarConfig::minits
                        0x20000037    0x1  Data  Lc  Kulor_Funktioner.o [1]
RTC_CalendarConfig::mouth
                        0x20000039    0x1  Data  Lc  Kulor_Funktioner.o [1]
RTC_CalendarConfig::year
                        0x20000035    0x1  Data  Lc  Kulor_Funktioner.o [1]
RecivedPacket           0x20000844   0x80  Data  Gb  Kulor_Funktioner.o [1]
Region$$Table$$Base     0x080043f0          --   Gb  - Linker created -
Region$$Table$$Limit    0x08004410          --   Gb  - Linker created -
RtcHandle               0x20000000   0x20  Data  Gb  Kulor_Funktioner.o [1]
SetDate                 0x20000020    0xc  Data  Gb  Kulor_Funktioner.o [1]
SetDisplayClock         0x080029e9   0x58  Code  Gb  Kulor_Funktioner.o [1]
SetDisplayTemp          0x08002a4d   0x66  Code  Gb  Kulor_Funktioner.o [1]
SetTime                 0x2000002c    0x8  Data  Gb  Kulor_Funktioner.o [1]
ShowNumberOnDispaly     0x08002a41    0xc  Code  Gb  Kulor_Funktioner.o [1]
SysTick_Handler         0x0800436d   0x12  Code  Gb  stm32f3xx_it.o [1]
SystemClock_Config      0x08002b7d   0x92  Code  Gb  main.o [1]
SystemCoreClock         0x20000054    0x4  Data  Gb  system_stm32f3xx.o [1]
SystemInit              0x080041cd   0x54  Code  Gb  system_stm32f3xx.o [1]
TIM1_CC_IRQHandler      0x0800437f    0x6  Code  Gb  stm32f3xx_it.o [1]
TIM_SlaveTimer_SetConfig
                        0x080027cf   0xb4  Code  Lc  stm32f3xx_hal_tim.o [1]
UART_DMAAbortOnError    0x08003aed   0x10  Code  Lc  stm32f3xx_hal_uart.o [1]
UART_Receive_IT         0x08003b63   0x74  Code  Gb  stm32f3xx_hal_uart.o [1]
UART_Transmit_IT        0x08003afd   0x66  Code  Gb  stm32f3xx_hal_uart.o [1]
USART3_IRQHandler       0x08004385    0x6  Code  Gb  stm32f3xx_it.o [1]
UartReady               0x20000034    0x1  Data  Gb  Kulor_Funktioner.o [1]
_Close_all              0x08004245   0x58  Code  Gb  xcloseall.o [3]
_EncodingSb_Mbtowc      0x08001f13   0x30  Code  Gb  xencoding_sb.o [3]
_EncodingSb_Mbtowc::initial
                        0x08001f50    0x8  Data  Lc  xencoding_sb.o [3]
_EncodingSb_Wctomb      0x08001ef9   0x1a  Code  Gb  xencoding_sb.o [3]
_EncodingSb_Wctomb::initial
                        0x08001f48    0x8  Data  Lc  xencoding_sb.o [3]
_Files                  0x20000118   0x20  Data  Gb  xfiles.o [3]
_Fofree                 0x080040a1   0x78  Code  Gb  xfofind.o [3]
_Fspos                  0x08003c27   0xd6  Code  Gb  xfspos.o [3]
_Fwprep                 0x08003fc5   0xb8  Code  Gb  xfwprep.o [3]
_GenldFull              0x08001085  0x254  Code  Lc  xprintffull.o [3]
_IsdstStr               0x20000148    0x4  Data  Gb  setlocale.o [3]
_LdtobFull              0x08000c85  0x3fa  Code  Lc  xprintffull.o [3]
_LitobFull              0x08000b79  0x10a  Code  Lc  xprintffull.o [3]
_LocaleEncoding         0x08001ee5    0xe  Code  Gb  setlocale.o [3]
_LocaleReturnString     0x20000168   0x50  Data  Lc  setlocale.o [3]
_Locale_Profile         0x2000014c   0x1c  Data  Gb  setlocale.o [3]
_Locale_aeabi_lconv     0x20000208   0x38  Data  Gb  localeconv.o [3]
_Locale_lconv           0x200001b8   0x50  Data  Gb  localeconv.o [3]
_Mbtowc                 0x08001323   0x20  Code  Gb  xmbtowc.o [3]
_Nnl                    0x08003dad    0xc  Code  Gb  xfgpos.o [3]
_PrintfFull             0x08000189  0x660  Code  Gb  xprintffull.o [3]
_Prout                  0x08004459   0x16  Code  Gb  xprout.o [3]
_PutcharsFull           0x080012d9   0x2e  Code  Lc  xprintffull.o [3]
_PutstrFull             0x0800086d  0x306  Code  Lc  xprintffull.o [3]
_TzoneStr               0x20000144    0x4  Data  Gb  setlocale.o [3]
_Wctomb                 0x080014a9   0x1a  Code  Gb  xwctomb.o [3]
__aeabi_cdcmple         0x080016f1         Code  Gb  DblCmpLe.o [4]
__aeabi_cdrcmple        0x08001721         Code  Gb  DblCmpGe.o [4]
__aeabi_d2iz            0x08001865         Code  Gb  DblToI32.o [4]
__aeabi_d2uiz           0x08001891         Code  Gb  DblToI32.o [4]
__aeabi_ddiv            0x08001c11         Code  Gb  DblDiv.o [4]
__aeabi_dmul            0x08001a6d         Code  Gb  DblMul.o [4]
__aeabi_dsub            0x080018ed         Code  Gb  DblSub.o [4]
__aeabi_errno_addr      0x08003e05    0x6  Code  Gb  errno.o [3]
__aeabi_i2d             0x080018bd         Code  Gb  I32ToDbl.o [4]
__aeabi_ldiv0           0x08001f85         Code  Gb  I64DivZer.o [5]
__aeabi_ui2d            0x080018d1         Code  Gb  I32ToDbl.o [4]
__aeabi_uldivmod        0x080015bd         Code  Gb  I64DivMod.o [5]
__cexit_closeall        0x08004437         Code  Gb  cexit.o [5]
__close                 0x0800419b   0x1a  Code  Gb  close.o [6]
__cmain                 0x08004411         Code  Gb  cmain.o [5]
__cstart_closeall       0x080045b8         Data  Gb  cstart_closeall.o [5]
__data_Aldata           0x20000abc    0x8  Data  Gb  xxmemxmalloc.o [3]
__data_GetMemChunk      0x08001f59   0x2c  Code  Gb  xgetmemchunk.o [3]
__data_GetMemChunk::start
                        0x20000ac8    0x4  Data  Lc  xgetmemchunk.o [3]
__dwrite                0x08003ef1   0x1e  Code  Gb  dwrite.o [6]
__exit                  0x08004445   0x14  Code  Gb  exit.o [6]
__iar_Dnorm             0x080016ab   0x44  Code  Gb  xdnorm.o [4]
__iar_Dscale            0x08001751  0x114  Code  Gb  xdscale.o [4]
__iar_Errno             0x20000140    0x4  Data  Gb  errno.o [3]
__iar_Locale_lconv_init
                        0x08001e69   0x3a  Code  Gb  localeconv.o [3]
__iar_Lockfilelock      0x08003e11    0x2  Code  Gb  xsyslock_nop.o [3]
__iar_Mbcurmax          0x080013ed    0xa  Code  Gb  xmbcurmax.o [3]
__iar_Memchr            0x08001395         Code  Gb  memchr.o [5]
__iar_Stderr            0x200000d8   0x40  Data  Gb  xfiles.o [3]
__iar_Stdin             0x20000058   0x40  Data  Gb  xfiles.o [3]
__iar_Stdout            0x20000098   0x40  Data  Gb  xfiles.o [3]
__iar_Strchr            0x08001345         Code  Gb  strchr.o [5]
__iar_Unlockfilelock    0x08003e13    0x2  Code  Gb  xsyslock_nop.o [3]
__iar_close_ttio        0x08003f51   0x2e  Code  Gb  iarttio.o [6]
__iar_d2uiz             0x0800189d         Code  Gb  DblToI32.o [4]
__iar_dadd              0x08001f89         Code  Gb  DblAdd.o [4]
__iar_data_init3        0x080043a5   0x28  Code  Gb  data_init.o [5]
__iar_dlib_perthread_access
                        0x0800205d    0x2  Code  Gb  xtls.o [3]
__iar_dsub              0x08001901         Code  Gb  DblSub.o [4]
__iar_dsubStart         0x08001913         Code  Gb  DblSub.o [4]
__iar_get_ttio          0x08003f81   0x38  Code  Gb  iarttio.o [6]
__iar_init_vfp          0x080043cd         Code  Gb  fpinit_M.o [4]
__iar_lookup_ttioh      0x08003fbd    0x8  Code  Gb  XShttio.o [3]
__iar_packbits_init_single3
                        0x08004333   0x38  Code  Gb  packbits_init_single.o [5]
__iar_program_start     0x0800448d         Code  Gb  cstartup_M.o [5]
__iar_sh_Discard        0x08003e25   0x3e  Code  Gb  XShHandles.o [3]
__iar_sh_Move           0x08003e69   0x46  Code  Gb  XShHandles.o [3]
__iar_sh_Pos            0x08003eaf   0x3e  Code  Gb  XShHandles.o [3]
__iar_sh_stdout         0x08003f0f   0x20  Code  Gb  iarwstd.o [6]
__iar_sh_write          0x08003f2f   0x22  Code  Gb  iarwrite.o [6]
__iar_ttio_handles      0x20000138    0x8  Data  Lc  XShttio.o [3]
__iar_ui2d              0x080018d5         Code  Gb  I32ToDbl.o [4]
__iar_unaligned___aeabi_memcpy
                        0x080014c5         Code  Gb  ABImemcpy_unaligned.o [5]
__iar_unaligned___aeabi_memcpy4
                        0x080014e5         Code  Gb  ABImemcpy_unaligned.o [5]
__iar_unaligned___aeabi_memcpy8
                        0x080014e5         Code  Gb  ABImemcpy_unaligned.o [5]
__iar_zero_init3        0x080042f3   0x40  Code  Gb  zero_init3.o [5]
__low_level_init        0x0800442b    0x4  Code  Gb  low_level_init.o [3]
__lseek                 0x08003db9   0x4c  Code  Gb  lseek.o [6]
__vector_table          0x08000000         Data  Gb  startup_stm32f303xc.o [1]
__write                 0x08003e15   0x10  Code  Gb  write.o [6]
_call_main              0x0800441d         Code  Gb  cmain.o [5]
_exit                   0x08004435         Code  Gb  cexit.o [5]
_main                   0x08004427         Code  Gb  cmain.o [5]
aPLLMULFactorTable      0x08003620   0x10  Data  Gb  stm32f3xx_hal_rcc.o [1]
aPredivFactorTable      0x08003630   0x10  Data  Gb  stm32f3xx_hal_rcc.o [1]
div                     0x08001ed5    0xe  Code  Gb  div.o [3]
ebuf                    0x200009b8   0x50  Data  Lc  xfiles.o [3]
exit                    0x0800442f    0x4  Code  Gb  exit.o [3]
fclose                  0x08004121   0x7a  Code  Gb  fclose.o [3]
fflush                  0x08003d73   0x34  Code  Gb  fflush.o [3]
fflushOne               0x08003cfd   0x76  Code  Lc  fflush.o [3]
fputc                   0x0800429d   0x56  Code  Gb  fputc.o [3]
free                    0x0800153d   0x7a  Code  Gb  xxmemxfree.o [3]
fseek                   0x0800407d   0x22  Code  Gb  fseek.o [3]
hcrc                    0x20000a98   0x24  Data  Gb  crc.o [1]
htim1                   0x20000a58   0x40  Data  Gb  tim.o [1]
huart3                  0x20000948   0x70  Data  Gb  usart.o [1]
localeconv              0x08001ea3   0x16  Code  Gb  localeconv.o [3]
main                    0x08002b35   0x48  Code  Gb  main.o [1]
malloc                  0x080013f9   0xac  Code  Gb  xxmemxmalloc.o [3]
memchr                  0x08001395         Code  Gb  memchr.o [5]
obuf                    0x20000a08   0x50  Data  Lc  xfiles.o [3]
printf                  0x08002eed   0x24  Code  Gb  printf.o [3]
putchar                 0x08004471    0xc  Code  Gb  putchar.o [3]
remove                  0x080041b5   0x16  Code  Gb  remove.o [6]
sFileInfo               0x200008c8   0x80  Data  Lc  XShHandles.o [3]
strchr                  0x08001345         Code  Gb  strchr.o [5]
strlen                  0x0800135d         Code  Gb  strlen.o [5]
tempInputDate           0x20000040    0xc  Data  Gb  Kulor_Funktioner.o [1]
tempInputTime           0x2000004c    0x8  Data  Gb  Kulor_Funktioner.o [1]
uwIC2Value1             0x200008c4    0x4  Data  Gb  Kulor_Funktioner.o [1]
uwTick                  0x20000ac4    0x4  Data  Gb  stm32f3xx_hal.o [1]


[1] = C:\Users\jonas\OneDrive\KTH\åk3\Inbygda system\lab 1\filer\KULOR_V2\EWARM\KULOR_V2\Obj
[2] = command line
[3] = dl7M_tlf.a
[4] = m7M_tls.a
[5] = rt7M_tl.a
[6] = shb_l.a

  17 814 bytes of readonly  code memory
     178 bytes of readonly  data memory
   2 764 bytes of readwrite data memory

Errors: none
Warnings: none
