###############################################################################
#
# IAR ELF Linker V7.80.3.12102/W32 for ARM                02/Mar/2017  18:30:52
# Copyright 2007-2016 IAR Systems AB.
#
#    Output file  =  
#        C:\Users\jonas\OneDrive\KTH\åk3\Inbygda system\lab
#        1\filer\KULOR_V2\EWARM\KULOR_V2\Exe\KULOR_V2.out
#    Map file     =  
#        C:\Users\jonas\OneDrive\KTH\åk3\Inbygda system\lab
#        1\filer\KULOR_V2\EWARM\KULOR_V2\List\KULOR_V2.map
#    Command line =  
#        "C:\Users\jonas\OneDrive\KTH\åk3\Inbygda system\lab
#        1\filer\KULOR_V2\EWARM\KULOR_V2\Obj\crc.o"
#        "C:\Users\jonas\OneDrive\KTH\åk3\Inbygda system\lab
#        1\filer\KULOR_V2\EWARM\KULOR_V2\Obj\gpio.o"
#        "C:\Users\jonas\OneDrive\KTH\åk3\Inbygda system\lab
#        1\filer\KULOR_V2\EWARM\KULOR_V2\Obj\Kulor_Funktioner.o"
#        "C:\Users\jonas\OneDrive\KTH\åk3\Inbygda system\lab
#        1\filer\KULOR_V2\EWARM\KULOR_V2\Obj\main.o"
#        "C:\Users\jonas\OneDrive\KTH\åk3\Inbygda system\lab
#        1\filer\KULOR_V2\EWARM\KULOR_V2\Obj\rtc.o"
#        "C:\Users\jonas\OneDrive\KTH\åk3\Inbygda system\lab
#        1\filer\KULOR_V2\EWARM\KULOR_V2\Obj\startup_stm32f303xc.o"
#        "C:\Users\jonas\OneDrive\KTH\åk3\Inbygda system\lab
#        1\filer\KULOR_V2\EWARM\KULOR_V2\Obj\stm32f3_discovery.o"
#        "C:\Users\jonas\OneDrive\KTH\åk3\Inbygda system\lab
#        1\filer\KULOR_V2\EWARM\KULOR_V2\Obj\stm32f3xx_hal.o"
#        "C:\Users\jonas\OneDrive\KTH\åk3\Inbygda system\lab
#        1\filer\KULOR_V2\EWARM\KULOR_V2\Obj\stm32f3xx_hal_cortex.o"
#        "C:\Users\jonas\OneDrive\KTH\åk3\Inbygda system\lab
#        1\filer\KULOR_V2\EWARM\KULOR_V2\Obj\stm32f3xx_hal_crc.o"
#        "C:\Users\jonas\OneDrive\KTH\åk3\Inbygda system\lab
#        1\filer\KULOR_V2\EWARM\KULOR_V2\Obj\stm32f3xx_hal_crc_ex.o"
#        "C:\Users\jonas\OneDrive\KTH\åk3\Inbygda system\lab
#        1\filer\KULOR_V2\EWARM\KULOR_V2\Obj\stm32f3xx_hal_dma.o"
#        "C:\Users\jonas\OneDrive\KTH\åk3\Inbygda system\lab
#        1\filer\KULOR_V2\EWARM\KULOR_V2\Obj\stm32f3xx_hal_flash.o"
#        "C:\Users\jonas\OneDrive\KTH\åk3\Inbygda system\lab
#        1\filer\KULOR_V2\EWARM\KULOR_V2\Obj\stm32f3xx_hal_flash_ex.o"
#        "C:\Users\jonas\OneDrive\KTH\åk3\Inbygda system\lab
#        1\filer\KULOR_V2\EWARM\KULOR_V2\Obj\stm32f3xx_hal_gpio.o"
#        "C:\Users\jonas\OneDrive\KTH\åk3\Inbygda system\lab
#        1\filer\KULOR_V2\EWARM\KULOR_V2\Obj\stm32f3xx_hal_i2c.o"
#        "C:\Users\jonas\OneDrive\KTH\åk3\Inbygda system\lab
#        1\filer\KULOR_V2\EWARM\KULOR_V2\Obj\stm32f3xx_hal_i2c_ex.o"
#        "C:\Users\jonas\OneDrive\KTH\åk3\Inbygda system\lab
#        1\filer\KULOR_V2\EWARM\KULOR_V2\Obj\stm32f3xx_hal_msp.o"
#        "C:\Users\jonas\OneDrive\KTH\åk3\Inbygda system\lab
#        1\filer\KULOR_V2\EWARM\KULOR_V2\Obj\stm32f3xx_hal_pwr.o"
#        "C:\Users\jonas\OneDrive\KTH\åk3\Inbygda system\lab
#        1\filer\KULOR_V2\EWARM\KULOR_V2\Obj\stm32f3xx_hal_pwr_ex.o"
#        "C:\Users\jonas\OneDrive\KTH\åk3\Inbygda system\lab
#        1\filer\KULOR_V2\EWARM\KULOR_V2\Obj\stm32f3xx_hal_rcc.o"
#        "C:\Users\jonas\OneDrive\KTH\åk3\Inbygda system\lab
#        1\filer\KULOR_V2\EWARM\KULOR_V2\Obj\stm32f3xx_hal_rcc_ex.o"
#        "C:\Users\jonas\OneDrive\KTH\åk3\Inbygda system\lab
#        1\filer\KULOR_V2\EWARM\KULOR_V2\Obj\stm32f3xx_hal_rtc.o"
#        "C:\Users\jonas\OneDrive\KTH\åk3\Inbygda system\lab
#        1\filer\KULOR_V2\EWARM\KULOR_V2\Obj\stm32f3xx_hal_rtc_ex.o"
#        "C:\Users\jonas\OneDrive\KTH\åk3\Inbygda system\lab
#        1\filer\KULOR_V2\EWARM\KULOR_V2\Obj\stm32f3xx_hal_tim.o"
#        "C:\Users\jonas\OneDrive\KTH\åk3\Inbygda system\lab
#        1\filer\KULOR_V2\EWARM\KULOR_V2\Obj\stm32f3xx_hal_tim_ex.o"
#        "C:\Users\jonas\OneDrive\KTH\åk3\Inbygda system\lab
#        1\filer\KULOR_V2\EWARM\KULOR_V2\Obj\stm32f3xx_hal_uart.o"
#        "C:\Users\jonas\OneDrive\KTH\åk3\Inbygda system\lab
#        1\filer\KULOR_V2\EWARM\KULOR_V2\Obj\stm32f3xx_hal_uart_ex.o"
#        "C:\Users\jonas\OneDrive\KTH\åk3\Inbygda system\lab
#        1\filer\KULOR_V2\EWARM\KULOR_V2\Obj\stm32f3xx_it.o"
#        "C:\Users\jonas\OneDrive\KTH\åk3\Inbygda system\lab
#        1\filer\KULOR_V2\EWARM\KULOR_V2\Obj\system_stm32f3xx.o"
#        "C:\Users\jonas\OneDrive\KTH\åk3\Inbygda system\lab
#        1\filer\KULOR_V2\EWARM\KULOR_V2\Obj\tim.o"
#        "C:\Users\jonas\OneDrive\KTH\åk3\Inbygda system\lab
#        1\filer\KULOR_V2\EWARM\KULOR_V2\Obj\usart.o" --redirect
#        _Printf=_PrintfFull --redirect _Scanf=_ScanfFull -o
#        "C:\Users\jonas\OneDrive\KTH\åk3\Inbygda system\lab
#        1\filer\KULOR_V2\EWARM\KULOR_V2\Exe\KULOR_V2.out" --map
#        "C:\Users\jonas\OneDrive\KTH\åk3\Inbygda system\lab
#        1\filer\KULOR_V2\EWARM\KULOR_V2\List\KULOR_V2.map" --config
#        "C:\Users\jonas\OneDrive\KTH\åk3\Inbygda system\lab
#        1\filer\KULOR_V2\EWARM/stm32f303xc_flash.icf" --semihosting --entry
#        __iar_program_start --vfe
#
###############################################################################

*******************************************************************************
*** RUNTIME MODEL ATTRIBUTES
***

CppFlavor                     = *
__Heap_Handler                = Basic
__SystemLibrary               = DLib
__dlib_dynamic_initialization = normal


*******************************************************************************
*** PLACEMENT SUMMARY
***

"A0":  place at 0x08000000 { ro section .intvec };
"P1":  place in [from 0x08000000 to 0x0803ffff] { ro };
"P2":  place in [from 0x20000000 to 0x20009fff] { rw, block CSTACK, block HEAP };
initialize by copy { rw };

  Section             Kind        Address    Size  Object
  -------             ----        -------    ----  ------
"A0":                                       0x188
  .intvec             ro code  0x08000000   0x188  startup_stm32f303xc.o [1]
                             - 0x08000188   0x188

"P1":                                      0x56c6
  .text               ro code  0x08000188  0x119a  xprintffull.o [3]
  .text               ro code  0x08001322    0x20  xmbtowc.o [3]
  .text               ro code  0x08001344    0x16  strchr.o [5]
  .text               ro code  0x0800135c    0x36  strlen.o [5]
  .text               ro code  0x08001394    0x58  memchr.o [5]
  .text               ro code  0x080013ec     0xa  xmbcurmax.o [3]
  .text               ro code  0x080013f8    0xb0  xxmemxmalloc.o [3]
  .text               ro code  0x080014a8    0x1a  xwctomb.o [3]
  .text               ro code  0x080014c4    0x76  ABImemcpy_unaligned.o [5]
  .text               ro code  0x0800153c    0x80  xxmemxfree.o [3]
  .text               ro code  0x080015bc    0xee  I64DivMod.o [5]
  .text               ro code  0x080016aa    0x44  xdnorm.o [4]
  .text               ro code  0x080016f0    0x2e  DblCmpLe.o [4]
  .text               ro code  0x08001720    0x2e  DblCmpGe.o [4]
  .text               ro code  0x08001750   0x114  xdscale.o [4]
  .text               ro code  0x08001864    0x58  DblToI32.o [4]
  .text               ro code  0x080018bc    0x30  I32ToDbl.o [4]
  .text               ro code  0x080018ec   0x180  DblSub.o [4]
  .text               ro code  0x08001a6c   0x1a2  DblMul.o [4]
  .text               ro code  0x08001c10   0x256  DblDiv.o [4]
  .text               ro code  0x08001e68    0x6c  localeconv.o [3]
  .text               ro code  0x08001ed4     0xe  div.o [3]
  .text               ro code  0x08001ee4    0x14  setlocale.o [3]
  .text               ro code  0x08001ef8    0x60  xencoding_sb.o [3]
  .text               ro code  0x08001f58    0x2c  xgetmemchunk.o [3]
  .text               ro code  0x08001f84     0x2  I64DivZer.o [5]
  .text               ro code  0x08001f88    0xd4  DblAdd.o [4]
  .text               ro code  0x0800205c     0x2  xtls.o [3]
  .text               ro code  0x08002060   0x890  Kulor_Funktioner.o [1]
  .text               ro code  0x080028f0   0x74a  stm32f3xx_hal_uart.o [1]
  .text               ro code  0x0800303c   0x190  stm32f3xx_hal_gpio.o [1]
  .text               ro code  0x080031cc   0x38e  stm32f3xx_hal_rtc.o [1]
  .text               ro code  0x0800355c     0xc  stm32f3xx_hal.o [1]
  .text               ro code  0x08003568    0xf6  main.o [1]
  .text               ro code  0x08003660    0x28  stm32f3_discovery.o [1]
  .text               ro code  0x08003688     0xc  stm32f3xx_hal_rtc_ex.o [1]
  .text               ro code  0x08003694   0x786  stm32f3xx_hal_tim.o [1]
  .text               ro code  0x08003e1c   0x184  stm32f3xx_hal_crc.o [1]
  .text               ro code  0x08003fa0    0x24  printf.o [3]
  .text               ro code  0x08003fc4    0x9c  usart.o [1]
  .text               ro code  0x08004060    0x4e  stm32f3xx_hal_dma.o [1]
  .text               ro code  0x080040ae     0x2  stm32f3xx_hal_uart.o [1]
  .text               ro code  0x080040b0     0x2  stm32f3xx_hal_uart_ex.o [1]
  .text               ro code  0x080040b4   0x53c  stm32f3xx_hal_rcc.o [1]
  .text               ro code  0x080045f0    0xa0  rtc.o [1]
  .text               ro code  0x08004690    0x24  stm32f3xx_hal.o [1]
  .text               ro code  0x080046b4   0x17c  gpio.o [1]
  .text               ro code  0x08004830   0x124  tim.o [1]
  .text               ro code  0x08004954    0x64  crc.o [1]
  .text               ro code  0x080049b8    0x18  stm32f3xx_hal.o [1]
  .text               ro code  0x080049d0   0x1bc  stm32f3xx_hal_rcc_ex.o [1]
  .text               ro code  0x08004b8c   0x10a  stm32f3xx_hal_cortex.o [1]
  .text               ro code  0x08004c96     0x2  stm32f3xx_hal_tim.o [1]
  .text               ro code  0x08004c98     0x2  stm32f3xx_hal_tim.o [1]
  .text               ro code  0x08004c9a     0x2  stm32f3xx_hal_tim.o [1]
  .text               ro code  0x08004c9c     0x2  stm32f3xx_hal_tim.o [1]
  .text               ro code  0x08004c9e     0x2  stm32f3xx_hal_tim_ex.o [1]
  .text               ro code  0x08004ca0     0x2  stm32f3xx_hal_tim.o [1]
  .text               ro code  0x08004ca2     0x2  stm32f3xx_hal_tim_ex.o [1]
  .text               ro code  0x08004ca4    0x4a  stm32f3xx_hal_crc_ex.o [1]
  .text               ro code  0x08004cf0    0x28  stm32f3xx_hal.o [1]
  .text               ro code  0x08004d18    0x78  stm32f3xx_hal_msp.o [1]
  .text               ro code  0x08004d90    0x58  stm32f3xx_hal_tim_ex.o [1]
  .text               ro code  0x08004de8    0xd6  xfspos.o [3]
  .text               ro code  0x08004ec0    0xb0  fflush.o [3]
  .text               ro code  0x08004f70     0xc  xfgpos.o [3]
  .text               ro code  0x08004f7c    0x4c  lseek.o [6]
  .text               ro code  0x08004fc8     0xc  errno.o [3]
  .text               ro code  0x08004fd4     0x4  xsyslock_nop.o [3]
  .text               ro code  0x08004fd8    0x10  write.o [6]
  .text               ro code  0x08004fe8    0xcc  XShHandles.o [3]
  .text               ro code  0x080050b4    0x1e  dwrite.o [6]
  .text               ro code  0x080050d2    0x20  iarwstd.o [6]
  .text               ro code  0x080050f2    0x22  iarwrite.o [6]
  .text               ro code  0x08005114    0x6c  iarttio.o [6]
  .text               ro code  0x08005180     0x8  XShttio.o [3]
  .text               ro code  0x08005188    0xb8  xfwprep.o [3]
  .text               ro code  0x08005240    0x22  fseek.o [3]
  .text               ro code  0x08005264    0x80  xfofind.o [3]
  .text               ro code  0x080052e4    0x7c  system_stm32f3xx.o [1]
  .text               ro code  0x08005360    0x7a  fclose.o [3]
  .text               ro code  0x080053da    0x1a  close.o [6]
  .text               ro code  0x080053f4    0x16  remove.o [6]
  .text               ro code  0x0800540a    0x78  lz77_init_single.o [5]
  .text               ro code  0x08005484    0x58  xcloseall.o [3]
  .text               ro code  0x080054dc    0x56  fputc.o [3]
  .text               ro code  0x08005532    0x40  zero_init3.o [5]
  .text               ro code  0x08005574    0x28  data_init.o [5]
  .text               ro code  0x0800559c    0x24  stm32f3xx_it.o [1]
  .text               ro code  0x080055c0    0x10  stm32f3xx_hal.o [1]
  .text               ro code  0x080055d0    0x22  fpinit_M.o [4]
  .iar.init_table     const    0x080055f4    0x20  - Linker created -
  .text               ro code  0x08005614    0x1a  cmain.o [5]
  .text               ro code  0x0800562e     0x4  low_level_init.o [3]
  .text               ro code  0x08005632     0x4  exit.o [3]
  .text               ro code  0x08005638     0xe  cexit.o [5]
  .text               ro code  0x08005648    0x14  exit.o [6]
  .text               ro code  0x0800565c    0x16  xprout.o [3]
  .text               ro code  0x08005674     0xc  putchar.o [3]
  .text               ro code  0x08005680    0x10  startup_stm32f303xc.o [1]
  .text               ro code  0x08005690     0xc  cstartup_M.o [5]
  .rodata             const    0x0800569c     0x8  system_stm32f3xx.o [1]
  .text               ro code  0x080056a4     0x4  startup_stm32f303xc.o [1]
  .text               ro code  0x080056a8     0x4  startup_stm32f303xc.o [1]
  .text               ro code  0x080056ac     0x4  startup_stm32f303xc.o [1]
  .text               ro code  0x080056b0     0x4  startup_stm32f303xc.o [1]
  .text               ro code  0x080056b4     0x4  startup_stm32f303xc.o [1]
  .text               ro code  0x080056b8     0x4  startup_stm32f303xc.o [1]
  .text               ro code  0x080056bc     0x4  startup_stm32f303xc.o [1]
  .text               ro code  0x080056c0     0x4  startup_stm32f303xc.o [1]
  .text               ro code  0x080056c4     0x4  startup_stm32f303xc.o [1]
  .text               ro code  0x080056c8     0x4  startup_stm32f303xc.o [1]
  .text               ro code  0x080056cc     0x4  startup_stm32f303xc.o [1]
  .text               ro code  0x080056d0     0x4  startup_stm32f303xc.o [1]
  .text               ro code  0x080056d4     0x4  startup_stm32f303xc.o [1]
  .text               ro code  0x080056d8     0x4  startup_stm32f303xc.o [1]
  .text               ro code  0x080056dc     0x4  startup_stm32f303xc.o [1]
  .text               ro code  0x080056e0     0x4  startup_stm32f303xc.o [1]
  .text               ro code  0x080056e4     0x4  startup_stm32f303xc.o [1]
  .text               ro code  0x080056e8     0x4  startup_stm32f303xc.o [1]
  .text               ro code  0x080056ec     0x4  startup_stm32f303xc.o [1]
  .text               ro code  0x080056f0     0x4  startup_stm32f303xc.o [1]
  .text               ro code  0x080056f4     0x4  startup_stm32f303xc.o [1]
  .text               ro code  0x080056f8     0x4  startup_stm32f303xc.o [1]
  .text               ro code  0x080056fc     0x4  startup_stm32f303xc.o [1]
  .text               ro code  0x08005700     0x4  startup_stm32f303xc.o [1]
  .text               ro code  0x08005704     0x4  startup_stm32f303xc.o [1]
  .text               ro code  0x08005708     0x4  startup_stm32f303xc.o [1]
  .text               ro code  0x0800570c     0x4  startup_stm32f303xc.o [1]
  .text               ro code  0x08005710     0x4  startup_stm32f303xc.o [1]
  .text               ro code  0x08005714     0x4  startup_stm32f303xc.o [1]
  .text               ro code  0x08005718     0x4  startup_stm32f303xc.o [1]
  .text               ro code  0x0800571c     0x4  startup_stm32f303xc.o [1]
  .text               ro code  0x08005720     0x4  startup_stm32f303xc.o [1]
  .text               ro code  0x08005724     0x4  startup_stm32f303xc.o [1]
  .text               ro code  0x08005728     0x4  startup_stm32f303xc.o [1]
  .text               ro code  0x0800572c     0x4  startup_stm32f303xc.o [1]
  .text               ro code  0x08005730     0x4  startup_stm32f303xc.o [1]
  .text               ro code  0x08005734     0x4  startup_stm32f303xc.o [1]
  .text               ro code  0x08005738     0x4  startup_stm32f303xc.o [1]
  .text               ro code  0x0800573c     0x4  startup_stm32f303xc.o [1]
  .text               ro code  0x08005740     0x4  startup_stm32f303xc.o [1]
  .text               ro code  0x08005744     0x4  startup_stm32f303xc.o [1]
  .text               ro code  0x08005748     0x4  startup_stm32f303xc.o [1]
  .text               ro code  0x0800574c     0x4  startup_stm32f303xc.o [1]
  .text               ro code  0x08005750     0x4  startup_stm32f303xc.o [1]
  .text               ro code  0x08005754     0x4  startup_stm32f303xc.o [1]
  .text               ro code  0x08005758     0x4  startup_stm32f303xc.o [1]
  .text               ro code  0x0800575c     0x4  startup_stm32f303xc.o [1]
  .text               ro code  0x08005760     0x4  startup_stm32f303xc.o [1]
  .text               ro code  0x08005764     0x4  startup_stm32f303xc.o [1]
  .text               ro code  0x08005768     0x4  startup_stm32f303xc.o [1]
  .text               ro code  0x0800576c     0x4  startup_stm32f303xc.o [1]
  .text               ro code  0x08005770     0x4  startup_stm32f303xc.o [1]
  .text               ro code  0x08005774     0x4  startup_stm32f303xc.o [1]
  .text               ro code  0x08005778     0x4  startup_stm32f303xc.o [1]
  .text               ro code  0x0800577c     0x4  startup_stm32f303xc.o [1]
  .text               ro code  0x08005780     0x4  startup_stm32f303xc.o [1]
  .text               ro code  0x08005784     0x4  startup_stm32f303xc.o [1]
  .text               ro code  0x08005788     0x4  startup_stm32f303xc.o [1]
  .text               ro code  0x0800578c     0x4  startup_stm32f303xc.o [1]
  .text               ro code  0x08005790     0x4  startup_stm32f303xc.o [1]
  .text               ro code  0x08005794     0x4  startup_stm32f303xc.o [1]
  .text               ro code  0x08005798     0x4  startup_stm32f303xc.o [1]
  .text               ro code  0x0800579c     0x4  startup_stm32f303xc.o [1]
  .text               ro code  0x080057a0     0x4  startup_stm32f303xc.o [1]
  .text               ro code  0x080057a4     0x4  startup_stm32f303xc.o [1]
  .text               ro code  0x080057a8     0x4  startup_stm32f303xc.o [1]
  .text               ro code  0x080057ac     0x4  startup_stm32f303xc.o [1]
  .text               ro code  0x080057b0     0x4  startup_stm32f303xc.o [1]
  .text               ro code  0x080057b4     0x4  startup_stm32f303xc.o [1]
  .text               ro code  0x080057b8     0x4  startup_stm32f303xc.o [1]
  .text               ro code  0x080057bc     0x4  startup_stm32f303xc.o [1]
  .text               ro code  0x080057c0     0x4  startup_stm32f303xc.o [1]
  .text               ro code  0x080057c4     0x0  cstart_closeall.o [5]
  .rodata             const    0x080057c4     0x0  zero_init3.o [5]
  .rodata             const    0x080057c4     0x0  lz77_init_single.o [5]
  Initializer bytes   const    0x080057c4    0x8a  <for P2-1>
                             - 0x0800584e  0x56c6

"P2", part 1 of 3:                          0x5e8
  P2-1                         0x20000000   0x5e8  <Init block>
    .data             inited   0x20000000    0xb0  Kulor_Funktioner.o [1]
    .data             inited   0x200000b0    0x30  Kulor_Funktioner.o [1]
    .data             inited   0x200000e0   0x2fc  Kulor_Funktioner.o [1]
    .data             inited   0x200003dc    0x20  stm32f3_discovery.o [1]
    .data             inited   0x200003fc     0x4  system_stm32f3xx.o [1]
    .data             inited   0x20000400    0x40  xfiles.o [3]
    .data             inited   0x20000440    0x40  xfiles.o [3]
    .data             inited   0x20000480    0x40  xfiles.o [3]
    .data             inited   0x200004c0    0x20  xfiles.o [3]
    .data             inited   0x200004e0     0x8  XShttio.o [3]
    __DLIB_PERTHREAD  inited   0x200004e8     0x4  errno.o [3]
    __DLIB_PERTHREAD  inited   0x200004ec    0x88  localeconv.o [3]
    __DLIB_PERTHREAD  inited   0x20000574    0x74  setlocale.o [3]
                             - 0x200005e8   0x5e8

"P2", part 2 of 3:                          0x600
  CSTACK                       0x200005e8   0x400  <Block>
    CSTACK            uninit   0x200005e8   0x400  <Block tail>
  HEAP                         0x200009e8   0x200  <Block>
    HEAP              uninit   0x200009e8   0x200  <Block tail>
                             - 0x20000be8   0x600

"P2", part 3 of 3:                          0x760
  .bss                zero     0x20000be8   0x578  Kulor_Funktioner.o [1]
  .bss                zero     0x20001160    0x80  XShHandles.o [3]
  .bss                zero     0x200011e0    0x70  usart.o [1]
  .bss                zero     0x20001250    0x50  xfiles.o [3]
  .bss                zero     0x200012a0    0x50  xfiles.o [3]
  .bss                zero     0x200012f0    0x24  crc.o [1]
  .bss                zero     0x20001314    0x20  rtc.o [1]
  .bss                zero     0x20001334     0x8  xxmemxmalloc.o [3]
  .bss                zero     0x2000133c     0x4  stm32f3xx_hal.o [1]
  .bss                zero     0x20001340     0x4  xgetmemchunk.o [3]
  .bss                zero     0x20001344     0x1  Kulor_Funktioner.o [1]
                             - 0x20001345   0x75d


*******************************************************************************
*** INIT TABLE
***

          Address     Size
          -------     ----
Zero (__iar_zero_init3)
    1 destination range, total size 0x75d:
          0x20000be8  0x75d

Copy/lz77 (__iar_lz77_init_single3)
    1 source range, total size 0x8a (9% of destination):
          0x080057c4   0x8a
    1 destination range, total size 0x5e8:
          0x20000000  0x5e8



*******************************************************************************
*** MODULE SUMMARY
***

    Module                   ro code  ro data  rw data
    ------                   -------  -------  -------
C:\Users\jonas\OneDrive\KTH\åk3\Inbygda system\lab 1\filer\KULOR_V2\EWARM\KULOR_V2\Obj: [1]
    Kulor_Funktioner.o         2 192       90    2 389
    crc.o                        100                36
    gpio.o                       380
    main.o                       246
    rtc.o                        160                32
    startup_stm32f303xc.o        696
    stm32f3_discovery.o           40        3       32
    stm32f3xx_hal.o              128                 4
    stm32f3xx_hal_cortex.o       266
    stm32f3xx_hal_crc.o          388
    stm32f3xx_hal_crc_ex.o        74
    stm32f3xx_hal_dma.o           78
    stm32f3xx_hal_gpio.o         400
    stm32f3xx_hal_msp.o          120
    stm32f3xx_hal_rcc.o        1 340
    stm32f3xx_hal_rcc_ex.o       444
    stm32f3xx_hal_rtc.o          910
    stm32f3xx_hal_rtc_ex.o        12
    stm32f3xx_hal_tim.o        1 936
    stm32f3xx_hal_tim_ex.o        92
    stm32f3xx_hal_uart.o       1 868
    stm32f3xx_hal_uart_ex.o        2
    stm32f3xx_it.o                36
    system_stm32f3xx.o           124        8        4
    tim.o                        292
    usart.o                      156               112
    --------------------------------------------------
    Total:                    12 480      101    2 609

command line: [2]
    --------------------------------------------------
    Total:

dl7M_tlf.a: [3]
    XShHandles.o                 204               128
    XShttio.o                      8        1        8
    div.o                         14
    errno.o                       12        1        4
    exit.o                         4
    fclose.o                     122
    fflush.o                     176
    fputc.o                       86
    fseek.o                       34
    localeconv.o                 108       12      136
    low_level_init.o               4
    printf.o                      36
    putchar.o                     12
    setlocale.o                   20       11      116
    xcloseall.o                   88
    xencoding_sb.o                96
    xfgpos.o                      12
    xfiles.o                               20      384
    xfofind.o                    128
    xfspos.o                     214
    xfwprep.o                    184
    xgetmemchunk.o                44                 4
    xmbcurmax.o                   10
    xmbtowc.o                     32
    xprintffull.o              4 506
    xprout.o                      22
    xsyslock_nop.o                 4
    xtls.o                         2
    xwctomb.o                     26
    xxmemxfree.o                 128
    xxmemxmalloc.o               176                 8
    --------------------------------------------------
    Total:                     6 512       45      788

m7M_tls.a: [4]
    DblAdd.o                     212
    DblCmpGe.o                    46
    DblCmpLe.o                    46
    DblDiv.o                     598
    DblMul.o                     418
    DblSub.o                     384
    DblToI32.o                    88
    I32ToDbl.o                    48
    fpinit_M.o                    34
    xdnorm.o                      68
    xdscale.o                    276
    --------------------------------------------------
    Total:                     2 218

rt7M_tl.a: [5]
    ABImemcpy_unaligned.o        118
    I64DivMod.o                  238
    I64DivZer.o                    2
    cexit.o                       14
    cmain.o                       26
    cstart_closeall.o
    cstartup_M.o                  12
    data_init.o                   40
    lz77_init_single.o           120
    memchr.o                      88
    strchr.o                      22
    strlen.o                      54
    zero_init3.o                  64
    --------------------------------------------------
    Total:                       798

shb_l.a: [6]
    close.o                       26
    dwrite.o                      30
    exit.o                        20
    iarttio.o                    108
    iarwrite.o                    34
    iarwstd.o                     32
    lseek.o                       76
    remove.o                      22
    write.o                       16
    --------------------------------------------------
    Total:                       364

    Gaps                          54        2
    Linker created                         32    1 536
------------------------------------------------------
    Grand Total:              22 426      180    4 933


*******************************************************************************
*** ENTRY LIST
***

Entry                      Address   Size  Type      Object
-----                      -------   ----  ----      ------
.iar.init_table$$Base   0x080055f4          --   Gb  - Linker created -
.iar.init_table$$Limit  0x08005614          --   Gb  - Linker created -
?main                   0x08005615         Code  Gb  cmain.o [5]
AHBPrescTable           0x08005350   0x10  Data  Gb  system_stm32f3xx.o [1]
APBPrescTable           0x0800569c    0x8  Data  Gb  system_stm32f3xx.o [1]
BSP_LED_On              0x08003661   0x14  Code  Gb  stm32f3_discovery.o [1]
BitCount                0x2000001a    0x2  Data  Gb  Kulor_Funktioner.o [1]
BitValue                0x200000cc   0x14  Data  Gb  Kulor_Funktioner.o [1]
CRC_Handle_16           0x08003f6d   0x34  Code  Lc  stm32f3xx_hal_crc.o [1]
CRC_Handle_8            0x08003efb   0x72  Code  Lc  stm32f3xx_hal_crc.o [1]
CSTACK$$Base            0x200005e8          --   Gb  - Linker created -
CSTACK$$Limit           0x200009e8          --   Gb  - Linker created -
CalculatePulsWithd      0x0800275d   0x26  Code  Gb  Kulor_Funktioner.o [1]
CalculateTempraturePacket
                        0x08002783  0x118  Code  Gb  Kulor_Funktioner.o [1]
CalculateTempraturePacket::packet
                        0x2000033c   0xa0  Data  Lc  Kulor_Funktioner.o [1]
CalculateTempraturePacket::temp
                        0x200000e4  0x258  Data  Lc  Kulor_Funktioner.o [1]
CrcCode                 0x200000e0    0x1  Data  Gb  Kulor_Funktioner.o [1]
Error_Handler           0x0800365d    0x2  Code  Gb  main.o [1]
HAL_CRCEx_Polynomial_Set
                        0x08004ca5   0x4a  Code  Gb  stm32f3xx_hal_crc_ex.o [1]
HAL_CRC_Calculate       0x08003e9d   0x5e  Code  Gb  stm32f3xx_hal_crc.o [1]
HAL_CRC_Init            0x08003e1d   0x7a  Code  Gb  stm32f3xx_hal_crc.o [1]
HAL_CRC_MspInit         0x08004989   0x22  Code  Gb  crc.o [1]
HAL_DMA_Abort_IT        0x08004061   0x4e  Code  Gb  stm32f3xx_hal_dma.o [1]
HAL_Delay               0x080049b9   0x18  Code  Wk  stm32f3xx_hal.o [1]
HAL_GPIO_Init           0x0800303d  0x15e  Code  Gb  stm32f3xx_hal_gpio.o [1]
HAL_GPIO_TogglePin      0x080031a7    0x8  Code  Gb  stm32f3xx_hal_gpio.o [1]
HAL_GPIO_WritePin       0x0800319b    0xc  Code  Gb  stm32f3xx_hal_gpio.o [1]
HAL_GetTick             0x0800355d    0xc  Code  Wk  stm32f3xx_hal.o [1]
HAL_IncTick             0x080055c1   0x10  Code  Wk  stm32f3xx_hal.o [1]
HAL_Init                0x08004691   0x20  Code  Gb  stm32f3xx_hal.o [1]
HAL_InitTick            0x08004cf1   0x28  Code  Wk  stm32f3xx_hal.o [1]
HAL_MspInit             0x08004d19   0x78  Code  Gb  stm32f3xx_hal_msp.o [1]
HAL_NVIC_EnableIRQ      0x08004c5b    0x2  Code  Gb  stm32f3xx_hal_cortex.o [1]
HAL_NVIC_SetPriority    0x08004c3d   0x1e  Code  Gb  stm32f3xx_hal_cortex.o [1]
HAL_NVIC_SetPriorityGrouping
                        0x08004c3b    0x2  Code  Gb  stm32f3xx_hal_cortex.o [1]
HAL_RCCEx_PeriphCLKConfig
                        0x080049d1  0x1b0  Code  Gb  stm32f3xx_hal_rcc_ex.o [1]
HAL_RCC_ClockConfig     0x080043f5  0x142  Code  Gb  stm32f3xx_hal_rcc.o [1]
HAL_RCC_GetHCLKFreq     0x08004571    0x6  Code  Gb  stm32f3xx_hal_rcc.o [1]
HAL_RCC_GetPCLK1Freq    0x08004577   0x16  Code  Gb  stm32f3xx_hal_rcc.o [1]
HAL_RCC_GetPCLK2Freq    0x0800458d   0x16  Code  Gb  stm32f3xx_hal_rcc.o [1]
HAL_RCC_GetSysClockFreq
                        0x08004537   0x3a  Code  Gb  stm32f3xx_hal_rcc.o [1]
HAL_RCC_OscConfig       0x080040b5  0x340  Code  Gb  stm32f3xx_hal_rcc.o [1]
HAL_RTCEx_BKUPRead      0x08003689    0xc  Code  Gb  stm32f3xx_hal_rtc_ex.o [1]
HAL_RTC_GetDate         0x08003477   0x48  Code  Gb  stm32f3xx_hal_rtc.o [1]
HAL_RTC_GetTime         0x0800334d   0x5a  Code  Gb  stm32f3xx_hal_rtc.o [1]
HAL_RTC_Init            0x080031cd   0x9a  Code  Gb  stm32f3xx_hal_rtc.o [1]
HAL_RTC_MspInit         0x08004675   0x10  Code  Gb  rtc.o [1]
HAL_RTC_SetDate         0x080033a7   0xd0  Code  Gb  stm32f3xx_hal_rtc.o [1]
HAL_RTC_SetTime         0x08003267   0xe6  Code  Gb  stm32f3xx_hal_rtc.o [1]
HAL_RTC_WaitForSynchro  0x080034cd   0x30  Code  Gb  stm32f3xx_hal_rtc.o [1]
HAL_SYSTICK_CLKSourceConfig
                        0x08004c5f   0x18  Code  Gb  stm32f3xx_hal_cortex.o [1]
HAL_SYSTICK_Callback    0x08004c95    0x2  Code  Wk  stm32f3xx_hal_cortex.o [1]
HAL_SYSTICK_Config      0x08004c5d    0x2  Code  Gb  stm32f3xx_hal_cortex.o [1]
HAL_SYSTICK_IRQHandler  0x08004c91    0x4  Code  Gb  stm32f3xx_hal_cortex.o [1]
HAL_TIMEx_BreakCallback
                        0x08004c9f    0x2  Code  Wk  stm32f3xx_hal_tim_ex.o [1]
HAL_TIMEx_CommutationCallback
                        0x08004ca3    0x2  Code  Wk  stm32f3xx_hal_tim_ex.o [1]
HAL_TIMEx_MasterConfigSynchronization
                        0x08004d91   0x50  Code  Gb  stm32f3xx_hal_tim_ex.o [1]
HAL_TIM_Base_Init       0x08003695   0x32  Code  Gb  stm32f3xx_hal_tim.o [1]
HAL_TIM_Base_MspInit    0x080048f5   0x54  Code  Gb  tim.o [1]
HAL_TIM_ConfigClockSource
                        0x080039bd  0x104  Code  Gb  stm32f3xx_hal_tim.o [1]
HAL_TIM_IC_CaptureCallback
                        0x080026d5   0x88  Code  Gb  Kulor_Funktioner.o [1]
HAL_TIM_IC_ConfigChannel
                        0x08003913   0xaa  Code  Gb  stm32f3xx_hal_tim.o [1]
HAL_TIM_IC_Init         0x080036c7   0x32  Code  Gb  stm32f3xx_hal_tim.o [1]
HAL_TIM_IC_MspInit      0x08004c97    0x2  Code  Wk  stm32f3xx_hal_tim.o [1]
HAL_TIM_IC_Start_IT     0x080036f9   0x5a  Code  Gb  stm32f3xx_hal_tim.o [1]
HAL_TIM_IC_Stop_IT      0x08003753   0x6e  Code  Gb  stm32f3xx_hal_tim.o [1]
HAL_TIM_IRQHandler      0x080037c1  0x152  Code  Gb  stm32f3xx_hal_tim.o [1]
HAL_TIM_OC_DelayElapsedCallback
                        0x08004c99    0x2  Code  Wk  stm32f3xx_hal_tim.o [1]
HAL_TIM_PWM_PulseFinishedCallback
                        0x08004c9b    0x2  Code  Wk  stm32f3xx_hal_tim.o [1]
HAL_TIM_PeriodElapsedCallback
                        0x08004c9d    0x2  Code  Wk  stm32f3xx_hal_tim.o [1]
HAL_TIM_ReadCapturedValue
                        0x08003b07   0x46  Code  Gb  stm32f3xx_hal_tim.o [1]
HAL_TIM_SlaveConfigSynchronization
                        0x08003ac9   0x3e  Code  Gb  stm32f3xx_hal_tim.o [1]
HAL_TIM_TriggerCallback
                        0x08004ca1    0x2  Code  Wk  stm32f3xx_hal_tim.o [1]
HAL_UARTEx_WakeupCallback
                        0x080040b1    0x2  Code  Wk  stm32f3xx_hal_uart_ex.o [1]
HAL_UART_ErrorCallback  0x080040af    0x2  Code  Wk  stm32f3xx_hal_uart.o [1]
HAL_UART_IRQHandler     0x08002a1f  0x144  Code  Gb  stm32f3xx_hal_uart.o [1]
HAL_UART_Init           0x080028f1   0x6a  Code  Gb  stm32f3xx_hal_uart.o [1]
HAL_UART_MspInit        0x08003ffb   0x54  Code  Gb  usart.o [1]
HAL_UART_RxCpltCallback
                        0x0800206b    0xa  Code  Gb  Kulor_Funktioner.o [1]
HAL_UART_Transmit       0x0800295b   0xc4  Code  Gb  stm32f3xx_hal_uart.o [1]
HAL_UART_TxCpltCallback
                        0x08002061    0xa  Code  Gb  Kulor_Funktioner.o [1]
HEAP$$Base              0x200009e8          --   Gb  - Linker created -
HEAP$$Limit             0x20000be8          --   Gb  - Linker created -
HumidityValue           0x200000b4    0x4  Data  Gb  Kulor_Funktioner.o [1]
LED_PIN                 0x08003678   0x10  Data  Gb  stm32f3_discovery.o [1]
LED_PORT                0x200003dc   0x20  Data  Gb  stm32f3_discovery.o [1]
LoadInt                 0x080007ff   0x6e  Code  Lc  xprintffull.o [3]
MX_CRC_Init             0x08004955   0x34  Code  Gb  crc.o [1]
MX_GPIO_Init            0x080046b5  0x17c  Code  Gb  gpio.o [1]
MX_RTC_Init             0x080045f1   0x84  Code  Gb  rtc.o [1]
MX_TIM1_Init            0x08004831   0xc4  Code  Gb  tim.o [1]
MX_USART3_UART_Init     0x08003fc5   0x36  Code  Gb  usart.o [1]
NVIC_EnableIRQ          0x08004bb1   0x12  Code  Lc  stm32f3xx_hal_cortex.o [1]
NVIC_EncodePriority     0x08004bdd   0x36  Code  Lc  stm32f3xx_hal_cortex.o [1]
NVIC_GetPriorityGrouping
                        0x08004ba7    0xa  Code  Lc  stm32f3xx_hal_cortex.o [1]
NVIC_SetPriority        0x08004bc3   0x1a  Code  Lc  stm32f3xx_hal_cortex.o [1]
NVIC_SetPriorityGrouping
                        0x08004b8d   0x1a  Code  Lc  stm32f3xx_hal_cortex.o [1]
NewLine                 0x20000098    0x4  Data  Gb  Kulor_Funktioner.o [1]
PreambleCount           0x20000018    0x1  Data  Gb  Kulor_Funktioner.o [1]
RTC_Bcd2ToByte          0x08003547   0x14  Code  Gb  stm32f3xx_hal_rtc.o [1]
RTC_ByteToBcd2          0x08003531   0x16  Code  Gb  stm32f3xx_hal_rtc.o [1]
RTC_CLOCK_SETINGS       0x080025ed   0x72  Code  Gb  Kulor_Funktioner.o [1]
RTC_EnterInitMode       0x080034fd   0x34  Code  Gb  stm32f3xx_hal_rtc.o [1]
RecivedPacket           0x20000be8  0x578  Data  Gb  Kulor_Funktioner.o [1]
Region$$Table$$Base     0x080055f4          --   Gb  - Linker created -
Region$$Table$$Limit    0x08005614          --   Gb  - Linker created -
RtcHandle               0x2000001c   0x20  Data  Gb  Kulor_Funktioner.o [1]
SendToSerial            0x08002075   0x10  Code  Gb  Kulor_Funktioner.o [1]
SetDate                 0x2000003c    0xc  Data  Gb  Kulor_Funktioner.o [1]
SetTime                 0x20000048    0x8  Data  Gb  Kulor_Funktioner.o [1]
ShowNumberOnDispaly     0x08002085  0x446  Code  Gb  Kulor_Funktioner.o [1]
SysTick_Config          0x08004c13   0x28  Code  Lc  stm32f3xx_hal_cortex.o [1]
SysTick_Handler         0x0800559d    0xe  Code  Gb  stm32f3xx_it.o [1]
SystemClock_Config      0x080035bb   0x9e  Code  Gb  main.o [1]
SystemCoreClock         0x200003fc    0x4  Data  Gb  system_stm32f3xx.o [1]
SystemInit              0x080052e5   0x52  Code  Gb  system_stm32f3xx.o [1]
TIM1_CC_IRQHandler      0x080055ab    0x6  Code  Gb  stm32f3xx_it.o [1]
TIM_Base_SetConfig      0x08003b4d   0xa2  Code  Gb  stm32f3xx_hal_tim.o [1]
TIM_CCxChannelCmd       0x08003e01   0x1a  Code  Gb  stm32f3xx_hal_tim.o [1]
TIM_ETR_SetConfig       0x08003deb   0x16  Code  Gb  stm32f3xx_hal_tim.o [1]
TIM_ITRx_SetConfig      0x08003ddb   0x10  Code  Lc  stm32f3xx_hal_tim.o [1]
TIM_SlaveTimer_SetConfig
                        0x08003bef   0x72  Code  Lc  stm32f3xx_hal_tim.o [1]
TIM_TI1_ConfigInputStage
                        0x08003cf1   0x24  Code  Lc  stm32f3xx_hal_tim.o [1]
TIM_TI1_SetConfig       0x08003c61   0x66  Code  Gb  stm32f3xx_hal_tim.o [1]
TIM_TI2_ConfigInputStage
                        0x08003d4b   0x26  Code  Lc  stm32f3xx_hal_tim.o [1]
TIM_TI2_SetConfig       0x08003d15   0x36  Code  Lc  stm32f3xx_hal_tim.o [1]
TIM_TI3_SetConfig       0x08003d71   0x34  Code  Lc  stm32f3xx_hal_tim.o [1]
TIM_TI4_SetConfig       0x08003da5   0x36  Code  Lc  stm32f3xx_hal_tim.o [1]
Temprature              0x200000b8    0xc  Data  Gb  Kulor_Funktioner.o [1]
TempratureValue         0x200000b0    0x4  Data  Gb  Kulor_Funktioner.o [1]
UART_AdvFeatureConfig   0x08002d89   0xc8  Code  Gb  stm32f3xx_hal_uart.o [1]
UART_CheckIdleState     0x08002e51   0x64  Code  Gb  stm32f3xx_hal_uart.o [1]
UART_DMAAbortOnError    0x08002f39   0x10  Code  Lc  stm32f3xx_hal_uart.o [1]
UART_EndRxTransfer      0x08002f1b   0x1c  Code  Lc  stm32f3xx_hal_uart.o [1]
UART_EndTransmit_IT     0x08002fad   0x1a  Code  Gb  stm32f3xx_hal_uart.o [1]
UART_Receive_IT         0x08002fc7   0x74  Code  Gb  stm32f3xx_hal_uart.o [1]
UART_SetConfig          0x08002b65  0x206  Code  Gb  stm32f3xx_hal_uart.o [1]
UART_Transmit_IT        0x08002f49   0x64  Code  Gb  stm32f3xx_hal_uart.o [1]
UART_WaitOnFlagUntilTimeout
                        0x08002eb5   0x66  Code  Gb  stm32f3xx_hal_uart.o [1]
USART3_IRQHandler       0x080055b1    0x6  Code  Gb  stm32f3xx_it.o [1]
UartReady               0x20001344    0x1  Data  Gb  Kulor_Funktioner.o [1]
UppDateDisplay          0x080024cb  0x122  Code  Gb  Kulor_Funktioner.o [1]
UppDateDisplay::last_second
                        0x20000054    0x4  Data  Lc  Kulor_Funktioner.o [1]
_Close_all              0x08005485   0x58  Code  Gb  xcloseall.o [3]
_EncodingSb_Mbtowc      0x08001f13   0x30  Code  Gb  xencoding_sb.o [3]
_EncodingSb_Mbtowc::initial
                        0x08001f50    0x8  Data  Lc  xencoding_sb.o [3]
_EncodingSb_Wctomb      0x08001ef9   0x1a  Code  Gb  xencoding_sb.o [3]
_EncodingSb_Wctomb::initial
                        0x08001f48    0x8  Data  Lc  xencoding_sb.o [3]
_Files                  0x200004c0   0x20  Data  Gb  xfiles.o [3]
_Fofree                 0x08005265   0x78  Code  Gb  xfofind.o [3]
_Fspos                  0x08004de9   0xd6  Code  Gb  xfspos.o [3]
_Fwprep                 0x08005189   0xb8  Code  Gb  xfwprep.o [3]
_GenldFull              0x08001085  0x254  Code  Lc  xprintffull.o [3]
_IsdstStr               0x20000578    0x4  Data  Gb  setlocale.o [3]
_LdtobFull              0x08000c85  0x3fa  Code  Lc  xprintffull.o [3]
_LitobFull              0x08000b79  0x10a  Code  Lc  xprintffull.o [3]
_LocaleEncoding         0x08001ee5    0xe  Code  Gb  setlocale.o [3]
_LocaleReturnString     0x20000598   0x50  Data  Lc  setlocale.o [3]
_Locale_Profile         0x2000057c   0x1c  Data  Gb  setlocale.o [3]
_Locale_aeabi_lconv     0x2000053c   0x38  Data  Gb  localeconv.o [3]
_Locale_lconv           0x200004ec   0x50  Data  Gb  localeconv.o [3]
_Mbtowc                 0x08001323   0x20  Code  Gb  xmbtowc.o [3]
_Nnl                    0x08004f71    0xc  Code  Gb  xfgpos.o [3]
_PrintfFull             0x08000189  0x660  Code  Gb  xprintffull.o [3]
_Prout                  0x0800565d   0x16  Code  Gb  xprout.o [3]
_PutcharsFull           0x080012d9   0x2e  Code  Lc  xprintffull.o [3]
_PutstrFull             0x0800086d  0x306  Code  Lc  xprintffull.o [3]
_TzoneStr               0x20000574    0x4  Data  Gb  setlocale.o [3]
_Wctomb                 0x080014a9   0x1a  Code  Gb  xwctomb.o [3]
__aeabi_cdcmple         0x080016f1         Code  Gb  DblCmpLe.o [4]
__aeabi_cdrcmple        0x08001721         Code  Gb  DblCmpGe.o [4]
__aeabi_d2iz            0x08001865         Code  Gb  DblToI32.o [4]
__aeabi_d2uiz           0x08001891         Code  Gb  DblToI32.o [4]
__aeabi_ddiv            0x08001c11         Code  Gb  DblDiv.o [4]
__aeabi_dmul            0x08001a6d         Code  Gb  DblMul.o [4]
__aeabi_dsub            0x080018ed         Code  Gb  DblSub.o [4]
__aeabi_errno_addr      0x08004fc9    0x6  Code  Gb  errno.o [3]
__aeabi_i2d             0x080018bd         Code  Gb  I32ToDbl.o [4]
__aeabi_ldiv0           0x08001f85         Code  Gb  I64DivZer.o [5]
__aeabi_ui2d            0x080018d1         Code  Gb  I32ToDbl.o [4]
__aeabi_uldivmod        0x080015bd         Code  Gb  I64DivMod.o [5]
__cexit_closeall        0x0800563b         Code  Gb  cexit.o [5]
__close                 0x080053db   0x1a  Code  Gb  close.o [6]
__cmain                 0x08005615         Code  Gb  cmain.o [5]
__cstart_closeall       0x080057c4         Data  Gb  cstart_closeall.o [5]
__data_Aldata           0x20001334    0x8  Data  Gb  xxmemxmalloc.o [3]
__data_GetMemChunk      0x08001f59   0x2c  Code  Gb  xgetmemchunk.o [3]
__data_GetMemChunk::start
                        0x20001340    0x4  Data  Lc  xgetmemchunk.o [3]
__dwrite                0x080050b5   0x1e  Code  Gb  dwrite.o [6]
__exit                  0x08005649   0x14  Code  Gb  exit.o [6]
__iar_Dnorm             0x080016ab   0x44  Code  Gb  xdnorm.o [4]
__iar_Dscale            0x08001751  0x114  Code  Gb  xdscale.o [4]
__iar_Errno             0x200004e8    0x4  Data  Gb  errno.o [3]
__iar_Locale_lconv_init
                        0x08001e69   0x3a  Code  Gb  localeconv.o [3]
__iar_Lockfilelock      0x08004fd5    0x2  Code  Gb  xsyslock_nop.o [3]
__iar_Mbcurmax          0x080013ed    0xa  Code  Gb  xmbcurmax.o [3]
__iar_Memchr            0x08001395         Code  Gb  memchr.o [5]
__iar_Stderr            0x20000480   0x40  Data  Gb  xfiles.o [3]
__iar_Stdin             0x20000400   0x40  Data  Gb  xfiles.o [3]
__iar_Stdout            0x20000440   0x40  Data  Gb  xfiles.o [3]
__iar_Strchr            0x08001345         Code  Gb  strchr.o [5]
__iar_Unlockfilelock    0x08004fd7    0x2  Code  Gb  xsyslock_nop.o [3]
__iar_close_ttio        0x08005115   0x2e  Code  Gb  iarttio.o [6]
__iar_d2uiz             0x0800189d         Code  Gb  DblToI32.o [4]
__iar_dadd              0x08001f89         Code  Gb  DblAdd.o [4]
__iar_data_init3        0x08005575   0x28  Code  Gb  data_init.o [5]
__iar_dlib_perthread_access
                        0x0800205d    0x2  Code  Gb  xtls.o [3]
__iar_dsub              0x08001901         Code  Gb  DblSub.o [4]
__iar_dsubStart         0x08001913         Code  Gb  DblSub.o [4]
__iar_get_ttio          0x08005145   0x38  Code  Gb  iarttio.o [6]
__iar_init_vfp          0x080055d1         Code  Gb  fpinit_M.o [4]
__iar_lookup_ttioh      0x08005181    0x8  Code  Gb  XShttio.o [3]
__iar_lz77_init_single3
                        0x0800540b   0x78  Code  Gb  lz77_init_single.o [5]
__iar_program_start     0x08005691         Code  Gb  cstartup_M.o [5]
__iar_sh_Discard        0x08004fe9   0x3e  Code  Gb  XShHandles.o [3]
__iar_sh_Move           0x0800502d   0x46  Code  Gb  XShHandles.o [3]
__iar_sh_Pos            0x08005073   0x3e  Code  Gb  XShHandles.o [3]
__iar_sh_stdout         0x080050d3   0x20  Code  Gb  iarwstd.o [6]
__iar_sh_write          0x080050f3   0x22  Code  Gb  iarwrite.o [6]
__iar_ttio_handles      0x200004e0    0x8  Data  Lc  XShttio.o [3]
__iar_ui2d              0x080018d5         Code  Gb  I32ToDbl.o [4]
__iar_unaligned___aeabi_memcpy
                        0x080014c5         Code  Gb  ABImemcpy_unaligned.o [5]
__iar_unaligned___aeabi_memcpy4
                        0x080014e5         Code  Gb  ABImemcpy_unaligned.o [5]
__iar_unaligned___aeabi_memcpy8
                        0x080014e5         Code  Gb  ABImemcpy_unaligned.o [5]
__iar_zero_init3        0x08005533   0x40  Code  Gb  zero_init3.o [5]
__low_level_init        0x0800562f    0x4  Code  Gb  low_level_init.o [3]
__lseek                 0x08004f7d   0x4c  Code  Gb  lseek.o [6]
__vector_table          0x08000000         Data  Gb  startup_stm32f303xc.o [1]
__write                 0x08004fd9   0x10  Code  Gb  write.o [6]
_call_main              0x08005621         Code  Gb  cmain.o [5]
_exit                   0x08005639         Code  Gb  cexit.o [5]
_main                   0x0800562b         Code  Gb  cmain.o [5]
aPLLMULFactorTable      0x080045d0   0x10  Data  Gb  stm32f3xx_hal_rcc.o [1]
aPredivFactorTable      0x080045e0   0x10  Data  Gb  stm32f3xx_hal_rcc.o [1]
div                     0x08001ed5    0xe  Code  Gb  div.o [3]
ebuf                    0x20001250   0x50  Data  Lc  xfiles.o [3]
exit                    0x08005633    0x4  Code  Gb  exit.o [3]
fclose                  0x08005361   0x7a  Code  Gb  fclose.o [3]
fflush                  0x08004f37   0x34  Code  Gb  fflush.o [3]
fflushOne               0x08004ec1   0x76  Code  Lc  fflush.o [3]
fputc                   0x080054dd   0x56  Code  Gb  fputc.o [3]
free                    0x0800153d   0x7a  Code  Gb  xxmemxfree.o [3]
fseek                   0x08005241   0x22  Code  Gb  fseek.o [3]
getHumidity             0x080026a3   0x32  Code  Gb  Kulor_Funktioner.o [1]
getTempratue            0x0800265f   0x44  Code  Gb  Kulor_Funktioner.o [1]
hcrc                    0x200012f0   0x24  Data  Gb  crc.o [1]
hrtc                    0x20001314   0x20  Data  Gb  rtc.o [1]
htim1                   0x20000058   0x40  Data  Gb  Kulor_Funktioner.o [1]
huart3                  0x200011e0   0x70  Data  Gb  usart.o [1]
humidity                0x200000c4    0x8  Data  Gb  Kulor_Funktioner.o [1]
localeconv              0x08001ea3   0x16  Code  Gb  localeconv.o [3]
main                    0x08003569   0x52  Code  Gb  main.o [1]
malloc                  0x080013f9   0xac  Code  Gb  xxmemxmalloc.o [3]
memchr                  0x08001395         Code  Gb  memchr.o [5]
obuf                    0x200012a0   0x50  Data  Lc  xfiles.o [3]
printf                  0x08003fa1   0x24  Code  Gb  printf.o [3]
putchar                 0x08005675    0xc  Code  Gb  putchar.o [3]
remove                  0x080053f5   0x16  Code  Gb  remove.o [6]
sFileInfo               0x20001160   0x80  Data  Lc  XShHandles.o [3]
sdatestructure          0x20000000    0x4  Data  Gb  Kulor_Funktioner.o [1]
stimestructure          0x20000004   0x14  Data  Gb  Kulor_Funktioner.o [1]
strchr                  0x08001345         Code  Gb  strchr.o [5]
strlen                  0x0800135d         Code  Gb  strlen.o [5]
tempInputDate           0x2000009c    0xc  Data  Gb  Kulor_Funktioner.o [1]
tempInputTime           0x200000a8    0x8  Data  Gb  Kulor_Funktioner.o [1]
uwIC2Value1             0x20000050    0x4  Data  Gb  Kulor_Funktioner.o [1]
uwTick                  0x2000133c    0x4  Data  Gb  stm32f3xx_hal.o [1]


[1] = C:\Users\jonas\OneDrive\KTH\åk3\Inbygda system\lab 1\filer\KULOR_V2\EWARM\KULOR_V2\Obj
[2] = command line
[3] = dl7M_tlf.a
[4] = m7M_tls.a
[5] = rt7M_tl.a
[6] = shb_l.a

  22 426 bytes of readonly  code memory
     180 bytes of readonly  data memory
   4 933 bytes of readwrite data memory

Errors: none
Warnings: none
