###############################################################################
#
# IAR ELF Linker V7.80.3.12102/W32 for ARM                22/Feb/2017  11:13:29
# Copyright 2007-2016 IAR Systems AB.
#
#    Output file  =  
#        C:\Users\jonas\OneDrive\KTH\åk3\Inbygda system\lab
#        1\filer\KULOR_V2\EWARM\KULOR_V2\Exe\KULOR_V2.out
#    Map file     =  
#        C:\Users\jonas\OneDrive\KTH\åk3\Inbygda system\lab
#        1\filer\KULOR_V2\EWARM\KULOR_V2\List\KULOR_V2.map
#    Command line =  
#        "C:\Users\jonas\OneDrive\KTH\åk3\Inbygda system\lab
#        1\filer\KULOR_V2\EWARM\KULOR_V2\Obj\crc.o"
#        "C:\Users\jonas\OneDrive\KTH\åk3\Inbygda system\lab
#        1\filer\KULOR_V2\EWARM\KULOR_V2\Obj\gpio.o"
#        "C:\Users\jonas\OneDrive\KTH\åk3\Inbygda system\lab
#        1\filer\KULOR_V2\EWARM\KULOR_V2\Obj\Kulor_Funktioner.o"
#        "C:\Users\jonas\OneDrive\KTH\åk3\Inbygda system\lab
#        1\filer\KULOR_V2\EWARM\KULOR_V2\Obj\main.o"
#        "C:\Users\jonas\OneDrive\KTH\åk3\Inbygda system\lab
#        1\filer\KULOR_V2\EWARM\KULOR_V2\Obj\rtc.o"
#        "C:\Users\jonas\OneDrive\KTH\åk3\Inbygda system\lab
#        1\filer\KULOR_V2\EWARM\KULOR_V2\Obj\startup_stm32f303xc.o"
#        "C:\Users\jonas\OneDrive\KTH\åk3\Inbygda system\lab
#        1\filer\KULOR_V2\EWARM\KULOR_V2\Obj\stm32f3_discovery.o"
#        "C:\Users\jonas\OneDrive\KTH\åk3\Inbygda system\lab
#        1\filer\KULOR_V2\EWARM\KULOR_V2\Obj\stm32f3xx_hal.o"
#        "C:\Users\jonas\OneDrive\KTH\åk3\Inbygda system\lab
#        1\filer\KULOR_V2\EWARM\KULOR_V2\Obj\stm32f3xx_hal_cortex.o"
#        "C:\Users\jonas\OneDrive\KTH\åk3\Inbygda system\lab
#        1\filer\KULOR_V2\EWARM\KULOR_V2\Obj\stm32f3xx_hal_crc.o"
#        "C:\Users\jonas\OneDrive\KTH\åk3\Inbygda system\lab
#        1\filer\KULOR_V2\EWARM\KULOR_V2\Obj\stm32f3xx_hal_crc_ex.o"
#        "C:\Users\jonas\OneDrive\KTH\åk3\Inbygda system\lab
#        1\filer\KULOR_V2\EWARM\KULOR_V2\Obj\stm32f3xx_hal_dma.o"
#        "C:\Users\jonas\OneDrive\KTH\åk3\Inbygda system\lab
#        1\filer\KULOR_V2\EWARM\KULOR_V2\Obj\stm32f3xx_hal_flash.o"
#        "C:\Users\jonas\OneDrive\KTH\åk3\Inbygda system\lab
#        1\filer\KULOR_V2\EWARM\KULOR_V2\Obj\stm32f3xx_hal_flash_ex.o"
#        "C:\Users\jonas\OneDrive\KTH\åk3\Inbygda system\lab
#        1\filer\KULOR_V2\EWARM\KULOR_V2\Obj\stm32f3xx_hal_gpio.o"
#        "C:\Users\jonas\OneDrive\KTH\åk3\Inbygda system\lab
#        1\filer\KULOR_V2\EWARM\KULOR_V2\Obj\stm32f3xx_hal_i2c.o"
#        "C:\Users\jonas\OneDrive\KTH\åk3\Inbygda system\lab
#        1\filer\KULOR_V2\EWARM\KULOR_V2\Obj\stm32f3xx_hal_i2c_ex.o"
#        "C:\Users\jonas\OneDrive\KTH\åk3\Inbygda system\lab
#        1\filer\KULOR_V2\EWARM\KULOR_V2\Obj\stm32f3xx_hal_msp.o"
#        "C:\Users\jonas\OneDrive\KTH\åk3\Inbygda system\lab
#        1\filer\KULOR_V2\EWARM\KULOR_V2\Obj\stm32f3xx_hal_pwr.o"
#        "C:\Users\jonas\OneDrive\KTH\åk3\Inbygda system\lab
#        1\filer\KULOR_V2\EWARM\KULOR_V2\Obj\stm32f3xx_hal_pwr_ex.o"
#        "C:\Users\jonas\OneDrive\KTH\åk3\Inbygda system\lab
#        1\filer\KULOR_V2\EWARM\KULOR_V2\Obj\stm32f3xx_hal_rcc.o"
#        "C:\Users\jonas\OneDrive\KTH\åk3\Inbygda system\lab
#        1\filer\KULOR_V2\EWARM\KULOR_V2\Obj\stm32f3xx_hal_rcc_ex.o"
#        "C:\Users\jonas\OneDrive\KTH\åk3\Inbygda system\lab
#        1\filer\KULOR_V2\EWARM\KULOR_V2\Obj\stm32f3xx_hal_rtc.o"
#        "C:\Users\jonas\OneDrive\KTH\åk3\Inbygda system\lab
#        1\filer\KULOR_V2\EWARM\KULOR_V2\Obj\stm32f3xx_hal_rtc_ex.o"
#        "C:\Users\jonas\OneDrive\KTH\åk3\Inbygda system\lab
#        1\filer\KULOR_V2\EWARM\KULOR_V2\Obj\stm32f3xx_hal_tim.o"
#        "C:\Users\jonas\OneDrive\KTH\åk3\Inbygda system\lab
#        1\filer\KULOR_V2\EWARM\KULOR_V2\Obj\stm32f3xx_hal_tim_ex.o"
#        "C:\Users\jonas\OneDrive\KTH\åk3\Inbygda system\lab
#        1\filer\KULOR_V2\EWARM\KULOR_V2\Obj\stm32f3xx_hal_uart.o"
#        "C:\Users\jonas\OneDrive\KTH\åk3\Inbygda system\lab
#        1\filer\KULOR_V2\EWARM\KULOR_V2\Obj\stm32f3xx_hal_uart_ex.o"
#        "C:\Users\jonas\OneDrive\KTH\åk3\Inbygda system\lab
#        1\filer\KULOR_V2\EWARM\KULOR_V2\Obj\stm32f3xx_it.o"
#        "C:\Users\jonas\OneDrive\KTH\åk3\Inbygda system\lab
#        1\filer\KULOR_V2\EWARM\KULOR_V2\Obj\system_stm32f3xx.o"
#        "C:\Users\jonas\OneDrive\KTH\åk3\Inbygda system\lab
#        1\filer\KULOR_V2\EWARM\KULOR_V2\Obj\tim.o"
#        "C:\Users\jonas\OneDrive\KTH\åk3\Inbygda system\lab
#        1\filer\KULOR_V2\EWARM\KULOR_V2\Obj\usart.o" --redirect
#        _Printf=_PrintfFull --redirect _Scanf=_ScanfFull -o
#        "C:\Users\jonas\OneDrive\KTH\åk3\Inbygda system\lab
#        1\filer\KULOR_V2\EWARM\KULOR_V2\Exe\KULOR_V2.out" --map
#        "C:\Users\jonas\OneDrive\KTH\åk3\Inbygda system\lab
#        1\filer\KULOR_V2\EWARM\KULOR_V2\List\KULOR_V2.map" --config
#        "C:\Users\jonas\OneDrive\KTH\åk3\Inbygda system\lab
#        1\filer\KULOR_V2\EWARM/stm32f303xc_flash.icf" --semihosting --entry
#        __iar_program_start --vfe
#
###############################################################################

*******************************************************************************
*** RUNTIME MODEL ATTRIBUTES
***

CppFlavor                     = *
__Heap_Handler                = Basic
__SystemLibrary               = DLib
__dlib_dynamic_initialization = normal


*******************************************************************************
*** PLACEMENT SUMMARY
***

"A0":  place at 0x08000000 { ro section .intvec };
"P1":  place in [from 0x08000000 to 0x0803ffff] { ro };
"P2":  place in [from 0x20000000 to 0x20009fff] { rw, block CSTACK, block HEAP };
initialize by copy { rw };

  Section             Kind        Address    Size  Object
  -------             ----        -------    ----  ------
"A0":                                       0x188
  .intvec             ro code  0x08000000   0x188  startup_stm32f303xc.o [1]
                             - 0x08000188   0x188

"P1":                                      0x4ce1
  .text               ro code  0x08000188  0x119a  xprintffull.o [3]
  .text               ro code  0x08001322    0x20  xmbtowc.o [3]
  .text               ro code  0x08001344    0x16  strchr.o [5]
  .text               ro code  0x0800135c    0x36  strlen.o [5]
  .text               ro code  0x08001394    0x58  memchr.o [5]
  .text               ro code  0x080013ec     0xa  xmbcurmax.o [3]
  .text               ro code  0x080013f8    0xb0  xxmemxmalloc.o [3]
  .text               ro code  0x080014a8    0x1a  xwctomb.o [3]
  .text               ro code  0x080014c4    0x76  ABImemcpy_unaligned.o [5]
  .text               ro code  0x0800153c    0x80  xxmemxfree.o [3]
  .text               ro code  0x080015bc    0xee  I64DivMod.o [5]
  .text               ro code  0x080016aa    0x44  xdnorm.o [4]
  .text               ro code  0x080016f0    0x2e  DblCmpLe.o [4]
  .text               ro code  0x08001720    0x2e  DblCmpGe.o [4]
  .text               ro code  0x08001750   0x114  xdscale.o [4]
  .text               ro code  0x08001864    0x58  DblToI32.o [4]
  .text               ro code  0x080018bc    0x30  I32ToDbl.o [4]
  .text               ro code  0x080018ec   0x180  DblSub.o [4]
  .text               ro code  0x08001a6c   0x1a2  DblMul.o [4]
  .text               ro code  0x08001c10   0x256  DblDiv.o [4]
  .text               ro code  0x08001e68    0x6c  localeconv.o [3]
  .text               ro code  0x08001ed4     0xe  div.o [3]
  .text               ro code  0x08001ee4    0x14  setlocale.o [3]
  .text               ro code  0x08001ef8    0x60  xencoding_sb.o [3]
  .text               ro code  0x08001f58    0x2c  xgetmemchunk.o [3]
  .text               ro code  0x08001f84     0x2  I64DivZer.o [5]
  .text               ro code  0x08001f88    0xd4  DblAdd.o [4]
  .text               ro code  0x0800205c     0x2  xtls.o [3]
  .text               ro code  0x08002060   0x716  stm32f3xx_hal_tim.o [1]
  .text               ro code  0x08002778   0x134  tim.o [1]
  .text               ro code  0x080028ac     0x2  stm32f3xx_hal_tim.o [1]
  .text               ro code  0x080028b0    0x58  stm32f3xx_it.o [1]
  .text               ro code  0x08002908     0x2  stm32f3xx_hal_tim.o [1]
  .text               ro code  0x0800290a     0x2  stm32f3xx_hal_tim.o [1]
  .text               ro code  0x0800290c     0x2  stm32f3xx_hal_tim.o [1]
  .text               ro code  0x0800290e     0x2  stm32f3xx_hal_tim_ex.o [1]
  .text               ro code  0x08002910     0x2  stm32f3xx_hal_tim.o [1]
  .text               ro code  0x08002912     0x2  stm32f3xx_hal_tim_ex.o [1]
  .text               ro code  0x08002914    0xca  main.o [1]
  .text               ro code  0x080029e0    0x58  stm32f3xx_hal_tim_ex.o [1]
  .text               ro code  0x08002a38   0x188  stm32f3xx_hal_gpio.o [1]
  .text               ro code  0x08002bc0   0x10a  stm32f3xx_hal_cortex.o [1]
  .text               ro code  0x08002ccc    0x10  stm32f3xx_hal.o [1]
  .text               ro code  0x08002cdc   0x686  stm32f3xx_hal_uart.o [1]
  .text               ro code  0x08003364    0x24  printf.o [3]
  .text               ro code  0x08003388    0x24  stm32f3xx_hal.o [1]
  .text               ro code  0x080033ac   0x17c  gpio.o [1]
  .text               ro code  0x08003528    0x64  crc.o [1]
  .text               ro code  0x0800358c    0x94  rtc.o [1]
  .text               ro code  0x08003620    0x9c  usart.o [1]
  .text               ro code  0x080036bc    0xb0  Kulor_Funktioner.o [1]
  .text               ro code  0x0800376c   0x53c  stm32f3xx_hal_rcc.o [1]
  .text               ro code  0x08003ca8   0x1bc  stm32f3xx_hal_rcc_ex.o [1]
  .text               ro code  0x08003e64    0x4e  stm32f3xx_hal_dma.o [1]
  .text               ro code  0x08003eb2     0x2  stm32f3xx_hal_uart.o [1]
  .text               ro code  0x08003eb4     0x2  stm32f3xx_hal_uart_ex.o [1]
  .text               ro code  0x08003eb8     0xc  stm32f3xx_hal.o [1]
  .text               ro code  0x08003ec4    0x28  stm32f3xx_hal.o [1]
  .text               ro code  0x08003eec    0x78  stm32f3xx_hal_msp.o [1]
  .text               ro code  0x08003f64    0x80  stm32f3xx_hal_crc.o [1]
  .text               ro code  0x08003fe4   0x2ea  stm32f3xx_hal_rtc.o [1]
  .text               ro code  0x080042d0   0x130  stm32f3_discovery.o [1]
  .text               ro code  0x08004400     0xc  stm32f3xx_hal_rtc_ex.o [1]
  .text               ro code  0x0800440c    0x4a  stm32f3xx_hal_crc_ex.o [1]
  .text               ro code  0x08004456    0xd6  xfspos.o [3]
  .text               ro code  0x0800452c    0xb0  fflush.o [3]
  .text               ro code  0x080045dc     0xc  xfgpos.o [3]
  .text               ro code  0x080045e8    0x4c  lseek.o [6]
  .text               ro code  0x08004634     0xc  errno.o [3]
  .text               ro code  0x08004640     0x4  xsyslock_nop.o [3]
  .text               ro code  0x08004644    0x10  write.o [6]
  .text               ro code  0x08004654    0xcc  XShHandles.o [3]
  .text               ro code  0x08004720    0x1e  dwrite.o [6]
  .text               ro code  0x0800473e    0x20  iarwstd.o [6]
  .text               ro code  0x0800475e    0x22  iarwrite.o [6]
  .text               ro code  0x08004780    0x6c  iarttio.o [6]
  .text               ro code  0x080047ec     0x8  XShttio.o [3]
  .text               ro code  0x080047f4    0xb8  xfwprep.o [3]
  .text               ro code  0x080048ac    0x22  fseek.o [3]
  .text               ro code  0x080048d0    0x80  xfofind.o [3]
  .text               ro code  0x08004950    0x7c  system_stm32f3xx.o [1]
  .text               ro code  0x080049cc    0x7a  fclose.o [3]
  .text               ro code  0x08004a46    0x1a  close.o [6]
  .text               ro code  0x08004a60    0x16  remove.o [6]
  .text               ro code  0x08004a76    0x78  lz77_init_single.o [5]
  .text               ro code  0x08004af0    0x58  xcloseall.o [3]
  .text               ro code  0x08004b48    0x56  fputc.o [3]
  .text               ro code  0x08004b9e    0x40  zero_init3.o [5]
  .text               ro code  0x08004be0    0x28  data_init.o [5]
  .text               ro code  0x08004c08    0x22  fpinit_M.o [4]
  .iar.init_table     const    0x08004c2c    0x20  - Linker created -
  .text               ro code  0x08004c4c    0x1a  cmain.o [5]
  .text               ro code  0x08004c66     0x4  low_level_init.o [3]
  .text               ro code  0x08004c6a     0x4  exit.o [3]
  .text               ro code  0x08004c70     0xe  cexit.o [5]
  .text               ro code  0x08004c80    0x14  exit.o [6]
  .text               ro code  0x08004c94    0x16  xprout.o [3]
  .text               ro code  0x08004cac     0xc  putchar.o [3]
  .text               ro code  0x08004cb8    0x10  startup_stm32f303xc.o [1]
  .text               ro code  0x08004cc8     0xc  cstartup_M.o [5]
  .rodata             const    0x08004cd4     0x8  system_stm32f3xx.o [1]
  .text               ro code  0x08004cdc     0x4  startup_stm32f303xc.o [1]
  .text               ro code  0x08004ce0     0x4  startup_stm32f303xc.o [1]
  .text               ro code  0x08004ce4     0x4  startup_stm32f303xc.o [1]
  .text               ro code  0x08004ce8     0x4  startup_stm32f303xc.o [1]
  .text               ro code  0x08004cec     0x4  startup_stm32f303xc.o [1]
  .text               ro code  0x08004cf0     0x4  startup_stm32f303xc.o [1]
  .text               ro code  0x08004cf4     0x4  startup_stm32f303xc.o [1]
  .text               ro code  0x08004cf8     0x4  startup_stm32f303xc.o [1]
  .text               ro code  0x08004cfc     0x4  startup_stm32f303xc.o [1]
  .text               ro code  0x08004d00     0x4  startup_stm32f303xc.o [1]
  .text               ro code  0x08004d04     0x4  startup_stm32f303xc.o [1]
  .text               ro code  0x08004d08     0x4  startup_stm32f303xc.o [1]
  .text               ro code  0x08004d0c     0x4  startup_stm32f303xc.o [1]
  .text               ro code  0x08004d10     0x4  startup_stm32f303xc.o [1]
  .text               ro code  0x08004d14     0x4  startup_stm32f303xc.o [1]
  .text               ro code  0x08004d18     0x4  startup_stm32f303xc.o [1]
  .text               ro code  0x08004d1c     0x4  startup_stm32f303xc.o [1]
  .text               ro code  0x08004d20     0x4  startup_stm32f303xc.o [1]
  .text               ro code  0x08004d24     0x4  startup_stm32f303xc.o [1]
  .text               ro code  0x08004d28     0x4  startup_stm32f303xc.o [1]
  .text               ro code  0x08004d2c     0x4  startup_stm32f303xc.o [1]
  .text               ro code  0x08004d30     0x4  startup_stm32f303xc.o [1]
  .text               ro code  0x08004d34     0x4  startup_stm32f303xc.o [1]
  .text               ro code  0x08004d38     0x4  startup_stm32f303xc.o [1]
  .text               ro code  0x08004d3c     0x4  startup_stm32f303xc.o [1]
  .text               ro code  0x08004d40     0x4  startup_stm32f303xc.o [1]
  .text               ro code  0x08004d44     0x4  startup_stm32f303xc.o [1]
  .text               ro code  0x08004d48     0x4  startup_stm32f303xc.o [1]
  .text               ro code  0x08004d4c     0x4  startup_stm32f303xc.o [1]
  .text               ro code  0x08004d50     0x4  startup_stm32f303xc.o [1]
  .text               ro code  0x08004d54     0x4  startup_stm32f303xc.o [1]
  .text               ro code  0x08004d58     0x4  startup_stm32f303xc.o [1]
  .text               ro code  0x08004d5c     0x4  startup_stm32f303xc.o [1]
  .text               ro code  0x08004d60     0x4  startup_stm32f303xc.o [1]
  .text               ro code  0x08004d64     0x4  startup_stm32f303xc.o [1]
  .text               ro code  0x08004d68     0x4  startup_stm32f303xc.o [1]
  .text               ro code  0x08004d6c     0x4  startup_stm32f303xc.o [1]
  .text               ro code  0x08004d70     0x4  startup_stm32f303xc.o [1]
  .text               ro code  0x08004d74     0x4  startup_stm32f303xc.o [1]
  .text               ro code  0x08004d78     0x4  startup_stm32f303xc.o [1]
  .text               ro code  0x08004d7c     0x4  startup_stm32f303xc.o [1]
  .text               ro code  0x08004d80     0x4  startup_stm32f303xc.o [1]
  .text               ro code  0x08004d84     0x4  startup_stm32f303xc.o [1]
  .text               ro code  0x08004d88     0x4  startup_stm32f303xc.o [1]
  .text               ro code  0x08004d8c     0x4  startup_stm32f303xc.o [1]
  .text               ro code  0x08004d90     0x4  startup_stm32f303xc.o [1]
  .text               ro code  0x08004d94     0x4  startup_stm32f303xc.o [1]
  .text               ro code  0x08004d98     0x4  startup_stm32f303xc.o [1]
  .text               ro code  0x08004d9c     0x4  startup_stm32f303xc.o [1]
  .text               ro code  0x08004da0     0x4  startup_stm32f303xc.o [1]
  .text               ro code  0x08004da4     0x4  startup_stm32f303xc.o [1]
  .text               ro code  0x08004da8     0x4  startup_stm32f303xc.o [1]
  .text               ro code  0x08004dac     0x4  startup_stm32f303xc.o [1]
  .text               ro code  0x08004db0     0x4  startup_stm32f303xc.o [1]
  .text               ro code  0x08004db4     0x4  startup_stm32f303xc.o [1]
  .text               ro code  0x08004db8     0x4  startup_stm32f303xc.o [1]
  .text               ro code  0x08004dbc     0x4  startup_stm32f303xc.o [1]
  .text               ro code  0x08004dc0     0x4  startup_stm32f303xc.o [1]
  .text               ro code  0x08004dc4     0x4  startup_stm32f303xc.o [1]
  .text               ro code  0x08004dc8     0x4  startup_stm32f303xc.o [1]
  .text               ro code  0x08004dcc     0x4  startup_stm32f303xc.o [1]
  .text               ro code  0x08004dd0     0x4  startup_stm32f303xc.o [1]
  .text               ro code  0x08004dd4     0x4  startup_stm32f303xc.o [1]
  .text               ro code  0x08004dd8     0x4  startup_stm32f303xc.o [1]
  .text               ro code  0x08004ddc     0x4  startup_stm32f303xc.o [1]
  .text               ro code  0x08004de0     0x4  startup_stm32f303xc.o [1]
  .text               ro code  0x08004de4     0x4  startup_stm32f303xc.o [1]
  .text               ro code  0x08004de8     0x4  startup_stm32f303xc.o [1]
  .text               ro code  0x08004dec     0x4  startup_stm32f303xc.o [1]
  .text               ro code  0x08004df0     0x4  startup_stm32f303xc.o [1]
  .text               ro code  0x08004df4     0x4  startup_stm32f303xc.o [1]
  .text               ro code  0x08004df8     0x4  startup_stm32f303xc.o [1]
  .text               ro code  0x08004dfc     0x0  cstart_closeall.o [5]
  .rodata             const    0x08004dfc     0x0  zero_init3.o [5]
  .rodata             const    0x08004dfc     0x0  lz77_init_single.o [5]
  Initializer bytes   const    0x08004dfc    0x6d  <for P2-1>
                             - 0x08004e69  0x4ce1

"P2", part 1 of 3:                          0x260
  P2-1                         0x20000000   0x260  <Init block>
    .data             inited   0x20000000    0x54  Kulor_Funktioner.o [1]
    .data             inited   0x20000054    0x20  stm32f3_discovery.o [1]
    .data             inited   0x20000074     0x4  system_stm32f3xx.o [1]
    .data             inited   0x20000078    0x40  xfiles.o [3]
    .data             inited   0x200000b8    0x40  xfiles.o [3]
    .data             inited   0x200000f8    0x40  xfiles.o [3]
    .data             inited   0x20000138    0x20  xfiles.o [3]
    .data             inited   0x20000158     0x8  XShttio.o [3]
    __DLIB_PERTHREAD  inited   0x20000160     0x4  errno.o [3]
    __DLIB_PERTHREAD  inited   0x20000164    0x88  localeconv.o [3]
    __DLIB_PERTHREAD  inited   0x200001ec    0x74  setlocale.o [3]
                             - 0x20000260   0x260

"P2", part 2 of 3:                          0x600
  CSTACK                       0x20000260   0x400  <Block>
    CSTACK            uninit   0x20000260   0x400  <Block tail>
  HEAP                         0x20000660   0x200  <Block>
    HEAP              uninit   0x20000660   0x200  <Block tail>
                             - 0x20000860   0x600

"P2", part 3 of 3:                          0x22c
  .bss                zero     0x20000860    0x80  XShHandles.o [3]
  .bss                zero     0x200008e0    0x70  usart.o [1]
  .bss                zero     0x20000950    0x50  xfiles.o [3]
  .bss                zero     0x200009a0    0x50  xfiles.o [3]
  .bss                zero     0x200009f0    0x40  tim.o [1]
  .bss                zero     0x20000a30    0x24  crc.o [1]
  .bss                zero     0x20000a54    0x20  rtc.o [1]
  .bss                zero     0x20000a74     0x8  xxmemxmalloc.o [3]
  .bss                zero     0x20000a7c     0x4  stm32f3xx_hal.o [1]
  .bss                zero     0x20000a80     0x4  stm32f3xx_it.o [1]
  .bss                zero     0x20000a84     0x4  xgetmemchunk.o [3]
  .bss                zero     0x20000a88     0x1  Kulor_Funktioner.o [1]
                             - 0x20000a89   0x229


*******************************************************************************
*** INIT TABLE
***

          Address     Size
          -------     ----
Zero (__iar_zero_init3)
    1 destination range, total size 0x229:
          0x20000860  0x229

Copy/lz77 (__iar_lz77_init_single3)
    1 source range, total size 0x6d (17% of destination):
          0x08004dfc   0x6d
    1 destination range, total size 0x260:
          0x20000000  0x260



*******************************************************************************
*** MODULE SUMMARY
***

    Module                   ro code  ro data  rw data
    ------                   -------  -------  -------
C:\Users\jonas\OneDrive\KTH\åk3\Inbygda system\lab 1\filer\KULOR_V2\EWARM\KULOR_V2\Obj: [1]
    Kulor_Funktioner.o           176       15       85
    crc.o                        100                36
    gpio.o                       380
    main.o                       202
    rtc.o                        148                32
    startup_stm32f303xc.o        696
    stm32f3_discovery.o          304        5       32
    stm32f3xx_hal.o              104                 4
    stm32f3xx_hal_cortex.o       266
    stm32f3xx_hal_crc.o          128
    stm32f3xx_hal_crc_ex.o        74
    stm32f3xx_hal_dma.o           78
    stm32f3xx_hal_gpio.o         392
    stm32f3xx_hal_msp.o          120
    stm32f3xx_hal_rcc.o        1 340
    stm32f3xx_hal_rcc_ex.o       444
    stm32f3xx_hal_rtc.o          746
    stm32f3xx_hal_rtc_ex.o        12
    stm32f3xx_hal_tim.o        1 824
    stm32f3xx_hal_tim_ex.o        92
    stm32f3xx_hal_uart.o       1 672
    stm32f3xx_hal_uart_ex.o        2
    stm32f3xx_it.o                88                 4
    system_stm32f3xx.o           124        9        4
    tim.o                        308                64
    usart.o                      156               112
    --------------------------------------------------
    Total:                     9 976       29      373

command line: [2]
    --------------------------------------------------
    Total:

dl7M_tlf.a: [3]
    XShHandles.o                 204               128
    XShttio.o                      8        2        8
    div.o                         14
    errno.o                       12                 4
    exit.o                         4
    fclose.o                     122
    fflush.o                     176
    fputc.o                       86
    fseek.o                       34
    localeconv.o                 108       25      136
    low_level_init.o               4
    printf.o                      36
    putchar.o                     12
    setlocale.o                   20       21      116
    xcloseall.o                   88
    xencoding_sb.o                96
    xfgpos.o                      12
    xfiles.o                               40      384
    xfofind.o                    128
    xfspos.o                     214
    xfwprep.o                    184
    xgetmemchunk.o                44                 4
    xmbcurmax.o                   10
    xmbtowc.o                     32
    xprintffull.o              4 506
    xprout.o                      22
    xsyslock_nop.o                 4
    xtls.o                         2
    xwctomb.o                     26
    xxmemxfree.o                 128
    xxmemxmalloc.o               176                 8
    --------------------------------------------------
    Total:                     6 512       88      788

m7M_tls.a: [4]
    DblAdd.o                     212
    DblCmpGe.o                    46
    DblCmpLe.o                    46
    DblDiv.o                     598
    DblMul.o                     418
    DblSub.o                     384
    DblToI32.o                    88
    I32ToDbl.o                    48
    fpinit_M.o                    34
    xdnorm.o                      68
    xdscale.o                    276
    --------------------------------------------------
    Total:                     2 218

rt7M_tl.a: [5]
    ABImemcpy_unaligned.o        118
    I64DivMod.o                  238
    I64DivZer.o                    2
    cexit.o                       14
    cmain.o                       26
    cstart_closeall.o
    cstartup_M.o                  12
    data_init.o                   40
    lz77_init_single.o           120
    memchr.o                      88
    strchr.o                      22
    strlen.o                      54
    zero_init3.o                  64
    --------------------------------------------------
    Total:                       798

shb_l.a: [6]
    close.o                       26
    dwrite.o                      30
    exit.o                        20
    iarttio.o                    108
    iarwrite.o                    34
    iarwstd.o                     32
    lseek.o                       76
    remove.o                      22
    write.o                       16
    --------------------------------------------------
    Total:                       364

    Gaps                          54        2
    Linker created                         32    1 536
------------------------------------------------------
    Grand Total:              19 922      151    2 697


*******************************************************************************
*** ENTRY LIST
***

Entry                      Address   Size  Type      Object
-----                      -------   ----  ----      ------
.iar.init_table$$Base   0x08004c2c          --   Gb  - Linker created -
.iar.init_table$$Limit  0x08004c4c          --   Gb  - Linker created -
?main                   0x08004c4d         Code  Gb  cmain.o [5]
AHBPrescTable           0x080049bc   0x10  Data  Gb  system_stm32f3xx.o [1]
APBPrescTable           0x08004cd4    0x8  Data  Gb  system_stm32f3xx.o [1]
BSP_LED_Init            0x080042d1  0x104  Code  Gb  stm32f3_discovery.o [1]
BSP_LED_On              0x080043d5   0x14  Code  Gb  stm32f3_discovery.o [1]
CSTACK$$Base            0x20000260          --   Gb  - Linker created -
CSTACK$$Limit           0x20000660          --   Gb  - Linker created -
Error_Handler           0x080029dd    0x2  Code  Gb  main.o [1]
HAL_CRCEx_Polynomial_Set
                        0x0800440d   0x4a  Code  Gb  stm32f3xx_hal_crc_ex.o [1]
HAL_CRC_Init            0x08003f65   0x7a  Code  Gb  stm32f3xx_hal_crc.o [1]
HAL_CRC_MspInit         0x0800355d   0x22  Code  Gb  crc.o [1]
HAL_DMA_Abort_IT        0x08003e65   0x4e  Code  Gb  stm32f3xx_hal_dma.o [1]
HAL_GPIO_Init           0x08002a39  0x15e  Code  Gb  stm32f3xx_hal_gpio.o [1]
HAL_GPIO_WritePin       0x08002b97    0xc  Code  Gb  stm32f3xx_hal_gpio.o [1]
HAL_GetTick             0x08003eb9    0xc  Code  Wk  stm32f3xx_hal.o [1]
HAL_IncTick             0x08002ccd   0x10  Code  Wk  stm32f3xx_hal.o [1]
HAL_Init                0x08003389   0x20  Code  Gb  stm32f3xx_hal.o [1]
HAL_InitTick            0x08003ec5   0x28  Code  Wk  stm32f3xx_hal.o [1]
HAL_MspInit             0x08003eed   0x78  Code  Gb  stm32f3xx_hal_msp.o [1]
HAL_NVIC_EnableIRQ      0x08002c8f    0x2  Code  Gb  stm32f3xx_hal_cortex.o [1]
HAL_NVIC_SetPriority    0x08002c71   0x1e  Code  Gb  stm32f3xx_hal_cortex.o [1]
HAL_NVIC_SetPriorityGrouping
                        0x08002c6f    0x2  Code  Gb  stm32f3xx_hal_cortex.o [1]
HAL_RCCEx_PeriphCLKConfig
                        0x08003ca9  0x1b0  Code  Gb  stm32f3xx_hal_rcc_ex.o [1]
HAL_RCC_ClockConfig     0x08003aad  0x142  Code  Gb  stm32f3xx_hal_rcc.o [1]
HAL_RCC_GetHCLKFreq     0x08003c29    0x6  Code  Gb  stm32f3xx_hal_rcc.o [1]
HAL_RCC_GetPCLK1Freq    0x08003c2f   0x16  Code  Gb  stm32f3xx_hal_rcc.o [1]
HAL_RCC_GetPCLK2Freq    0x08003c45   0x16  Code  Gb  stm32f3xx_hal_rcc.o [1]
HAL_RCC_GetSysClockFreq
                        0x08003bef   0x3a  Code  Gb  stm32f3xx_hal_rcc.o [1]
HAL_RCC_OscConfig       0x0800376d  0x340  Code  Gb  stm32f3xx_hal_rcc.o [1]
HAL_RTCEx_BKUPRead      0x08004401    0xc  Code  Gb  stm32f3xx_hal_rtc_ex.o [1]
HAL_RTC_Init            0x08003fe5   0x9a  Code  Gb  stm32f3xx_hal_rtc.o [1]
HAL_RTC_MspInit         0x08003603   0x10  Code  Gb  rtc.o [1]
HAL_RTC_SetDate         0x08004165   0xd0  Code  Gb  stm32f3xx_hal_rtc.o [1]
HAL_RTC_SetTime         0x0800407f   0xe6  Code  Gb  stm32f3xx_hal_rtc.o [1]
HAL_RTC_WaitForSynchro  0x08004241   0x30  Code  Gb  stm32f3xx_hal_rtc.o [1]
HAL_SYSTICK_CLKSourceConfig
                        0x08002c93   0x18  Code  Gb  stm32f3xx_hal_cortex.o [1]
HAL_SYSTICK_Callback    0x08002cc9    0x2  Code  Wk  stm32f3xx_hal_cortex.o [1]
HAL_SYSTICK_Config      0x08002c91    0x2  Code  Gb  stm32f3xx_hal_cortex.o [1]
HAL_SYSTICK_IRQHandler  0x08002cc5    0x4  Code  Gb  stm32f3xx_hal_cortex.o [1]
HAL_TIMEx_BreakCallback
                        0x0800290f    0x2  Code  Wk  stm32f3xx_hal_tim_ex.o [1]
HAL_TIMEx_CommutationCallback
                        0x08002913    0x2  Code  Wk  stm32f3xx_hal_tim_ex.o [1]
HAL_TIMEx_MasterConfigSynchronization
                        0x080029e1   0x50  Code  Gb  stm32f3xx_hal_tim_ex.o [1]
HAL_TIM_Base_Init       0x08002061   0x32  Code  Gb  stm32f3xx_hal_tim.o [1]
HAL_TIM_Base_MspInit    0x0800284d   0x54  Code  Gb  tim.o [1]
HAL_TIM_ConfigClockSource
                        0x0800231b  0x104  Code  Gb  stm32f3xx_hal_tim.o [1]
HAL_TIM_IC_CaptureCallback
                        0x080028cb   0x22  Code  Gb  stm32f3xx_it.o [1]
HAL_TIM_IC_ConfigChannel
                        0x08002271   0xaa  Code  Gb  stm32f3xx_hal_tim.o [1]
HAL_TIM_IC_Init         0x08002093   0x32  Code  Gb  stm32f3xx_hal_tim.o [1]
HAL_TIM_IC_MspInit      0x080028ad    0x2  Code  Wk  stm32f3xx_hal_tim.o [1]
HAL_TIM_IC_Start_IT     0x080020c5   0x5a  Code  Gb  stm32f3xx_hal_tim.o [1]
HAL_TIM_IRQHandler      0x0800211f  0x152  Code  Gb  stm32f3xx_hal_tim.o [1]
HAL_TIM_OC_DelayElapsedCallback
                        0x08002909    0x2  Code  Wk  stm32f3xx_hal_tim.o [1]
HAL_TIM_PWM_PulseFinishedCallback
                        0x0800290b    0x2  Code  Wk  stm32f3xx_hal_tim.o [1]
HAL_TIM_PeriodElapsedCallback
                        0x0800290d    0x2  Code  Wk  stm32f3xx_hal_tim.o [1]
HAL_TIM_ReadCapturedValue
                        0x08002463   0x46  Code  Gb  stm32f3xx_hal_tim.o [1]
HAL_TIM_SlaveConfigSynchronization
                        0x08002425   0x3e  Code  Gb  stm32f3xx_hal_tim.o [1]
HAL_TIM_TriggerCallback
                        0x08002911    0x2  Code  Wk  stm32f3xx_hal_tim.o [1]
HAL_UARTEx_WakeupCallback
                        0x08003eb5    0x2  Code  Wk  stm32f3xx_hal_uart_ex.o [1]
HAL_UART_ErrorCallback  0x08003eb3    0x2  Code  Wk  stm32f3xx_hal_uart.o [1]
HAL_UART_IRQHandler     0x08002d47  0x144  Code  Gb  stm32f3xx_hal_uart.o [1]
HAL_UART_Init           0x08002cdd   0x6a  Code  Gb  stm32f3xx_hal_uart.o [1]
HAL_UART_MspInit        0x08003657   0x54  Code  Gb  usart.o [1]
HAL_UART_RxCpltCallback
                        0x080036c7    0xa  Code  Gb  Kulor_Funktioner.o [1]
HAL_UART_TxCpltCallback
                        0x080036bd    0xa  Code  Gb  Kulor_Funktioner.o [1]
HEAP$$Base              0x20000660          --   Gb  - Linker created -
HEAP$$Limit             0x20000860          --   Gb  - Linker created -
LED_PIN                 0x080043f0   0x10  Data  Gb  stm32f3_discovery.o [1]
LED_PORT                0x20000054   0x20  Data  Gb  stm32f3_discovery.o [1]
LoadInt                 0x080007ff   0x6e  Code  Lc  xprintffull.o [3]
MX_CRC_Init             0x08003529   0x34  Code  Gb  crc.o [1]
MX_GPIO_Init            0x080033ad  0x17c  Code  Gb  gpio.o [1]
MX_RTC_Init             0x0800358d   0x76  Code  Gb  rtc.o [1]
MX_TIM1_Init            0x08002779   0xd4  Code  Gb  tim.o [1]
MX_USART3_UART_Init     0x08003621   0x36  Code  Gb  usart.o [1]
NVIC_EnableIRQ          0x08002be5   0x12  Code  Lc  stm32f3xx_hal_cortex.o [1]
NVIC_EncodePriority     0x08002c11   0x36  Code  Lc  stm32f3xx_hal_cortex.o [1]
NVIC_GetPriorityGrouping
                        0x08002bdb    0xa  Code  Lc  stm32f3xx_hal_cortex.o [1]
NVIC_SetPriority        0x08002bf7   0x1a  Code  Lc  stm32f3xx_hal_cortex.o [1]
NVIC_SetPriorityGrouping
                        0x08002bc1   0x1a  Code  Lc  stm32f3xx_hal_cortex.o [1]
NewLine                 0x2000003c    0x4  Data  Gb  Kulor_Funktioner.o [1]
RTC_Bcd2ToByte          0x080042bb   0x14  Code  Gb  stm32f3xx_hal_rtc.o [1]
RTC_ByteToBcd2          0x080042a5   0x16  Code  Gb  stm32f3xx_hal_rtc.o [1]
RTC_CLOCK_SETINGS       0x080036d1   0x86  Code  Gb  Kulor_Funktioner.o [1]
RTC_CalendarConfig::date
                        0x20000001    0x1  Data  Lc  Kulor_Funktioner.o [1]
RTC_CalendarConfig::hour
                        0x20000003    0x1  Data  Lc  Kulor_Funktioner.o [1]
RTC_CalendarConfig::minits
                        0x20000002    0x1  Data  Lc  Kulor_Funktioner.o [1]
RTC_CalendarConfig::mouth
                        0x20000004    0x1  Data  Lc  Kulor_Funktioner.o [1]
RTC_CalendarConfig::year
                        0x20000000    0x1  Data  Lc  Kulor_Funktioner.o [1]
RTC_EnterInitMode       0x08004271   0x34  Code  Gb  stm32f3xx_hal_rtc.o [1]
Region$$Table$$Base     0x08004c2c          --   Gb  - Linker created -
Region$$Table$$Limit    0x08004c4c          --   Gb  - Linker created -
RtcHandle               0x20000008   0x20  Data  Gb  Kulor_Funktioner.o [1]
SetDate                 0x20000028    0xc  Data  Gb  Kulor_Funktioner.o [1]
SetTime                 0x20000034    0x8  Data  Gb  Kulor_Funktioner.o [1]
SysTick_Config          0x08002c47   0x28  Code  Lc  stm32f3xx_hal_cortex.o [1]
SysTick_Handler         0x080028b1    0xe  Code  Gb  stm32f3xx_it.o [1]
SystemClock_Config      0x08002939   0x9e  Code  Gb  main.o [1]
SystemCoreClock         0x20000074    0x4  Data  Gb  system_stm32f3xx.o [1]
SystemInit              0x08004951   0x52  Code  Gb  system_stm32f3xx.o [1]
TIM1_CC_IRQHandler      0x080028bf    0x6  Code  Gb  stm32f3xx_it.o [1]
TIM_Base_SetConfig      0x080024a9   0xa2  Code  Gb  stm32f3xx_hal_tim.o [1]
TIM_CCxChannelCmd       0x0800275d   0x1a  Code  Gb  stm32f3xx_hal_tim.o [1]
TIM_ETR_SetConfig       0x08002747   0x16  Code  Gb  stm32f3xx_hal_tim.o [1]
TIM_ITRx_SetConfig      0x08002737   0x10  Code  Lc  stm32f3xx_hal_tim.o [1]
TIM_SlaveTimer_SetConfig
                        0x0800254b   0x72  Code  Lc  stm32f3xx_hal_tim.o [1]
TIM_TI1_ConfigInputStage
                        0x0800264d   0x24  Code  Lc  stm32f3xx_hal_tim.o [1]
TIM_TI1_SetConfig       0x080025bd   0x66  Code  Gb  stm32f3xx_hal_tim.o [1]
TIM_TI2_ConfigInputStage
                        0x080026a7   0x26  Code  Lc  stm32f3xx_hal_tim.o [1]
TIM_TI2_SetConfig       0x08002671   0x36  Code  Lc  stm32f3xx_hal_tim.o [1]
TIM_TI3_SetConfig       0x080026cd   0x34  Code  Lc  stm32f3xx_hal_tim.o [1]
TIM_TI4_SetConfig       0x08002701   0x36  Code  Lc  stm32f3xx_hal_tim.o [1]
UART_AdvFeatureConfig   0x080030b1   0xc8  Code  Gb  stm32f3xx_hal_uart.o [1]
UART_CheckIdleState     0x08003179   0x64  Code  Gb  stm32f3xx_hal_uart.o [1]
UART_DMAAbortOnError    0x08003261   0x10  Code  Lc  stm32f3xx_hal_uart.o [1]
UART_EndRxTransfer      0x08003243   0x1c  Code  Lc  stm32f3xx_hal_uart.o [1]
UART_EndTransmit_IT     0x080032d5   0x1a  Code  Gb  stm32f3xx_hal_uart.o [1]
UART_Receive_IT         0x080032ef   0x74  Code  Gb  stm32f3xx_hal_uart.o [1]
UART_SetConfig          0x08002e8d  0x206  Code  Gb  stm32f3xx_hal_uart.o [1]
UART_Transmit_IT        0x08003271   0x64  Code  Gb  stm32f3xx_hal_uart.o [1]
UART_WaitOnFlagUntilTimeout
                        0x080031dd   0x66  Code  Gb  stm32f3xx_hal_uart.o [1]
USART3_IRQHandler       0x080028c5    0x6  Code  Gb  stm32f3xx_it.o [1]
UartReady               0x20000a88    0x1  Data  Gb  Kulor_Funktioner.o [1]
_Close_all              0x08004af1   0x58  Code  Gb  xcloseall.o [3]
_EncodingSb_Mbtowc      0x08001f13   0x30  Code  Gb  xencoding_sb.o [3]
_EncodingSb_Mbtowc::initial
                        0x08001f50    0x8  Data  Lc  xencoding_sb.o [3]
_EncodingSb_Wctomb      0x08001ef9   0x1a  Code  Gb  xencoding_sb.o [3]
_EncodingSb_Wctomb::initial
                        0x08001f48    0x8  Data  Lc  xencoding_sb.o [3]
_Files                  0x20000138   0x20  Data  Gb  xfiles.o [3]
_Fofree                 0x080048d1   0x78  Code  Gb  xfofind.o [3]
_Fspos                  0x08004457   0xd6  Code  Gb  xfspos.o [3]
_Fwprep                 0x080047f5   0xb8  Code  Gb  xfwprep.o [3]
_GenldFull              0x08001085  0x254  Code  Lc  xprintffull.o [3]
_IsdstStr               0x200001f0    0x4  Data  Gb  setlocale.o [3]
_LdtobFull              0x08000c85  0x3fa  Code  Lc  xprintffull.o [3]
_LitobFull              0x08000b79  0x10a  Code  Lc  xprintffull.o [3]
_LocaleEncoding         0x08001ee5    0xe  Code  Gb  setlocale.o [3]
_LocaleReturnString     0x20000210   0x50  Data  Lc  setlocale.o [3]
_Locale_Profile         0x200001f4   0x1c  Data  Gb  setlocale.o [3]
_Locale_aeabi_lconv     0x200001b4   0x38  Data  Gb  localeconv.o [3]
_Locale_lconv           0x20000164   0x50  Data  Gb  localeconv.o [3]
_Mbtowc                 0x08001323   0x20  Code  Gb  xmbtowc.o [3]
_Nnl                    0x080045dd    0xc  Code  Gb  xfgpos.o [3]
_PrintfFull             0x08000189  0x660  Code  Gb  xprintffull.o [3]
_Prout                  0x08004c95   0x16  Code  Gb  xprout.o [3]
_PutcharsFull           0x080012d9   0x2e  Code  Lc  xprintffull.o [3]
_PutstrFull             0x0800086d  0x306  Code  Lc  xprintffull.o [3]
_TzoneStr               0x200001ec    0x4  Data  Gb  setlocale.o [3]
_Wctomb                 0x080014a9   0x1a  Code  Gb  xwctomb.o [3]
__aeabi_cdcmple         0x080016f1         Code  Gb  DblCmpLe.o [4]
__aeabi_cdrcmple        0x08001721         Code  Gb  DblCmpGe.o [4]
__aeabi_d2iz            0x08001865         Code  Gb  DblToI32.o [4]
__aeabi_d2uiz           0x08001891         Code  Gb  DblToI32.o [4]
__aeabi_ddiv            0x08001c11         Code  Gb  DblDiv.o [4]
__aeabi_dmul            0x08001a6d         Code  Gb  DblMul.o [4]
__aeabi_dsub            0x080018ed         Code  Gb  DblSub.o [4]
__aeabi_errno_addr      0x08004635    0x6  Code  Gb  errno.o [3]
__aeabi_i2d             0x080018bd         Code  Gb  I32ToDbl.o [4]
__aeabi_ldiv0           0x08001f85         Code  Gb  I64DivZer.o [5]
__aeabi_ui2d            0x080018d1         Code  Gb  I32ToDbl.o [4]
__aeabi_uldivmod        0x080015bd         Code  Gb  I64DivMod.o [5]
__cexit_closeall        0x08004c73         Code  Gb  cexit.o [5]
__close                 0x08004a47   0x1a  Code  Gb  close.o [6]
__cmain                 0x08004c4d         Code  Gb  cmain.o [5]
__cstart_closeall       0x08004dfc         Data  Gb  cstart_closeall.o [5]
__data_Aldata           0x20000a74    0x8  Data  Gb  xxmemxmalloc.o [3]
__data_GetMemChunk      0x08001f59   0x2c  Code  Gb  xgetmemchunk.o [3]
__data_GetMemChunk::start
                        0x20000a84    0x4  Data  Lc  xgetmemchunk.o [3]
__dwrite                0x08004721   0x1e  Code  Gb  dwrite.o [6]
__exit                  0x08004c81   0x14  Code  Gb  exit.o [6]
__iar_Dnorm             0x080016ab   0x44  Code  Gb  xdnorm.o [4]
__iar_Dscale            0x08001751  0x114  Code  Gb  xdscale.o [4]
__iar_Errno             0x20000160    0x4  Data  Gb  errno.o [3]
__iar_Locale_lconv_init
                        0x08001e69   0x3a  Code  Gb  localeconv.o [3]
__iar_Lockfilelock      0x08004641    0x2  Code  Gb  xsyslock_nop.o [3]
__iar_Mbcurmax          0x080013ed    0xa  Code  Gb  xmbcurmax.o [3]
__iar_Memchr            0x08001395         Code  Gb  memchr.o [5]
__iar_Stderr            0x200000f8   0x40  Data  Gb  xfiles.o [3]
__iar_Stdin             0x20000078   0x40  Data  Gb  xfiles.o [3]
__iar_Stdout            0x200000b8   0x40  Data  Gb  xfiles.o [3]
__iar_Strchr            0x08001345         Code  Gb  strchr.o [5]
__iar_Unlockfilelock    0x08004643    0x2  Code  Gb  xsyslock_nop.o [3]
__iar_close_ttio        0x08004781   0x2e  Code  Gb  iarttio.o [6]
__iar_d2uiz             0x0800189d         Code  Gb  DblToI32.o [4]
__iar_dadd              0x08001f89         Code  Gb  DblAdd.o [4]
__iar_data_init3        0x08004be1   0x28  Code  Gb  data_init.o [5]
__iar_dlib_perthread_access
                        0x0800205d    0x2  Code  Gb  xtls.o [3]
__iar_dsub              0x08001901         Code  Gb  DblSub.o [4]
__iar_dsubStart         0x08001913         Code  Gb  DblSub.o [4]
__iar_get_ttio          0x080047b1   0x38  Code  Gb  iarttio.o [6]
__iar_init_vfp          0x08004c09         Code  Gb  fpinit_M.o [4]
__iar_lookup_ttioh      0x080047ed    0x8  Code  Gb  XShttio.o [3]
__iar_lz77_init_single3
                        0x08004a77   0x78  Code  Gb  lz77_init_single.o [5]
__iar_program_start     0x08004cc9         Code  Gb  cstartup_M.o [5]
__iar_sh_Discard        0x08004655   0x3e  Code  Gb  XShHandles.o [3]
__iar_sh_Move           0x08004699   0x46  Code  Gb  XShHandles.o [3]
__iar_sh_Pos            0x080046df   0x3e  Code  Gb  XShHandles.o [3]
__iar_sh_stdout         0x0800473f   0x20  Code  Gb  iarwstd.o [6]
__iar_sh_write          0x0800475f   0x22  Code  Gb  iarwrite.o [6]
__iar_ttio_handles      0x20000158    0x8  Data  Lc  XShttio.o [3]
__iar_ui2d              0x080018d5         Code  Gb  I32ToDbl.o [4]
__iar_unaligned___aeabi_memcpy
                        0x080014c5         Code  Gb  ABImemcpy_unaligned.o [5]
__iar_unaligned___aeabi_memcpy4
                        0x080014e5         Code  Gb  ABImemcpy_unaligned.o [5]
__iar_unaligned___aeabi_memcpy8
                        0x080014e5         Code  Gb  ABImemcpy_unaligned.o [5]
__iar_zero_init3        0x08004b9f   0x40  Code  Gb  zero_init3.o [5]
__low_level_init        0x08004c67    0x4  Code  Gb  low_level_init.o [3]
__lseek                 0x080045e9   0x4c  Code  Gb  lseek.o [6]
__vector_table          0x08000000         Data  Gb  startup_stm32f303xc.o [1]
__write                 0x08004645   0x10  Code  Gb  write.o [6]
_call_main              0x08004c59         Code  Gb  cmain.o [5]
_exit                   0x08004c71         Code  Gb  cexit.o [5]
_main                   0x08004c63         Code  Gb  cmain.o [5]
aPLLMULFactorTable      0x08003c88   0x10  Data  Gb  stm32f3xx_hal_rcc.o [1]
aPredivFactorTable      0x08003c98   0x10  Data  Gb  stm32f3xx_hal_rcc.o [1]
div                     0x08001ed5    0xe  Code  Gb  div.o [3]
ebuf                    0x20000950   0x50  Data  Lc  xfiles.o [3]
exit                    0x08004c6b    0x4  Code  Gb  exit.o [3]
fclose                  0x080049cd   0x7a  Code  Gb  fclose.o [3]
fflush                  0x080045a3   0x34  Code  Gb  fflush.o [3]
fflushOne               0x0800452d   0x76  Code  Lc  fflush.o [3]
fputc                   0x08004b49   0x56  Code  Gb  fputc.o [3]
free                    0x0800153d   0x7a  Code  Gb  xxmemxfree.o [3]
fseek                   0x080048ad   0x22  Code  Gb  fseek.o [3]
hcrc                    0x20000a30   0x24  Data  Gb  crc.o [1]
hrtc                    0x20000a54   0x20  Data  Gb  rtc.o [1]
htim1                   0x200009f0   0x40  Data  Gb  tim.o [1]
huart3                  0x200008e0   0x70  Data  Gb  usart.o [1]
localeconv              0x08001ea3   0x16  Code  Gb  localeconv.o [3]
main                    0x08002915   0x24  Code  Gb  main.o [1]
malloc                  0x080013f9   0xac  Code  Gb  xxmemxmalloc.o [3]
memchr                  0x08001395         Code  Gb  memchr.o [5]
obuf                    0x200009a0   0x50  Data  Lc  xfiles.o [3]
printf                  0x08003365   0x24  Code  Gb  printf.o [3]
putchar                 0x08004cad    0xc  Code  Gb  putchar.o [3]
remove                  0x08004a61   0x16  Code  Gb  remove.o [6]
sFileInfo               0x20000860   0x80  Data  Lc  XShHandles.o [3]
strchr                  0x08001345         Code  Gb  strchr.o [5]
strlen                  0x0800135d         Code  Gb  strlen.o [5]
tempInputDate           0x20000040    0xc  Data  Gb  Kulor_Funktioner.o [1]
tempInputTime           0x2000004c    0x8  Data  Gb  Kulor_Funktioner.o [1]
uwIC2Value1             0x20000a80    0x4  Data  Gb  stm32f3xx_it.o [1]
uwTick                  0x20000a7c    0x4  Data  Gb  stm32f3xx_hal.o [1]


[1] = C:\Users\jonas\OneDrive\KTH\åk3\Inbygda system\lab 1\filer\KULOR_V2\EWARM\KULOR_V2\Obj
[2] = command line
[3] = dl7M_tlf.a
[4] = m7M_tls.a
[5] = rt7M_tl.a
[6] = shb_l.a

  19 922 bytes of readonly  code memory
     151 bytes of readonly  data memory
   2 697 bytes of readwrite data memory

Errors: none
Warnings: none
