###############################################################################
#
# IAR ELF Linker V7.80.3.12102/W32 for ARM                25/Jan/2017  14:21:56
# Copyright 2007-2016 IAR Systems AB.
#
#    Output file  =  
#        C:\Users\jonas\OneDrive\KTH\åk3\Inbygda system\lab
#        1\filer\PINGPONG\Test\Debug\Exe\Test.out
#    Map file     =  
#        C:\Users\jonas\OneDrive\KTH\åk3\Inbygda system\lab
#        1\filer\PINGPONG\Test\Debug\List\Test.map
#    Command line =  
#        "C:\Users\jonas\OneDrive\KTH\åk3\Inbygda system\lab
#        1\filer\PINGPONG\Test\Debug\Obj\gpio.o"
#        "C:\Users\jonas\OneDrive\KTH\åk3\Inbygda system\lab
#        1\filer\PINGPONG\Test\Debug\Obj\main_test.o"
#        "C:\Users\jonas\OneDrive\KTH\åk3\Inbygda system\lab
#        1\filer\PINGPONG\Test\Debug\Obj\Pingpong_functions.o"
#        "C:\Users\jonas\OneDrive\KTH\åk3\Inbygda system\lab
#        1\filer\PINGPONG\Test\Debug\Obj\startup_stm32f303xc.o"
#        "C:\Users\jonas\OneDrive\KTH\åk3\Inbygda system\lab
#        1\filer\PINGPONG\Test\Debug\Obj\stm32f3xx_hal.o"
#        "C:\Users\jonas\OneDrive\KTH\åk3\Inbygda system\lab
#        1\filer\PINGPONG\Test\Debug\Obj\stm32f3xx_hal_cortex.o"
#        "C:\Users\jonas\OneDrive\KTH\åk3\Inbygda system\lab
#        1\filer\PINGPONG\Test\Debug\Obj\stm32f3xx_hal_dma.o"
#        "C:\Users\jonas\OneDrive\KTH\åk3\Inbygda system\lab
#        1\filer\PINGPONG\Test\Debug\Obj\stm32f3xx_hal_flash.o"
#        "C:\Users\jonas\OneDrive\KTH\åk3\Inbygda system\lab
#        1\filer\PINGPONG\Test\Debug\Obj\stm32f3xx_hal_flash_ex.o"
#        "C:\Users\jonas\OneDrive\KTH\åk3\Inbygda system\lab
#        1\filer\PINGPONG\Test\Debug\Obj\stm32f3xx_hal_gpio.o"
#        "C:\Users\jonas\OneDrive\KTH\åk3\Inbygda system\lab
#        1\filer\PINGPONG\Test\Debug\Obj\stm32f3xx_hal_i2c.o"
#        "C:\Users\jonas\OneDrive\KTH\åk3\Inbygda system\lab
#        1\filer\PINGPONG\Test\Debug\Obj\stm32f3xx_hal_i2c_ex.o"
#        "C:\Users\jonas\OneDrive\KTH\åk3\Inbygda system\lab
#        1\filer\PINGPONG\Test\Debug\Obj\stm32f3xx_hal_msp.o"
#        "C:\Users\jonas\OneDrive\KTH\åk3\Inbygda system\lab
#        1\filer\PINGPONG\Test\Debug\Obj\stm32f3xx_hal_pwr.o"
#        "C:\Users\jonas\OneDrive\KTH\åk3\Inbygda system\lab
#        1\filer\PINGPONG\Test\Debug\Obj\stm32f3xx_hal_pwr_ex.o"
#        "C:\Users\jonas\OneDrive\KTH\åk3\Inbygda system\lab
#        1\filer\PINGPONG\Test\Debug\Obj\stm32f3xx_hal_rcc.o"
#        "C:\Users\jonas\OneDrive\KTH\åk3\Inbygda system\lab
#        1\filer\PINGPONG\Test\Debug\Obj\stm32f3xx_hal_rcc_ex.o"
#        "C:\Users\jonas\OneDrive\KTH\åk3\Inbygda system\lab
#        1\filer\PINGPONG\Test\Debug\Obj\stm32f3xx_hal_tim.o"
#        "C:\Users\jonas\OneDrive\KTH\åk3\Inbygda system\lab
#        1\filer\PINGPONG\Test\Debug\Obj\stm32f3xx_hal_tim_ex.o"
#        "C:\Users\jonas\OneDrive\KTH\åk3\Inbygda system\lab
#        1\filer\PINGPONG\Test\Debug\Obj\stm32f3xx_it.o"
#        "C:\Users\jonas\OneDrive\KTH\åk3\Inbygda system\lab
#        1\filer\PINGPONG\Test\Debug\Obj\system_stm32f3xx.o" -o
#        "C:\Users\jonas\OneDrive\KTH\åk3\Inbygda system\lab
#        1\filer\PINGPONG\Test\Debug\Exe\Test.out" --map
#        "C:\Users\jonas\OneDrive\KTH\åk3\Inbygda system\lab
#        1\filer\PINGPONG\Test\Debug\List\Test.map" --config "C:\Program Files
#        (x86)\IAR Systems\Embedded Workbench
#        7.5\arm\config\linker\ST\stm32f303xC.icf" --semihosting --entry
#        __iar_program_start --vfe
#
###############################################################################

*******************************************************************************
*** RUNTIME MODEL ATTRIBUTES
***

CppFlavor       = *
__Heap_Handler  = Basic
__SystemLibrary = DLib


*******************************************************************************
*** PLACEMENT SUMMARY
***

"A0":  place at 0x08000000 { ro section .intvec };
"P1":  place in [from 0x08000000 to 0x0803ffff] { ro };
"P2":  place in [from 0x20000000 to 0x20009fff] { rw, block CSTACK, block HEAP };
initialize by copy { rw };

  Section             Kind        Address    Size  Object
  -------             ----        -------    ----  ------
"A0":                                       0x188
  .intvec             ro code  0x08000000   0x188  startup_stm32f303xc.o [1]
                             - 0x08000188   0x188

"P1":                                      0x1c7c
  .text               ro code  0x08000188   0x4b0  stm32f3xx_hal_rcc.o [1]
  .text               ro code  0x08000638     0xc  stm32f3xx_hal.o [1]
  .text               ro code  0x08000644    0x2c  stm32f3xx_hal.o [1]
  .text               ro code  0x08000670    0xc2  stm32f3xx_hal_cortex.o [1]
  .text               ro code  0x08000734   0x314  Pingpong_functions.o [1]
  .text               ro code  0x08000a48   0x1a8  stm32f3xx_hal_gpio.o [1]
  .text               ro code  0x08000bf0    0x24  printf.o [3]
  .text               ro code  0x08000c14    0x18  stm32f3xx_hal.o [1]
  .text               ro code  0x08000c2c   0x14e  xprintftiny.o [3]
  .text               ro code  0x08000d7c    0x36  strlen.o [5]
  .text               ro code  0x08000db4   0x25c  main_test.o [1]
  .text               ro code  0x08001010    0x24  stm32f3xx_hal.o [1]
  .text               ro code  0x08001034   0x1f0  gpio.o [1]
  .text               ro code  0x08001224    0x78  stm32f3xx_hal_msp.o [1]
  .text               ro code  0x0800129c    0xd6  xfspos.o [3]
  .text               ro code  0x08001374    0xb0  fflush.o [3]
  .text               ro code  0x08001424     0xc  xfgpos.o [3]
  .text               ro code  0x08001430    0x4c  lseek.o [6]
  .text               ro code  0x0800147c     0xc  errno.o [3]
  .text               ro code  0x08001488     0x4  xsyslock_nop.o [3]
  .text               ro code  0x0800148c    0x10  write.o [6]
  .text               ro code  0x0800149c    0xcc  XShHandles.o [3]
  .text               ro code  0x08001568     0x2  xtls.o [3]
  .text               ro code  0x0800156a    0x1e  dwrite.o [6]
  .text               ro code  0x08001588    0x20  iarwstd.o [6]
  .text               ro code  0x080015a8    0x22  iarwrite.o [6]
  .text               ro code  0x080015cc    0x6c  iarttio.o [6]
  .text               ro code  0x08001638     0x8  XShttio.o [3]
  .text               ro code  0x08001640    0xb8  xfwprep.o [3]
  .text               ro code  0x080016f8    0xb0  xxmemxmalloc.o [3]
  .text               ro code  0x080017a8    0x22  fseek.o [3]
  .text               ro code  0x080017cc    0x80  xxmemxfree.o [3]
  .text               ro code  0x0800184c    0x2c  xgetmemchunk.o [3]
  .text               ro code  0x08001878    0x80  xfofind.o [3]
  .text               ro code  0x080018f8    0x7c  system_stm32f3xx.o [1]
  .text               ro code  0x08001974    0x7a  fclose.o [3]
  .text               ro code  0x080019ee    0x1a  close.o [6]
  .text               ro code  0x08001a08    0x16  remove.o [6]
  .text               ro code  0x08001a20    0x58  xcloseall.o [3]
  .text               ro code  0x08001a78    0x56  fputc.o [3]
  .text               ro code  0x08001ace    0x40  zero_init3.o [5]
  .text               ro code  0x08001b0e    0x38  packbits_init_single.o [5]
  .text               ro code  0x08001b48    0x28  data_init.o [5]
  .text               ro code  0x08001b70    0x22  fpinit_M.o [4]
  .iar.init_table     const    0x08001b94    0x20  - Linker created -
  .text               ro code  0x08001bb4    0x1a  cmain.o [5]
  .text               ro code  0x08001bce     0x4  low_level_init.o [3]
  .text               ro code  0x08001bd2     0x4  exit.o [3]
  .text               ro code  0x08001bd8     0xe  cexit.o [5]
  .text               ro code  0x08001be8    0x14  exit.o [6]
  .text               ro code  0x08001bfc    0x16  xprout.o [3]
  .text               ro code  0x08001c14     0xc  putchar.o [3]
  .text               ro code  0x08001c20    0x10  startup_stm32f303xc.o [1]
  .text               ro code  0x08001c30    0x10  stm32f3xx_hal.o [1]
  .text               ro code  0x08001c40     0xe  stm32f3xx_it.o [1]
  .text               ro code  0x08001c4e     0xc  cstartup_M.o [5]
  .text               ro code  0x08001c5a     0x4  startup_stm32f303xc.o [1]
  .text               ro code  0x08001c5e     0x4  startup_stm32f303xc.o [1]
  .text               ro code  0x08001c62     0x4  startup_stm32f303xc.o [1]
  .text               ro code  0x08001c66     0x4  startup_stm32f303xc.o [1]
  .text               ro code  0x08001c6a     0x4  startup_stm32f303xc.o [1]
  .text               ro code  0x08001c6e     0x4  startup_stm32f303xc.o [1]
  .text               ro code  0x08001c72     0x4  startup_stm32f303xc.o [1]
  .text               ro code  0x08001c76     0x4  startup_stm32f303xc.o [1]
  .text               ro code  0x08001c7a     0x4  startup_stm32f303xc.o [1]
  .text               ro code  0x08001c7e     0x4  startup_stm32f303xc.o [1]
  .text               ro code  0x08001c82     0x4  startup_stm32f303xc.o [1]
  .text               ro code  0x08001c86     0x4  startup_stm32f303xc.o [1]
  .text               ro code  0x08001c8a     0x4  startup_stm32f303xc.o [1]
  .text               ro code  0x08001c8e     0x4  startup_stm32f303xc.o [1]
  .text               ro code  0x08001c92     0x4  startup_stm32f303xc.o [1]
  .text               ro code  0x08001c96     0x4  startup_stm32f303xc.o [1]
  .text               ro code  0x08001c9a     0x4  startup_stm32f303xc.o [1]
  .text               ro code  0x08001c9e     0x4  startup_stm32f303xc.o [1]
  .text               ro code  0x08001ca2     0x4  startup_stm32f303xc.o [1]
  .text               ro code  0x08001ca6     0x4  startup_stm32f303xc.o [1]
  .text               ro code  0x08001caa     0x4  startup_stm32f303xc.o [1]
  .text               ro code  0x08001cae     0x4  startup_stm32f303xc.o [1]
  .text               ro code  0x08001cb2     0x4  startup_stm32f303xc.o [1]
  .text               ro code  0x08001cb6     0x4  startup_stm32f303xc.o [1]
  .text               ro code  0x08001cba     0x4  startup_stm32f303xc.o [1]
  .text               ro code  0x08001cbe     0x4  startup_stm32f303xc.o [1]
  .text               ro code  0x08001cc2     0x4  startup_stm32f303xc.o [1]
  .text               ro code  0x08001cc6     0x4  startup_stm32f303xc.o [1]
  .text               ro code  0x08001cca     0x4  startup_stm32f303xc.o [1]
  .text               ro code  0x08001cce     0x4  startup_stm32f303xc.o [1]
  .text               ro code  0x08001cd2     0x4  startup_stm32f303xc.o [1]
  .text               ro code  0x08001cd6     0x4  startup_stm32f303xc.o [1]
  .text               ro code  0x08001cda     0x4  startup_stm32f303xc.o [1]
  .text               ro code  0x08001cde     0x4  startup_stm32f303xc.o [1]
  .text               ro code  0x08001ce2     0x4  startup_stm32f303xc.o [1]
  .text               ro code  0x08001ce6     0x4  startup_stm32f303xc.o [1]
  .text               ro code  0x08001cea     0x4  startup_stm32f303xc.o [1]
  .text               ro code  0x08001cee     0x4  startup_stm32f303xc.o [1]
  .text               ro code  0x08001cf2     0x4  startup_stm32f303xc.o [1]
  .text               ro code  0x08001cf6     0x4  startup_stm32f303xc.o [1]
  .text               ro code  0x08001cfa     0x4  startup_stm32f303xc.o [1]
  .text               ro code  0x08001cfe     0x4  startup_stm32f303xc.o [1]
  .text               ro code  0x08001d02     0x4  startup_stm32f303xc.o [1]
  .text               ro code  0x08001d06     0x4  startup_stm32f303xc.o [1]
  .text               ro code  0x08001d0a     0x4  startup_stm32f303xc.o [1]
  .text               ro code  0x08001d0e     0x4  startup_stm32f303xc.o [1]
  .text               ro code  0x08001d12     0x4  startup_stm32f303xc.o [1]
  .text               ro code  0x08001d16     0x4  startup_stm32f303xc.o [1]
  .text               ro code  0x08001d1a     0x4  startup_stm32f303xc.o [1]
  .text               ro code  0x08001d1e     0x4  startup_stm32f303xc.o [1]
  .text               ro code  0x08001d22     0x4  startup_stm32f303xc.o [1]
  .text               ro code  0x08001d26     0x4  startup_stm32f303xc.o [1]
  .text               ro code  0x08001d2a     0x4  startup_stm32f303xc.o [1]
  .text               ro code  0x08001d2e     0x4  startup_stm32f303xc.o [1]
  .text               ro code  0x08001d32     0x4  startup_stm32f303xc.o [1]
  .text               ro code  0x08001d36     0x4  startup_stm32f303xc.o [1]
  .text               ro code  0x08001d3a     0x4  startup_stm32f303xc.o [1]
  .text               ro code  0x08001d3e     0x4  startup_stm32f303xc.o [1]
  .text               ro code  0x08001d42     0x4  startup_stm32f303xc.o [1]
  .text               ro code  0x08001d46     0x4  startup_stm32f303xc.o [1]
  .text               ro code  0x08001d4a     0x4  startup_stm32f303xc.o [1]
  .text               ro code  0x08001d4e     0x4  startup_stm32f303xc.o [1]
  .text               ro code  0x08001d52     0x4  startup_stm32f303xc.o [1]
  .text               ro code  0x08001d56     0x4  startup_stm32f303xc.o [1]
  .text               ro code  0x08001d5a     0x4  startup_stm32f303xc.o [1]
  .text               ro code  0x08001d5e     0x4  startup_stm32f303xc.o [1]
  .text               ro code  0x08001d62     0x4  startup_stm32f303xc.o [1]
  .text               ro code  0x08001d66     0x4  startup_stm32f303xc.o [1]
  .text               ro code  0x08001d6a     0x4  startup_stm32f303xc.o [1]
  .text               ro code  0x08001d6e     0x4  startup_stm32f303xc.o [1]
  .text               ro code  0x08001d72     0x4  startup_stm32f303xc.o [1]
  .text               ro code  0x08001d76     0x4  startup_stm32f303xc.o [1]
  .text               ro code  0x08001d7a     0x4  startup_stm32f303xc.o [1]
  .text               ro code  0x08001d7e     0x4  startup_stm32f303xc.o [1]
  .text               ro code  0x08001d84     0x0  cstart_closeall.o [5]
  .rodata             const    0x08001d84     0x0  zero_init3.o [5]
  .rodata             const    0x08001d84     0x0  packbits_init_single.o [5]
  Initializer bytes   const    0x08001d84    0x80  <for P2-1>
                             - 0x08001e04  0x1c7c

"P2", part 1 of 3:                           0xf0
  P2-1                         0x20000000    0xf0  <Init block>
    .data             inited   0x20000000     0x4  system_stm32f3xx.o [1]
    .data             inited   0x20000004    0x40  xfiles.o [3]
    .data             inited   0x20000044    0x40  xfiles.o [3]
    .data             inited   0x20000084    0x40  xfiles.o [3]
    .data             inited   0x200000c4    0x20  xfiles.o [3]
    .data             inited   0x200000e4     0x8  XShttio.o [3]
    __DLIB_PERTHREAD  inited   0x200000ec     0x4  errno.o [3]
                             - 0x200000f0    0xf0

"P2", part 2 of 3:                         0x4000
  CSTACK                       0x200000f0  0x2000  <Block>
    CSTACK            uninit   0x200000f0  0x2000  <Block tail>
  HEAP                         0x200020f0  0x2000  <Block>
    HEAP              uninit   0x200020f0  0x2000  <Block tail>
                             - 0x200040f0  0x4000

"P2", part 3 of 3:                          0x134
  .bss                zero     0x200040f0    0x80  XShHandles.o [3]
  .bss                zero     0x20004170    0x50  xfiles.o [3]
  .bss                zero     0x200041c0    0x50  xfiles.o [3]
  .bss                zero     0x20004210     0x8  xxmemxmalloc.o [3]
  .bss                zero     0x20004218     0x4  stm32f3xx_hal.o [1]
  .bss                zero     0x2000421c     0x4  xgetmemchunk.o [3]
  .bss                zero     0x20004220     0x2  main_test.o [1]
                             - 0x20004222   0x132


*******************************************************************************
*** INIT TABLE
***

          Address     Size
          -------     ----
Zero (__iar_zero_init3)
    1 destination range, total size 0x132:
          0x200040f0  0x132

Copy/packbits (__iar_packbits_init_single3)
    1 source range, total size 0x80 (53% of destination):
          0x08001d84   0x80
    1 destination range, total size 0xf0:
          0x20000000   0xf0



*******************************************************************************
*** MODULE SUMMARY
***

    Module                  ro code  ro data  rw data
    ------                  -------  -------  -------
C:\Users\jonas\OneDrive\KTH\åk3\Inbygda system\lab 1\filer\PINGPONG\Test\Debug\Obj: [1]
    Pingpong_functions.o        788
    gpio.o                      496
    main_test.o                 604                 2
    startup_stm32f303xc.o       704
    stm32f3xx_hal.o             132                 4
    stm32f3xx_hal_cortex.o      194
    stm32f3xx_hal_gpio.o        424
    stm32f3xx_hal_msp.o         120
    stm32f3xx_hal_rcc.o       1 200
    stm32f3xx_it.o               14
    system_stm32f3xx.o          124        2        4
    -------------------------------------------------
    Total:                    4 800        2       10

command line: [2]
    -------------------------------------------------
    Total:

dl7M_tlf.a: [3]
    XShHandles.o                204               128
    XShttio.o                     8        4        8
    errno.o                      12        3        4
    exit.o                        4
    fclose.o                    122
    fflush.o                    176
    fputc.o                      86
    fseek.o                      34
    low_level_init.o              4
    printf.o                     36
    putchar.o                    12
    xcloseall.o                  88
    xfgpos.o                     12
    xfiles.o                             119      384
    xfofind.o                   128
    xfspos.o                    214
    xfwprep.o                   184
    xgetmemchunk.o               44                 4
    xprintftiny.o               334
    xprout.o                     22
    xsyslock_nop.o                4
    xtls.o                        2
    xxmemxfree.o                128
    xxmemxmalloc.o              176                 8
    -------------------------------------------------
    Total:                    2 034      126      536

m7M_tls.a: [4]
    fpinit_M.o                   34
    -------------------------------------------------
    Total:                       34

rt7M_tl.a: [5]
    cexit.o                      14
    cmain.o                      26
    cstart_closeall.o
    cstartup_M.o                 12
    data_init.o                  40
    packbits_init_single.o       56
    strlen.o                     54
    zero_init3.o                 64
    -------------------------------------------------
    Total:                      266

shb_l.a: [6]
    close.o                      26
    dwrite.o                     30
    exit.o                       20
    iarttio.o                   108
    iarwrite.o                   34
    iarwstd.o                    32
    lseek.o                      76
    remove.o                     22
    write.o                      16
    -------------------------------------------------
    Total:                      364

    Gaps                         24        2
    Linker created                        32   16 384
-----------------------------------------------------
    Grand Total:              7 522      162   16 930


*******************************************************************************
*** ENTRY LIST
***

Entry                      Address   Size  Type      Object
-----                      -------   ----  ----      ------
.iar.init_table$$Base   0x08001b94          --   Gb  - Linker created -
.iar.init_table$$Limit  0x08001bb4          --   Gb  - Linker created -
?main                   0x08001bb5         Code  Gb  cmain.o [5]
AHBPrescTable           0x08001964   0x10  Data  Gb  system_stm32f3xx.o [1]
Blink_LED               0x0800094f   0xc8  Code  Gb  Pingpong_functions.o [1]
CSTACK$$Base            0x200000f0          --   Gb  - Linker created -
CSTACK$$Limit           0x200020f0          --   Gb  - Linker created -
HAL_Delay               0x08000c15   0x18  Code  Wk  stm32f3xx_hal.o [1]
HAL_GPIO_Init           0x08000a49  0x172  Code  Gb  stm32f3xx_hal_gpio.o [1]
HAL_GPIO_ReadPin        0x08000bbb    0xe  Code  Gb  stm32f3xx_hal_gpio.o [1]
HAL_GPIO_WritePin       0x08000bc9    0xa  Code  Gb  stm32f3xx_hal_gpio.o [1]
HAL_GetTick             0x08000639    0xc  Code  Wk  stm32f3xx_hal.o [1]
HAL_IncTick             0x08001c31   0x10  Code  Wk  stm32f3xx_hal.o [1]
HAL_Init                0x08001011   0x20  Code  Gb  stm32f3xx_hal.o [1]
HAL_InitTick            0x08000645   0x2c  Code  Wk  stm32f3xx_hal.o [1]
HAL_MspInit             0x08001225   0x78  Code  Gb  stm32f3xx_hal_msp.o [1]
HAL_NVIC_SetPriority    0x0800068b   0x52  Code  Gb  stm32f3xx_hal_cortex.o [1]
HAL_NVIC_SetPriorityGrouping
                        0x08000671   0x1a  Code  Gb  stm32f3xx_hal_cortex.o [1]
HAL_RCC_ClockConfig     0x08000477  0x13a  Code  Gb  stm32f3xx_hal_rcc.o [1]
HAL_RCC_GetHCLKFreq     0x080005eb    0x6  Code  Gb  stm32f3xx_hal_rcc.o [1]
HAL_RCC_GetSysClockFreq
                        0x080005b1   0x3a  Code  Gb  stm32f3xx_hal_rcc.o [1]
HAL_RCC_OscConfig       0x08000189  0x2ee  Code  Gb  stm32f3xx_hal_rcc.o [1]
HAL_SYSTICK_CLKSourceConfig
                        0x080006ff   0x14  Code  Gb  stm32f3xx_hal_cortex.o [1]
HAL_SYSTICK_Callback    0x08000731    0x2  Code  Wk  stm32f3xx_hal_cortex.o [1]
HAL_SYSTICK_Config      0x080006dd   0x22  Code  Gb  stm32f3xx_hal_cortex.o [1]
HAL_SYSTICK_IRQHandler  0x0800072d    0x4  Code  Gb  stm32f3xx_hal_cortex.o [1]
HEAP$$Base              0x200020f0          --   Gb  - Linker created -
HEAP$$Limit             0x200040f0          --   Gb  - Linker created -
L_hit                   0x0800092b   0x14  Code  Gb  Pingpong_functions.o [1]
Led_on                  0x08000735   0xde  Code  Gb  Pingpong_functions.o [1]
MX_GPIO_Init            0x08001035  0x1f0  Code  Gb  gpio.o [1]
NextState               0x20004221    0x1  Data  Gb  main_test.o [1]
R_hit                   0x08000915   0x16  Code  Gb  Pingpong_functions.o [1]
Region$$Table$$Base     0x08001b94          --   Gb  - Linker created -
Region$$Table$$Limit    0x08001bb4          --   Gb  - Linker created -
State                   0x20004220    0x1  Data  Gb  main_test.o [1]
SysTick_Handler         0x08001c41    0xe  Code  Gb  stm32f3xx_it.o [1]
SystemClock_Config      0x08000f47   0xac  Code  Gb  main_test.o [1]
SystemCoreClock         0x20000000    0x4  Data  Gb  system_stm32f3xx.o [1]
SystemInit              0x080018f9   0x52  Code  Gb  system_stm32f3xx.o [1]
_Close_all              0x08001a21   0x58  Code  Gb  xcloseall.o [3]
_Files                  0x200000c4   0x20  Data  Gb  xfiles.o [3]
_Fofree                 0x08001879   0x78  Code  Gb  xfofind.o [3]
_Fspos                  0x0800129d   0xd6  Code  Gb  xfspos.o [3]
_Fwprep                 0x08001641   0xb8  Code  Gb  xfwprep.o [3]
_Nnl                    0x08001425    0xc  Code  Gb  xfgpos.o [3]
_PrintfTiny             0x08000c45  0x136  Code  Gb  xprintftiny.o [3]
_Prout                  0x08001bfd   0x16  Code  Gb  xprout.o [3]
__aeabi_errno_addr      0x0800147d    0x6  Code  Gb  errno.o [3]
__cexit_closeall        0x08001bdb         Code  Gb  cexit.o [5]
__close                 0x080019ef   0x1a  Code  Gb  close.o [6]
__cmain                 0x08001bb5         Code  Gb  cmain.o [5]
__cstart_closeall       0x08001d84         Data  Gb  cstart_closeall.o [5]
__data_Aldata           0x20004210    0x8  Data  Gb  xxmemxmalloc.o [3]
__data_GetMemChunk      0x0800184d   0x2c  Code  Gb  xgetmemchunk.o [3]
__data_GetMemChunk::start
                        0x2000421c    0x4  Data  Lc  xgetmemchunk.o [3]
__dwrite                0x0800156b   0x1e  Code  Gb  dwrite.o [6]
__exit                  0x08001be9   0x14  Code  Gb  exit.o [6]
__iar_Errno             0x200000ec    0x4  Data  Gb  errno.o [3]
__iar_Lockfilelock      0x08001489    0x2  Code  Gb  xsyslock_nop.o [3]
__iar_Stderr            0x20000084   0x40  Data  Gb  xfiles.o [3]
__iar_Stdin             0x20000004   0x40  Data  Gb  xfiles.o [3]
__iar_Stdout            0x20000044   0x40  Data  Gb  xfiles.o [3]
__iar_Unlockfilelock    0x0800148b    0x2  Code  Gb  xsyslock_nop.o [3]
__iar_close_ttio        0x080015cd   0x2e  Code  Gb  iarttio.o [6]
__iar_data_init3        0x08001b49   0x28  Code  Gb  data_init.o [5]
__iar_dlib_perthread_access
                        0x08001569    0x2  Code  Gb  xtls.o [3]
__iar_get_ttio          0x080015fd   0x38  Code  Gb  iarttio.o [6]
__iar_init_vfp          0x08001b71         Code  Gb  fpinit_M.o [4]
__iar_lookup_ttioh      0x08001639    0x8  Code  Gb  XShttio.o [3]
__iar_packbits_init_single3
                        0x08001b0f   0x38  Code  Gb  packbits_init_single.o [5]
__iar_program_start     0x08001c4f         Code  Gb  cstartup_M.o [5]
__iar_sh_Discard        0x0800149d   0x3e  Code  Gb  XShHandles.o [3]
__iar_sh_Move           0x080014e1   0x46  Code  Gb  XShHandles.o [3]
__iar_sh_Pos            0x08001527   0x3e  Code  Gb  XShHandles.o [3]
__iar_sh_stdout         0x08001589   0x20  Code  Gb  iarwstd.o [6]
__iar_sh_write          0x080015a9   0x22  Code  Gb  iarwrite.o [6]
__iar_ttio_handles      0x200000e4    0x8  Data  Lc  XShttio.o [3]
__iar_zero_init3        0x08001acf   0x40  Code  Gb  zero_init3.o [5]
__low_level_init        0x08001bcf    0x4  Code  Gb  low_level_init.o [3]
__lseek                 0x08001431   0x4c  Code  Gb  lseek.o [6]
__vector_table          0x08000000         Data  Gb  startup_stm32f303xc.o [1]
__write                 0x0800148d   0x10  Code  Gb  write.o [6]
_call_main              0x08001bc1         Code  Gb  cmain.o [5]
_exit                   0x08001bd9         Code  Gb  cexit.o [5]
_main                   0x08001bcb         Code  Gb  cmain.o [5]
aPLLMULFactorTable      0x08000618   0x10  Data  Gb  stm32f3xx_hal_rcc.o [1]
aPredivFactorTable      0x08000628   0x10  Data  Gb  stm32f3xx_hal_rcc.o [1]
ebuf                    0x20004170   0x50  Data  Lc  xfiles.o [3]
exit                    0x08001bd3    0x4  Code  Gb  exit.o [3]
fclose                  0x08001975   0x7a  Code  Gb  fclose.o [3]
fflush                  0x080013eb   0x34  Code  Gb  fflush.o [3]
fflushOne               0x08001375   0x76  Code  Lc  fflush.o [3]
fputc                   0x08001a79   0x56  Code  Gb  fputc.o [3]
free                    0x080017cd   0x7a  Code  Gb  xxmemxfree.o [3]
fseek                   0x080017a9   0x22  Code  Gb  fseek.o [3]
main                    0x08000db5  0x192  Code  Gb  main_test.o [1]
malloc                  0x080016f9   0xac  Code  Gb  xxmemxmalloc.o [3]
obuf                    0x200041c0   0x50  Data  Lc  xfiles.o [3]
out                     0x08000c2d   0x18  Code  Lc  xprintftiny.o [3]
printf                  0x08000bf1   0x24  Code  Gb  printf.o [3]
putchar                 0x08001c15    0xc  Code  Gb  putchar.o [3]
remove                  0x08001a09   0x16  Code  Gb  remove.o [6]
sFileInfo               0x200040f0   0x80  Data  Lc  XShHandles.o [3]
show_points             0x08000815  0x100  Code  Gb  Pingpong_functions.o [1]
strlen                  0x08000d7d         Code  Gb  strlen.o [5]
uwTick                  0x20004218    0x4  Data  Gb  stm32f3xx_hal.o [1]


[1] = C:\Users\jonas\OneDrive\KTH\åk3\Inbygda system\lab 1\filer\PINGPONG\Test\Debug\Obj
[2] = command line
[3] = dl7M_tlf.a
[4] = m7M_tls.a
[5] = rt7M_tl.a
[6] = shb_l.a

   7 522 bytes of readonly  code memory
     162 bytes of readonly  data memory
  16 930 bytes of readwrite data memory

Errors: none
Warnings: none
