###############################################################################
#
# IAR ELF Linker V7.80.3.12102/W32 for ARM                15/Feb/2017  19:41:45
# Copyright 2007-2016 IAR Systems AB.
#
#    Output file  =  
#        C:\Users\jonas\OneDrive\KTH\åk3\Inbygda system\lab
#        1\filer\testRadio\EWARM\testRadio\Exe\testRadio.out
#    Map file     =  
#        C:\Users\jonas\OneDrive\KTH\åk3\Inbygda system\lab
#        1\filer\testRadio\EWARM\testRadio\List\testRadio.map
#    Command line =  
#        "C:\Users\jonas\OneDrive\KTH\åk3\Inbygda system\lab
#        1\filer\testRadio\EWARM\testRadio\Obj\gpio.o"
#        "C:\Users\jonas\OneDrive\KTH\åk3\Inbygda system\lab
#        1\filer\testRadio\EWARM\testRadio\Obj\main.o"
#        "C:\Users\jonas\OneDrive\KTH\åk3\Inbygda system\lab
#        1\filer\testRadio\EWARM\testRadio\Obj\startup_stm32f303xc.o"
#        "C:\Users\jonas\OneDrive\KTH\åk3\Inbygda system\lab
#        1\filer\testRadio\EWARM\testRadio\Obj\stm32f3_discovery.o"
#        "C:\Users\jonas\OneDrive\KTH\åk3\Inbygda system\lab
#        1\filer\testRadio\EWARM\testRadio\Obj\stm32f3xx_hal.o"
#        "C:\Users\jonas\OneDrive\KTH\åk3\Inbygda system\lab
#        1\filer\testRadio\EWARM\testRadio\Obj\stm32f3xx_hal_cortex.o"
#        "C:\Users\jonas\OneDrive\KTH\åk3\Inbygda system\lab
#        1\filer\testRadio\EWARM\testRadio\Obj\stm32f3xx_hal_dma.o"
#        "C:\Users\jonas\OneDrive\KTH\åk3\Inbygda system\lab
#        1\filer\testRadio\EWARM\testRadio\Obj\stm32f3xx_hal_flash.o"
#        "C:\Users\jonas\OneDrive\KTH\åk3\Inbygda system\lab
#        1\filer\testRadio\EWARM\testRadio\Obj\stm32f3xx_hal_flash_ex.o"
#        "C:\Users\jonas\OneDrive\KTH\åk3\Inbygda system\lab
#        1\filer\testRadio\EWARM\testRadio\Obj\stm32f3xx_hal_gpio.o"
#        "C:\Users\jonas\OneDrive\KTH\åk3\Inbygda system\lab
#        1\filer\testRadio\EWARM\testRadio\Obj\stm32f3xx_hal_i2c.o"
#        "C:\Users\jonas\OneDrive\KTH\åk3\Inbygda system\lab
#        1\filer\testRadio\EWARM\testRadio\Obj\stm32f3xx_hal_i2c_ex.o"
#        "C:\Users\jonas\OneDrive\KTH\åk3\Inbygda system\lab
#        1\filer\testRadio\EWARM\testRadio\Obj\stm32f3xx_hal_msp.o"
#        "C:\Users\jonas\OneDrive\KTH\åk3\Inbygda system\lab
#        1\filer\testRadio\EWARM\testRadio\Obj\stm32f3xx_hal_pwr.o"
#        "C:\Users\jonas\OneDrive\KTH\åk3\Inbygda system\lab
#        1\filer\testRadio\EWARM\testRadio\Obj\stm32f3xx_hal_pwr_ex.o"
#        "C:\Users\jonas\OneDrive\KTH\åk3\Inbygda system\lab
#        1\filer\testRadio\EWARM\testRadio\Obj\stm32f3xx_hal_rcc.o"
#        "C:\Users\jonas\OneDrive\KTH\åk3\Inbygda system\lab
#        1\filer\testRadio\EWARM\testRadio\Obj\stm32f3xx_hal_rcc_ex.o"
#        "C:\Users\jonas\OneDrive\KTH\åk3\Inbygda system\lab
#        1\filer\testRadio\EWARM\testRadio\Obj\stm32f3xx_hal_tim.o"
#        "C:\Users\jonas\OneDrive\KTH\åk3\Inbygda system\lab
#        1\filer\testRadio\EWARM\testRadio\Obj\stm32f3xx_hal_tim_ex.o"
#        "C:\Users\jonas\OneDrive\KTH\åk3\Inbygda system\lab
#        1\filer\testRadio\EWARM\testRadio\Obj\stm32f3xx_it.o"
#        "C:\Users\jonas\OneDrive\KTH\åk3\Inbygda system\lab
#        1\filer\testRadio\EWARM\testRadio\Obj\system_stm32f3xx.o"
#        "C:\Users\jonas\OneDrive\KTH\åk3\Inbygda system\lab
#        1\filer\testRadio\EWARM\testRadio\Obj\tim.o" --redirect
#        _Printf=_PrintfFull --redirect _Scanf=_ScanfFull -o
#        "C:\Users\jonas\OneDrive\KTH\åk3\Inbygda system\lab
#        1\filer\testRadio\EWARM\testRadio\Exe\testRadio.out" --map
#        "C:\Users\jonas\OneDrive\KTH\åk3\Inbygda system\lab
#        1\filer\testRadio\EWARM\testRadio\List\testRadio.map" --config
#        "C:\Users\jonas\OneDrive\KTH\åk3\Inbygda system\lab
#        1\filer\testRadio\EWARM/stm32f303xc_flash.icf" --semihosting --entry
#        __iar_program_start --vfe
#
###############################################################################

*******************************************************************************
*** RUNTIME MODEL ATTRIBUTES
***

CppFlavor       = *
__SystemLibrary = DLib


*******************************************************************************
*** PLACEMENT SUMMARY
***

"A0":  place at 0x08000000 { ro section .intvec };
"P1":  place in [from 0x08000000 to 0x0803ffff] { ro };
"P2":  place in [from 0x20000000 to 0x20009fff] { rw, block CSTACK, block HEAP };
initialize by copy { rw };

  Section            Kind        Address    Size  Object
  -------            ----        -------    ----  ------
"A0":                                      0x188
  .intvec            ro code  0x08000000   0x188  startup_stm32f303xc.o [1]
                            - 0x08000188   0x188

"P1":                                     0x16be
  .text              ro code  0x08000188   0x686  stm32f3xx_hal_tim.o [1]
  .text              ro code  0x08000810   0x154  tim.o [1]
  .text              ro code  0x08000964     0x2  stm32f3xx_hal_tim.o [1]
  .text              ro code  0x08000966     0x2  stm32f3xx_hal_tim.o [1]
  .text              ro code  0x08000968     0x2  stm32f3xx_hal_tim.o [1]
  .text              ro code  0x0800096a     0x2  stm32f3xx_hal_tim_ex.o [1]
  .text              ro code  0x0800096c     0x2  stm32f3xx_hal_tim.o [1]
  .text              ro code  0x0800096e     0x2  stm32f3xx_hal_tim_ex.o [1]
  .text              ro code  0x08000970     0x2  stm32f3xx_hal_tim.o [1]
  .text              ro code  0x08000972    0xb6  main.o [1]
  .text              ro code  0x08000a28    0x54  stm32f3xx_hal_tim_ex.o [1]
  .text              ro code  0x08000a7c   0x19c  stm32f3xx_hal_gpio.o [1]
  .text              ro code  0x08000c18    0xde  stm32f3xx_hal_cortex.o [1]
  .text              ro code  0x08000cf8    0x24  stm32f3xx_hal.o [1]
  .text              ro code  0x08000d1c   0x110  gpio.o [1]
  .text              ro code  0x08000e2c    0x3c  stm32f3_discovery.o [1]
  .text              ro code  0x08000e68    0x18  stm32f3xx_hal.o [1]
  .text              ro code  0x08000e80   0x480  stm32f3xx_hal_rcc.o [1]
  .text              ro code  0x08001300   0x1b8  stm32f3xx_hal_rcc_ex.o [1]
  .text              ro code  0x080014b8    0x28  stm32f3xx_hal.o [1]
  .text              ro code  0x080014e0    0x78  stm32f3xx_hal_msp.o [1]
  .text              ro code  0x08001558     0xc  stm32f3xx_hal.o [1]
  .text              ro code  0x08001564    0x7c  system_stm32f3xx.o [1]
  .text              ro code  0x080015e0    0x38  packbits_init_single.o [5]
  .text              ro code  0x08001618    0x28  data_init.o [5]
  .text              ro code  0x08001640    0x22  fpinit_M.o [4]
  .iar.init_table    const    0x08001664    0x10  - Linker created -
  .text              ro code  0x08001674    0x1a  cmain.o [5]
  .text              ro code  0x0800168e     0x4  low_level_init.o [3]
  .text              ro code  0x08001692     0x4  exit.o [3]
  .text              ro code  0x08001698     0xa  cexit.o [5]
  .text              ro code  0x080016a4    0x14  exit.o [6]
  .text              ro code  0x080016b8    0x18  stm32f3xx_it.o [1]
  .text              ro code  0x080016d0    0x10  stm32f3xx_hal.o [1]
  .text              ro code  0x080016e0    0x10  startup_stm32f303xc.o [1]
  .text              ro code  0x080016f0     0xc  cstartup_M.o [5]
  .text              ro code  0x080016fc     0x4  startup_stm32f303xc.o [1]
  .text              ro code  0x08001700     0x4  startup_stm32f303xc.o [1]
  .text              ro code  0x08001704     0x4  startup_stm32f303xc.o [1]
  .text              ro code  0x08001708     0x4  startup_stm32f303xc.o [1]
  .text              ro code  0x0800170c     0x4  startup_stm32f303xc.o [1]
  .text              ro code  0x08001710     0x4  startup_stm32f303xc.o [1]
  .text              ro code  0x08001714     0x4  startup_stm32f303xc.o [1]
  .text              ro code  0x08001718     0x4  startup_stm32f303xc.o [1]
  .text              ro code  0x0800171c     0x4  startup_stm32f303xc.o [1]
  .text              ro code  0x08001720     0x4  startup_stm32f303xc.o [1]
  .text              ro code  0x08001724     0x4  startup_stm32f303xc.o [1]
  .text              ro code  0x08001728     0x4  startup_stm32f303xc.o [1]
  .text              ro code  0x0800172c     0x4  startup_stm32f303xc.o [1]
  .text              ro code  0x08001730     0x4  startup_stm32f303xc.o [1]
  .text              ro code  0x08001734     0x4  startup_stm32f303xc.o [1]
  .text              ro code  0x08001738     0x4  startup_stm32f303xc.o [1]
  .text              ro code  0x0800173c     0x4  startup_stm32f303xc.o [1]
  .text              ro code  0x08001740     0x4  startup_stm32f303xc.o [1]
  .text              ro code  0x08001744     0x4  startup_stm32f303xc.o [1]
  .text              ro code  0x08001748     0x4  startup_stm32f303xc.o [1]
  .text              ro code  0x0800174c     0x4  startup_stm32f303xc.o [1]
  .text              ro code  0x08001750     0x4  startup_stm32f303xc.o [1]
  .text              ro code  0x08001754     0x4  startup_stm32f303xc.o [1]
  .text              ro code  0x08001758     0x4  startup_stm32f303xc.o [1]
  .text              ro code  0x0800175c     0x4  startup_stm32f303xc.o [1]
  .text              ro code  0x08001760     0x4  startup_stm32f303xc.o [1]
  .text              ro code  0x08001764     0x4  startup_stm32f303xc.o [1]
  .text              ro code  0x08001768     0x4  startup_stm32f303xc.o [1]
  .text              ro code  0x0800176c     0x4  startup_stm32f303xc.o [1]
  .text              ro code  0x08001770     0x4  startup_stm32f303xc.o [1]
  .text              ro code  0x08001774     0x4  startup_stm32f303xc.o [1]
  .text              ro code  0x08001778     0x4  startup_stm32f303xc.o [1]
  .text              ro code  0x0800177c     0x4  startup_stm32f303xc.o [1]
  .text              ro code  0x08001780     0x4  startup_stm32f303xc.o [1]
  .text              ro code  0x08001784     0x4  startup_stm32f303xc.o [1]
  .text              ro code  0x08001788     0x4  startup_stm32f303xc.o [1]
  .text              ro code  0x0800178c     0x4  startup_stm32f303xc.o [1]
  .text              ro code  0x08001790     0x4  startup_stm32f303xc.o [1]
  .text              ro code  0x08001794     0x4  startup_stm32f303xc.o [1]
  .text              ro code  0x08001798     0x4  startup_stm32f303xc.o [1]
  .text              ro code  0x0800179c     0x4  startup_stm32f303xc.o [1]
  .text              ro code  0x080017a0     0x4  startup_stm32f303xc.o [1]
  .text              ro code  0x080017a4     0x4  startup_stm32f303xc.o [1]
  .text              ro code  0x080017a8     0x4  startup_stm32f303xc.o [1]
  .text              ro code  0x080017ac     0x4  startup_stm32f303xc.o [1]
  .text              ro code  0x080017b0     0x4  startup_stm32f303xc.o [1]
  .text              ro code  0x080017b4     0x4  startup_stm32f303xc.o [1]
  .text              ro code  0x080017b8     0x4  startup_stm32f303xc.o [1]
  .text              ro code  0x080017bc     0x4  startup_stm32f303xc.o [1]
  .text              ro code  0x080017c0     0x4  startup_stm32f303xc.o [1]
  .text              ro code  0x080017c4     0x4  startup_stm32f303xc.o [1]
  .text              ro code  0x080017c8     0x4  startup_stm32f303xc.o [1]
  .text              ro code  0x080017cc     0x4  startup_stm32f303xc.o [1]
  .text              ro code  0x080017d0     0x4  startup_stm32f303xc.o [1]
  .text              ro code  0x080017d4     0x4  startup_stm32f303xc.o [1]
  .text              ro code  0x080017d8     0x4  startup_stm32f303xc.o [1]
  .text              ro code  0x080017dc     0x4  startup_stm32f303xc.o [1]
  .text              ro code  0x080017e0     0x4  startup_stm32f303xc.o [1]
  .text              ro code  0x080017e4     0x4  startup_stm32f303xc.o [1]
  .text              ro code  0x080017e8     0x4  startup_stm32f303xc.o [1]
  .text              ro code  0x080017ec     0x4  startup_stm32f303xc.o [1]
  .text              ro code  0x080017f0     0x4  startup_stm32f303xc.o [1]
  .text              ro code  0x080017f4     0x4  startup_stm32f303xc.o [1]
  .text              ro code  0x080017f8     0x4  startup_stm32f303xc.o [1]
  .text              ro code  0x080017fc     0x4  startup_stm32f303xc.o [1]
  .text              ro code  0x08001800     0x4  startup_stm32f303xc.o [1]
  .text              ro code  0x08001804     0x4  startup_stm32f303xc.o [1]
  .text              ro code  0x08001808     0x4  startup_stm32f303xc.o [1]
  .text              ro code  0x0800180c     0x4  startup_stm32f303xc.o [1]
  .text              ro code  0x08001810     0x4  startup_stm32f303xc.o [1]
  .text              ro code  0x08001814     0x4  startup_stm32f303xc.o [1]
  .text              ro code  0x08001818     0x4  startup_stm32f303xc.o [1]
  .text              ro code  0x0800181c     0x4  startup_stm32f303xc.o [1]
  .rodata            const    0x08001820     0x0  packbits_init_single.o [5]
  Initializer bytes  const    0x08001820    0x26  <for P2-1>
                            - 0x08001846  0x16be

"P2", part 1 of 2:                          0x70
  P2-1                        0x20000000    0x70  <Init block>
    .data            inited   0x20000000    0x20  stm32f3_discovery.o [1]
    .data            inited   0x20000020     0x4  system_stm32f3xx.o [1]
    .bss             inited   0x20000024     0x4  stm32f3xx_hal.o [1]
    .bss             inited   0x20000028    0x40  tim.o [1]
    .bss             inited   0x20000068     0x8  tim.o [1]
                            - 0x20000070    0x70

"P2", part 2 of 2:                         0x400
  CSTACK                      0x20000070   0x400  <Block>
    CSTACK           uninit   0x20000070   0x400  <Block tail>
                            - 0x20000470   0x400


*******************************************************************************
*** INIT TABLE
***

          Address     Size
          -------     ----
Copy/packbits (__iar_packbits_init_single3)
    1 source range, total size 0x26 (33% of destination):
          0x08001820  0x26
    1 destination range, total size 0x70:
          0x20000000  0x70



*******************************************************************************
*** MODULE SUMMARY
***

    Module                  ro code  ro data  rw data
    ------                  -------  -------  -------
C:\Users\jonas\OneDrive\KTH\åk3\Inbygda system\lab 1\filer\testRadio\EWARM\testRadio\Obj: [1]
    gpio.o                      272
    main.o                      182
    startup_stm32f303xc.o       700
    stm32f3_discovery.o          60       10       32
    stm32f3xx_hal.o             128        1        4
    stm32f3xx_hal_cortex.o      222
    stm32f3xx_hal_gpio.o        412
    stm32f3xx_hal_msp.o         120
    stm32f3xx_hal_rcc.o       1 152
    stm32f3xx_hal_rcc_ex.o      440
    stm32f3xx_hal_tim.o       1 680
    stm32f3xx_hal_tim_ex.o       88
    stm32f3xx_it.o               24
    system_stm32f3xx.o          124        2        4
    tim.o                       340       25       72
    -------------------------------------------------
    Total:                    5 944       38      112

command line: [2]
    -------------------------------------------------
    Total:

dl7M_tlf.a: [3]
    exit.o                        4
    low_level_init.o              4
    -------------------------------------------------
    Total:                        8

m7M_tls.a: [4]
    fpinit_M.o                   34
    -------------------------------------------------
    Total:                       34

rt7M_tl.a: [5]
    cexit.o                      10
    cmain.o                      26
    cstartup_M.o                 12
    data_init.o                  40
    packbits_init_single.o       56
    -------------------------------------------------
    Total:                      144

shb_l.a: [6]
    exit.o                       20
    -------------------------------------------------
    Total:                       20

    Gaps                          8        2
    Linker created                        16    1 024
-----------------------------------------------------
    Grand Total:              6 158       56    1 136


*******************************************************************************
*** ENTRY LIST
***

Entry                      Address   Size  Type      Object
-----                      -------   ----  ----      ------
.iar.init_table$$Base   0x08001664          --   Gb  - Linker created -
.iar.init_table$$Limit  0x08001674          --   Gb  - Linker created -
?main                   0x08001675         Code  Gb  cmain.o [5]
AHBPrescTable           0x080015d0   0x10  Data  Gb  system_stm32f3xx.o [1]
BSP_LED_Off             0x08000e41   0x14  Code  Gb  stm32f3_discovery.o [1]
BSP_LED_On              0x08000e2d   0x14  Code  Gb  stm32f3_discovery.o [1]
CSTACK$$Base            0x20000070          --   Gb  - Linker created -
CSTACK$$Limit           0x20000470          --   Gb  - Linker created -
Error_Handler           0x08000a27    0x2  Code  Gb  main.o [1]
HAL_Delay               0x08000e69   0x18  Code  Wk  stm32f3xx_hal.o [1]
HAL_GPIO_Init           0x08000a7d  0x16c  Code  Gb  stm32f3xx_hal_gpio.o [1]
HAL_GPIO_WritePin       0x08000bf3    0xa  Code  Gb  stm32f3xx_hal_gpio.o [1]
HAL_GetTick             0x08001559    0xc  Code  Wk  stm32f3xx_hal.o [1]
HAL_IncTick             0x080016d1   0x10  Code  Wk  stm32f3xx_hal.o [1]
HAL_Init                0x08000cf9   0x20  Code  Gb  stm32f3xx_hal.o [1]
HAL_InitTick            0x080014b9   0x28  Code  Wk  stm32f3xx_hal.o [1]
HAL_MspInit             0x080014e1   0x78  Code  Gb  stm32f3xx_hal_msp.o [1]
HAL_NVIC_EnableIRQ      0x08000c87    0xc  Code  Gb  stm32f3xx_hal_cortex.o [1]
HAL_NVIC_SetPriority    0x08000c4d   0x3a  Code  Gb  stm32f3xx_hal_cortex.o [1]
HAL_NVIC_SetPriorityGrouping
                        0x08000c33   0x1a  Code  Gb  stm32f3xx_hal_cortex.o [1]
HAL_RCCEx_PeriphCLKConfig
                        0x08001301  0x1aa  Code  Gb  stm32f3xx_hal_rcc_ex.o [1]
HAL_RCC_ClockConfig     0x08001153  0x112  Code  Gb  stm32f3xx_hal_rcc.o [1]
HAL_RCC_GetHCLKFreq     0x080012b3    0x6  Code  Gb  stm32f3xx_hal_rcc.o [1]
HAL_RCC_GetSysClockFreq
                        0x08001279   0x3a  Code  Gb  stm32f3xx_hal_rcc.o [1]
HAL_RCC_OscConfig       0x08000e81  0x2c0  Code  Gb  stm32f3xx_hal_rcc.o [1]
HAL_SYSTICK_CLKSourceConfig
                        0x08000cc3   0x14  Code  Gb  stm32f3xx_hal_cortex.o [1]
HAL_SYSTICK_Callback    0x08000cf5    0x2  Code  Wk  stm32f3xx_hal_cortex.o [1]
HAL_SYSTICK_Config      0x08000c9b   0x28  Code  Gb  stm32f3xx_hal_cortex.o [1]
HAL_SYSTICK_IRQHandler  0x08000cf1    0x4  Code  Gb  stm32f3xx_hal_cortex.o [1]
HAL_TIMEx_BreakCallback
                        0x0800096b    0x2  Code  Wk  stm32f3xx_hal_tim_ex.o [1]
HAL_TIMEx_CommutationCallback
                        0x0800096f    0x2  Code  Wk  stm32f3xx_hal_tim_ex.o [1]
HAL_TIMEx_MasterConfigSynchronization
                        0x08000a29   0x4c  Code  Gb  stm32f3xx_hal_tim_ex.o [1]
HAL_TIM_Base_Init       0x08000189   0x1a  Code  Gb  stm32f3xx_hal_tim.o [1]
HAL_TIM_Base_MspInit    0x080008cf   0x54  Code  Gb  tim.o [1]
HAL_TIM_ConfigClockSource
                        0x08000493   0xb4  Code  Gb  stm32f3xx_hal_tim.o [1]
HAL_TIM_IC_CaptureCallback
                        0x08000923   0x30  Code  Gb  tim.o [1]
HAL_TIM_IC_CaptureCallback{1}{2}::period_in_ticks
                        0x20000068    0x4  Data  Lc  tim.o [1]
HAL_TIM_IC_CaptureCallback{1}{2}::previous_timer_value
                        0x2000006c    0x4  Data  Lc  tim.o [1]
HAL_TIM_IC_ConfigChannel
                        0x08000379  0x11a  Code  Gb  stm32f3xx_hal_tim.o [1]
HAL_TIM_IC_Init         0x080001bf   0x1a  Code  Gb  stm32f3xx_hal_tim.o [1]
HAL_TIM_IC_MspInit      0x08000965    0x2  Code  Wk  stm32f3xx_hal_tim.o [1]
HAL_TIM_IC_Start_IT     0x080001d9   0x44  Code  Gb  stm32f3xx_hal_tim.o [1]
HAL_TIM_IRQHandler      0x08000231  0x142  Code  Gb  stm32f3xx_hal_tim.o [1]
HAL_TIM_OC_DelayElapsedCallback
                        0x08000967    0x2  Code  Wk  stm32f3xx_hal_tim.o [1]
HAL_TIM_PWM_PulseFinishedCallback
                        0x08000971    0x2  Code  Wk  stm32f3xx_hal_tim.o [1]
HAL_TIM_PeriodElapsedCallback
                        0x08000969    0x2  Code  Wk  stm32f3xx_hal_tim.o [1]
HAL_TIM_ReadCapturedValue
                        0x080005a1   0x42  Code  Gb  stm32f3xx_hal_tim.o [1]
HAL_TIM_SlaveConfigSynchronization
                        0x08000559   0x1a  Code  Gb  stm32f3xx_hal_tim.o [1]
HAL_TIM_TriggerCallback
                        0x0800096d    0x2  Code  Wk  stm32f3xx_hal_tim.o [1]
LED_PIN                 0x08000e58   0x10  Data  Gb  stm32f3_discovery.o [1]
LED_PORT                0x20000000   0x20  Data  Gb  stm32f3_discovery.o [1]
MX_GPIO_Init            0x08000d1d   0xe8  Code  Gb  gpio.o [1]
MX_TIM1_Init            0x08000811   0xbe  Code  Gb  tim.o [1]
NVIC_SetPriority        0x08000c19   0x1a  Code  Lc  stm32f3xx_hal_cortex.o [1]
Region$$Table$$Base     0x08001664          --   Gb  - Linker created -
Region$$Table$$Limit    0x08001674          --   Gb  - Linker created -
SysTick_Handler         0x080016b9    0xe  Code  Gb  stm32f3xx_it.o [1]
SystemClock_Config      0x0800099f   0x88  Code  Gb  main.o [1]
SystemCoreClock         0x20000020    0x4  Data  Gb  system_stm32f3xx.o [1]
SystemInit              0x08001565   0x52  Code  Gb  system_stm32f3xx.o [1]
TIM1_CC_IRQHandler      0x080016c7    0x6  Code  Gb  stm32f3xx_it.o [1]
TIM_Base_SetConfig      0x080005e3   0x90  Code  Gb  stm32f3xx_hal_tim.o [1]
TIM_CCxChannelCmd       0x080007f7   0x18  Code  Gb  stm32f3xx_hal_tim.o [1]
TIM_ETR_SetConfig       0x080007e3   0x14  Code  Gb  stm32f3xx_hal_tim.o [1]
TIM_ITRx_SetConfig      0x080007d3   0x10  Code  Lc  stm32f3xx_hal_tim.o [1]
TIM_SlaveTimer_SetConfig
                        0x08000679   0x5a  Code  Lc  stm32f3xx_hal_tim.o [1]
TIM_TI1_ConfigInputStage
                        0x08000759   0x22  Code  Lc  stm32f3xx_hal_tim.o [1]
TIM_TI1_SetConfig       0x080006d3   0x5a  Code  Gb  stm32f3xx_hal_tim.o [1]
TIM_TI2_ConfigInputStage
                        0x080007af   0x24  Code  Lc  stm32f3xx_hal_tim.o [1]
TIM_TI2_SetConfig       0x0800077b   0x34  Code  Lc  stm32f3xx_hal_tim.o [1]
__cmain                 0x08001675         Code  Gb  cmain.o [5]
__exit                  0x080016a5   0x14  Code  Gb  exit.o [6]
__iar_data_init3        0x08001619   0x28  Code  Gb  data_init.o [5]
__iar_init_vfp          0x08001641         Code  Gb  fpinit_M.o [4]
__iar_packbits_init_single3
                        0x080015e1   0x38  Code  Gb  packbits_init_single.o [5]
__iar_program_start     0x080016f1         Code  Gb  cstartup_M.o [5]
__low_level_init        0x0800168f    0x4  Code  Gb  low_level_init.o [3]
__vector_table          0x08000000         Data  Gb  startup_stm32f303xc.o [1]
_call_main              0x08001681         Code  Gb  cmain.o [5]
_exit                   0x08001699         Code  Gb  cexit.o [5]
_main                   0x0800168b         Code  Gb  cmain.o [5]
aPLLMULFactorTable      0x080012e0   0x10  Data  Gb  stm32f3xx_hal_rcc.o [1]
aPredivFactorTable      0x080012f0   0x10  Data  Gb  stm32f3xx_hal_rcc.o [1]
exit                    0x08001693    0x4  Code  Gb  exit.o [3]
htim1                   0x20000028   0x40  Data  Gb  tim.o [1]
main                    0x08000973   0x2c  Code  Gb  main.o [1]
uwTick                  0x20000024    0x4  Data  Gb  stm32f3xx_hal.o [1]


[1] = C:\Users\jonas\OneDrive\KTH\åk3\Inbygda system\lab 1\filer\testRadio\EWARM\testRadio\Obj
[2] = command line
[3] = dl7M_tlf.a
[4] = m7M_tls.a
[5] = rt7M_tl.a
[6] = shb_l.a

  6 158 bytes of readonly  code memory
     56 bytes of readonly  data memory
  1 136 bytes of readwrite data memory

Errors: none
Warnings: none
