###############################################################################
#
# IAR ELF Linker V7.80.3.12102/W32 for ARM                01/Feb/2017  21:05:12
# Copyright 2007-2016 IAR Systems AB.
#
#    Output file  =  
#        C:\Users\jonas\OneDrive\KTH\åk3\Inbygda system\lab
#        1\filer\LAB2\EWARM\LAB2\Exe\LAB2.out
#    Map file     =  
#        C:\Users\jonas\OneDrive\KTH\åk3\Inbygda system\lab
#        1\filer\LAB2\EWARM\LAB2\List\LAB2.map
#    Command line =  
#        "C:\Users\jonas\OneDrive\KTH\åk3\Inbygda system\lab
#        1\filer\LAB2\EWARM\LAB2\Obj\gpio.o"
#        "C:\Users\jonas\OneDrive\KTH\åk3\Inbygda system\lab
#        1\filer\LAB2\EWARM\LAB2\Obj\main.o"
#        "C:\Users\jonas\OneDrive\KTH\åk3\Inbygda system\lab
#        1\filer\LAB2\EWARM\LAB2\Obj\startup_stm32f303xc.o"
#        "C:\Users\jonas\OneDrive\KTH\åk3\Inbygda system\lab
#        1\filer\LAB2\EWARM\LAB2\Obj\stm32f3xx_hal.o"
#        "C:\Users\jonas\OneDrive\KTH\åk3\Inbygda system\lab
#        1\filer\LAB2\EWARM\LAB2\Obj\stm32f3xx_hal_cortex.o"
#        "C:\Users\jonas\OneDrive\KTH\åk3\Inbygda system\lab
#        1\filer\LAB2\EWARM\LAB2\Obj\stm32f3xx_hal_dma.o"
#        "C:\Users\jonas\OneDrive\KTH\åk3\Inbygda system\lab
#        1\filer\LAB2\EWARM\LAB2\Obj\stm32f3xx_hal_flash.o"
#        "C:\Users\jonas\OneDrive\KTH\åk3\Inbygda system\lab
#        1\filer\LAB2\EWARM\LAB2\Obj\stm32f3xx_hal_flash_ex.o"
#        "C:\Users\jonas\OneDrive\KTH\åk3\Inbygda system\lab
#        1\filer\LAB2\EWARM\LAB2\Obj\stm32f3xx_hal_gpio.o"
#        "C:\Users\jonas\OneDrive\KTH\åk3\Inbygda system\lab
#        1\filer\LAB2\EWARM\LAB2\Obj\stm32f3xx_hal_i2c.o"
#        "C:\Users\jonas\OneDrive\KTH\åk3\Inbygda system\lab
#        1\filer\LAB2\EWARM\LAB2\Obj\stm32f3xx_hal_i2c_ex.o"
#        "C:\Users\jonas\OneDrive\KTH\åk3\Inbygda system\lab
#        1\filer\LAB2\EWARM\LAB2\Obj\stm32f3xx_hal_msp.o"
#        "C:\Users\jonas\OneDrive\KTH\åk3\Inbygda system\lab
#        1\filer\LAB2\EWARM\LAB2\Obj\stm32f3xx_hal_pwr.o"
#        "C:\Users\jonas\OneDrive\KTH\åk3\Inbygda system\lab
#        1\filer\LAB2\EWARM\LAB2\Obj\stm32f3xx_hal_pwr_ex.o"
#        "C:\Users\jonas\OneDrive\KTH\åk3\Inbygda system\lab
#        1\filer\LAB2\EWARM\LAB2\Obj\stm32f3xx_hal_rcc.o"
#        "C:\Users\jonas\OneDrive\KTH\åk3\Inbygda system\lab
#        1\filer\LAB2\EWARM\LAB2\Obj\stm32f3xx_hal_rcc_ex.o"
#        "C:\Users\jonas\OneDrive\KTH\åk3\Inbygda system\lab
#        1\filer\LAB2\EWARM\LAB2\Obj\stm32f3xx_hal_tim.o"
#        "C:\Users\jonas\OneDrive\KTH\åk3\Inbygda system\lab
#        1\filer\LAB2\EWARM\LAB2\Obj\stm32f3xx_hal_tim_ex.o"
#        "C:\Users\jonas\OneDrive\KTH\åk3\Inbygda system\lab
#        1\filer\LAB2\EWARM\LAB2\Obj\stm32f3xx_hal_uart.o"
#        "C:\Users\jonas\OneDrive\KTH\åk3\Inbygda system\lab
#        1\filer\LAB2\EWARM\LAB2\Obj\stm32f3xx_hal_uart_ex.o"
#        "C:\Users\jonas\OneDrive\KTH\åk3\Inbygda system\lab
#        1\filer\LAB2\EWARM\LAB2\Obj\stm32f3xx_it.o"
#        "C:\Users\jonas\OneDrive\KTH\åk3\Inbygda system\lab
#        1\filer\LAB2\EWARM\LAB2\Obj\system_stm32f3xx.o"
#        "C:\Users\jonas\OneDrive\KTH\åk3\Inbygda system\lab
#        1\filer\LAB2\EWARM\LAB2\Obj\usart.o" --redirect _Printf=_PrintfFull
#        --redirect _Scanf=_ScanfFull -o
#        "C:\Users\jonas\OneDrive\KTH\åk3\Inbygda system\lab
#        1\filer\LAB2\EWARM\LAB2\Exe\LAB2.out" --map
#        "C:\Users\jonas\OneDrive\KTH\åk3\Inbygda system\lab
#        1\filer\LAB2\EWARM\LAB2\List\LAB2.map" --config
#        "C:\Users\jonas\OneDrive\KTH\åk3\Inbygda system\lab
#        1\filer\LAB2\EWARM/stm32f303xc_flash.icf" --semihosting --entry
#        __iar_program_start --vfe
#
###############################################################################

*******************************************************************************
*** RUNTIME MODEL ATTRIBUTES
***

CppFlavor                     = *
__Heap_Handler                = Basic
__SystemLibrary               = DLib
__dlib_dynamic_initialization = normal


*******************************************************************************
*** PLACEMENT SUMMARY
***

"A0":  place at 0x08000000 { ro section .intvec };
"P1":  place in [from 0x08000000 to 0x0803ffff] { ro };
"P2":  place in [from 0x20000000 to 0x20009fff] { rw, block CSTACK, block HEAP };
initialize by copy { rw };

  Section             Kind        Address    Size  Object
  -------             ----        -------    ----  ------
"A0":                                       0x188
  .intvec             ro code  0x08000000   0x188  startup_stm32f303xc.o [1]
                             - 0x08000188   0x188

"P1":                                      0x3d54
  .text               ro code  0x08000188  0x119a  xprintffull.o [3]
  .text               ro code  0x08001322    0x20  xmbtowc.o [3]
  .text               ro code  0x08001344    0x16  strchr.o [5]
  .text               ro code  0x0800135c    0x36  strlen.o [5]
  .text               ro code  0x08001394    0x58  memchr.o [5]
  .text               ro code  0x080013ec     0xa  xmbcurmax.o [3]
  .text               ro code  0x080013f8    0xb0  xxmemxmalloc.o [3]
  .text               ro code  0x080014a8    0x1a  xwctomb.o [3]
  .text               ro code  0x080014c4    0x76  ABImemcpy_unaligned.o [5]
  .text               ro code  0x0800153c    0x80  xxmemxfree.o [3]
  .text               ro code  0x080015bc    0xee  I64DivMod.o [5]
  .text               ro code  0x080016aa    0x44  xdnorm.o [4]
  .text               ro code  0x080016f0    0x2e  DblCmpLe.o [4]
  .text               ro code  0x08001720    0x2e  DblCmpGe.o [4]
  .text               ro code  0x08001750   0x114  xdscale.o [4]
  .text               ro code  0x08001864    0x58  DblToI32.o [4]
  .text               ro code  0x080018bc    0x30  I32ToDbl.o [4]
  .text               ro code  0x080018ec   0x180  DblSub.o [4]
  .text               ro code  0x08001a6c   0x1a2  DblMul.o [4]
  .text               ro code  0x08001c10   0x256  DblDiv.o [4]
  .text               ro code  0x08001e68    0x6c  localeconv.o [3]
  .text               ro code  0x08001ed4     0xe  div.o [3]
  .text               ro code  0x08001ee4    0x14  setlocale.o [3]
  .text               ro code  0x08001ef8    0x60  xencoding_sb.o [3]
  .text               ro code  0x08001f58    0x2c  xgetmemchunk.o [3]
  .text               ro code  0x08001f84     0x2  I64DivZer.o [5]
  .text               ro code  0x08001f88    0xd4  DblAdd.o [4]
  .text               ro code  0x0800205c     0x2  xtls.o [3]
  .text               ro code  0x08002060   0x6dc  stm32f3xx_hal_uart.o [1]
  .text               ro code  0x0800273c    0x98  usart.o [1]
  .text               ro code  0x080027d4    0x4c  stm32f3xx_hal_dma.o [1]
  .text               ro code  0x08002820     0x2  stm32f3xx_hal_uart.o [1]
  .text               ro code  0x08002822     0x2  stm32f3xx_hal_uart_ex.o [1]
  .text               ro code  0x08002824   0x4a8  stm32f3xx_hal_rcc.o [1]
  .text               ro code  0x08002ccc     0xc  stm32f3xx_hal.o [1]
  .text               ro code  0x08002cd8   0x18c  main.o [1]
  .text               ro code  0x08002e64   0x19c  stm32f3xx_hal_gpio.o [1]
  .text               ro code  0x08003000    0xde  stm32f3xx_hal_cortex.o [1]
  .text               ro code  0x080030e0    0x28  stm32f3xx_hal.o [1]
  .text               ro code  0x08003108    0x24  printf.o [3]
  .text               ro code  0x0800312c    0x24  stm32f3xx_hal.o [1]
  .text               ro code  0x08003150   0x124  gpio.o [1]
  .text               ro code  0x08003274   0x1b8  stm32f3xx_hal_rcc_ex.o [1]
  .text               ro code  0x0800342c    0x78  stm32f3xx_hal_msp.o [1]
  .text               ro code  0x080034a4    0xd6  xfspos.o [3]
  .text               ro code  0x0800357c    0xb0  fflush.o [3]
  .text               ro code  0x0800362c     0xc  xfgpos.o [3]
  .text               ro code  0x08003638    0x4c  lseek.o [6]
  .text               ro code  0x08003684     0xc  errno.o [3]
  .text               ro code  0x08003690     0x4  xsyslock_nop.o [3]
  .text               ro code  0x08003694    0x10  write.o [6]
  .text               ro code  0x080036a4    0xcc  XShHandles.o [3]
  .text               ro code  0x08003770    0x1e  dwrite.o [6]
  .text               ro code  0x0800378e    0x20  iarwstd.o [6]
  .text               ro code  0x080037ae    0x22  iarwrite.o [6]
  .text               ro code  0x080037d0    0x6c  iarttio.o [6]
  .text               ro code  0x0800383c     0x8  XShttio.o [3]
  .text               ro code  0x08003844    0xb8  xfwprep.o [3]
  .text               ro code  0x080038fc    0x22  fseek.o [3]
  .text               ro code  0x08003920    0x80  xfofind.o [3]
  .text               ro code  0x080039a0    0x7c  system_stm32f3xx.o [1]
  .text               ro code  0x08003a1c    0x7a  fclose.o [3]
  .text               ro code  0x08003a96    0x1a  close.o [6]
  .text               ro code  0x08003ab0    0x16  remove.o [6]
  .text               ro code  0x08003ac8    0x58  xcloseall.o [3]
  .text               ro code  0x08003b20    0x56  fputc.o [3]
  .text               ro code  0x08003b76    0x40  zero_init3.o [5]
  .text               ro code  0x08003bb6    0x38  packbits_init_single.o [5]
  .text               ro code  0x08003bf0    0x28  data_init.o [5]
  .text               ro code  0x08003c18    0x22  fpinit_M.o [4]
  .iar.init_table     const    0x08003c3c    0x20  - Linker created -
  .text               ro code  0x08003c5c    0x1a  cmain.o [5]
  .text               ro code  0x08003c76     0x4  low_level_init.o [3]
  .text               ro code  0x08003c7a     0x4  exit.o [3]
  .text               ro code  0x08003c80     0xe  cexit.o [5]
  .text               ro code  0x08003c90    0x14  exit.o [6]
  .text               ro code  0x08003ca4    0x18  stm32f3xx_it.o [1]
  .text               ro code  0x08003cbc    0x10  stm32f3xx_hal.o [1]
  .text               ro code  0x08003ccc    0x16  xprout.o [3]
  .text               ro code  0x08003ce4     0xc  putchar.o [3]
  .text               ro code  0x08003cf0    0x10  startup_stm32f303xc.o [1]
  .text               ro code  0x08003d00     0xc  cstartup_M.o [5]
  .rodata             const    0x08003d0c     0x8  system_stm32f3xx.o [1]
  .text               ro code  0x08003d14     0x4  startup_stm32f303xc.o [1]
  .text               ro code  0x08003d18     0x4  startup_stm32f303xc.o [1]
  .text               ro code  0x08003d1c     0x4  startup_stm32f303xc.o [1]
  .text               ro code  0x08003d20     0x4  startup_stm32f303xc.o [1]
  .text               ro code  0x08003d24     0x4  startup_stm32f303xc.o [1]
  .text               ro code  0x08003d28     0x4  startup_stm32f303xc.o [1]
  .text               ro code  0x08003d2c     0x4  startup_stm32f303xc.o [1]
  .text               ro code  0x08003d30     0x4  startup_stm32f303xc.o [1]
  .text               ro code  0x08003d34     0x4  startup_stm32f303xc.o [1]
  .text               ro code  0x08003d38     0x4  startup_stm32f303xc.o [1]
  .text               ro code  0x08003d3c     0x4  startup_stm32f303xc.o [1]
  .text               ro code  0x08003d40     0x4  startup_stm32f303xc.o [1]
  .text               ro code  0x08003d44     0x4  startup_stm32f303xc.o [1]
  .text               ro code  0x08003d48     0x4  startup_stm32f303xc.o [1]
  .text               ro code  0x08003d4c     0x4  startup_stm32f303xc.o [1]
  .text               ro code  0x08003d50     0x4  startup_stm32f303xc.o [1]
  .text               ro code  0x08003d54     0x4  startup_stm32f303xc.o [1]
  .text               ro code  0x08003d58     0x4  startup_stm32f303xc.o [1]
  .text               ro code  0x08003d5c     0x4  startup_stm32f303xc.o [1]
  .text               ro code  0x08003d60     0x4  startup_stm32f303xc.o [1]
  .text               ro code  0x08003d64     0x4  startup_stm32f303xc.o [1]
  .text               ro code  0x08003d68     0x4  startup_stm32f303xc.o [1]
  .text               ro code  0x08003d6c     0x4  startup_stm32f303xc.o [1]
  .text               ro code  0x08003d70     0x4  startup_stm32f303xc.o [1]
  .text               ro code  0x08003d74     0x4  startup_stm32f303xc.o [1]
  .text               ro code  0x08003d78     0x4  startup_stm32f303xc.o [1]
  .text               ro code  0x08003d7c     0x4  startup_stm32f303xc.o [1]
  .text               ro code  0x08003d80     0x4  startup_stm32f303xc.o [1]
  .text               ro code  0x08003d84     0x4  startup_stm32f303xc.o [1]
  .text               ro code  0x08003d88     0x4  startup_stm32f303xc.o [1]
  .text               ro code  0x08003d8c     0x4  startup_stm32f303xc.o [1]
  .text               ro code  0x08003d90     0x4  startup_stm32f303xc.o [1]
  .text               ro code  0x08003d94     0x4  startup_stm32f303xc.o [1]
  .text               ro code  0x08003d98     0x4  startup_stm32f303xc.o [1]
  .text               ro code  0x08003d9c     0x4  startup_stm32f303xc.o [1]
  .text               ro code  0x08003da0     0x4  startup_stm32f303xc.o [1]
  .text               ro code  0x08003da4     0x4  startup_stm32f303xc.o [1]
  .text               ro code  0x08003da8     0x4  startup_stm32f303xc.o [1]
  .text               ro code  0x08003dac     0x4  startup_stm32f303xc.o [1]
  .text               ro code  0x08003db0     0x4  startup_stm32f303xc.o [1]
  .text               ro code  0x08003db4     0x4  startup_stm32f303xc.o [1]
  .text               ro code  0x08003db8     0x4  startup_stm32f303xc.o [1]
  .text               ro code  0x08003dbc     0x4  startup_stm32f303xc.o [1]
  .text               ro code  0x08003dc0     0x4  startup_stm32f303xc.o [1]
  .text               ro code  0x08003dc4     0x4  startup_stm32f303xc.o [1]
  .text               ro code  0x08003dc8     0x4  startup_stm32f303xc.o [1]
  .text               ro code  0x08003dcc     0x4  startup_stm32f303xc.o [1]
  .text               ro code  0x08003dd0     0x4  startup_stm32f303xc.o [1]
  .text               ro code  0x08003dd4     0x4  startup_stm32f303xc.o [1]
  .text               ro code  0x08003dd8     0x4  startup_stm32f303xc.o [1]
  .text               ro code  0x08003ddc     0x4  startup_stm32f303xc.o [1]
  .text               ro code  0x08003de0     0x4  startup_stm32f303xc.o [1]
  .text               ro code  0x08003de4     0x4  startup_stm32f303xc.o [1]
  .text               ro code  0x08003de8     0x4  startup_stm32f303xc.o [1]
  .text               ro code  0x08003dec     0x4  startup_stm32f303xc.o [1]
  .text               ro code  0x08003df0     0x4  startup_stm32f303xc.o [1]
  .text               ro code  0x08003df4     0x4  startup_stm32f303xc.o [1]
  .text               ro code  0x08003df8     0x4  startup_stm32f303xc.o [1]
  .text               ro code  0x08003dfc     0x4  startup_stm32f303xc.o [1]
  .text               ro code  0x08003e00     0x4  startup_stm32f303xc.o [1]
  .text               ro code  0x08003e04     0x4  startup_stm32f303xc.o [1]
  .text               ro code  0x08003e08     0x4  startup_stm32f303xc.o [1]
  .text               ro code  0x08003e0c     0x4  startup_stm32f303xc.o [1]
  .text               ro code  0x08003e10     0x4  startup_stm32f303xc.o [1]
  .text               ro code  0x08003e14     0x4  startup_stm32f303xc.o [1]
  .text               ro code  0x08003e18     0x4  startup_stm32f303xc.o [1]
  .text               ro code  0x08003e1c     0x4  startup_stm32f303xc.o [1]
  .text               ro code  0x08003e20     0x4  startup_stm32f303xc.o [1]
  .text               ro code  0x08003e24     0x4  startup_stm32f303xc.o [1]
  .text               ro code  0x08003e28     0x4  startup_stm32f303xc.o [1]
  .text               ro code  0x08003e2c     0x4  startup_stm32f303xc.o [1]
  .text               ro code  0x08003e30     0x4  startup_stm32f303xc.o [1]
  .text               ro code  0x08003e34     0x4  startup_stm32f303xc.o [1]
  .text               ro code  0x08003e38     0x0  cstart_closeall.o [5]
  .rodata             const    0x08003e38     0x0  zero_init3.o [5]
  .rodata             const    0x08003e38     0x0  packbits_init_single.o [5]
  Initializer bytes   const    0x08003e38    0xa4  <for P2-1>
                             - 0x08003edc  0x3d54

"P2", part 1 of 3:                          0x208
  P2-1                         0x20000000   0x208  <Init block>
    .data             inited   0x20000000    0x1c  main.o [1]
    .data             inited   0x2000001c     0x4  system_stm32f3xx.o [1]
    .data             inited   0x20000020    0x40  xfiles.o [3]
    .data             inited   0x20000060    0x40  xfiles.o [3]
    .data             inited   0x200000a0    0x40  xfiles.o [3]
    .data             inited   0x200000e0    0x20  xfiles.o [3]
    .data             inited   0x20000100     0x8  XShttio.o [3]
    __DLIB_PERTHREAD  inited   0x20000108    0x88  localeconv.o [3]
    __DLIB_PERTHREAD  inited   0x20000190    0x74  setlocale.o [3]
    __DLIB_PERTHREAD  inited   0x20000204     0x4  errno.o [3]
                             - 0x20000208   0x208

"P2", part 2 of 3:                          0x600
  CSTACK                       0x20000208   0x400  <Block>
    CSTACK            uninit   0x20000208   0x400  <Block tail>
  HEAP                         0x20000608   0x200  <Block>
    HEAP              uninit   0x20000608   0x200  <Block tail>
                             - 0x20000808   0x600

"P2", part 3 of 3:                          0x1a0
  .bss                zero     0x20000808    0x80  XShHandles.o [3]
  .bss                zero     0x20000888    0x70  usart.o [1]
  .bss                zero     0x200008f8    0x50  xfiles.o [3]
  .bss                zero     0x20000948    0x50  xfiles.o [3]
  .bss                zero     0x20000998     0x8  xxmemxmalloc.o [3]
  .bss                zero     0x200009a0     0x4  stm32f3xx_hal.o [1]
  .bss                zero     0x200009a4     0x4  xgetmemchunk.o [3]
                             - 0x200009a8   0x1a0


*******************************************************************************
*** INIT TABLE
***

          Address     Size
          -------     ----
Zero (__iar_zero_init3)
    1 destination range, total size 0x1a0:
          0x20000808  0x1a0

Copy/packbits (__iar_packbits_init_single3)
    1 source range, total size 0xa4 (31% of destination):
          0x08003e38   0xa4
    1 destination range, total size 0x208:
          0x20000000  0x208



*******************************************************************************
*** MODULE SUMMARY
***

    Module                   ro code  ro data  rw data
    ------                   -------  -------  -------
C:\Users\jonas\OneDrive\KTH\åk3\Inbygda system\lab 1\filer\LAB2\EWARM\LAB2\Obj: [1]
    gpio.o                       292
    main.o                       396        8       28
    startup_stm32f303xc.o        700
    stm32f3xx_hal.o              104                 4
    stm32f3xx_hal_cortex.o       222
    stm32f3xx_hal_dma.o           76
    stm32f3xx_hal_gpio.o         412
    stm32f3xx_hal_msp.o          120
    stm32f3xx_hal_rcc.o        1 192
    stm32f3xx_hal_rcc_ex.o       440
    stm32f3xx_hal_uart.o       1 758
    stm32f3xx_hal_uart_ex.o        2
    stm32f3xx_it.o                24
    system_stm32f3xx.o           124       10        4
    usart.o                      152               112
    --------------------------------------------------
    Total:                     6 014       18      148

command line: [2]
    --------------------------------------------------
    Total:

dl7M_tlf.a: [3]
    XShHandles.o                 204               128
    XShttio.o                      8        3        8
    div.o                         14
    errno.o                       12        2        4
    exit.o                         4
    fclose.o                     122
    fflush.o                     176
    fputc.o                       86
    fseek.o                       34
    localeconv.o                 108       43      136
    low_level_init.o               4
    printf.o                      36
    putchar.o                     12
    setlocale.o                   20       36      116
    xcloseall.o                   88
    xencoding_sb.o                96
    xfgpos.o                      12
    xfiles.o                               70      384
    xfofind.o                    128
    xfspos.o                     214
    xfwprep.o                    184
    xgetmemchunk.o                44                 4
    xmbcurmax.o                   10
    xmbtowc.o                     32
    xprintffull.o              4 506
    xprout.o                      22
    xsyslock_nop.o                 4
    xtls.o                         2
    xwctomb.o                     26
    xxmemxfree.o                 128
    xxmemxmalloc.o               176                 8
    --------------------------------------------------
    Total:                     6 512      154      788

m7M_tls.a: [4]
    DblAdd.o                     212
    DblCmpGe.o                    46
    DblCmpLe.o                    46
    DblDiv.o                     598
    DblMul.o                     418
    DblSub.o                     384
    DblToI32.o                    88
    I32ToDbl.o                    48
    fpinit_M.o                    34
    xdnorm.o                      68
    xdscale.o                    276
    --------------------------------------------------
    Total:                     2 218

rt7M_tl.a: [5]
    ABImemcpy_unaligned.o        118
    I64DivMod.o                  238
    I64DivZer.o                    2
    cexit.o                       14
    cmain.o                       26
    cstart_closeall.o
    cstartup_M.o                  12
    data_init.o                   40
    memchr.o                      88
    packbits_init_single.o        56
    strchr.o                      22
    strlen.o                      54
    zero_init3.o                  64
    --------------------------------------------------
    Total:                       734

shb_l.a: [6]
    close.o                       26
    dwrite.o                      30
    exit.o                        20
    iarttio.o                    108
    iarwrite.o                    34
    iarwstd.o                     32
    lseek.o                       76
    remove.o                      22
    write.o                       16
    --------------------------------------------------
    Total:                       364

    Gaps                          44        2
    Linker created                         32    1 536
------------------------------------------------------
    Grand Total:              15 886      206    2 472


*******************************************************************************
*** ENTRY LIST
***

Entry                      Address   Size  Type      Object
-----                      -------   ----  ----      ------
.iar.init_table$$Base   0x08003c3c          --   Gb  - Linker created -
.iar.init_table$$Limit  0x08003c5c          --   Gb  - Linker created -
?main                   0x08003c5d         Code  Gb  cmain.o [5]
AHBPrescTable           0x08003a0c   0x10  Data  Gb  system_stm32f3xx.o [1]
APBPrescTable           0x08003d0c    0x8  Data  Gb  system_stm32f3xx.o [1]
Buffer                  0x20000004   0x18  Data  Gb  main.o [1]
CSTACK$$Base            0x20000208          --   Gb  - Linker created -
CSTACK$$Limit           0x20000608          --   Gb  - Linker created -
Error_Handler           0x08002e2b    0x2  Code  Gb  main.o [1]
HAL_DMA_Abort_IT        0x080027d5   0x4c  Code  Gb  stm32f3xx_hal_dma.o [1]
HAL_GPIO_Init           0x08002e65  0x16c  Code  Gb  stm32f3xx_hal_gpio.o [1]
HAL_GPIO_WritePin       0x08002fdb    0xa  Code  Gb  stm32f3xx_hal_gpio.o [1]
HAL_GetTick             0x08002ccd    0xc  Code  Wk  stm32f3xx_hal.o [1]
HAL_IncTick             0x08003cbd   0x10  Code  Wk  stm32f3xx_hal.o [1]
HAL_Init                0x0800312d   0x20  Code  Gb  stm32f3xx_hal.o [1]
HAL_InitTick            0x080030e1   0x28  Code  Wk  stm32f3xx_hal.o [1]
HAL_MspInit             0x0800342d   0x78  Code  Gb  stm32f3xx_hal_msp.o [1]
HAL_NVIC_EnableIRQ      0x0800306f    0xc  Code  Gb  stm32f3xx_hal_cortex.o [1]
HAL_NVIC_SetPriority    0x08003035   0x3a  Code  Gb  stm32f3xx_hal_cortex.o [1]
HAL_NVIC_SetPriorityGrouping
                        0x0800301b   0x1a  Code  Gb  stm32f3xx_hal_cortex.o [1]
HAL_RCCEx_PeriphCLKConfig
                        0x08003275  0x1aa  Code  Gb  stm32f3xx_hal_rcc_ex.o [1]
HAL_RCC_ClockConfig     0x08002af7  0x112  Code  Gb  stm32f3xx_hal_rcc.o [1]
HAL_RCC_GetHCLKFreq     0x08002c57    0x6  Code  Gb  stm32f3xx_hal_rcc.o [1]
HAL_RCC_GetPCLK1Freq    0x08002c5d   0x10  Code  Gb  stm32f3xx_hal_rcc.o [1]
HAL_RCC_GetPCLK2Freq    0x08002c6d    0xe  Code  Gb  stm32f3xx_hal_rcc.o [1]
HAL_RCC_GetSysClockFreq
                        0x08002c1d   0x3a  Code  Gb  stm32f3xx_hal_rcc.o [1]
HAL_RCC_OscConfig       0x08002825  0x2c0  Code  Gb  stm32f3xx_hal_rcc.o [1]
HAL_SYSTICK_CLKSourceConfig
                        0x080030ab   0x14  Code  Gb  stm32f3xx_hal_cortex.o [1]
HAL_SYSTICK_Callback    0x080030dd    0x2  Code  Wk  stm32f3xx_hal_cortex.o [1]
HAL_SYSTICK_Config      0x08003083   0x28  Code  Gb  stm32f3xx_hal_cortex.o [1]
HAL_SYSTICK_IRQHandler  0x080030d9    0x4  Code  Gb  stm32f3xx_hal_cortex.o [1]
HAL_UARTEx_WakeupCallback
                        0x08002823    0x2  Code  Wk  stm32f3xx_hal_uart_ex.o [1]
HAL_UART_ErrorCallback  0x08002821    0x2  Code  Wk  stm32f3xx_hal_uart.o [1]
HAL_UART_IRQHandler     0x0800219f  0x130  Code  Gb  stm32f3xx_hal_uart.o [1]
HAL_UART_Init           0x08002061   0x30  Code  Gb  stm32f3xx_hal_uart.o [1]
HAL_UART_MspInit        0x08002771   0x54  Code  Gb  usart.o [1]
HAL_UART_Receive_IT     0x08002125   0x6c  Code  Gb  stm32f3xx_hal_uart.o [1]
HAL_UART_RxCpltCallback
                        0x08002ce1   0x12  Code  Gb  main.o [1]
HAL_UART_Transmit_IT    0x080020e5   0x40  Code  Gb  stm32f3xx_hal_uart.o [1]
HAL_UART_TxCpltCallback
                        0x08002cd9    0x8  Code  Gb  main.o [1]
HEAP$$Base              0x20000608          --   Gb  - Linker created -
HEAP$$Limit             0x20000808          --   Gb  - Linker created -
LoadInt                 0x080007ff   0x6e  Code  Lc  xprintffull.o [3]
MX_GPIO_Init            0x08003151   0xf2  Code  Gb  gpio.o [1]
MX_USART3_UART_Init     0x0800273d   0x34  Code  Gb  usart.o [1]
NVIC_SetPriority        0x08003001   0x1a  Code  Lc  stm32f3xx_hal_cortex.o [1]
NextState               0x20000002    0x1  Data  Gb  main.o [1]
Region$$Table$$Base     0x08003c3c          --   Gb  - Linker created -
Region$$Table$$Limit    0x08003c5c          --   Gb  - Linker created -
State                   0x20000001    0x1  Data  Gb  main.o [1]
SysTick_Handler         0x08003ca5    0xe  Code  Gb  stm32f3xx_it.o [1]
SystemClock_Config      0x08002da5   0x86  Code  Gb  main.o [1]
SystemCoreClock         0x2000001c    0x4  Data  Gb  system_stm32f3xx.o [1]
SystemInit              0x080039a1   0x52  Code  Gb  system_stm32f3xx.o [1]
UART_AdvFeatureConfig   0x080024a5   0xc6  Code  Gb  stm32f3xx_hal_uart.o [1]
UART_CheckIdleState     0x0800256b   0x56  Code  Gb  stm32f3xx_hal_uart.o [1]
UART_DMAAbortOnError    0x08002645   0x10  Code  Lc  stm32f3xx_hal_uart.o [1]
UART_EndRxTransfer      0x08002625   0x1c  Code  Lc  stm32f3xx_hal_uart.o [1]
UART_EndTransmit_IT     0x080026b5   0x1a  Code  Gb  stm32f3xx_hal_uart.o [1]
UART_Receive_IT         0x080026cf   0x6e  Code  Gb  stm32f3xx_hal_uart.o [1]
UART_SetConfig          0x080022dd  0x1ac  Code  Gb  stm32f3xx_hal_uart.o [1]
UART_Transmit_IT        0x08002655   0x60  Code  Gb  stm32f3xx_hal_uart.o [1]
UART_WaitOnFlagUntilTimeout
                        0x080025c1   0x58  Code  Gb  stm32f3xx_hal_uart.o [1]
USART3_IRQHandler       0x08003cb3    0x6  Code  Gb  stm32f3xx_it.o [1]
UartReady               0x20000000    0x1  Data  Gb  main.o [1]
_Close_all              0x08003ac9   0x58  Code  Gb  xcloseall.o [3]
_EncodingSb_Mbtowc      0x08001f13   0x30  Code  Gb  xencoding_sb.o [3]
_EncodingSb_Mbtowc::initial
                        0x08001f50    0x8  Data  Lc  xencoding_sb.o [3]
_EncodingSb_Wctomb      0x08001ef9   0x1a  Code  Gb  xencoding_sb.o [3]
_EncodingSb_Wctomb::initial
                        0x08001f48    0x8  Data  Lc  xencoding_sb.o [3]
_Files                  0x200000e0   0x20  Data  Gb  xfiles.o [3]
_Fofree                 0x08003921   0x78  Code  Gb  xfofind.o [3]
_Fspos                  0x080034a5   0xd6  Code  Gb  xfspos.o [3]
_Fwprep                 0x08003845   0xb8  Code  Gb  xfwprep.o [3]
_GenldFull              0x08001085  0x254  Code  Lc  xprintffull.o [3]
_IsdstStr               0x20000194    0x4  Data  Gb  setlocale.o [3]
_LdtobFull              0x08000c85  0x3fa  Code  Lc  xprintffull.o [3]
_LitobFull              0x08000b79  0x10a  Code  Lc  xprintffull.o [3]
_LocaleEncoding         0x08001ee5    0xe  Code  Gb  setlocale.o [3]
_LocaleReturnString     0x200001b4   0x50  Data  Lc  setlocale.o [3]
_Locale_Profile         0x20000198   0x1c  Data  Gb  setlocale.o [3]
_Locale_aeabi_lconv     0x20000158   0x38  Data  Gb  localeconv.o [3]
_Locale_lconv           0x20000108   0x50  Data  Gb  localeconv.o [3]
_Mbtowc                 0x08001323   0x20  Code  Gb  xmbtowc.o [3]
_Nnl                    0x0800362d    0xc  Code  Gb  xfgpos.o [3]
_PrintfFull             0x08000189  0x660  Code  Gb  xprintffull.o [3]
_Prout                  0x08003ccd   0x16  Code  Gb  xprout.o [3]
_PutcharsFull           0x080012d9   0x2e  Code  Lc  xprintffull.o [3]
_PutstrFull             0x0800086d  0x306  Code  Lc  xprintffull.o [3]
_TzoneStr               0x20000190    0x4  Data  Gb  setlocale.o [3]
_Wctomb                 0x080014a9   0x1a  Code  Gb  xwctomb.o [3]
__aeabi_cdcmple         0x080016f1         Code  Gb  DblCmpLe.o [4]
__aeabi_cdrcmple        0x08001721         Code  Gb  DblCmpGe.o [4]
__aeabi_d2iz            0x08001865         Code  Gb  DblToI32.o [4]
__aeabi_d2uiz           0x08001891         Code  Gb  DblToI32.o [4]
__aeabi_ddiv            0x08001c11         Code  Gb  DblDiv.o [4]
__aeabi_dmul            0x08001a6d         Code  Gb  DblMul.o [4]
__aeabi_dsub            0x080018ed         Code  Gb  DblSub.o [4]
__aeabi_errno_addr      0x08003685    0x6  Code  Gb  errno.o [3]
__aeabi_i2d             0x080018bd         Code  Gb  I32ToDbl.o [4]
__aeabi_ldiv0           0x08001f85         Code  Gb  I64DivZer.o [5]
__aeabi_ui2d            0x080018d1         Code  Gb  I32ToDbl.o [4]
__aeabi_uldivmod        0x080015bd         Code  Gb  I64DivMod.o [5]
__cexit_closeall        0x08003c83         Code  Gb  cexit.o [5]
__close                 0x08003a97   0x1a  Code  Gb  close.o [6]
__cmain                 0x08003c5d         Code  Gb  cmain.o [5]
__cstart_closeall       0x08003e38         Data  Gb  cstart_closeall.o [5]
__data_Aldata           0x20000998    0x8  Data  Gb  xxmemxmalloc.o [3]
__data_GetMemChunk      0x08001f59   0x2c  Code  Gb  xgetmemchunk.o [3]
__data_GetMemChunk::start
                        0x200009a4    0x4  Data  Lc  xgetmemchunk.o [3]
__dwrite                0x08003771   0x1e  Code  Gb  dwrite.o [6]
__exit                  0x08003c91   0x14  Code  Gb  exit.o [6]
__iar_Dnorm             0x080016ab   0x44  Code  Gb  xdnorm.o [4]
__iar_Dscale            0x08001751  0x114  Code  Gb  xdscale.o [4]
__iar_Errno             0x20000204    0x4  Data  Gb  errno.o [3]
__iar_Locale_lconv_init
                        0x08001e69   0x3a  Code  Gb  localeconv.o [3]
__iar_Lockfilelock      0x08003691    0x2  Code  Gb  xsyslock_nop.o [3]
__iar_Mbcurmax          0x080013ed    0xa  Code  Gb  xmbcurmax.o [3]
__iar_Memchr            0x08001395         Code  Gb  memchr.o [5]
__iar_Stderr            0x200000a0   0x40  Data  Gb  xfiles.o [3]
__iar_Stdin             0x20000020   0x40  Data  Gb  xfiles.o [3]
__iar_Stdout            0x20000060   0x40  Data  Gb  xfiles.o [3]
__iar_Strchr            0x08001345         Code  Gb  strchr.o [5]
__iar_Unlockfilelock    0x08003693    0x2  Code  Gb  xsyslock_nop.o [3]
__iar_close_ttio        0x080037d1   0x2e  Code  Gb  iarttio.o [6]
__iar_d2uiz             0x0800189d         Code  Gb  DblToI32.o [4]
__iar_dadd              0x08001f89         Code  Gb  DblAdd.o [4]
__iar_data_init3        0x08003bf1   0x28  Code  Gb  data_init.o [5]
__iar_dlib_perthread_access
                        0x0800205d    0x2  Code  Gb  xtls.o [3]
__iar_dsub              0x08001901         Code  Gb  DblSub.o [4]
__iar_dsubStart         0x08001913         Code  Gb  DblSub.o [4]
__iar_get_ttio          0x08003801   0x38  Code  Gb  iarttio.o [6]
__iar_init_vfp          0x08003c19         Code  Gb  fpinit_M.o [4]
__iar_lookup_ttioh      0x0800383d    0x8  Code  Gb  XShttio.o [3]
__iar_packbits_init_single3
                        0x08003bb7   0x38  Code  Gb  packbits_init_single.o [5]
__iar_program_start     0x08003d01         Code  Gb  cstartup_M.o [5]
__iar_sh_Discard        0x080036a5   0x3e  Code  Gb  XShHandles.o [3]
__iar_sh_Move           0x080036e9   0x46  Code  Gb  XShHandles.o [3]
__iar_sh_Pos            0x0800372f   0x3e  Code  Gb  XShHandles.o [3]
__iar_sh_stdout         0x0800378f   0x20  Code  Gb  iarwstd.o [6]
__iar_sh_write          0x080037af   0x22  Code  Gb  iarwrite.o [6]
__iar_ttio_handles      0x20000100    0x8  Data  Lc  XShttio.o [3]
__iar_ui2d              0x080018d5         Code  Gb  I32ToDbl.o [4]
__iar_unaligned___aeabi_memcpy
                        0x080014c5         Code  Gb  ABImemcpy_unaligned.o [5]
__iar_unaligned___aeabi_memcpy4
                        0x080014e5         Code  Gb  ABImemcpy_unaligned.o [5]
__iar_unaligned___aeabi_memcpy8
                        0x080014e5         Code  Gb  ABImemcpy_unaligned.o [5]
__iar_zero_init3        0x08003b77   0x40  Code  Gb  zero_init3.o [5]
__low_level_init        0x08003c77    0x4  Code  Gb  low_level_init.o [3]
__lseek                 0x08003639   0x4c  Code  Gb  lseek.o [6]
__vector_table          0x08000000         Data  Gb  startup_stm32f303xc.o [1]
__write                 0x08003695   0x10  Code  Gb  write.o [6]
_call_main              0x08003c69         Code  Gb  cmain.o [5]
_exit                   0x08003c81         Code  Gb  cexit.o [5]
_main                   0x08003c73         Code  Gb  cmain.o [5]
aPLLMULFactorTable      0x08002cac   0x10  Data  Gb  stm32f3xx_hal_rcc.o [1]
aPredivFactorTable      0x08002cbc   0x10  Data  Gb  stm32f3xx_hal_rcc.o [1]
div                     0x08001ed5    0xe  Code  Gb  div.o [3]
ebuf                    0x200008f8   0x50  Data  Lc  xfiles.o [3]
exit                    0x08003c7b    0x4  Code  Gb  exit.o [3]
fclose                  0x08003a1d   0x7a  Code  Gb  fclose.o [3]
fflush                  0x080035f3   0x34  Code  Gb  fflush.o [3]
fflushOne               0x0800357d   0x76  Code  Lc  fflush.o [3]
fputc                   0x08003b21   0x56  Code  Gb  fputc.o [3]
free                    0x0800153d   0x7a  Code  Gb  xxmemxfree.o [3]
fseek                   0x080038fd   0x22  Code  Gb  fseek.o [3]
huart3                  0x20000888   0x70  Data  Gb  usart.o [1]
localeconv              0x08001ea3   0x16  Code  Gb  localeconv.o [3]
main                    0x08002cf3   0x98  Code  Gb  main.o [1]
malloc                  0x080013f9   0xac  Code  Gb  xxmemxmalloc.o [3]
memchr                  0x08001395         Code  Gb  memchr.o [5]
obuf                    0x20000948   0x50  Data  Lc  xfiles.o [3]
printf                  0x08003109   0x24  Code  Gb  printf.o [3]
putchar                 0x08003ce5    0xc  Code  Gb  putchar.o [3]
remove                  0x08003ab1   0x16  Code  Gb  remove.o [6]
sFileInfo               0x20000808   0x80  Data  Lc  XShHandles.o [3]
strchr                  0x08001345         Code  Gb  strchr.o [5]
strlen                  0x0800135d         Code  Gb  strlen.o [5]
uwTick                  0x200009a0    0x4  Data  Gb  stm32f3xx_hal.o [1]


[1] = C:\Users\jonas\OneDrive\KTH\åk3\Inbygda system\lab 1\filer\LAB2\EWARM\LAB2\Obj
[2] = command line
[3] = dl7M_tlf.a
[4] = m7M_tls.a
[5] = rt7M_tl.a
[6] = shb_l.a

  15 886 bytes of readonly  code memory
     206 bytes of readonly  data memory
   2 472 bytes of readwrite data memory

Errors: none
Warnings: none
